 CTM_sim_cgxe

 Timestamp is 658c384e (Wed Dec 27 23:44:30 2023)

 Preferred load address is 0000000180000000

 Start         Length     Name                   Class
 0001:00000000 00070430H .text$mn                CODE
 0001:00070430 00000040H .text$mn$00             CODE
 0001:00070470 0000073eH .text$x                 CODE
 0002:00000000 000004a0H .idata$5                DATA
 0002:000004a0 00000038H .00cfg                  DATA
 0002:000004d8 00000008H .CRT$XCA                DATA
 0002:000004e0 00000008H .CRT$XCZ                DATA
 0002:000004e8 00000008H .CRT$XIA                DATA
 0002:000004f0 00000008H .CRT$XIZ                DATA
 0002:000004f8 00000008H .CRT$XPA                DATA
 0002:00000500 00000008H .CRT$XPZ                DATA
 0002:00000508 00000008H .CRT$XTA                DATA
 0002:00000510 00000010H .CRT$XTZ                DATA
 0002:00000518 00000000H .gehcont$y              DATA
 0002:00000518 00000000H .gfids$y                DATA
 0002:00000520 00000860H .rdata                  DATA
 0002:00000d80 00000080H .rdata$CastGuardVftablesA DATA
 0002:00000e00 00000080H .rdata$CastGuardVftablesC DATA
 0002:00000e80 0000026cH .rdata$r                DATA
 0002:000010ec 0000059cH .rdata$voltmd           DATA
 0002:00001688 000002c8H .rdata$zzzdbg           DATA
 0002:00001950 00000008H .rtc$IAA                DATA
 0002:00001958 00000008H .rtc$IZZ                DATA
 0002:00001960 00000008H .rtc$TAA                DATA
 0002:00001968 00000008H .rtc$TZZ                DATA
 0002:00001970 00002b10H .xdata                  DATA
 0002:00004480 000000f0H .xdata$x                DATA
 0002:00004570 000002bcH .edata                  DATA
 0002:0000482c 00000140H .idata$2                DATA
 0002:0000496c 00000014H .idata$3                DATA
 0002:00004980 000004a0H .idata$4                DATA
 0002:00004e20 00000ea6H .idata$6                DATA
 0003:00000000 0001f0e8H .data                   DATA
 0003:0001f0e8 00000080H .data$r                 DATA
 0003:0001f168 00000058H .data$rs                DATA
 0003:0001f1c0 00000720H .bss                    DATA
 0004:00000000 00002de4H .pdata                  DATA

  Address         Publics by Value              Rva+Base               Lib:Object

 0000:00000000       __hybrid_auxiliary_iat_copy 0000000000000000     <absolute>
 0000:00000000       __guard_eh_cont_count      0000000000000000     <absolute>
 0000:00000000       __guard_longjmp_table      0000000000000000     <absolute>
 0000:00000000       __hybrid_code_map          0000000000000000     <absolute>
 0000:00000000       __guard_eh_cont_table      0000000000000000     <absolute>
 0000:00000000       __arm64x_redirection_metadata 0000000000000000     <absolute>
 0000:00000000       __x64_code_ranges_to_entry_points_count 0000000000000000     <absolute>
 0000:00000000       __guard_fids_count         0000000000000000     <absolute>
 0000:00000000       __guard_iat_table          0000000000000000     <absolute>
 0000:00000000       __hybrid_auxiliary_iat     0000000000000000     <absolute>
 0000:00000000       __guard_fids_table         0000000000000000     <absolute>
 0000:00000000       __arm64x_extra_rfe_table_size 0000000000000000     <absolute>
 0000:00000000       ___safe_se_handler_table   0000000000000000     <absolute>
 0000:00000000       ___safe_se_handler_count   0000000000000000     <absolute>
 0000:00000000       __dynamic_value_reloc_table 0000000000000000     <absolute>
 0000:00000000       __guard_check_icall_a64n_fptr 0000000000000000     <absolute>
 0000:00000000       __guard_longjmp_count      0000000000000000     <absolute>
 0000:00000000       __AbsoluteZero             0000000000000000     <absolute>
 0000:00000000       __arm64x_extra_rfe_table   0000000000000000     <absolute>
 0000:00000000       __arm64x_native_entrypoint 0000000000000000     <absolute>
 0000:00000000       __arm64x_redirection_metadata_count 0000000000000000     <absolute>
 0000:00000000       __enclave_config           0000000000000000     <absolute>
 0000:00000000       __guard_iat_count          0000000000000000     <absolute>
 0000:00000000       __hybrid_code_map_count    0000000000000000     <absolute>
 0000:00000000       __x64_code_ranges_to_entry_points 0000000000000000     <absolute>
 0000:00000100       __guard_flags              0000000000000100     <absolute>
 0000:00000000       __ImageBase                0000000180000000     <linker-defined>
 0001:00000000       mexfilerequiredapiversion  0000000180001000 f   c_mexapi_version.obj
 0001:00000030       cgxe_CTM_sim_method_dispatcher 0000000180001030 f   CTM_sim_cgxe.obj
 0001:00000240       method_dispatcher_FAU8KyrDQYUp9atreb3T4G 0000000180001240 f   m_FAU8KyrDQYUp9atreb3T4G.obj
 0001:00013410       cgxe_FAU8KyrDQYUp9atreb3T4G_BuildInfoUpdate 0000000180014410 f   m_FAU8KyrDQYUp9atreb3T4G.obj
 0001:00013780       cgxe_FAU8KyrDQYUp9atreb3T4G_fallback_info 0000000180014780 f   m_FAU8KyrDQYUp9atreb3T4G.obj
 0001:00013820       method_dispatcher_G0TGdfWLU7lDoL4R3O6AXE 0000000180014820 f   m_G0TGdfWLU7lDoL4R3O6AXE.obj
 0001:00026900       cgxe_G0TGdfWLU7lDoL4R3O6AXE_BuildInfoUpdate 0000000180027900 f   m_G0TGdfWLU7lDoL4R3O6AXE.obj
 0001:00026c70       cgxe_G0TGdfWLU7lDoL4R3O6AXE_fallback_info 0000000180027c70 f   m_G0TGdfWLU7lDoL4R3O6AXE.obj
 0001:00026d10       method_dispatcher_AKShaqSWlWB5lVeRjU05XB 0000000180027d10 f   m_AKShaqSWlWB5lVeRjU05XB.obj
 0001:00039c40       cgxe_AKShaqSWlWB5lVeRjU05XB_BuildInfoUpdate 000000018003ac40 f   m_AKShaqSWlWB5lVeRjU05XB.obj
 0001:00039fb0       cgxe_AKShaqSWlWB5lVeRjU05XB_fallback_info 000000018003afb0 f   m_AKShaqSWlWB5lVeRjU05XB.obj
 0001:0003a050       method_dispatcher_xSE9GNLJOSGMLwcrwI4qWD 000000018003b050 f   m_xSE9GNLJOSGMLwcrwI4qWD.obj
 0001:00050280       cgxe_xSE9GNLJOSGMLwcrwI4qWD_BuildInfoUpdate 0000000180051280 f   m_xSE9GNLJOSGMLwcrwI4qWD.obj
 0001:000505f0       cgxe_xSE9GNLJOSGMLwcrwI4qWD_fallback_info 00000001800515f0 f   m_xSE9GNLJOSGMLwcrwI4qWD.obj
 0001:00050690       mexFunction                0000000180051690 f   CTM_sim_cgxe_registry.obj
 0001:00052500       _ssSetInputPortDirectFeedThroughFcn 0000000180053500 f   CTM_sim_cgxe_registry.obj
 0001:00052670       _ssSetRWorkValueFcn        0000000180053670 f   CTM_sim_cgxe_registry.obj
 0001:000526f0       _ssGetRWorkValueFcn        00000001800536f0 f   CTM_sim_cgxe_registry.obj
 0001:00052760       _ssSetIWorkValueFcn        0000000180053760 f   CTM_sim_cgxe_registry.obj
 0001:000527e0       _ssGetIWorkValueFcn        00000001800537e0 f   CTM_sim_cgxe_registry.obj
 0001:00052850       _ssSetPWorkValueFcn        0000000180053850 f   CTM_sim_cgxe_registry.obj
 0001:000528d0       _ssGetPWorkValueFcn        00000001800538d0 f   CTM_sim_cgxe_registry.obj
 0001:00052940       _ssGetInputPortSignalFcn   0000000180053940 f   CTM_sim_cgxe_registry.obj
 0001:00052cd0       _ssGetInputPortBufferDstPortFcn 0000000180053cd0 f   CTM_sim_cgxe_registry.obj
 0001:00052d50       _ssGetInputPortSignalPtrsFcn 0000000180053d50 f   CTM_sim_cgxe_registry.obj
 0001:000530e0       ssGetParameterTuningCompliance 00000001800540e0 f   CTM_sim_cgxe_registry.obj
 0001:00053150       _ssReadInputStringFcn      0000000180054150 f   CTM_sim_cgxe_registry.obj
 0001:000531c0       ssGetDTypeIdFromMxArray    00000001800541c0 f   CTM_sim_cgxe_registry.obj
 0001:000532e0       ssWriteRTWMx2dMatParam     00000001800542e0 f   CTM_sim_cgxe_registry.obj
 0001:00053370       ssWriteRTWMxVectParam      0000000180054370 f   CTM_sim_cgxe_registry.obj
 0001:000533f0       ssWriteRTWParameters       00000001800543f0 f   CTM_sim_cgxe_registry.obj
 0001:000539b0       ssWriteRTWParamSettings    00000001800549b0 f   CTM_sim_cgxe_registry.obj
 0001:000540a0       ssWriteRTWStr              00000001800550a0 f   CTM_sim_cgxe_registry.obj
 0001:00054100       ssWriteRTWWorkVect         0000000180055100 f   CTM_sim_cgxe_registry.obj
 0001:00054660       ssWarning                  0000000180055660 f   CTM_sim_cgxe_registry.obj
 0001:00054750       ssGetRootSS                0000000180055750 f   CTM_sim_cgxe_registry.obj
 0001:00054810       ssGetParentSS              0000000180055810 f   CTM_sim_cgxe_registry.obj
 0001:000548d0       ssWriteRTWNameValuePair    00000001800558d0 f   CTM_sim_cgxe_registry.obj
 0001:00054dd0       _ssSetInputPortMatrixDimensions 0000000180055dd0 f   CTM_sim_cgxe_registry.obj
 0001:00054f20       _ssSetOutputPortMatrixDimensions 0000000180055f20 f   CTM_sim_cgxe_registry.obj
 0001:00055070       _ssSetInputPortVectorDimension 0000000180056070 f   CTM_sim_cgxe_registry.obj
 0001:00055120       _ssSetOutputPortVectorDimension 0000000180056120 f   CTM_sim_cgxe_registry.obj
 0001:000551d0       ssIsRunTimeParamTunable    00000001800561d0 f   CTM_sim_cgxe_registry.obj
 0001:00055240       ssGetSFuncBlockHandle      0000000180056240 f   CTM_sim_cgxe_registry.obj
 0001:000552b0       _ssGetCallSystemNumFcnCallDestinations 00000001800562b0 f   CTM_sim_cgxe_registry.obj
 0001:00055320       _ssGetCurrentInputPortWidth 0000000180056320 f   CTM_sim_cgxe_registry.obj
 0001:00055460       _ssGetCurrentOutputPortWidth 0000000180056460 f   CTM_sim_cgxe_registry.obj
 0001:000555a0       ssGetIsZeroCrossControlDisabled 00000001800565a0 f   CTM_sim_cgxe_registry.obj
 0001:00055610       ssSetIsInputPortUsedForContZcSignal 0000000180056610 f   CTM_sim_cgxe_registry.obj
 0001:00055680       ssSetZcSignalIsZcElementDisc 0000000180056680 f   CTM_sim_cgxe_registry.obj
 0001:00055730       ssSetZcSignalName          0000000180056730 f   CTM_sim_cgxe_registry.obj
 0001:000557a0       ssSetZcSignalWidth         00000001800567a0 f   CTM_sim_cgxe_registry.obj
 0001:00055810       ssSetZcSignalZcEventType   0000000180056810 f   CTM_sim_cgxe_registry.obj
 0001:00055880       ssSetZcSignalType          0000000180056880 f   CTM_sim_cgxe_registry.obj
 0001:000558f0       ssSetZcSignalZcTol         00000001800568f0 f   CTM_sim_cgxe_registry.obj
 0001:00055960       ssSetZcSignalNeedsEventNotification 0000000180056960 f   CTM_sim_cgxe_registry.obj
 0001:000559d0       ssCreateAndAddZcSignalInfo 00000001800569d0 f   CTM_sim_cgxe_registry.obj
 0001:00055a40       ssCloneAndAddZcSignalInfo  0000000180056a40 f   CTM_sim_cgxe_registry.obj
 0001:00055ab0       ssGetNumZcSignals          0000000180056ab0 f   CTM_sim_cgxe_registry.obj
 0001:00055b20       ssGetZcSignalVector        0000000180056b20 f   CTM_sim_cgxe_registry.obj
 0001:00055b90       ssGetZcSignalName          0000000180056b90 f   CTM_sim_cgxe_registry.obj
 0001:00055c00       ssGetZcSignalWidth         0000000180056c00 f   CTM_sim_cgxe_registry.obj
 0001:00055c70       ssGetZcSignalZcEventType   0000000180056c70 f   CTM_sim_cgxe_registry.obj
 0001:00055ce0       ssGetZcSignalZcEvents      0000000180056ce0 f   CTM_sim_cgxe_registry.obj
 0001:00055d50       ssGetZcSignalType          0000000180056d50 f   CTM_sim_cgxe_registry.obj
 0001:00055dc0       ssGetZcSignalZcTol         0000000180056dc0 f   CTM_sim_cgxe_registry.obj
 0001:00055e40       ssGetZcSignalNeedsEventNotification 0000000180056e40 f   CTM_sim_cgxe_registry.obj
 0001:00055eb0       ssGetZcSignalIsZcElementDisc 0000000180056eb0 f   CTM_sim_cgxe_registry.obj
 0001:00055f50       ssGetIsInputPortElementContinuous 0000000180056f50 f   CTM_sim_cgxe_registry.obj
 0001:00055ff0       _ssGetAbsTol               0000000180056ff0 f   CTM_sim_cgxe_registry.obj
 0001:00056060       _ssSetStateAbsTol          0000000180057060 f   CTM_sim_cgxe_registry.obj
 0001:00056140       _ssSetInputPortReusableFcn 0000000180057140 f   CTM_sim_cgxe_registry.obj
 0001:00056240       _ssSetOutputPortReusableFcn 0000000180057240 f   CTM_sim_cgxe_registry.obj
 0001:00056340       _ssSetSymbolicDimsSupport  0000000180057340 f   CTM_sim_cgxe_registry.obj
 0001:000563b0       _ssRegisterSymbolicDimsExpr 00000001800573b0 f   CTM_sim_cgxe_registry.obj
 0001:00056430       _ssRegisterSymbolicDimsMATLABExpr 0000000180057430 f   CTM_sim_cgxe_registry.obj
 0001:000564c0       _ssRegisterSymbolicDims    00000001800574c0 f   CTM_sim_cgxe_registry.obj
 0001:00056560       _ssRegisterSymbolicDimsString 0000000180057560 f   CTM_sim_cgxe_registry.obj
 0001:000565e0       _ssRegisterSymbolicDimsIntValue 00000001800575e0 f   CTM_sim_cgxe_registry.obj
 0001:00056650       _ssRegisterSymbolicEqualRelation 0000000180057650 f   CTM_sim_cgxe_registry.obj
 0001:000566c0       _ssRegisterSymbolicEqualValue 00000001800576c0 f   CTM_sim_cgxe_registry.obj
 0001:00056730       _ssAmendLeadingSymbolicDims 0000000180057730 f   CTM_sim_cgxe_registry.obj
 0001:000567b0       _ssAmendTrailingSymbolicDims 00000001800577b0 f   CTM_sim_cgxe_registry.obj
 0001:00056830       _ssRegisterSymbolicDimsPlus 0000000180057830 f   CTM_sim_cgxe_registry.obj
 0001:000568b0       _ssRegisterSymbolicDimsMinus 00000001800578b0 f   CTM_sim_cgxe_registry.obj
 0001:00056930       _ssRegisterSymbolicDimsMultiply 0000000180057930 f   CTM_sim_cgxe_registry.obj
 0001:000569b0       _ssRegisterSymbolicDimsDivide 00000001800579b0 f   CTM_sim_cgxe_registry.obj
 0001:00056a30       _ssGetNumSymbolicDims      0000000180057a30 f   CTM_sim_cgxe_registry.obj
 0001:00056aa0       _ssGetSymbolicDim          0000000180057aa0 f   CTM_sim_cgxe_registry.obj
 0001:00056b20       _ssSetInputPortSymbolicDimsId 0000000180057b20 f   CTM_sim_cgxe_registry.obj
 0001:00056b90       _ssGetCompInputPortSymbolicDimsId 0000000180057b90 f   CTM_sim_cgxe_registry.obj
 0001:00056c00       _ssSetCompInputPortSymbolicDimsId 0000000180057c00 f   CTM_sim_cgxe_registry.obj
 0001:00056c70       _ssSetOutputPortSymbolicDimsId 0000000180057c70 f   CTM_sim_cgxe_registry.obj
 0001:00056ce0       _ssGetCompOutputPortSymbolicDimsId 0000000180057ce0 f   CTM_sim_cgxe_registry.obj
 0001:00056d50       _ssSetCompOutputPortSymbolicDimsId 0000000180057d50 f   CTM_sim_cgxe_registry.obj
 0001:00056dc0       _ssGetDWorkSymbolicDimsId  0000000180057dc0 f   CTM_sim_cgxe_registry.obj
 0001:00056e30       _ssSetDWorkSymbolicDimsId  0000000180057e30 f   CTM_sim_cgxe_registry.obj
 0001:00056ea0       _ssGetCompDWorkSymbolicDimsId 0000000180057ea0 f   CTM_sim_cgxe_registry.obj
 0001:00056f10       _ssSetCompDWorkSymbolicDimsId 0000000180057f10 f   CTM_sim_cgxe_registry.obj
 0001:00056f80       _ssCreateSLCGStringBuffer  0000000180057f80 f   CTM_sim_cgxe_registry.obj
 0001:00056ff0       _ssAddToSLCGStringBuffer   0000000180057ff0 f   CTM_sim_cgxe_registry.obj
 0001:00057060       _ssGetPointerContainedData 0000000180058060 f   CTM_sim_cgxe_registry.obj
 0001:000570f0       _ssGetPointerContainedDataWidth 00000001800580f0 f   CTM_sim_cgxe_registry.obj
 0001:00057180       _ssRegisterDynamicArrayDataTypeFcn 0000000180058180 f   CTM_sim_cgxe_registry.obj
 0001:00057220       _ssGetDynamicArrayContainedDataCurrentWidthFcn 0000000180058220 f   CTM_sim_cgxe_registry.obj
 0001:000572f0       _ssGetDynamicArrayContainedDataFcn 00000001800582f0 f   CTM_sim_cgxe_registry.obj
 0001:000573c0       _ssGetInputPortDynamicArrayDataFcn 00000001800583c0 f   CTM_sim_cgxe_registry.obj
 0001:00057480       _ssGetOutputPortDynamicArrayDataFcn 0000000180058480 f   CTM_sim_cgxe_registry.obj
 0001:00057540       _ssGetInputPortDynamicArrayContainedDataFcn 0000000180058540 f   CTM_sim_cgxe_registry.obj
 0001:00057600       _ssGetOutputPortDynamicArrayContainedDataFcn 0000000180058600 f   CTM_sim_cgxe_registry.obj
 0001:000576c0       _ssGetDynamicArrayDWorkContainedDataFcn 00000001800586c0 f   CTM_sim_cgxe_registry.obj
 0001:000594b0       __local_stdio_printf_options 000000018005a4b0 f i CTM_sim_cgxe_registry.obj
 0001:000594c0       _vsnprintf_l               000000018005a4c0 f i CTM_sim_cgxe_registry.obj
 0001:00059540       _vsprintf_l                000000018005a540 f i CTM_sim_cgxe_registry.obj
 0001:00059590       sprintf                    000000018005a590 f i CTM_sim_cgxe_registry.obj
 0001:00059f80       ccdFirstDirDefault         000000018005af80 f   ccd_ccd.obj
 0001:00059fc0       __ccdSupport               000000018005afc0 f   ccd_ccd.obj
 0001:0005a0a0       ccdGJKIntersect            000000018005b0a0 f   ccd_ccd.obj
 0001:0005a130       __ccdGJK                   000000018005b130 f   ccd_ccd.obj
 0001:0005a2f0       ccdGJKSeparate             000000018005b2f0 f   ccd_ccd.obj
 0001:0005a390       ccdGJKPenetration          000000018005b390 f   ccd_ccd.obj
 0001:0005e8a0       ccdMPRIntersect            000000018005f8a0 f   ccd_mpr.obj
 0001:0005e970       ccdMPRPenetration          000000018005f970 f   ccd_mpr.obj
 0001:00060470       ccdPtInit                  0000000180061470 f   ccd_polytope.obj
 0001:000604e0       ccdPtDestroy               00000001800614e0 f   ccd_polytope.obj
 0001:00060630       ccdPtAddVertex             0000000180061630 f   ccd_polytope.obj
 0001:00060700       ccdPtAddEdge               0000000180061700 f   ccd_polytope.obj
 0001:000608c0       ccdPtAddFace               00000001800618c0 f   ccd_polytope.obj
 0001:00060da0       ccdPtRecomputeDistances    0000000180061da0 f   ccd_polytope.obj
 0001:00061090       ccdPtNearest               0000000180062090 f   ccd_polytope.obj
 0001:000610d0       ccdPtDumpSVT               00000001800620d0 f   ccd_polytope.obj
 0001:00061130       ccdPtDumpSVT2              0000000180062130 f   ccd_polytope.obj
 0001:00061620       _vfprintf_l                0000000180062620 f i ccd_polytope.obj
 0001:00061670       fprintf                    0000000180062670 f i ccd_polytope.obj
 0001:00061bb0       ccdVec3PointSegmentDist2   0000000180062bb0 f   ccd_vec3.obj
 0001:00061bf0       ccdVec3PointTriDist2       0000000180062bf0 f   ccd_vec3.obj
 0001:00062b20       ??RCollisionGeometryDeleter@shared_robotics@@QEAAXPEAVCollisionGeometry@1@@Z 0000000180063b20 f   collisioncodegen_CollisionGeometry.obj
 0001:00062b70       ??1CollisionGeometry@shared_robotics@@UEAA@XZ 0000000180063b70 f   collisioncodegen_CollisionGeometry.obj
 0001:00062bd0       ?support@CollisionGeometry@shared_robotics@@QEBAXPEBU_ccd_vec3_t@@PEAU3@@Z 0000000180063bd0 f   collisioncodegen_CollisionGeometry.obj
 0001:00063720       ?constructConnectionList@CollisionGeometry@shared_robotics@@IEAAXXZ 0000000180064720 f   collisioncodegen_CollisionGeometry.obj
 0001:00063ca0       ??$?0$$V@?$_Compressed_pair@V?$allocator@N@std@@V?$_Vector_val@U?$_Simple_types@N@std@@@2@$00@std@@QEAA@U_Zero_then_variadic_args_t@1@@Z 0000000180064ca0 f i collisioncodegen_CollisionGeometry.obj
 0001:00063cd0       ??$?0$$V@?$_Compressed_pair@V?$allocator@_K@std@@V?$_Vector_val@U?$_Simple_types@_K@std@@@2@$00@std@@QEAA@U_Zero_then_variadic_args_t@1@@Z 0000000180064cd0 f i collisioncodegen_CollisionGeometry.obj
 0001:00063d00       ??$?0AEAPEA_KAEAPEA_K$0A@@?$pair@PEA_KPEA_K@std@@QEAA@AEAPEA_K0@Z 0000000180064d00 f i collisioncodegen_CollisionGeometry.obj
 0001:00063d50       ??$?0V?$allocator@_K@std@@PEA_KPEA_KPEA_K@?$_Compressed_pair@V?$allocator@_K@std@@V?$_Vector_val@U?$_Simple_types@_K@std@@@2@$00@std@@QEAA@U_One_then_variadic_args_t@1@$$QEAV?$allocator@_K@1@$$QEAPEA_K22@Z 0000000180064d50 f i collisioncodegen_CollisionGeometry.obj
 0001:00063dc0       ??$?6U?$char_traits@D@std@@@std@@YAAEAV?$basic_ostream@DU?$char_traits@D@std@@@0@AEAV10@PEBD@Z 0000000180064dc0 f i collisioncodegen_CollisionGeometry.obj
 0001:00064170       ??$?RAEANAEAN@?$less@X@std@@QEBA_NAEAN0@Z 0000000180065170 f i collisioncodegen_CollisionGeometry.obj
 0001:000641b0       ??$?RAEA_KAEA_K@?$equal_to@X@std@@QEBA_NAEA_K0@Z 00000001800651b0 f i collisioncodegen_CollisionGeometry.obj
 0001:000641f0       ??$?RAEA_KAEA_K@?$less@X@std@@QEBA_NAEA_K0@Z 00000001800651f0 f i collisioncodegen_CollisionGeometry.obj
 0001:00064230       ??$_Adl_verify_range@V?$_Vector_iterator@V?$_Vector_val@U?$_Simple_types@N@std@@@std@@@std@@V12@@std@@YAXAEBV?$_Vector_iterator@V?$_Vector_val@U?$_Simple_types@N@std@@@std@@@0@0@Z 0000000180065230 f i collisioncodegen_CollisionGeometry.obj
 0001:00064240       ??$_Adl_verify_range@V?$_Vector_iterator@V?$_Vector_val@U?$_Simple_types@_K@std@@@std@@@std@@V12@@std@@YAXAEBV?$_Vector_iterator@V?$_Vector_val@U?$_Simple_types@_K@std@@@std@@@0@0@Z 0000000180065240 f i collisioncodegen_CollisionGeometry.obj
 0001:00064250       ??$_Allocate@$0BA@U_Default_allocate_traits@std@@$0A@@std@@YAPEAX_K@Z 0000000180065250 f i collisioncodegen_CollisionGeometry.obj
 0001:00064290       ??$_Allocate_manually_vector_aligned@U_Default_allocate_traits@std@@@std@@YAPEAX_K@Z 0000000180065290 f i collisioncodegen_CollisionGeometry.obj
 0001:00064320       ??$_Copy_backward_memmove@PEA_KPEA_K@std@@YAPEA_KPEA_K00@Z 0000000180065320 f i collisioncodegen_CollisionGeometry.obj
 0001:000643d0       ??$_Copy_memmove@PEANPEAN@std@@YAPEANPEAN00@Z 00000001800653d0 f i collisioncodegen_CollisionGeometry.obj
 0001:00064470       ??$_Copy_memmove@PEA_KPEA_K@std@@YAPEA_KPEA_K00@Z 0000000180065470 f i collisioncodegen_CollisionGeometry.obj
 0001:00064510       ??$_Deallocate@$0BA@$0A@@std@@YAXPEAX_K@Z 0000000180065510 f i collisioncodegen_CollisionGeometry.obj
 0001:00064550       ??$_Destroy_range@V?$allocator@N@std@@@std@@YAXPEANQEANAEAV?$allocator@N@0@@Z 0000000180065550 f i collisioncodegen_CollisionGeometry.obj
 0001:00064560       ??$_Destroy_range@V?$allocator@U_ccd_vec3_t@@@std@@@std@@YAXPEAU_ccd_vec3_t@@QEAU1@AEAV?$allocator@U_ccd_vec3_t@@@0@@Z 0000000180065560 f i collisioncodegen_CollisionGeometry.obj
 0001:00064570       ??$_Destroy_range@V?$allocator@U_idx_vec3_t@shared_robotics@@@std@@@std@@YAXPEAU_idx_vec3_t@shared_robotics@@QEAU12@AEAV?$allocator@U_idx_vec3_t@shared_robotics@@@0@@Z 0000000180065570 f i collisioncodegen_CollisionGeometry.obj
 0001:00064580       ??$_Destroy_range@V?$allocator@V?$vector@_KV?$allocator@_K@std@@@std@@@std@@@std@@YAXPEAV?$vector@_KV?$allocator@_K@std@@@0@QEAV10@AEAV?$allocator@V?$vector@_KV?$allocator@_K@std@@@std@@@0@@Z 0000000180065580 f i collisioncodegen_CollisionGeometry.obj
 0001:000645d0       ??$_Destroy_range@V?$allocator@_K@std@@@std@@YAXPEA_KQEA_KAEAV?$allocator@_K@0@@Z 00000001800655d0 f i collisioncodegen_CollisionGeometry.obj
 0001:000645e0       ??$_Emplace_back@$$V@?$_Uninitialized_backout_al@V?$allocator@V?$vector@_KV?$allocator@_K@std@@@std@@@std@@@std@@QEAAXXZ 00000001800655e0 f i collisioncodegen_CollisionGeometry.obj
 0001:00064630       ??$_Emplace_back@$$V@?$_Uninitialized_backout_al@V?$allocator@_K@std@@@std@@QEAAXXZ 0000000180065630 f i collisioncodegen_CollisionGeometry.obj
 0001:00064680       ??$_Emplace_back@N@?$_Uninitialized_backout_al@V?$allocator@N@std@@@std@@QEAAX$$QEAN@Z 0000000180065680 f i collisioncodegen_CollisionGeometry.obj
 0001:000646e0       ??$_Emplace_back@V?$vector@_KV?$allocator@_K@std@@@std@@@?$_Uninitialized_backout_al@V?$allocator@V?$vector@_KV?$allocator@_K@std@@@std@@@std@@@std@@QEAAX$$QEAV?$vector@_KV?$allocator@_K@std@@@1@@Z 00000001800656e0 f i collisioncodegen_CollisionGeometry.obj
 0001:00064740       ??$_Emplace_back@_K@?$_Uninitialized_backout_al@V?$allocator@_K@std@@@std@@QEAAX$$QEA_K@Z 0000000180065740 f i collisioncodegen_CollisionGeometry.obj
 0001:000647a0       ??$_Emplace_back_with_unused_capacity@AEB_K@?$vector@_KV?$allocator@_K@std@@@std@@AEAA?A_TAEB_K@Z 00000001800657a0 f i collisioncodegen_CollisionGeometry.obj
 0001:00064850       ??$_Emplace_back_with_unused_capacity@N@?$vector@NV?$allocator@N@std@@@std@@AEAA?A_T$$QEAN@Z 0000000180065850 f i collisioncodegen_CollisionGeometry.obj
 0001:00064900       ??$_Emplace_reallocate@AEB_K@?$vector@_KV?$allocator@_K@std@@@std@@QEAAPEA_KQEA_KAEB_K@Z 0000000180065900 f i collisioncodegen_CollisionGeometry.obj
 0001:00064b10       ??$_Emplace_reallocate@N@?$vector@NV?$allocator@N@std@@@std@@QEAAPEANQEAN$$QEAN@Z 0000000180065b10 f i collisioncodegen_CollisionGeometry.obj
 0001:00064d20       ??$_Get_size_of_n@$07@std@@YA_K_K@Z 0000000180065d20 f i collisioncodegen_CollisionGeometry.obj
 0001:00064d70       ??$_Get_size_of_n@$0BI@@std@@YA_K_K@Z 0000000180065d70 f i collisioncodegen_CollisionGeometry.obj
 0001:00064db0       ??$_Get_unwrapped@AEAV?$_Vector_iterator@V?$_Vector_val@U?$_Simple_types@N@std@@@std@@@std@@@std@@YA?A_TAEAV?$_Vector_iterator@V?$_Vector_val@U?$_Simple_types@N@std@@@std@@@0@@Z 0000000180065db0 f i collisioncodegen_CollisionGeometry.obj
 0001:00064dd0       ??$_Get_unwrapped@AEAV?$_Vector_iterator@V?$_Vector_val@U?$_Simple_types@_K@std@@@std@@@std@@@std@@YA?A_TAEAV?$_Vector_iterator@V?$_Vector_val@U?$_Simple_types@_K@std@@@std@@@0@@Z 0000000180065dd0 f i collisioncodegen_CollisionGeometry.obj
 0001:00064df0       ??$_Get_unwrapped@AEBQEAN@std@@YA?A_TAEBQEAN@Z 0000000180065df0 f i collisioncodegen_CollisionGeometry.obj
 0001:00064e00       ??$_Get_unwrapped@AEBQEAV?$vector@_KV?$allocator@_K@std@@@std@@@std@@YA?A_TAEBQEAV?$vector@_KV?$allocator@_K@std@@@0@@Z 0000000180065e00 f i collisioncodegen_CollisionGeometry.obj
 0001:00064e10       ??$_Get_unwrapped@AEBQEA_K@std@@YA?A_TAEBQEA_K@Z 0000000180065e10 f i collisioncodegen_CollisionGeometry.obj
 0001:00064e20       ??$_Get_unwrapped@AEBV?$_Vector_iterator@V?$_Vector_val@U?$_Simple_types@_K@std@@@std@@@std@@@std@@YA?A_TAEBV?$_Vector_iterator@V?$_Vector_val@U?$_Simple_types@_K@std@@@std@@@0@@Z 0000000180065e20 f i collisioncodegen_CollisionGeometry.obj
 0001:00064e40       ??$_Guess_median_unchecked@PEA_KU?$less@X@std@@@std@@YAXPEA_K00U?$less@X@0@@Z 0000000180065e40 f i collisioncodegen_CollisionGeometry.obj
 0001:00064fa0       ??$_Insertion_sort_unchecked@PEA_KU?$less@X@std@@@std@@YAPEA_KQEA_K0U?$less@X@0@@Z 0000000180065fa0 f i collisioncodegen_CollisionGeometry.obj
 0001:000650e0       ??$_Make_heap_unchecked@PEA_KU?$less@X@std@@@std@@YAXPEA_K0U?$less@X@0@@Z 00000001800660e0 f i collisioncodegen_CollisionGeometry.obj
 0001:00065180       ??$_Max_element_unchecked@PEANU?$less@X@std@@@std@@YAPEANPEAN0U?$less@X@0@@Z 0000000180066180 f i collisioncodegen_CollisionGeometry.obj
 0001:00065200       ??$_Med3_unchecked@PEA_KU?$less@X@std@@@std@@YAXPEA_K00U?$less@X@0@@Z 0000000180066200 f i collisioncodegen_CollisionGeometry.obj
 0001:000652a0       ??$_Move_backward_unchecked@PEA_KPEA_K@std@@YAPEA_KPEA_K00@Z 00000001800662a0 f i collisioncodegen_CollisionGeometry.obj
 0001:00065320       ??$_Move_unchecked@PEA_KPEA_K@std@@YAPEA_KPEA_K00@Z 0000000180066320 f i collisioncodegen_CollisionGeometry.obj
 0001:000653a0       ??$_Next_iter@PEA_K@std@@YAPEA_KPEA_K@Z 00000001800663a0 f i collisioncodegen_CollisionGeometry.obj
 0001:000653c0       ??$_Partition_by_median_guess_unchecked@PEA_KU?$less@X@std@@@std@@YA?AU?$pair@PEA_KPEA_K@0@PEA_K0U?$less@X@0@@Z 00000001800663c0 f i collisioncodegen_CollisionGeometry.obj
 0001:00065780       ??$_Pass_fn@U?$less@X@std@@$0A@@std@@YA?AU?$less@X@0@U10@@Z 0000000180066780 f i collisioncodegen_CollisionGeometry.obj
 0001:00065790       ??$_Pop_heap_hole_by_index@PEA_K_KU?$less@X@std@@@std@@YAXPEA_K_J1$$QEA_KU?$less@X@0@@Z 0000000180066790 f i collisioncodegen_CollisionGeometry.obj
 0001:000658f0       ??$_Pop_heap_hole_unchecked@PEA_K_KU?$less@X@std@@@std@@YAXPEA_K00$$QEA_KU?$less@X@0@@Z 00000001800668f0 f i collisioncodegen_CollisionGeometry.obj
 0001:00065960       ??$_Pop_heap_unchecked@PEA_KU?$less@X@std@@@std@@YAXPEA_K0U?$less@X@0@@Z 0000000180066960 f i collisioncodegen_CollisionGeometry.obj
 0001:000659e0       ??$_Prev_iter@PEA_K@std@@YAPEA_KPEA_K@Z 00000001800669e0 f i collisioncodegen_CollisionGeometry.obj
 0001:00065a00       ??$_Push_heap_by_index@PEA_K_KU?$less@X@std@@@std@@YAXPEA_K_J1$$QEA_KU?$less@X@0@@Z 0000000180066a00 f i collisioncodegen_CollisionGeometry.obj
 0001:00065ac0       ??$_Refancy@PEAN$0A@@std@@YAPEANPEAN@Z 0000000180066ac0 f i collisioncodegen_CollisionGeometry.obj
 0001:00065ad0       ??$_Refancy@PEA_K$0A@@std@@YAPEA_KPEA_K@Z 0000000180066ad0 f i collisioncodegen_CollisionGeometry.obj
 0001:00065ae0       ??$_Resize@U_Value_init_tag@std@@@?$vector@V?$vector@_KV?$allocator@_K@std@@@std@@V?$allocator@V?$vector@_KV?$allocator@_K@std@@@std@@@2@@std@@AEAAX_KAEBU_Value_init_tag@1@@Z 0000000180066ae0 f i collisioncodegen_CollisionGeometry.obj
 0001:00065c50       ??$_Resize@U_Value_init_tag@std@@@?$vector@_KV?$allocator@_K@std@@@std@@AEAAX_KAEBU_Value_init_tag@1@@Z 0000000180066c50 f i collisioncodegen_CollisionGeometry.obj
 0001:00065dc0       ??$_Resize_reallocate@U_Value_init_tag@std@@@?$vector@V?$vector@_KV?$allocator@_K@std@@@std@@V?$allocator@V?$vector@_KV?$allocator@_K@std@@@std@@@2@@std@@AEAAX_KAEBU_Value_init_tag@1@@Z 0000000180066dc0 f i collisioncodegen_CollisionGeometry.obj
 0001:00065f10       ??$_Resize_reallocate@U_Value_init_tag@std@@@?$vector@_KV?$allocator@_K@std@@@std@@AEAAX_KAEBU_Value_init_tag@1@@Z 0000000180066f10 f i collisioncodegen_CollisionGeometry.obj
 0001:00066060       ??$_Seek_wrapped@V?$_Vector_iterator@V?$_Vector_val@U?$_Simple_types@N@std@@@std@@@std@@PEAN@std@@YAXAEAV?$_Vector_iterator@V?$_Vector_val@U?$_Simple_types@N@std@@@std@@@0@$$QEAPEAN@Z 0000000180067060 f i collisioncodegen_CollisionGeometry.obj
 0001:00066090       ??$_Seek_wrapped@V?$_Vector_iterator@V?$_Vector_val@U?$_Simple_types@_K@std@@@std@@@std@@AEAPEA_K@std@@YAXAEAV?$_Vector_iterator@V?$_Vector_val@U?$_Simple_types@_K@std@@@std@@@0@AEAPEA_K@Z 0000000180067090 f i collisioncodegen_CollisionGeometry.obj
 0001:000660c0       ??$_Seek_wrapped@V?$_Vector_iterator@V?$_Vector_val@U?$_Simple_types@_K@std@@@std@@@std@@AEBQEA_K@std@@YAXAEAV?$_Vector_iterator@V?$_Vector_val@U?$_Simple_types@_K@std@@@std@@@0@AEBQEA_K@Z 00000001800670c0 f i collisioncodegen_CollisionGeometry.obj
 0001:000660f0       ??$_Sort_heap_unchecked@PEA_KU?$less@X@std@@@std@@YAXPEA_K0U?$less@X@0@@Z 00000001800670f0 f i collisioncodegen_CollisionGeometry.obj
 0001:00066150       ??$_Sort_unchecked@PEA_KU?$less@X@std@@@std@@YAXPEA_K0_JU?$less@X@0@@Z 0000000180067150 f i collisioncodegen_CollisionGeometry.obj
 0001:00066290       ??$_To_address@PEAN@std@@YA?A_PAEBQEAN@Z 0000000180067290 f i collisioncodegen_CollisionGeometry.obj
 0001:000662a0       ??$_To_address@PEA_K@std@@YA?A_PAEBQEA_K@Z 00000001800672a0 f i collisioncodegen_CollisionGeometry.obj
 0001:000662b0       ??$_Unfancy@N@std@@YAPEANPEAN@Z 00000001800672b0 f i collisioncodegen_CollisionGeometry.obj
 0001:000662c0       ??$_Unfancy@V?$vector@_KV?$allocator@_K@std@@@std@@@std@@YAPEAV?$vector@_KV?$allocator@_K@std@@@0@PEAV10@@Z 00000001800672c0 f i collisioncodegen_CollisionGeometry.obj
 0001:000662d0       ??$_Unfancy@_K@std@@YAPEA_KPEA_K@Z 00000001800672d0 f i collisioncodegen_CollisionGeometry.obj
 0001:000662e0       ??$_Uninitialized_move@PEANV?$allocator@N@std@@@std@@YAPEANQEAN0PEANAEAV?$allocator@N@0@@Z 00000001800672e0 f i collisioncodegen_CollisionGeometry.obj
 0001:000663c0       ??$_Uninitialized_move@PEAV?$vector@_KV?$allocator@_K@std@@@std@@V?$allocator@V?$vector@_KV?$allocator@_K@std@@@std@@@2@@std@@YAPEAV?$vector@_KV?$allocator@_K@std@@@0@QEAV10@0PEAV10@AEAV?$allocator@V?$vector@_KV?$allocator@_K@std@@@std@@@0@@Z 00000001800673c0 f i collisioncodegen_CollisionGeometry.obj
 0001:00066470       ??$_Uninitialized_move@PEA_KV?$allocator@_K@std@@@std@@YAPEA_KQEA_K0PEA_KAEAV?$allocator@_K@0@@Z 0000000180067470 f i collisioncodegen_CollisionGeometry.obj
 0001:00066550       ??$_Uninitialized_value_construct_n@V?$allocator@V?$vector@_KV?$allocator@_K@std@@@std@@@std@@@std@@YAPEAV?$vector@_KV?$allocator@_K@std@@@0@PEAV10@_KAEAV?$allocator@V?$vector@_KV?$allocator@_K@std@@@std@@@0@@Z 0000000180067550 f i collisioncodegen_CollisionGeometry.obj
 0001:000665c0       ??$_Uninitialized_value_construct_n@V?$allocator@_K@std@@@std@@YAPEA_KPEA_K_KAEAV?$allocator@_K@0@@Z 00000001800675c0 f i collisioncodegen_CollisionGeometry.obj
 0001:00066670       ??$_Voidify_iter@PEAN@std@@YAPEAXPEAN@Z 0000000180067670 f i collisioncodegen_CollisionGeometry.obj
 0001:00066680       ??$_Voidify_iter@PEAV?$vector@_KV?$allocator@_K@std@@@std@@@std@@YAPEAXPEAV?$vector@_KV?$allocator@_K@std@@@0@@Z 0000000180067680 f i collisioncodegen_CollisionGeometry.obj
 0001:00066690       ??$_Voidify_iter@PEA_K@std@@YAPEAXPEA_K@Z 0000000180067690 f i collisioncodegen_CollisionGeometry.obj
 0001:000666a0       ??$_Zero_range@PEA_K@std@@YAPEA_KQEA_K0@Z 00000001800676a0 f i collisioncodegen_CollisionGeometry.obj
 0001:00066700       ??$addressof@V?$_Vector_val@U?$_Simple_types@N@std@@@std@@@std@@YAPEAV?$_Vector_val@U?$_Simple_types@N@std@@@0@AEAV10@@Z 0000000180067700 f i collisioncodegen_CollisionGeometry.obj
 0001:00066710       ??$addressof@V?$_Vector_val@U?$_Simple_types@_K@std@@@std@@@std@@YAPEAV?$_Vector_val@U?$_Simple_types@_K@std@@@0@AEAV10@@Z 0000000180067710 f i collisioncodegen_CollisionGeometry.obj
 0001:00066720       ??$construct@NN@?$_Default_allocator_traits@V?$allocator@N@std@@@std@@SAXAEAV?$allocator@N@1@QEAN$$QEAN@Z 0000000180067720 f i collisioncodegen_CollisionGeometry.obj
 0001:00066770       ??$construct@V?$vector@_KV?$allocator@_K@std@@@std@@$$V@?$_Default_allocator_traits@V?$allocator@V?$vector@_KV?$allocator@_K@std@@@std@@@std@@@std@@SAXAEAV?$allocator@V?$vector@_KV?$allocator@_K@std@@@std@@@1@QEAV?$vector@_KV?$allocator@_K@std@@@1@@Z 0000000180067770 f i collisioncodegen_CollisionGeometry.obj
 0001:000667b0       ??$construct@V?$vector@_KV?$allocator@_K@std@@@std@@V12@@?$_Default_allocator_traits@V?$allocator@V?$vector@_KV?$allocator@_K@std@@@std@@@std@@@std@@SAXAEAV?$allocator@V?$vector@_KV?$allocator@_K@std@@@std@@@1@QEAV?$vector@_KV?$allocator@_K@std@@@1@$$QEAV31@@Z 00000001800677b0 f i collisioncodegen_CollisionGeometry.obj
 0001:00066800       ??$construct@_K$$V@?$_Default_allocator_traits@V?$allocator@_K@std@@@std@@SAXAEAV?$allocator@_K@1@QEA_K@Z 0000000180067800 f i collisioncodegen_CollisionGeometry.obj
 0001:00066850       ??$construct@_KAEB_K@?$_Default_allocator_traits@V?$allocator@_K@std@@@std@@SAXAEAV?$allocator@_K@1@QEA_KAEB_K@Z 0000000180067850 f i collisioncodegen_CollisionGeometry.obj
 0001:000668a0       ??$construct@_K_K@?$_Default_allocator_traits@V?$allocator@_K@std@@@std@@SAXAEAV?$allocator@_K@1@QEA_K$$QEA_K@Z 00000001800678a0 f i collisioncodegen_CollisionGeometry.obj
 0001:000668f0       ??$destroy@V?$vector@_KV?$allocator@_K@std@@@std@@@?$_Default_allocator_traits@V?$allocator@V?$vector@_KV?$allocator@_K@std@@@std@@@std@@@std@@SAXAEAV?$allocator@V?$vector@_KV?$allocator@_K@std@@@std@@@1@QEAV?$vector@_KV?$allocator@_K@std@@@1@@Z 00000001800678f0 f i collisioncodegen_CollisionGeometry.obj
 0001:00066910       ??$emplace_back@AEB_K@?$vector@_KV?$allocator@_K@std@@@std@@QEAA?A_TAEB_K@Z 0000000180067910 f i collisioncodegen_CollisionGeometry.obj
 0001:00066990       ??$emplace_back@N@?$vector@NV?$allocator@N@std@@@std@@QEAA?A_T$$QEAN@Z 0000000180067990 f i collisioncodegen_CollisionGeometry.obj
 0001:00066a10       ??$endl@DU?$char_traits@D@std@@@std@@YAAEAV?$basic_ostream@DU?$char_traits@D@std@@@0@AEAV10@@Z 0000000180067a10 f i collisioncodegen_CollisionGeometry.obj
 0001:00066a60       ??$exchange@PEA_K$$T@std@@YAPEA_KAEAPEA_K$$QEA$$T@Z 0000000180067a60 f i collisioncodegen_CollisionGeometry.obj
 0001:00066aa0       ??$forward@AEAPEA_K@std@@YAAEAPEA_KAEAPEA_K@Z 0000000180067aa0 f i collisioncodegen_CollisionGeometry.obj
 0001:00066ab0       ??$forward@AEBQEA_K@std@@YAAEBQEA_KAEBQEA_K@Z 0000000180067ab0 f i collisioncodegen_CollisionGeometry.obj
 0001:00066ac0       ??$forward@AEB_K@std@@YAAEB_KAEB_K@Z 0000000180067ac0 f i collisioncodegen_CollisionGeometry.obj
 0001:00066ad0       ??$forward@N@std@@YA$$QEANAEAN@Z 0000000180067ad0 f i collisioncodegen_CollisionGeometry.obj
 0001:00066ae0       ??$forward@PEAN@std@@YA$$QEAPEANAEAPEAN@Z 0000000180067ae0 f i collisioncodegen_CollisionGeometry.obj
 0001:00066af0       ??$forward@PEA_K@std@@YA$$QEAPEA_KAEAPEA_K@Z 0000000180067af0 f i collisioncodegen_CollisionGeometry.obj
 0001:00066b00       ??$forward@V?$allocator@_K@std@@@std@@YA$$QEAV?$allocator@_K@0@AEAV10@@Z 0000000180067b00 f i collisioncodegen_CollisionGeometry.obj
 0001:00066b10       ??$forward@V?$vector@_KV?$allocator@_K@std@@@std@@@std@@YA$$QEAV?$vector@_KV?$allocator@_K@std@@@0@AEAV10@@Z 0000000180067b10 f i collisioncodegen_CollisionGeometry.obj
 0001:00066b20       ??$forward@_K@std@@YA$$QEA_KAEA_K@Z 0000000180067b20 f i collisioncodegen_CollisionGeometry.obj
 0001:00066b30       ??$iter_swap@PEA_KPEA_K@std@@YAXPEA_K0@Z 0000000180067b30 f i collisioncodegen_CollisionGeometry.obj
 0001:00066b60       ??$max_element@V?$_Vector_iterator@V?$_Vector_val@U?$_Simple_types@N@std@@@std@@@std@@@std@@YA?AV?$_Vector_iterator@V?$_Vector_val@U?$_Simple_types@N@std@@@std@@@0@V10@0@Z 0000000180067b60 f i collisioncodegen_CollisionGeometry.obj
 0001:00066bb0       ??$max_element@V?$_Vector_iterator@V?$_Vector_val@U?$_Simple_types@N@std@@@std@@@std@@U?$less@X@2@@std@@YA?AV?$_Vector_iterator@V?$_Vector_val@U?$_Simple_types@N@std@@@std@@@0@V10@0U?$less@X@0@@Z 0000000180067bb0 f i collisioncodegen_CollisionGeometry.obj
 0001:00066c40       ??$min@_K@std@@YAAEB_KAEB_K0@Z 0000000180067c40 f i collisioncodegen_CollisionGeometry.obj
 0001:00066c90       ??$move@AEAN@std@@YA$$QEANAEAN@Z 0000000180067c90 f i collisioncodegen_CollisionGeometry.obj
 0001:00066ca0       ??$move@AEAV?$allocator@_K@std@@@std@@YA$$QEAV?$allocator@_K@0@AEAV10@@Z 0000000180067ca0 f i collisioncodegen_CollisionGeometry.obj
 0001:00066cb0       ??$move@AEAV?$vector@_KV?$allocator@_K@std@@@std@@@std@@YA$$QEAV?$vector@_KV?$allocator@_K@std@@@0@AEAV10@@Z 0000000180067cb0 f i collisioncodegen_CollisionGeometry.obj
 0001:00066cc0       ??$move@AEA_K@std@@YA$$QEA_KAEA_K@Z 0000000180067cc0 f i collisioncodegen_CollisionGeometry.obj
 0001:00066cd0       ??$sort@V?$_Vector_iterator@V?$_Vector_val@U?$_Simple_types@_K@std@@@std@@@std@@@std@@YAXV?$_Vector_iterator@V?$_Vector_val@U?$_Simple_types@_K@std@@@std@@@0@0@Z 0000000180067cd0 f i collisioncodegen_CollisionGeometry.obj
 0001:00066d10       ??$sort@V?$_Vector_iterator@V?$_Vector_val@U?$_Simple_types@_K@std@@@std@@@std@@U?$less@X@2@@std@@YAXV?$_Vector_iterator@V?$_Vector_val@U?$_Simple_types@_K@std@@@std@@@0@0U?$less@X@0@@Z 0000000180067d10 f i collisioncodegen_CollisionGeometry.obj
 0001:00066d90       ??$swap@_K$0A@@std@@YAXAEA_K0@Z 0000000180067d90 f i collisioncodegen_CollisionGeometry.obj
 0001:00066de0       ??$unique@V?$_Vector_iterator@V?$_Vector_val@U?$_Simple_types@_K@std@@@std@@@std@@@std@@YA?AV?$_Vector_iterator@V?$_Vector_val@U?$_Simple_types@_K@std@@@std@@@0@V10@0@Z 0000000180067de0 f i collisioncodegen_CollisionGeometry.obj
 0001:00066e30       ??$unique@V?$_Vector_iterator@V?$_Vector_val@U?$_Simple_types@_K@std@@@std@@@std@@U?$equal_to@X@2@@std@@YA?AV?$_Vector_iterator@V?$_Vector_val@U?$_Simple_types@_K@std@@@std@@@0@V10@0U?$equal_to@X@0@@Z 0000000180067e30 f i collisioncodegen_CollisionGeometry.obj
 0001:00066f90       ??0?$_Uninitialized_backout_al@V?$allocator@N@std@@@std@@QEAA@PEANAEAV?$allocator@N@1@@Z 0000000180067f90 f i collisioncodegen_CollisionGeometry.obj
 0001:00066fd0       ??0?$_Uninitialized_backout_al@V?$allocator@V?$vector@_KV?$allocator@_K@std@@@std@@@std@@@std@@QEAA@PEAV?$vector@_KV?$allocator@_K@std@@@1@AEAV?$allocator@V?$vector@_KV?$allocator@_K@std@@@std@@@1@@Z 0000000180067fd0 f i collisioncodegen_CollisionGeometry.obj
 0001:00067010       ??0?$_Uninitialized_backout_al@V?$allocator@_K@std@@@std@@QEAA@PEA_KAEAV?$allocator@_K@1@@Z 0000000180068010 f i collisioncodegen_CollisionGeometry.obj
 0001:00067050       ??0?$_Vector_const_iterator@V?$_Vector_val@U?$_Simple_types@N@std@@@std@@@std@@QEAA@PEANPEBU_Container_base0@1@@Z 0000000180068050 f i collisioncodegen_CollisionGeometry.obj
 0001:00067090       ??0?$_Vector_const_iterator@V?$_Vector_val@U?$_Simple_types@_K@std@@@std@@@std@@QEAA@PEA_KPEBU_Container_base0@1@@Z 0000000180068090 f i collisioncodegen_CollisionGeometry.obj
 0001:000670d0       ??0?$_Vector_iterator@V?$_Vector_val@U?$_Simple_types@N@std@@@std@@@std@@QEAA@PEANPEBU_Container_base0@1@@Z 00000001800680d0 f i collisioncodegen_CollisionGeometry.obj
 0001:00067110       ??0?$_Vector_iterator@V?$_Vector_val@U?$_Simple_types@_K@std@@@std@@@std@@QEAA@PEA_KPEBU_Container_base0@1@@Z 0000000180068110 f i collisioncodegen_CollisionGeometry.obj
 0001:00067150       ??0?$_Vector_val@U?$_Simple_types@N@std@@@std@@QEAA@XZ 0000000180068150 f i collisioncodegen_CollisionGeometry.obj
 0001:00067190       ??0?$_Vector_val@U?$_Simple_types@_K@std@@@std@@QEAA@PEA_K00@Z 0000000180068190 f i collisioncodegen_CollisionGeometry.obj
 0001:000671e0       ??0?$_Vector_val@U?$_Simple_types@_K@std@@@std@@QEAA@XZ 00000001800681e0 f i collisioncodegen_CollisionGeometry.obj
 0001:00067220       ??0?$allocator@N@std@@QEAA@XZ 0000000180068220 f i collisioncodegen_CollisionGeometry.obj
 0001:00067230       ??0?$allocator@_K@std@@QEAA@XZ 0000000180068230 f i collisioncodegen_CollisionGeometry.obj
 0001:00067240       ??0?$vector@NV?$allocator@N@std@@@std@@QEAA@XZ 0000000180068240 f i collisioncodegen_CollisionGeometry.obj
 0001:00067280       ??0?$vector@_KV?$allocator@_K@std@@@std@@QEAA@$$QEAV01@@Z 0000000180068280 f i collisioncodegen_CollisionGeometry.obj
 0001:00067380       ??0?$vector@_KV?$allocator@_K@std@@@std@@QEAA@XZ 0000000180068380 f i collisioncodegen_CollisionGeometry.obj
 0001:000673c0       ??0_Sentry_base@?$basic_ostream@DU?$char_traits@D@std@@@std@@QEAA@AEAV12@@Z 00000001800683c0 f i collisioncodegen_CollisionGeometry.obj
 0001:00067430       ??0bad_alloc@std@@AEAA@QEBD@Z 0000000180068430 f i collisioncodegen_CollisionGeometry.obj
 0001:00067470       ??0bad_alloc@std@@QEAA@AEBV01@@Z 0000000180068470 f i collisioncodegen_CollisionGeometry.obj
 0001:000674b0       ??0bad_array_new_length@std@@QEAA@AEBV01@@Z 00000001800684b0 f i collisioncodegen_CollisionGeometry.obj
 0001:000674f0       ??0bad_array_new_length@std@@QEAA@XZ 00000001800684f0 f i collisioncodegen_CollisionGeometry.obj
 0001:00067530       ??0exception@std@@QEAA@AEBV01@@Z 0000000180068530 f i collisioncodegen_CollisionGeometry.obj
 0001:00067590       ??0exception@std@@QEAA@QEBDH@Z 0000000180068590 f i collisioncodegen_CollisionGeometry.obj
 0001:000675e0       ??0sentry@?$basic_ostream@DU?$char_traits@D@std@@@std@@QEAA@AEAV12@@Z 00000001800685e0 f i collisioncodegen_CollisionGeometry.obj
 0001:000676c0       ??1?$_Uninitialized_backout_al@V?$allocator@N@std@@@std@@QEAA@XZ 00000001800686c0 f i collisioncodegen_CollisionGeometry.obj
 0001:000676f0       ??1?$_Uninitialized_backout_al@V?$allocator@V?$vector@_KV?$allocator@_K@std@@@std@@@std@@@std@@QEAA@XZ 00000001800686f0 f i collisioncodegen_CollisionGeometry.obj
 0001:00067720       ??1?$_Uninitialized_backout_al@V?$allocator@_K@std@@@std@@QEAA@XZ 0000000180068720 f i collisioncodegen_CollisionGeometry.obj
 0001:00067750       ??1?$vector@NV?$allocator@N@std@@@std@@QEAA@XZ 0000000180068750 f i collisioncodegen_CollisionGeometry.obj
 0001:00067770       ??1?$vector@U_ccd_vec3_t@@V?$allocator@U_ccd_vec3_t@@@std@@@std@@QEAA@XZ 0000000180068770 f i collisioncodegen_CollisionGeometry.obj
 0001:00067790       ??1?$vector@U_idx_vec3_t@shared_robotics@@V?$allocator@U_idx_vec3_t@shared_robotics@@@std@@@std@@QEAA@XZ 0000000180068790 f i collisioncodegen_CollisionGeometry.obj
 0001:000677b0       ??1?$vector@V?$vector@_KV?$allocator@_K@std@@@std@@V?$allocator@V?$vector@_KV?$allocator@_K@std@@@std@@@2@@std@@QEAA@XZ 00000001800687b0 f i collisioncodegen_CollisionGeometry.obj
 0001:000677d0       ??1?$vector@_KV?$allocator@_K@std@@@std@@QEAA@XZ 00000001800687d0 f i collisioncodegen_CollisionGeometry.obj
 0001:000677f0       ??1_Sentry_base@?$basic_ostream@DU?$char_traits@D@std@@@std@@QEAA@XZ 00000001800687f0 f i collisioncodegen_CollisionGeometry.obj
 0001:00067850       ??1bad_alloc@std@@UEAA@XZ  0000000180068850 f i collisioncodegen_CollisionGeometry.obj
 0001:00067870       ??1bad_array_new_length@std@@UEAA@XZ 0000000180068870 f i collisioncodegen_CollisionGeometry.obj
 0001:00067890       ??1exception@std@@UEAA@XZ  0000000180068890 f i collisioncodegen_CollisionGeometry.obj
 0001:000678c0       ??1sentry@?$basic_ostream@DU?$char_traits@D@std@@@std@@QEAA@XZ 00000001800688c0 f i collisioncodegen_CollisionGeometry.obj
 0001:00067920       ??2@YAPEAX_KPEAX@Z         0000000180068920 f i collisioncodegen_CollisionGeometry.obj
 0001:00067930       ??A?$vector@U_ccd_vec3_t@@V?$allocator@U_ccd_vec3_t@@@std@@@std@@QEBAAEBU_ccd_vec3_t@@_K@Z 0000000180068930 f i collisioncodegen_CollisionGeometry.obj
 0001:00067960       ??A?$vector@U_idx_vec3_t@shared_robotics@@V?$allocator@U_idx_vec3_t@shared_robotics@@@std@@@std@@QEAAAEAU_idx_vec3_t@shared_robotics@@_K@Z 0000000180068960 f i collisioncodegen_CollisionGeometry.obj
 0001:00067990       ??A?$vector@V?$vector@_KV?$allocator@_K@std@@@std@@V?$allocator@V?$vector@_KV?$allocator@_K@std@@@std@@@2@@std@@QEAAAEAV?$vector@_KV?$allocator@_K@std@@@1@_K@Z 0000000180068990 f i collisioncodegen_CollisionGeometry.obj
 0001:000679c0       ??A?$vector@V?$vector@_KV?$allocator@_K@std@@@std@@V?$allocator@V?$vector@_KV?$allocator@_K@std@@@std@@@2@@std@@QEBAAEBV?$vector@_KV?$allocator@_K@std@@@1@_K@Z 00000001800689c0 f i collisioncodegen_CollisionGeometry.obj
 0001:000679f0       ??A?$vector@_KV?$allocator@_K@std@@@std@@QEBAAEB_K_K@Z 00000001800689f0 f i collisioncodegen_CollisionGeometry.obj
 0001:00067a20       ??Bsentry@?$basic_ostream@DU?$char_traits@D@std@@@std@@QEBA_NXZ 0000000180068a20 f i collisioncodegen_CollisionGeometry.obj
 0001:00067a30       ??G?$_Vector_const_iterator@V?$_Vector_val@U?$_Simple_types@N@std@@@std@@@std@@QEBA_JAEBV01@@Z 0000000180068a30 f i collisioncodegen_CollisionGeometry.obj
 0001:00067a70       ??_G?$vector@_KV?$allocator@_K@std@@@std@@QEAAPEAXI@Z 0000000180068a70 f i collisioncodegen_CollisionGeometry.obj
 0001:00067ab0       ??_GCollisionGeometry@shared_robotics@@UEAAPEAXI@Z 0000000180068ab0 f i collisioncodegen_CollisionGeometry.obj
 0001:00067ab0       ??_ECollisionGeometry@shared_robotics@@UEAAPEAXI@Z 0000000180068ab0 f i collisioncodegen_CollisionGeometry.obj
 0001:00067af0       ??_Ebad_alloc@std@@UEAAPEAXI@Z 0000000180068af0 f i collisioncodegen_CollisionGeometry.obj
 0001:00067af0       ??_Gbad_alloc@std@@UEAAPEAXI@Z 0000000180068af0 f i collisioncodegen_CollisionGeometry.obj
 0001:00067b30       ??_Gbad_array_new_length@std@@UEAAPEAXI@Z 0000000180068b30 f i collisioncodegen_CollisionGeometry.obj
 0001:00067b30       ??_Ebad_array_new_length@std@@UEAAPEAXI@Z 0000000180068b30 f i collisioncodegen_CollisionGeometry.obj
 0001:00067b70       ??_Gexception@std@@UEAAPEAXI@Z 0000000180068b70 f i collisioncodegen_CollisionGeometry.obj
 0001:00067b70       ??_Eexception@std@@UEAAPEAXI@Z 0000000180068b70 f i collisioncodegen_CollisionGeometry.obj
 0001:00067bb0       ?_Adjust_manually_vector_aligned@std@@YAXAEAPEAXAEA_K@Z 0000000180068bb0 f i collisioncodegen_CollisionGeometry.obj
 0001:00067c50       ?_Adopt@_Iterator_base0@std@@QEAAXPEBX@Z 0000000180068c50 f i collisioncodegen_CollisionGeometry.obj
 0001:00067c60       ?_Alloc_proxy@_Container_base0@std@@QEAAXAEBU_Fake_allocator@2@@Z 0000000180068c60 f i collisioncodegen_CollisionGeometry.obj
 0001:00067c70       ?_Allocate@_Default_allocate_traits@std@@SAPEAX_K@Z 0000000180068c70 f i collisioncodegen_CollisionGeometry.obj
 0001:00067c90       ?_Calculate_growth@?$vector@NV?$allocator@N@std@@@std@@AEBA_K_K@Z 0000000180068c90 f i collisioncodegen_CollisionGeometry.obj
 0001:00067d20       ?_Calculate_growth@?$vector@V?$vector@_KV?$allocator@_K@std@@@std@@V?$allocator@V?$vector@_KV?$allocator@_K@std@@@std@@@2@@std@@AEBA_K_K@Z 0000000180068d20 f i collisioncodegen_CollisionGeometry.obj
 0001:00067db0       ?_Calculate_growth@?$vector@_KV?$allocator@_K@std@@@std@@AEBA_K_K@Z 0000000180068db0 f i collisioncodegen_CollisionGeometry.obj
 0001:00067e40       ?_Change_array@?$vector@NV?$allocator@N@std@@@std@@AEAAXQEAN_K1@Z 0000000180068e40 f i collisioncodegen_CollisionGeometry.obj
 0001:00067f30       ?_Change_array@?$vector@V?$vector@_KV?$allocator@_K@std@@@std@@V?$allocator@V?$vector@_KV?$allocator@_K@std@@@std@@@2@@std@@AEAAXQEAV?$vector@_KV?$allocator@_K@std@@@2@_K1@Z 0000000180068f30 f i collisioncodegen_CollisionGeometry.obj
 0001:00068030       ?_Change_array@?$vector@_KV?$allocator@_K@std@@@std@@AEAAXQEA_K_K1@Z 0000000180069030 f i collisioncodegen_CollisionGeometry.obj
 0001:00068120       ?_Compat@?$_Vector_const_iterator@V?$_Vector_val@U?$_Simple_types@N@std@@@std@@@std@@QEBAXAEBV12@@Z 0000000180069120 f i collisioncodegen_CollisionGeometry.obj
 0001:00068130       ?_Get_first@?$_Compressed_pair@V?$allocator@N@std@@V?$_Vector_val@U?$_Simple_types@N@std@@@2@$00@std@@QEAAAEAV?$allocator@N@2@XZ 0000000180069130 f i collisioncodegen_CollisionGeometry.obj
 0001:00068140       ?_Get_first@?$_Compressed_pair@V?$allocator@N@std@@V?$_Vector_val@U?$_Simple_types@N@std@@@2@$00@std@@QEBAAEBV?$allocator@N@2@XZ 0000000180069140 f i collisioncodegen_CollisionGeometry.obj
 0001:00068150       ?_Get_first@?$_Compressed_pair@V?$allocator@U_ccd_vec3_t@@@std@@V?$_Vector_val@U?$_Simple_types@U_ccd_vec3_t@@@std@@@2@$00@std@@QEAAAEAV?$allocator@U_ccd_vec3_t@@@2@XZ 0000000180069150 f i collisioncodegen_CollisionGeometry.obj
 0001:00068160       ?_Get_first@?$_Compressed_pair@V?$allocator@U_idx_vec3_t@shared_robotics@@@std@@V?$_Vector_val@U?$_Simple_types@U_idx_vec3_t@shared_robotics@@@std@@@2@$00@std@@QEAAAEAV?$allocator@U_idx_vec3_t@shared_robotics@@@2@XZ 0000000180069160 f i collisioncodegen_CollisionGeometry.obj
 0001:00068170       ?_Get_first@?$_Compressed_pair@V?$allocator@V?$vector@_KV?$allocator@_K@std@@@std@@@std@@V?$_Vector_val@U?$_Simple_types@V?$vector@_KV?$allocator@_K@std@@@std@@@std@@@2@$00@std@@QEAAAEAV?$allocator@V?$vector@_KV?$allocator@_K@std@@@std@@@2@XZ 0000000180069170 f i collisioncodegen_CollisionGeometry.obj
 0001:00068180       ?_Get_first@?$_Compressed_pair@V?$allocator@V?$vector@_KV?$allocator@_K@std@@@std@@@std@@V?$_Vector_val@U?$_Simple_types@V?$vector@_KV?$allocator@_K@std@@@std@@@std@@@2@$00@std@@QEBAAEBV?$allocator@V?$vector@_KV?$allocator@_K@std@@@std@@@2@XZ 0000000180069180 f i collisioncodegen_CollisionGeometry.obj
 0001:00068190       ?_Get_first@?$_Compressed_pair@V?$allocator@_K@std@@V?$_Vector_val@U?$_Simple_types@_K@std@@@2@$00@std@@QEAAAEAV?$allocator@_K@2@XZ 0000000180069190 f i collisioncodegen_CollisionGeometry.obj
 0001:000681a0       ?_Get_first@?$_Compressed_pair@V?$allocator@_K@std@@V?$_Vector_val@U?$_Simple_types@_K@std@@@2@$00@std@@QEBAAEBV?$allocator@_K@2@XZ 00000001800691a0 f i collisioncodegen_CollisionGeometry.obj
 0001:000681b0       ?_Getal@?$vector@NV?$allocator@N@std@@@std@@AEAAAEAV?$allocator@N@2@XZ 00000001800691b0 f i collisioncodegen_CollisionGeometry.obj
 0001:000681d0       ?_Getal@?$vector@NV?$allocator@N@std@@@std@@AEBAAEBV?$allocator@N@2@XZ 00000001800691d0 f i collisioncodegen_CollisionGeometry.obj
 0001:000681f0       ?_Getal@?$vector@U_ccd_vec3_t@@V?$allocator@U_ccd_vec3_t@@@std@@@std@@AEAAAEAV?$allocator@U_ccd_vec3_t@@@2@XZ 00000001800691f0 f i collisioncodegen_CollisionGeometry.obj
 0001:00068210       ?_Getal@?$vector@U_idx_vec3_t@shared_robotics@@V?$allocator@U_idx_vec3_t@shared_robotics@@@std@@@std@@AEAAAEAV?$allocator@U_idx_vec3_t@shared_robotics@@@2@XZ 0000000180069210 f i collisioncodegen_CollisionGeometry.obj
 0001:00068230       ?_Getal@?$vector@V?$vector@_KV?$allocator@_K@std@@@std@@V?$allocator@V?$vector@_KV?$allocator@_K@std@@@std@@@2@@std@@AEAAAEAV?$allocator@V?$vector@_KV?$allocator@_K@std@@@std@@@2@XZ 0000000180069230 f i collisioncodegen_CollisionGeometry.obj
 0001:00068250       ?_Getal@?$vector@V?$vector@_KV?$allocator@_K@std@@@std@@V?$allocator@V?$vector@_KV?$allocator@_K@std@@@std@@@2@@std@@AEBAAEBV?$allocator@V?$vector@_KV?$allocator@_K@std@@@std@@@2@XZ 0000000180069250 f i collisioncodegen_CollisionGeometry.obj
 0001:00068270       ?_Getal@?$vector@_KV?$allocator@_K@std@@@std@@AEAAAEAV?$allocator@_K@2@XZ 0000000180069270 f i collisioncodegen_CollisionGeometry.obj
 0001:00068290       ?_Getal@?$vector@_KV?$allocator@_K@std@@@std@@AEBAAEBV?$allocator@_K@2@XZ 0000000180069290 f i collisioncodegen_CollisionGeometry.obj
 0001:000682b0       ?_Orphan_all@_Container_base0@std@@QEAAXXZ 00000001800692b0 f i collisioncodegen_CollisionGeometry.obj
 0001:000682c0       ?_Orphan_range@?$vector@NV?$allocator@N@std@@@std@@AEBAXPEAN0@Z 00000001800692c0 f i collisioncodegen_CollisionGeometry.obj
 0001:000682d0       ?_Orphan_range@?$vector@V?$vector@_KV?$allocator@_K@std@@@std@@V?$allocator@V?$vector@_KV?$allocator@_K@std@@@std@@@2@@std@@AEBAXPEAV?$vector@_KV?$allocator@_K@std@@@2@0@Z 00000001800692d0 f i collisioncodegen_CollisionGeometry.obj
 0001:000682e0       ?_Orphan_range@?$vector@_KV?$allocator@_K@std@@@std@@AEBAXPEA_K0@Z 00000001800692e0 f i collisioncodegen_CollisionGeometry.obj
 0001:000682f0       ?_Release@?$_Uninitialized_backout_al@V?$allocator@N@std@@@std@@QEAAPEANXZ 00000001800692f0 f i collisioncodegen_CollisionGeometry.obj
 0001:00068310       ?_Release@?$_Uninitialized_backout_al@V?$allocator@V?$vector@_KV?$allocator@_K@std@@@std@@@std@@@std@@QEAAPEAV?$vector@_KV?$allocator@_K@std@@@2@XZ 0000000180069310 f i collisioncodegen_CollisionGeometry.obj
 0001:00068330       ?_Release@?$_Uninitialized_backout_al@V?$allocator@_K@std@@@std@@QEAAPEA_KXZ 0000000180069330 f i collisioncodegen_CollisionGeometry.obj
 0001:00068350       ?_Seek_to@?$_Vector_const_iterator@V?$_Vector_val@U?$_Simple_types@N@std@@@std@@@std@@QEAAXPEBN@Z 0000000180069350 f i collisioncodegen_CollisionGeometry.obj
 0001:00068380       ?_Seek_to@?$_Vector_const_iterator@V?$_Vector_val@U?$_Simple_types@_K@std@@@std@@@std@@QEAAXPEB_K@Z 0000000180069380 f i collisioncodegen_CollisionGeometry.obj
 0001:000683b0       ?_Swap_proxy_and_iterators@_Container_base0@std@@QEAAXAEAU12@@Z 00000001800693b0 f i collisioncodegen_CollisionGeometry.obj
 0001:000683c0       ?_Throw_bad_array_new_length@std@@YAXXZ 00000001800693c0 f i collisioncodegen_CollisionGeometry.obj
 0001:000683f0       ?_Tidy@?$vector@NV?$allocator@N@std@@@std@@AEAAXXZ 00000001800693f0 f i collisioncodegen_CollisionGeometry.obj
 0001:000684c0       ?_Tidy@?$vector@U_ccd_vec3_t@@V?$allocator@U_ccd_vec3_t@@@std@@@std@@AEAAXXZ 00000001800694c0 f i collisioncodegen_CollisionGeometry.obj
 0001:000685a0       ?_Tidy@?$vector@U_idx_vec3_t@shared_robotics@@V?$allocator@U_idx_vec3_t@shared_robotics@@@std@@@std@@AEAAXXZ 00000001800695a0 f i collisioncodegen_CollisionGeometry.obj
 0001:00068680       ?_Tidy@?$vector@V?$vector@_KV?$allocator@_K@std@@@std@@V?$allocator@V?$vector@_KV?$allocator@_K@std@@@std@@@2@@std@@AEAAXXZ 0000000180069680 f i collisioncodegen_CollisionGeometry.obj
 0001:00068760       ?_Tidy@?$vector@_KV?$allocator@_K@std@@@std@@AEAAXXZ 0000000180069760 f i collisioncodegen_CollisionGeometry.obj
 0001:00068830       ?_Unchecked_begin@?$vector@U_ccd_vec3_t@@V?$allocator@U_ccd_vec3_t@@@std@@@std@@QEBAPEBU_ccd_vec3_t@@XZ 0000000180069830 f i collisioncodegen_CollisionGeometry.obj
 0001:00068840       ?_Unchecked_end@?$vector@U_ccd_vec3_t@@V?$allocator@U_ccd_vec3_t@@@std@@@std@@QEBAPEBU_ccd_vec3_t@@XZ 0000000180069840 f i collisioncodegen_CollisionGeometry.obj
 0001:00068850       ?_Unwrapped@?$_Vector_iterator@V?$_Vector_val@U?$_Simple_types@N@std@@@std@@@std@@QEBAPEANXZ 0000000180069850 f i collisioncodegen_CollisionGeometry.obj
 0001:00068870       ?_Unwrapped@?$_Vector_iterator@V?$_Vector_val@U?$_Simple_types@_K@std@@@std@@@std@@QEBAPEA_KXZ 0000000180069870 f i collisioncodegen_CollisionGeometry.obj
 0001:00068890       ?_Xlength@?$vector@NV?$allocator@N@std@@@std@@CAXXZ 0000000180069890 f i collisioncodegen_CollisionGeometry.obj
 0001:000688b0       ?_Xlength@?$vector@V?$vector@_KV?$allocator@_K@std@@@std@@V?$allocator@V?$vector@_KV?$allocator@_K@std@@@std@@@2@@std@@CAXXZ 00000001800698b0 f i collisioncodegen_CollisionGeometry.obj
 0001:000688d0       ?_Xlength@?$vector@_KV?$allocator@_K@std@@@std@@CAXXZ 00000001800698d0 f i collisioncodegen_CollisionGeometry.obj
 0001:000688f0       ?allocate@?$allocator@N@std@@QEAAPEAN_K@Z 00000001800698f0 f i collisioncodegen_CollisionGeometry.obj
 0001:00068920       ?allocate@?$allocator@V?$vector@_KV?$allocator@_K@std@@@std@@@std@@QEAAPEAV?$vector@_KV?$allocator@_K@std@@@2@_K@Z 0000000180069920 f i collisioncodegen_CollisionGeometry.obj
 0001:00068950       ?allocate@?$allocator@_K@std@@QEAAPEA_K_K@Z 0000000180069950 f i collisioncodegen_CollisionGeometry.obj
 0001:00068980       ?begin@?$vector@NV?$allocator@N@std@@@std@@QEAA?AV?$_Vector_iterator@V?$_Vector_val@U?$_Simple_types@N@std@@@std@@@2@XZ 0000000180069980 f i collisioncodegen_CollisionGeometry.obj
 0001:000689d0       ?begin@?$vector@_KV?$allocator@_K@std@@@std@@QEAA?AV?$_Vector_iterator@V?$_Vector_val@U?$_Simple_types@_K@std@@@std@@@2@XZ 00000001800699d0 f i collisioncodegen_CollisionGeometry.obj
 0001:00068a20       ?capacity@?$vector@NV?$allocator@N@std@@@std@@QEBA_KXZ 0000000180069a20 f i collisioncodegen_CollisionGeometry.obj
 0001:00068a50       ?capacity@?$vector@V?$vector@_KV?$allocator@_K@std@@@std@@V?$allocator@V?$vector@_KV?$allocator@_K@std@@@std@@@2@@std@@QEBA_KXZ 0000000180069a50 f i collisioncodegen_CollisionGeometry.obj
 0001:00068a90       ?capacity@?$vector@_KV?$allocator@_K@std@@@std@@QEBA_KXZ 0000000180069a90 f i collisioncodegen_CollisionGeometry.obj
 0001:00068ac0       ?clear@?$vector@_KV?$allocator@_K@std@@@std@@QEAAXXZ 0000000180069ac0 f i collisioncodegen_CollisionGeometry.obj
 0001:00068b30       ?deallocate@?$allocator@N@std@@QEAAXQEAN_K@Z 0000000180069b30 f i collisioncodegen_CollisionGeometry.obj
 0001:00068b60       ?deallocate@?$allocator@U_ccd_vec3_t@@@std@@QEAAXQEAU_ccd_vec3_t@@_K@Z 0000000180069b60 f i collisioncodegen_CollisionGeometry.obj
 0001:00068b90       ?deallocate@?$allocator@U_idx_vec3_t@shared_robotics@@@std@@QEAAXQEAU_idx_vec3_t@shared_robotics@@_K@Z 0000000180069b90 f i collisioncodegen_CollisionGeometry.obj
 0001:00068bc0       ?deallocate@?$allocator@V?$vector@_KV?$allocator@_K@std@@@std@@@std@@QEAAXQEAV?$vector@_KV?$allocator@_K@std@@@2@_K@Z 0000000180069bc0 f i collisioncodegen_CollisionGeometry.obj
 0001:00068bf0       ?deallocate@?$allocator@_K@std@@QEAAXQEA_K_K@Z 0000000180069bf0 f i collisioncodegen_CollisionGeometry.obj
 0001:00068c20       ?end@?$vector@NV?$allocator@N@std@@@std@@QEAA?AV?$_Vector_iterator@V?$_Vector_val@U?$_Simple_types@N@std@@@std@@@2@XZ 0000000180069c20 f i collisioncodegen_CollisionGeometry.obj
 0001:00068c70       ?end@?$vector@_KV?$allocator@_K@std@@@std@@QEAA?AV?$_Vector_iterator@V?$_Vector_val@U?$_Simple_types@_K@std@@@std@@@2@XZ 0000000180069c70 f i collisioncodegen_CollisionGeometry.obj
 0001:00068cc0       ?eof@?$_Narrow_char_traits@DH@std@@SAHXZ 0000000180069cc0 f i collisioncodegen_CollisionGeometry.obj
 0001:00068cd0       ?eq_int_type@?$_Narrow_char_traits@DH@std@@SA_NAEBH0@Z 0000000180069cd0 f i collisioncodegen_CollisionGeometry.obj
 0001:00068d10       ?erase@?$vector@_KV?$allocator@_K@std@@@std@@QEAA?AV?$_Vector_iterator@V?$_Vector_val@U?$_Simple_types@_K@std@@@std@@@2@V?$_Vector_const_iterator@V?$_Vector_val@U?$_Simple_types@_K@std@@@std@@@2@0@Z 0000000180069d10 f i collisioncodegen_CollisionGeometry.obj
 0001:00068df0       ?length@?$_Narrow_char_traits@DH@std@@SA_KQEBD@Z 0000000180069df0 f i collisioncodegen_CollisionGeometry.obj
 0001:00068e10       ?max@?$numeric_limits@_J@std@@SA_JXZ 0000000180069e10 f i collisioncodegen_CollisionGeometry.obj
 0001:00068e20       ?max_size@?$_Default_allocator_traits@V?$allocator@N@std@@@std@@SA_KAEBV?$allocator@N@2@@Z 0000000180069e20 f i collisioncodegen_CollisionGeometry.obj
 0001:00068e30       ?max_size@?$_Default_allocator_traits@V?$allocator@V?$vector@_KV?$allocator@_K@std@@@std@@@std@@@std@@SA_KAEBV?$allocator@V?$vector@_KV?$allocator@_K@std@@@std@@@2@@Z 0000000180069e30 f i collisioncodegen_CollisionGeometry.obj
 0001:00068e40       ?max_size@?$_Default_allocator_traits@V?$allocator@_K@std@@@std@@SA_KAEBV?$allocator@_K@2@@Z 0000000180069e40 f i collisioncodegen_CollisionGeometry.obj
 0001:00068e50       ?max_size@?$vector@NV?$allocator@N@std@@@std@@QEBA_KXZ 0000000180069e50 f i collisioncodegen_CollisionGeometry.obj
 0001:00068ea0       ?max_size@?$vector@V?$vector@_KV?$allocator@_K@std@@@std@@V?$allocator@V?$vector@_KV?$allocator@_K@std@@@std@@@2@@std@@QEBA_KXZ 0000000180069ea0 f i collisioncodegen_CollisionGeometry.obj
 0001:00068ef0       ?max_size@?$vector@_KV?$allocator@_K@std@@@std@@QEBA_KXZ 0000000180069ef0 f i collisioncodegen_CollisionGeometry.obj
 0001:00068f40       ?push_back@?$vector@NV?$allocator@N@std@@@std@@QEAAX$$QEAN@Z 0000000180069f40 f i collisioncodegen_CollisionGeometry.obj
 0001:00068f70       ?push_back@?$vector@_KV?$allocator@_K@std@@@std@@QEAAXAEB_K@Z 0000000180069f70 f i collisioncodegen_CollisionGeometry.obj
 0001:00068fa0       ?resize@?$vector@V?$vector@_KV?$allocator@_K@std@@@std@@V?$allocator@V?$vector@_KV?$allocator@_K@std@@@std@@@2@@std@@QEAAX_K@Z 0000000180069fa0 f i collisioncodegen_CollisionGeometry.obj
 0001:00068fd0       ?resize@?$vector@_KV?$allocator@_K@std@@@std@@QEAAX_K@Z 0000000180069fd0 f i collisioncodegen_CollisionGeometry.obj
 0001:00069000       ?sign@CollisionGeometry@shared_robotics@@IEBAHN@Z 000000018006a000 f i collisioncodegen_CollisionGeometry.obj
 0001:00069050       ?size@?$vector@_KV?$allocator@_K@std@@@std@@QEBA_KXZ 000000018006a050 f i collisioncodegen_CollisionGeometry.obj
 0001:00069080       ?what@exception@std@@UEBAPEBDXZ 000000018006a080 f i collisioncodegen_CollisionGeometry.obj
 0001:00069130       collisioncodegen_makeBox   000000018006a130 f   collisioncodegen_api.obj
 0001:000691b0       collisioncodegen_makeSphere 000000018006a1b0 f   collisioncodegen_api.obj
 0001:00069210       collisioncodegen_makeCylinder 000000018006a210 f   collisioncodegen_api.obj
 0001:00069280       collisioncodegen_makeCapsule 000000018006a280 f   collisioncodegen_api.obj
 0001:00069300       collisioncodegen_makeMesh  000000018006a300 f   collisioncodegen_api.obj
 0001:00069370       collisioncodegen_intersect 000000018006a370 f   collisioncodegen_api.obj
 0001:00069400       collisioncodegen_destructGeometry 000000018006a400 f   collisioncodegen_api.obj
 0001:00069460       collisioncodegen_copyGeometry 000000018006a460 f   collisioncodegen_api.obj
 0001:000694d0       collisioncodegen_getVertices 000000018006a4d0 f   collisioncodegen_api.obj
 0001:000695a0       collisioncodegen_getNumVertices 000000018006a5a0 f   collisioncodegen_api.obj
 0001:000695f0       collisioncodegen_getX      000000018006a5f0 f   collisioncodegen_api.obj
 0001:00069610       collisioncodegen_getY      000000018006a610 f   collisioncodegen_api.obj
 0001:00069630       collisioncodegen_getZ      000000018006a630 f   collisioncodegen_api.obj
 0001:00069650       collisioncodegen_getRadius 000000018006a650 f   collisioncodegen_api.obj
 0001:00069670       collisioncodegen_getLength 000000018006a670 f   collisioncodegen_api.obj
 0001:00069690       collisioncodegen_getType   000000018006a690 f   collisioncodegen_api.obj
 0001:00069730       ??$?0$$V@?$_Compressed_pair@V?$allocator@D@std@@V?$_String_val@U?$_Simple_types@D@std@@@2@$00@std@@QEAA@U_Zero_then_variadic_args_t@1@@Z 000000018006a730 f i collisioncodegen_api.obj
 0001:00069760       ??$?0$$V@?$_Compressed_pair@V?$allocator@U_ccd_vec3_t@@@std@@V?$_Vector_val@U?$_Simple_types@U_ccd_vec3_t@@@std@@@2@$00@std@@QEAA@U_Zero_then_variadic_args_t@1@@Z 000000018006a760 f i collisioncodegen_api.obj
 0001:00069790       ??$?0$$V@?$_Compressed_pair@V?$allocator@U_idx_vec3_t@shared_robotics@@@std@@V?$_Vector_val@U?$_Simple_types@U_idx_vec3_t@shared_robotics@@@std@@@2@$00@std@@QEAA@U_Zero_then_variadic_args_t@1@@Z 000000018006a790 f i collisioncodegen_api.obj
 0001:000697c0       ??$?0$$V@?$_Compressed_pair@V?$allocator@V?$vector@_KV?$allocator@_K@std@@@std@@@std@@V?$_Vector_val@U?$_Simple_types@V?$vector@_KV?$allocator@_K@std@@@std@@@std@@@2@$00@std@@QEAA@U_Zero_then_variadic_args_t@1@@Z 000000018006a7c0 f i collisioncodegen_api.obj
 0001:000697f0       ??$?0V?$allocator@U_ccd_vec3_t@@@std@@$$V@?$_Compressed_pair@V?$allocator@U_ccd_vec3_t@@@std@@V?$_Vector_val@U?$_Simple_types@U_ccd_vec3_t@@@std@@@2@$00@std@@QEAA@U_One_then_variadic_args_t@1@$$QEAV?$allocator@U_ccd_vec3_t@@@1@@Z 000000018006a7f0 f i collisioncodegen_api.obj
 0001:00069830       ??$?0V?$allocator@U_idx_vec3_t@shared_robotics@@@std@@$$V@?$_Compressed_pair@V?$allocator@U_idx_vec3_t@shared_robotics@@@std@@V?$_Vector_val@U?$_Simple_types@U_idx_vec3_t@shared_robotics@@@std@@@2@$00@std@@QEAA@U_One_then_variadic_args_t@1@$$QEAV?$allocator@U_idx_vec3_t@shared_robotics@@@1@@Z 000000018006a830 f i collisioncodegen_api.obj
 0001:00069870       ??$?0V?$allocator@V?$vector@_KV?$allocator@_K@std@@@std@@@std@@$$V@?$_Compressed_pair@V?$allocator@V?$vector@_KV?$allocator@_K@std@@@std@@@std@@V?$_Vector_val@U?$_Simple_types@V?$vector@_KV?$allocator@_K@std@@@std@@@std@@@2@$00@std@@QEAA@U_One_then_variadic_args_t@1@$$QEAV?$allocator@V?$vector@_KV?$allocator@_K@std@@@std@@@1@@Z 000000018006a870 f i collisioncodegen_api.obj
 0001:000698b0       ??$?0V?$allocator@_K@std@@$$V@?$_Compressed_pair@V?$allocator@_K@std@@V?$_Vector_val@U?$_Simple_types@_K@std@@@2@$00@std@@QEAA@U_One_then_variadic_args_t@1@$$QEAV?$allocator@_K@1@@Z 000000018006a8b0 f i collisioncodegen_api.obj
 0001:000698f0       ??$_Construct_in_place@PEADAEBQEAD@std@@YAXAEAPEADAEBQEAD@Z 000000018006a8f0 f i collisioncodegen_api.obj
 0001:00069940       ??$_Construct_n@AEBQEAU_ccd_vec3_t@@AEBQEAU1@@?$vector@U_ccd_vec3_t@@V?$allocator@U_ccd_vec3_t@@@std@@@std@@AEAAX_KAEBQEAU_ccd_vec3_t@@1@Z 000000018006a940 f i collisioncodegen_api.obj
 0001:00069a20       ??$_Construct_n@AEBQEAU_idx_vec3_t@shared_robotics@@AEBQEAU12@@?$vector@U_idx_vec3_t@shared_robotics@@V?$allocator@U_idx_vec3_t@shared_robotics@@@std@@@std@@AEAAX_KAEBQEAU_idx_vec3_t@shared_robotics@@1@Z 000000018006aa20 f i collisioncodegen_api.obj
 0001:00069b00       ??$_Construct_n@AEBQEAV?$vector@_KV?$allocator@_K@std@@@std@@AEBQEAV12@@?$vector@V?$vector@_KV?$allocator@_K@std@@@std@@V?$allocator@V?$vector@_KV?$allocator@_K@std@@@std@@@2@@std@@AEAAX_KAEBQEAV?$vector@_KV?$allocator@_K@std@@@1@1@Z 000000018006ab00 f i collisioncodegen_api.obj
 0001:00069be0       ??$_Construct_n@AEBQEA_KAEBQEA_K@?$vector@_KV?$allocator@_K@std@@@std@@AEAAX_KAEBQEA_K1@Z 000000018006abe0 f i collisioncodegen_api.obj
 0001:00069cc0       ??$_Convert_size@_K@std@@YA_K_K@Z 000000018006acc0 f i collisioncodegen_api.obj
 0001:00069cd0       ??$_Copy_memmove@PEAU_ccd_vec3_t@@PEAU1@@std@@YAPEAU_ccd_vec3_t@@PEAU1@00@Z 000000018006acd0 f i collisioncodegen_api.obj
 0001:00069d70       ??$_Copy_memmove@PEAU_idx_vec3_t@shared_robotics@@PEAU12@@std@@YAPEAU_idx_vec3_t@shared_robotics@@PEAU12@00@Z 000000018006ad70 f i collisioncodegen_api.obj
 0001:00069e10       ??$_Destroy_in_place@PEAD@std@@YAXAEAPEAD@Z 000000018006ae10 f i collisioncodegen_api.obj
 0001:00069e20       ??$_Emplace_back@AEAU_ccd_vec3_t@@@?$_Uninitialized_backout_al@V?$allocator@U_ccd_vec3_t@@@std@@@std@@QEAAXAEAU_ccd_vec3_t@@@Z 000000018006ae20 f i collisioncodegen_api.obj
 0001:00069e80       ??$_Emplace_back@AEAU_idx_vec3_t@shared_robotics@@@?$_Uninitialized_backout_al@V?$allocator@U_idx_vec3_t@shared_robotics@@@std@@@std@@QEAAXAEAU_idx_vec3_t@shared_robotics@@@Z 000000018006ae80 f i collisioncodegen_api.obj
 0001:00069ee0       ??$_Emplace_back@AEAV?$vector@_KV?$allocator@_K@std@@@std@@@?$_Uninitialized_backout_al@V?$allocator@V?$vector@_KV?$allocator@_K@std@@@std@@@std@@@std@@QEAAXAEAV?$vector@_KV?$allocator@_K@std@@@1@@Z 000000018006aee0 f i collisioncodegen_api.obj
 0001:00069f40       ??$_Emplace_back@AEA_K@?$_Uninitialized_backout_al@V?$allocator@_K@std@@@std@@QEAAXAEA_K@Z 000000018006af40 f i collisioncodegen_api.obj
 0001:00069fa0       ??$_Emplace_back@U_ccd_vec3_t@@@?$_Uninitialized_backout_al@V?$allocator@U_ccd_vec3_t@@@std@@@std@@QEAAX$$QEAU_ccd_vec3_t@@@Z 000000018006afa0 f i collisioncodegen_api.obj
 0001:0006a000       ??$_Emplace_back_with_unused_capacity@AEBU_ccd_vec3_t@@@?$vector@U_ccd_vec3_t@@V?$allocator@U_ccd_vec3_t@@@std@@@std@@AEAA?A_TAEBU_ccd_vec3_t@@@Z 000000018006b000 f i collisioncodegen_api.obj
 0001:0006a0b0       ??$_Emplace_reallocate@AEBU_ccd_vec3_t@@@?$vector@U_ccd_vec3_t@@V?$allocator@U_ccd_vec3_t@@@std@@@std@@QEAAPEAU_ccd_vec3_t@@QEAU2@AEBU2@@Z 000000018006b0b0 f i collisioncodegen_api.obj
 0001:0006a2d0       ??$_Get_size_of_n@$00@std@@YA_K_K@Z 000000018006b2d0 f i collisioncodegen_api.obj
 0001:0006a2f0       ??$_Get_unwrapped@AEBQEAU_ccd_vec3_t@@@std@@YA?A_TAEBQEAU_ccd_vec3_t@@@Z 000000018006b2f0 f i collisioncodegen_api.obj
 0001:0006a300       ??$_Get_unwrapped@AEBQEAU_idx_vec3_t@shared_robotics@@@std@@YA?A_TAEBQEAU_idx_vec3_t@shared_robotics@@@Z 000000018006b300 f i collisioncodegen_api.obj
 0001:0006a310       ??$_Reallocate_for@V<lambda_66f57f934f28d61049862f64df852ff0>@@PEBD@?$basic_string@DU?$char_traits@D@std@@V?$allocator@D@2@@std@@AEAAAEAV01@_KV<lambda_66f57f934f28d61049862f64df852ff0>@@PEBD@Z 000000018006b310 f i collisioncodegen_api.obj
 0001:0006a430       ??$_To_address@PEAU_ccd_vec3_t@@@std@@YA?A_PAEBQEAU_ccd_vec3_t@@@Z 000000018006b430 f i collisioncodegen_api.obj
 0001:0006a440       ??$_To_address@PEAU_idx_vec3_t@shared_robotics@@@std@@YA?A_PAEBQEAU_idx_vec3_t@shared_robotics@@@Z 000000018006b440 f i collisioncodegen_api.obj
 0001:0006a450       ??$_Unfancy@D@std@@YAPEADPEAD@Z 000000018006b450 f i collisioncodegen_api.obj
 0001:0006a460       ??$_Unfancy@U_ccd_vec3_t@@@std@@YAPEAU_ccd_vec3_t@@PEAU1@@Z 000000018006b460 f i collisioncodegen_api.obj
 0001:0006a470       ??$_Unfancy@U_idx_vec3_t@shared_robotics@@@std@@YAPEAU_idx_vec3_t@shared_robotics@@PEAU12@@Z 000000018006b470 f i collisioncodegen_api.obj
 0001:0006a480       ??$_Uninitialized_copy@PEAU_ccd_vec3_t@@V?$allocator@U_ccd_vec3_t@@@std@@@std@@YAPEAU_ccd_vec3_t@@QEAU1@0PEAU1@AEAV?$allocator@U_ccd_vec3_t@@@0@@Z 000000018006b480 f i collisioncodegen_api.obj
 0001:0006a570       ??$_Uninitialized_copy@PEAU_idx_vec3_t@shared_robotics@@V?$allocator@U_idx_vec3_t@shared_robotics@@@std@@@std@@YAPEAU_idx_vec3_t@shared_robotics@@QEAU12@0PEAU12@AEAV?$allocator@U_idx_vec3_t@shared_robotics@@@0@@Z 000000018006b570 f i collisioncodegen_api.obj
 0001:0006a660       ??$_Uninitialized_copy@PEAV?$vector@_KV?$allocator@_K@std@@@std@@V?$allocator@V?$vector@_KV?$allocator@_K@std@@@std@@@2@@std@@YAPEAV?$vector@_KV?$allocator@_K@std@@@0@QEAV10@0PEAV10@AEAV?$allocator@V?$vector@_KV?$allocator@_K@std@@@std@@@0@@Z 000000018006b660 f i collisioncodegen_api.obj
 0001:0006a700       ??$_Uninitialized_copy@PEA_KV?$allocator@_K@std@@@std@@YAPEA_KQEA_K0PEA_KAEAV?$allocator@_K@0@@Z 000000018006b700 f i collisioncodegen_api.obj
 0001:0006a7e0       ??$_Uninitialized_move@PEAU_ccd_vec3_t@@V?$allocator@U_ccd_vec3_t@@@std@@@std@@YAPEAU_ccd_vec3_t@@QEAU1@0PEAU1@AEAV?$allocator@U_ccd_vec3_t@@@0@@Z 000000018006b7e0 f i collisioncodegen_api.obj
 0001:0006a8d0       ??$_Voidify_iter@PEAPEAD@std@@YAPEAXPEAPEAD@Z 000000018006b8d0 f i collisioncodegen_api.obj
 0001:0006a8e0       ??$_Voidify_iter@PEAU_ccd_vec3_t@@@std@@YAPEAXPEAU_ccd_vec3_t@@@Z 000000018006b8e0 f i collisioncodegen_api.obj
 0001:0006a8f0       ??$_Voidify_iter@PEAU_idx_vec3_t@shared_robotics@@@std@@YAPEAXPEAU_idx_vec3_t@shared_robotics@@@Z 000000018006b8f0 f i collisioncodegen_api.obj
 0001:0006a900       ??$addressof@PEAD@std@@YAPEAPEADAEAPEAD@Z 000000018006b900 f i collisioncodegen_api.obj
 0001:0006a910       ??$construct@U_ccd_vec3_t@@AEAU1@@?$_Default_allocator_traits@V?$allocator@U_ccd_vec3_t@@@std@@@std@@SAXAEAV?$allocator@U_ccd_vec3_t@@@1@QEAU_ccd_vec3_t@@AEAU3@@Z 000000018006b910 f i collisioncodegen_api.obj
 0001:0006a970       ??$construct@U_ccd_vec3_t@@AEBU1@@?$_Default_allocator_traits@V?$allocator@U_ccd_vec3_t@@@std@@@std@@SAXAEAV?$allocator@U_ccd_vec3_t@@@1@QEAU_ccd_vec3_t@@AEBU3@@Z 000000018006b970 f i collisioncodegen_api.obj
 0001:0006a9d0       ??$construct@U_ccd_vec3_t@@U1@@?$_Default_allocator_traits@V?$allocator@U_ccd_vec3_t@@@std@@@std@@SAXAEAV?$allocator@U_ccd_vec3_t@@@1@QEAU_ccd_vec3_t@@$$QEAU3@@Z 000000018006b9d0 f i collisioncodegen_api.obj
 0001:0006aa30       ??$construct@U_idx_vec3_t@shared_robotics@@AEAU12@@?$_Default_allocator_traits@V?$allocator@U_idx_vec3_t@shared_robotics@@@std@@@std@@SAXAEAV?$allocator@U_idx_vec3_t@shared_robotics@@@1@QEAU_idx_vec3_t@shared_robotics@@AEAU34@@Z 000000018006ba30 f i collisioncodegen_api.obj
 0001:0006aa90       ??$construct@V?$vector@_KV?$allocator@_K@std@@@std@@AEAV12@@?$_Default_allocator_traits@V?$allocator@V?$vector@_KV?$allocator@_K@std@@@std@@@std@@@std@@SAXAEAV?$allocator@V?$vector@_KV?$allocator@_K@std@@@std@@@1@QEAV?$vector@_KV?$allocator@_K@std@@@1@AEAV31@@Z 000000018006ba90 f i collisioncodegen_api.obj
 0001:0006aae0       ??$construct@_KAEA_K@?$_Default_allocator_traits@V?$allocator@_K@std@@@std@@SAXAEAV?$allocator@_K@1@QEA_KAEA_K@Z 000000018006bae0 f i collisioncodegen_api.obj
 0001:0006ab30       ??$emplace_back@AEBU_ccd_vec3_t@@@?$vector@U_ccd_vec3_t@@V?$allocator@U_ccd_vec3_t@@@std@@@std@@QEAA?A_TAEBU_ccd_vec3_t@@@Z 000000018006bb30 f i collisioncodegen_api.obj
 0001:0006abb0       ??$forward@AEAU_ccd_vec3_t@@@std@@YAAEAU_ccd_vec3_t@@AEAU1@@Z 000000018006bbb0 f i collisioncodegen_api.obj
 0001:0006abc0       ??$forward@AEAU_idx_vec3_t@shared_robotics@@@std@@YAAEAU_idx_vec3_t@shared_robotics@@AEAU12@@Z 000000018006bbc0 f i collisioncodegen_api.obj
 0001:0006abd0       ??$forward@AEAV?$vector@_KV?$allocator@_K@std@@@std@@@std@@YAAEAV?$vector@_KV?$allocator@_K@std@@@0@AEAV10@@Z 000000018006bbd0 f i collisioncodegen_api.obj
 0001:0006abe0       ??$forward@AEA_K@std@@YAAEA_KAEA_K@Z 000000018006bbe0 f i collisioncodegen_api.obj
 0001:0006abf0       ??$forward@AEBQEAD@std@@YAAEBQEADAEBQEAD@Z 000000018006bbf0 f i collisioncodegen_api.obj
 0001:0006ac00       ??$forward@AEBQEAU_ccd_vec3_t@@@std@@YAAEBQEAU_ccd_vec3_t@@AEBQEAU1@@Z 000000018006bc00 f i collisioncodegen_api.obj
 0001:0006ac10       ??$forward@AEBQEAU_idx_vec3_t@shared_robotics@@@std@@YAAEBQEAU_idx_vec3_t@shared_robotics@@AEBQEAU12@@Z 000000018006bc10 f i collisioncodegen_api.obj
 0001:0006ac20       ??$forward@AEBQEAV?$vector@_KV?$allocator@_K@std@@@std@@@std@@YAAEBQEAV?$vector@_KV?$allocator@_K@std@@@0@AEBQEAV10@@Z 000000018006bc20 f i collisioncodegen_api.obj
 0001:0006ac30       ??$forward@AEBU_ccd_vec3_t@@@std@@YAAEBU_ccd_vec3_t@@AEBU1@@Z 000000018006bc30 f i collisioncodegen_api.obj
 0001:0006ac40       ??$forward@U_ccd_vec3_t@@@std@@YA$$QEAU_ccd_vec3_t@@AEAU1@@Z 000000018006bc40 f i collisioncodegen_api.obj
 0001:0006ac50       ??$forward@V?$allocator@U_ccd_vec3_t@@@std@@@std@@YA$$QEAV?$allocator@U_ccd_vec3_t@@@0@AEAV10@@Z 000000018006bc50 f i collisioncodegen_api.obj
 0001:0006ac60       ??$forward@V?$allocator@U_idx_vec3_t@shared_robotics@@@std@@@std@@YA$$QEAV?$allocator@U_idx_vec3_t@shared_robotics@@@0@AEAV10@@Z 000000018006bc60 f i collisioncodegen_api.obj
 0001:0006ac70       ??$forward@V?$allocator@V?$vector@_KV?$allocator@_K@std@@@std@@@std@@@std@@YA$$QEAV?$allocator@V?$vector@_KV?$allocator@_K@std@@@std@@@0@AEAV10@@Z 000000018006bc70 f i collisioncodegen_api.obj
 0001:0006ac80       ??$max@_K@std@@YAAEB_KAEB_K0@Z 000000018006bc80 f i collisioncodegen_api.obj
 0001:0006acd0       ??$move@AEAU_ccd_vec3_t@@@std@@YA$$QEAU_ccd_vec3_t@@AEAU1@@Z 000000018006bcd0 f i collisioncodegen_api.obj
 0001:0006ace0       ??0?$_String_val@U?$_Simple_types@D@std@@@std@@QEAA@XZ 000000018006bce0 f i collisioncodegen_api.obj
 0001:0006ad20       ??0?$_Uninitialized_backout_al@V?$allocator@U_ccd_vec3_t@@@std@@@std@@QEAA@PEAU_ccd_vec3_t@@AEAV?$allocator@U_ccd_vec3_t@@@1@@Z 000000018006bd20 f i collisioncodegen_api.obj
 0001:0006ad60       ??0?$_Uninitialized_backout_al@V?$allocator@U_idx_vec3_t@shared_robotics@@@std@@@std@@QEAA@PEAU_idx_vec3_t@shared_robotics@@AEAV?$allocator@U_idx_vec3_t@shared_robotics@@@1@@Z 000000018006bd60 f i collisioncodegen_api.obj
 0001:0006ada0       ??0?$_Vector_val@U?$_Simple_types@U_ccd_vec3_t@@@std@@@std@@QEAA@XZ 000000018006bda0 f i collisioncodegen_api.obj
 0001:0006ade0       ??0?$_Vector_val@U?$_Simple_types@U_idx_vec3_t@shared_robotics@@@std@@@std@@QEAA@XZ 000000018006bde0 f i collisioncodegen_api.obj
 0001:0006ae20       ??0?$_Vector_val@U?$_Simple_types@V?$vector@_KV?$allocator@_K@std@@@std@@@std@@@std@@QEAA@XZ 000000018006be20 f i collisioncodegen_api.obj
 0001:0006ae60       ??0?$allocator@D@std@@QEAA@XZ 000000018006be60 f i collisioncodegen_api.obj
 0001:0006ae70       ??0?$allocator@U_ccd_vec3_t@@@std@@QEAA@XZ 000000018006be70 f i collisioncodegen_api.obj
 0001:0006ae80       ??0?$allocator@U_idx_vec3_t@shared_robotics@@@std@@QEAA@XZ 000000018006be80 f i collisioncodegen_api.obj
 0001:0006ae90       ??0?$allocator@V?$vector@_KV?$allocator@_K@std@@@std@@@std@@QEAA@XZ 000000018006be90 f i collisioncodegen_api.obj
 0001:0006aea0       ??0?$basic_string@DU?$char_traits@D@std@@V?$allocator@D@2@@std@@QEAA@QEBD@Z 000000018006bea0 f i collisioncodegen_api.obj
 0001:0006af20       ??0?$vector@U_ccd_vec3_t@@V?$allocator@U_ccd_vec3_t@@@std@@@std@@QEAA@AEBV01@@Z 000000018006bf20 f i collisioncodegen_api.obj
 0001:0006afc0       ??0?$vector@U_ccd_vec3_t@@V?$allocator@U_ccd_vec3_t@@@std@@@std@@QEAA@XZ 000000018006bfc0 f i collisioncodegen_api.obj
 0001:0006b000       ??0?$vector@U_idx_vec3_t@shared_robotics@@V?$allocator@U_idx_vec3_t@shared_robotics@@@std@@@std@@QEAA@AEBV01@@Z 000000018006c000 f i collisioncodegen_api.obj
 0001:0006b0a0       ??0?$vector@U_idx_vec3_t@shared_robotics@@V?$allocator@U_idx_vec3_t@shared_robotics@@@std@@@std@@QEAA@XZ 000000018006c0a0 f i collisioncodegen_api.obj
 0001:0006b0e0       ??0?$vector@V?$vector@_KV?$allocator@_K@std@@@std@@V?$allocator@V?$vector@_KV?$allocator@_K@std@@@std@@@2@@std@@QEAA@AEBV01@@Z 000000018006c0e0 f i collisioncodegen_api.obj
 0001:0006b180       ??0?$vector@V?$vector@_KV?$allocator@_K@std@@@std@@V?$allocator@V?$vector@_KV?$allocator@_K@std@@@std@@@2@@std@@QEAA@XZ 000000018006c180 f i collisioncodegen_api.obj
 0001:0006b1c0       ??0?$vector@_KV?$allocator@_K@std@@@std@@QEAA@AEBV01@@Z 000000018006c1c0 f i collisioncodegen_api.obj
 0001:0006b250       ??0CollisionGeometry@shared_robotics@@QEAA@AEBV01@@Z 000000018006c250 f i collisioncodegen_api.obj
 0001:0006b3b0       ??0CollisionGeometry@shared_robotics@@QEAA@N@Z 000000018006c3b0 f i collisioncodegen_api.obj
 0001:0006b440       ??0CollisionGeometry@shared_robotics@@QEAA@NN@Z 000000018006c440 f i collisioncodegen_api.obj
 0001:0006b4e0       ??0CollisionGeometry@shared_robotics@@QEAA@NNN@Z 000000018006c4e0 f i collisioncodegen_api.obj
 0001:0006b590       ??0CollisionGeometry@shared_robotics@@QEAA@PEANH_N@Z 000000018006c590 f i collisioncodegen_api.obj
 0001:0006b780       ??0_Bxty@?$_String_val@U?$_Simple_types@D@std@@@std@@QEAA@XZ 000000018006c780 f i collisioncodegen_api.obj
 0001:0006b7a0       ??0_Fake_proxy_ptr_impl@std@@QEAA@AEBU_Fake_allocator@1@AEBU_Container_base0@1@@Z 000000018006c7a0 f i collisioncodegen_api.obj
 0001:0006b7c0       ??1?$_Compressed_pair@V?$allocator@D@std@@V?$_String_val@U?$_Simple_types@D@std@@@2@$00@std@@QEAA@XZ 000000018006c7c0 f i collisioncodegen_api.obj
 0001:0006b7e0       ??1?$_String_val@U?$_Simple_types@D@std@@@std@@QEAA@XZ 000000018006c7e0 f i collisioncodegen_api.obj
 0001:0006b800       ??1?$_Tidy_guard@V?$vector@U_ccd_vec3_t@@V?$allocator@U_ccd_vec3_t@@@std@@@std@@@std@@QEAA@XZ 000000018006c800 f i collisioncodegen_api.obj
 0001:0006b830       ??1?$_Tidy_guard@V?$vector@U_idx_vec3_t@shared_robotics@@V?$allocator@U_idx_vec3_t@shared_robotics@@@std@@@std@@@std@@QEAA@XZ 000000018006c830 f i collisioncodegen_api.obj
 0001:0006b860       ??1?$_Tidy_guard@V?$vector@V?$vector@_KV?$allocator@_K@std@@@std@@V?$allocator@V?$vector@_KV?$allocator@_K@std@@@std@@@2@@std@@@std@@QEAA@XZ 000000018006c860 f i collisioncodegen_api.obj
 0001:0006b890       ??1?$_Tidy_guard@V?$vector@_KV?$allocator@_K@std@@@std@@@std@@QEAA@XZ 000000018006c890 f i collisioncodegen_api.obj
 0001:0006b8c0       ??1?$_Uninitialized_backout_al@V?$allocator@U_ccd_vec3_t@@@std@@@std@@QEAA@XZ 000000018006c8c0 f i collisioncodegen_api.obj
[...]
 0003:0001f1f9       $SG30241                   00000001800971f9     m_FAU8KyrDQYUp9atreb3T4G.obj
 0003:0001f1fa       $SG30242                   00000001800971fa     m_FAU8KyrDQYUp9atreb3T4G.obj
 0003:0001f1fb       $SG30243                   00000001800971fb     m_FAU8KyrDQYUp9atreb3T4G.obj
 0003:0001f1fc       $SG30244                   00000001800971fc     m_FAU8KyrDQYUp9atreb3T4G.obj
 0003:0001f1fd       $SG26159                   00000001800971fd     m_G0TGdfWLU7lDoL4R3O6AXE.obj
 0003:0001f1fe       $SG26160                   00000001800971fe     m_G0TGdfWLU7lDoL4R3O6AXE.obj
 0003:0001f1ff       $SG26162                   00000001800971ff     m_G0TGdfWLU7lDoL4R3O6AXE.obj
 0003:0001f200       $SG26163                   0000000180097200     m_G0TGdfWLU7lDoL4R3O6AXE.obj
 0003:0001f201       $SG26219                   0000000180097201     m_G0TGdfWLU7lDoL4R3O6AXE.obj
 0003:0001f202       $SG26220                   0000000180097202     m_G0TGdfWLU7lDoL4R3O6AXE.obj
 0003:0001f203       $SG26222                   0000000180097203     m_G0TGdfWLU7lDoL4R3O6AXE.obj
 0003:0001f204       $SG26223                   0000000180097204     m_G0TGdfWLU7lDoL4R3O6AXE.obj
 0003:0001f205       $SG26324                   0000000180097205     m_G0TGdfWLU7lDoL4R3O6AXE.obj
 0003:0001f206       $SG26355                   0000000180097206     m_G0TGdfWLU7lDoL4R3O6AXE.obj
 0003:0001f207       $SG26362                   0000000180097207     m_G0TGdfWLU7lDoL4R3O6AXE.obj
 0003:0001f208       $SG26369                   0000000180097208     m_G0TGdfWLU7lDoL4R3O6AXE.obj
 0003:0001f209       $SG26376                   0000000180097209     m_G0TGdfWLU7lDoL4R3O6AXE.obj
 0003:0001f20a       $SG26383                   000000018009720a     m_G0TGdfWLU7lDoL4R3O6AXE.obj
 0003:0001f20b       $SG26390                   000000018009720b     m_G0TGdfWLU7lDoL4R3O6AXE.obj
 0003:0001f20c       $SG26394                   000000018009720c     m_G0TGdfWLU7lDoL4R3O6AXE.obj
 0003:0001f20d       $SG26398                   000000018009720d     m_G0TGdfWLU7lDoL4R3O6AXE.obj
 0003:0001f20e       $SG26405                   000000018009720e     m_G0TGdfWLU7lDoL4R3O6AXE.obj
 0003:0001f20f       $SG26409                   000000018009720f     m_G0TGdfWLU7lDoL4R3O6AXE.obj
 0003:0001f210       $SG26413                   0000000180097210     m_G0TGdfWLU7lDoL4R3O6AXE.obj
 0003:0001f211       $SG26417                   0000000180097211     m_G0TGdfWLU7lDoL4R3O6AXE.obj
 0003:0001f212       $SG26421                   0000000180097212     m_G0TGdfWLU7lDoL4R3O6AXE.obj
 0003:0001f213       $SG26425                   0000000180097213     m_G0TGdfWLU7lDoL4R3O6AXE.obj
 0003:0001f214       $SG26429                   0000000180097214     m_G0TGdfWLU7lDoL4R3O6AXE.obj
 0003:0001f215       $SG26433                   0000000180097215     m_G0TGdfWLU7lDoL4R3O6AXE.obj
 0003:0001f216       $SG26437                   0000000180097216     m_G0TGdfWLU7lDoL4R3O6AXE.obj
 0003:0001f217       $SG26441                   0000000180097217     m_G0TGdfWLU7lDoL4R3O6AXE.obj
 0003:0001f218       $SG26445                   0000000180097218     m_G0TGdfWLU7lDoL4R3O6AXE.obj
 0003:0001f219       $SG26449                   0000000180097219     m_G0TGdfWLU7lDoL4R3O6AXE.obj
 0003:0001f21a       $SG26456                   000000018009721a     m_G0TGdfWLU7lDoL4R3O6AXE.obj
 0003:0001f21b       $SG26460                   000000018009721b     m_G0TGdfWLU7lDoL4R3O6AXE.obj
 0003:0001f21c       $SG26464                   000000018009721c     m_G0TGdfWLU7lDoL4R3O6AXE.obj
 0003:0001f21d       $SG26468                   000000018009721d     m_G0TGdfWLU7lDoL4R3O6AXE.obj
 0003:0001f21e       $SG26475                   000000018009721e     m_G0TGdfWLU7lDoL4R3O6AXE.obj
 0003:0001f21f       $SG26482                   000000018009721f     m_G0TGdfWLU7lDoL4R3O6AXE.obj
 0003:0001f220       $SG26489                   0000000180097220     m_G0TGdfWLU7lDoL4R3O6AXE.obj
 0003:0001f221       $SG26496                   0000000180097221     m_G0TGdfWLU7lDoL4R3O6AXE.obj
 0003:0001f222       $SG26503                   0000000180097222     m_G0TGdfWLU7lDoL4R3O6AXE.obj
 0003:0001f223       $SG26507                   0000000180097223     m_G0TGdfWLU7lDoL4R3O6AXE.obj
 0003:0001f224       $SG26511                   0000000180097224     m_G0TGdfWLU7lDoL4R3O6AXE.obj
 0003:0001f225       $SG26515                   0000000180097225     m_G0TGdfWLU7lDoL4R3O6AXE.obj
 0003:0001f226       $SG26519                   0000000180097226     m_G0TGdfWLU7lDoL4R3O6AXE.obj
 0003:0001f227       $SG26523                   0000000180097227     m_G0TGdfWLU7lDoL4R3O6AXE.obj
 0003:0001f228       $SG26527                   0000000180097228     m_G0TGdfWLU7lDoL4R3O6AXE.obj
 0003:0001f229       $SG26531                   0000000180097229     m_G0TGdfWLU7lDoL4R3O6AXE.obj
 0003:0001f22a       $SG26553                   000000018009722a     m_G0TGdfWLU7lDoL4R3O6AXE.obj
 0003:0001f22b       $SG26557                   000000018009722b     m_G0TGdfWLU7lDoL4R3O6AXE.obj
 0003:0001f22c       $SG26561                   000000018009722c     m_G0TGdfWLU7lDoL4R3O6AXE.obj
 0003:0001f22d       $SG26565                   000000018009722d     m_G0TGdfWLU7lDoL4R3O6AXE.obj
 0003:0001f22e       $SG26572                   000000018009722e     m_G0TGdfWLU7lDoL4R3O6AXE.obj
 0003:0001f22f       $SG26579                   000000018009722f     m_G0TGdfWLU7lDoL4R3O6AXE.obj
 0003:0001f230       $SG26586                   0000000180097230     m_G0TGdfWLU7lDoL4R3O6AXE.obj
 0003:0001f231       $SG26593                   0000000180097231     m_G0TGdfWLU7lDoL4R3O6AXE.obj
 0003:0001f232       $SG26597                   0000000180097232     m_G0TGdfWLU7lDoL4R3O6AXE.obj
 0003:0001f233       $SG26601                   0000000180097233     m_G0TGdfWLU7lDoL4R3O6AXE.obj
 0003:0001f234       $SG26605                   0000000180097234     m_G0TGdfWLU7lDoL4R3O6AXE.obj
 0003:0001f235       $SG26609                   0000000180097235     m_G0TGdfWLU7lDoL4R3O6AXE.obj
 0003:0001f236       $SG26616                   0000000180097236     m_G0TGdfWLU7lDoL4R3O6AXE.obj
 0003:0001f237       $SG26620                   0000000180097237     m_G0TGdfWLU7lDoL4R3O6AXE.obj
 0003:0001f238       $SG30257                   0000000180097238     m_G0TGdfWLU7lDoL4R3O6AXE.obj
 0003:0001f239       $SG30258                   0000000180097239     m_G0TGdfWLU7lDoL4R3O6AXE.obj
 0003:0001f23a       $SG30259                   000000018009723a     m_G0TGdfWLU7lDoL4R3O6AXE.obj
 0003:0001f23b       $SG30260                   000000018009723b     m_G0TGdfWLU7lDoL4R3O6AXE.obj
 0003:0001f23c       $SG26135                   000000018009723c     m_AKShaqSWlWB5lVeRjU05XB.obj
 0003:0001f23d       $SG26136                   000000018009723d     m_AKShaqSWlWB5lVeRjU05XB.obj
 0003:0001f23e       $SG26138                   000000018009723e     m_AKShaqSWlWB5lVeRjU05XB.obj
 0003:0001f23f       $SG26139                   000000018009723f     m_AKShaqSWlWB5lVeRjU05XB.obj
 0003:0001f240       $SG26195                   0000000180097240     m_AKShaqSWlWB5lVeRjU05XB.obj
 0003:0001f241       $SG26196                   0000000180097241     m_AKShaqSWlWB5lVeRjU05XB.obj
 0003:0001f242       $SG26198                   0000000180097242     m_AKShaqSWlWB5lVeRjU05XB.obj
 0003:0001f243       $SG26199                   0000000180097243     m_AKShaqSWlWB5lVeRjU05XB.obj
 0003:0001f244       $SG26300                   0000000180097244     m_AKShaqSWlWB5lVeRjU05XB.obj
 0003:0001f245       $SG26331                   0000000180097245     m_AKShaqSWlWB5lVeRjU05XB.obj
 0003:0001f246       $SG26338                   0000000180097246     m_AKShaqSWlWB5lVeRjU05XB.obj
 0003:0001f247       $SG26345                   0000000180097247     m_AKShaqSWlWB5lVeRjU05XB.obj
 0003:0001f248       $SG26352                   0000000180097248     m_AKShaqSWlWB5lVeRjU05XB.obj
 0003:0001f249       $SG26359                   0000000180097249     m_AKShaqSWlWB5lVeRjU05XB.obj
 0003:0001f24a       $SG26366                   000000018009724a     m_AKShaqSWlWB5lVeRjU05XB.obj
 0003:0001f24b       $SG26370                   000000018009724b     m_AKShaqSWlWB5lVeRjU05XB.obj
 0003:0001f24c       $SG26374                   000000018009724c     m_AKShaqSWlWB5lVeRjU05XB.obj
 0003:0001f24d       $SG26381                   000000018009724d     m_AKShaqSWlWB5lVeRjU05XB.obj
 0003:0001f24e       $SG26385                   000000018009724e     m_AKShaqSWlWB5lVeRjU05XB.obj
 0003:0001f24f       $SG26389                   000000018009724f     m_AKShaqSWlWB5lVeRjU05XB.obj
 0003:0001f250       $SG26393                   0000000180097250     m_AKShaqSWlWB5lVeRjU05XB.obj
 0003:0001f251       $SG26397                   0000000180097251     m_AKShaqSWlWB5lVeRjU05XB.obj
 0003:0001f252       $SG26401                   0000000180097252     m_AKShaqSWlWB5lVeRjU05XB.obj
 0003:0001f253       $SG26405                   0000000180097253     m_AKShaqSWlWB5lVeRjU05XB.obj
 0003:0001f254       $SG26409                   0000000180097254     m_AKShaqSWlWB5lVeRjU05XB.obj
 0003:0001f255       $SG26413                   0000000180097255     m_AKShaqSWlWB5lVeRjU05XB.obj
 0003:0001f256       $SG26417                   0000000180097256     m_AKShaqSWlWB5lVeRjU05XB.obj
 0003:0001f257       $SG26421                   0000000180097257     m_AKShaqSWlWB5lVeRjU05XB.obj
 0003:0001f258       $SG26425                   0000000180097258     m_AKShaqSWlWB5lVeRjU05XB.obj
 0003:0001f259       $SG26432                   0000000180097259     m_AKShaqSWlWB5lVeRjU05XB.obj
 0003:0001f25a       $SG26436                   000000018009725a     m_AKShaqSWlWB5lVeRjU05XB.obj
 0003:0001f25b       $SG26440                   000000018009725b     m_AKShaqSWlWB5lVeRjU05XB.obj
 0003:0001f25c       $SG26444                   000000018009725c     m_AKShaqSWlWB5lVeRjU05XB.obj
 0003:0001f25d       $SG26451                   000000018009725d     m_AKShaqSWlWB5lVeRjU05XB.obj
 0003:0001f25e       $SG26458                   000000018009725e     m_AKShaqSWlWB5lVeRjU05XB.obj
 0003:0001f25f       $SG26465                   000000018009725f     m_AKShaqSWlWB5lVeRjU05XB.obj
 0003:0001f260       $SG26472                   0000000180097260     m_AKShaqSWlWB5lVeRjU05XB.obj
 0003:0001f261       $SG26479                   0000000180097261     m_AKShaqSWlWB5lVeRjU05XB.obj
 0003:0001f262       $SG26483                   0000000180097262     m_AKShaqSWlWB5lVeRjU05XB.obj
 0003:0001f263       $SG26487                   0000000180097263     m_AKShaqSWlWB5lVeRjU05XB.obj
 0003:0001f264       $SG26491                   0000000180097264     m_AKShaqSWlWB5lVeRjU05XB.obj
 0003:0001f265       $SG26495                   0000000180097265     m_AKShaqSWlWB5lVeRjU05XB.obj
 0003:0001f266       $SG26499                   0000000180097266     m_AKShaqSWlWB5lVeRjU05XB.obj
 0003:0001f267       $SG26503                   0000000180097267     m_AKShaqSWlWB5lVeRjU05XB.obj
 0003:0001f268       $SG26507                   0000000180097268     m_AKShaqSWlWB5lVeRjU05XB.obj
 0003:0001f269       $SG26529                   0000000180097269     m_AKShaqSWlWB5lVeRjU05XB.obj
 0003:0001f26a       $SG26533                   000000018009726a     m_AKShaqSWlWB5lVeRjU05XB.obj
 0003:0001f26b       $SG26537                   000000018009726b     m_AKShaqSWlWB5lVeRjU05XB.obj
 0003:0001f26c       $SG26541                   000000018009726c     m_AKShaqSWlWB5lVeRjU05XB.obj
 0003:0001f26d       $SG26548                   000000018009726d     m_AKShaqSWlWB5lVeRjU05XB.obj
 0003:0001f26e       $SG26555                   000000018009726e     m_AKShaqSWlWB5lVeRjU05XB.obj
 0003:0001f26f       $SG26562                   000000018009726f     m_AKShaqSWlWB5lVeRjU05XB.obj
 0003:0001f270       $SG26569                   0000000180097270     m_AKShaqSWlWB5lVeRjU05XB.obj
 0003:0001f271       $SG26573                   0000000180097271     m_AKShaqSWlWB5lVeRjU05XB.obj
 0003:0001f272       $SG26577                   0000000180097272     m_AKShaqSWlWB5lVeRjU05XB.obj
 0003:0001f273       $SG26581                   0000000180097273     m_AKShaqSWlWB5lVeRjU05XB.obj
 0003:0001f274       $SG26585                   0000000180097274     m_AKShaqSWlWB5lVeRjU05XB.obj
 0003:0001f275       $SG26592                   0000000180097275     m_AKShaqSWlWB5lVeRjU05XB.obj
 0003:0001f276       $SG26596                   0000000180097276     m_AKShaqSWlWB5lVeRjU05XB.obj
 0003:0001f277       $SG30204                   0000000180097277     m_AKShaqSWlWB5lVeRjU05XB.obj
 0003:0001f278       $SG30205                   0000000180097278     m_AKShaqSWlWB5lVeRjU05XB.obj
 0003:0001f279       $SG30206                   0000000180097279     m_AKShaqSWlWB5lVeRjU05XB.obj
 0003:0001f27a       $SG30207                   000000018009727a     m_AKShaqSWlWB5lVeRjU05XB.obj
 0003:0001f27b       $SG26138                   000000018009727b     m_xSE9GNLJOSGMLwcrwI4qWD.obj
 0003:0001f27c       $SG26139                   000000018009727c     m_xSE9GNLJOSGMLwcrwI4qWD.obj
 0003:0001f27d       $SG26141                   000000018009727d     m_xSE9GNLJOSGMLwcrwI4qWD.obj
 0003:0001f27e       $SG26142                   000000018009727e     m_xSE9GNLJOSGMLwcrwI4qWD.obj
 0003:0001f27f       $SG26198                   000000018009727f     m_xSE9GNLJOSGMLwcrwI4qWD.obj
 0003:0001f280       $SG26199                   0000000180097280     m_xSE9GNLJOSGMLwcrwI4qWD.obj
 0003:0001f281       $SG26201                   0000000180097281     m_xSE9GNLJOSGMLwcrwI4qWD.obj
 0003:0001f282       $SG26202                   0000000180097282     m_xSE9GNLJOSGMLwcrwI4qWD.obj
 0003:0001f283       $SG26306                   0000000180097283     m_xSE9GNLJOSGMLwcrwI4qWD.obj
 0003:0001f284       $SG26337                   0000000180097284     m_xSE9GNLJOSGMLwcrwI4qWD.obj
 0003:0001f285       $SG26344                   0000000180097285     m_xSE9GNLJOSGMLwcrwI4qWD.obj
 0003:0001f286       $SG26351                   0000000180097286     m_xSE9GNLJOSGMLwcrwI4qWD.obj
 0003:0001f287       $SG26358                   0000000180097287     m_xSE9GNLJOSGMLwcrwI4qWD.obj
 0003:0001f288       $SG26365                   0000000180097288     m_xSE9GNLJOSGMLwcrwI4qWD.obj
 0003:0001f289       $SG26372                   0000000180097289     m_xSE9GNLJOSGMLwcrwI4qWD.obj
 0003:0001f28a       $SG26376                   000000018009728a     m_xSE9GNLJOSGMLwcrwI4qWD.obj
 0003:0001f28b       $SG26380                   000000018009728b     m_xSE9GNLJOSGMLwcrwI4qWD.obj
 0003:0001f28c       $SG26387                   000000018009728c     m_xSE9GNLJOSGMLwcrwI4qWD.obj
 0003:0001f28d       $SG26391                   000000018009728d     m_xSE9GNLJOSGMLwcrwI4qWD.obj
 0003:0001f28e       $SG26395                   000000018009728e     m_xSE9GNLJOSGMLwcrwI4qWD.obj
 0003:0001f28f       $SG26399                   000000018009728f     m_xSE9GNLJOSGMLwcrwI4qWD.obj
 0003:0001f290       $SG26403                   0000000180097290     m_xSE9GNLJOSGMLwcrwI4qWD.obj
 0003:0001f291       $SG26407                   0000000180097291     m_xSE9GNLJOSGMLwcrwI4qWD.obj
 0003:0001f292       $SG26411                   0000000180097292     m_xSE9GNLJOSGMLwcrwI4qWD.obj
 0003:0001f293       $SG26415                   0000000180097293     m_xSE9GNLJOSGMLwcrwI4qWD.obj
 0003:0001f294       $SG26419                   0000000180097294     m_xSE9GNLJOSGMLwcrwI4qWD.obj
 0003:0001f295       $SG26423                   0000000180097295     m_xSE9GNLJOSGMLwcrwI4qWD.obj
 0003:0001f296       $SG26427                   0000000180097296     m_xSE9GNLJOSGMLwcrwI4qWD.obj
 0003:0001f297       $SG26431                   0000000180097297     m_xSE9GNLJOSGMLwcrwI4qWD.obj
 0003:0001f298       $SG26438                   0000000180097298     m_xSE9GNLJOSGMLwcrwI4qWD.obj
 0003:0001f299       $SG26442                   0000000180097299     m_xSE9GNLJOSGMLwcrwI4qWD.obj
 0003:0001f29a       $SG26446                   000000018009729a     m_xSE9GNLJOSGMLwcrwI4qWD.obj
 0003:0001f29b       $SG26450                   000000018009729b     m_xSE9GNLJOSGMLwcrwI4qWD.obj
 0003:0001f29c       $SG26457                   000000018009729c     m_xSE9GNLJOSGMLwcrwI4qWD.obj
 0003:0001f29d       $SG26464                   000000018009729d     m_xSE9GNLJOSGMLwcrwI4qWD.obj
 0003:0001f29e       $SG26471                   000000018009729e     m_xSE9GNLJOSGMLwcrwI4qWD.obj
 0003:0001f29f       $SG26478                   000000018009729f     m_xSE9GNLJOSGMLwcrwI4qWD.obj
 0003:0001f2a0       $SG26485                   00000001800972a0     m_xSE9GNLJOSGMLwcrwI4qWD.obj
 0003:0001f2a1       $SG26489                   00000001800972a1     m_xSE9GNLJOSGMLwcrwI4qWD.obj
 0003:0001f2a2       $SG26493                   00000001800972a2     m_xSE9GNLJOSGMLwcrwI4qWD.obj
 0003:0001f2a3       $SG26497                   00000001800972a3     m_xSE9GNLJOSGMLwcrwI4qWD.obj
 0003:0001f2a4       $SG26501                   00000001800972a4     m_xSE9GNLJOSGMLwcrwI4qWD.obj
 0003:0001f2a5       $SG26505                   00000001800972a5     m_xSE9GNLJOSGMLwcrwI4qWD.obj
 0003:0001f2a6       $SG26509                   00000001800972a6     m_xSE9GNLJOSGMLwcrwI4qWD.obj
 0003:0001f2a7       $SG26513                   00000001800972a7     m_xSE9GNLJOSGMLwcrwI4qWD.obj
 0003:0001f2a8       $SG26535                   00000001800972a8     m_xSE9GNLJOSGMLwcrwI4qWD.obj
 0003:0001f2a9       $SG26539                   00000001800972a9     m_xSE9GNLJOSGMLwcrwI4qWD.obj
 0003:0001f2aa       $SG26543                   00000001800972aa     m_xSE9GNLJOSGMLwcrwI4qWD.obj
 0003:0001f2ab       $SG26547                   00000001800972ab     m_xSE9GNLJOSGMLwcrwI4qWD.obj
 0003:0001f2ac       $SG26554                   00000001800972ac     m_xSE9GNLJOSGMLwcrwI4qWD.obj
 0003:0001f2ad       $SG26561                   00000001800972ad     m_xSE9GNLJOSGMLwcrwI4qWD.obj
 0003:0001f2ae       $SG26568                   00000001800972ae     m_xSE9GNLJOSGMLwcrwI4qWD.obj
 0003:0001f2af       $SG26575                   00000001800972af     m_xSE9GNLJOSGMLwcrwI4qWD.obj
 0003:0001f2b0       $SG26579                   00000001800972b0     m_xSE9GNLJOSGMLwcrwI4qWD.obj
 0003:0001f2b1       $SG26583                   00000001800972b1     m_xSE9GNLJOSGMLwcrwI4qWD.obj
 0003:0001f2b2       $SG26587                   00000001800972b2     m_xSE9GNLJOSGMLwcrwI4qWD.obj
 0003:0001f2b3       $SG26591                   00000001800972b3     m_xSE9GNLJOSGMLwcrwI4qWD.obj
 0003:0001f2b4       $SG26598                   00000001800972b4     m_xSE9GNLJOSGMLwcrwI4qWD.obj
 0003:0001f2b5       $SG26602                   00000001800972b5     m_xSE9GNLJOSGMLwcrwI4qWD.obj
 0003:0001f2b6       $SG30571                   00000001800972b6     m_xSE9GNLJOSGMLwcrwI4qWD.obj
 0003:0001f2b7       $SG30572                   00000001800972b7     m_xSE9GNLJOSGMLwcrwI4qWD.obj
 0003:0001f2b8       $SG30573                   00000001800972b8     m_xSE9GNLJOSGMLwcrwI4qWD.obj
 0003:0001f2b9       $SG30574                   00000001800972b9     m_xSE9GNLJOSGMLwcrwI4qWD.obj
 0003:0001f2bc       $SG25266                   00000001800972bc     CTM_sim_cgxe_registry.obj
 0003:0001f2be       ?warningGuard@?1??ssGetRootSS@@9@9 00000001800972be     CTM_sim_cgxe_registry.obj
 0003:0001f2bf       ?warningGuard@?1??ssGetParentSS@@9@9 00000001800972bf     CTM_sim_cgxe_registry.obj
 0003:0001f2c0       __ccd_vec3_origin          00000001800972c0     ccd_vec3.obj
 0003:0001f2e0       GS_ExceptionRecord         00000001800972e0     MSVCRT:gs_report.obj
 0003:0001f380       GS_ContextRecord           0000000180097380     MSVCRT:gs_report.obj
 0003:0001f850       ?__proc_attached@@3HA      0000000180097850     MSVCRT:dll_dllmain.obj
 0003:0001f890       ?is_initialized_as_dll@@3_NA 0000000180097890     MSVCRT:utility.obj
 0003:0001f891       ?module_local_atexit_table_initialized@@3_NA 0000000180097891     MSVCRT:utility.obj
 0003:0001f898       ?module_local_atexit_table@@3U_onexit_table_t@@A 0000000180097898     MSVCRT:utility.obj
 0003:0001f8b0       ?module_local_at_quick_exit_table@@3U_onexit_table_t@@A 00000001800978b0     MSVCRT:utility.obj
