 CTM_PID_cgxe

 Timestamp is 65883395 (Sun Dec 24 22:35:17 2023)

 Preferred load address is 0000000180000000

 Start         Length     Name                   Class
 0001:00000000 0004e0a0H .text$mn                CODE
 0001:0004e0a0 00000040H .text$mn$00             CODE
 0001:0004e0e0 0000073eH .text$x                 CODE
 0002:00000000 000004a0H .idata$5                DATA
 0002:000004a0 00000038H .00cfg                  DATA
 0002:000004d8 00000008H .CRT$XCA                DATA
 0002:000004e0 00000008H .CRT$XCZ                DATA
 0002:000004e8 00000008H .CRT$XIA                DATA
 0002:000004f0 00000008H .CRT$XIZ                DATA
 0002:000004f8 00000008H .CRT$XPA                DATA
 0002:00000500 00000008H .CRT$XPZ                DATA
 0002:00000508 00000008H .CRT$XTA                DATA
 0002:00000510 00000010H .CRT$XTZ                DATA
 0002:00000518 00000000H .gehcont$y              DATA
 0002:00000518 00000000H .gfids$y                DATA
 0002:00000520 000006e0H .rdata                  DATA
 0002:00000c00 00000080H .rdata$CastGuardVftablesA DATA
 0002:00000c80 00000080H .rdata$CastGuardVftablesC DATA
 0002:00000d00 0000026cH .rdata$r                DATA
 0002:00000f6c 00000404H .rdata$voltmd           DATA
 0002:00001370 000002c8H .rdata$zzzdbg           DATA
 0002:00001638 00000008H .rtc$IAA                DATA
 0002:00001640 00000008H .rtc$IZZ                DATA
 0002:00001648 00000008H .rtc$TAA                DATA
 0002:00001650 00000008H .rtc$TZZ                DATA
 0002:00001658 000025d8H .xdata                  DATA
 0002:00003c30 000000f0H .xdata$x                DATA
 0002:00003d20 000002bcH .edata                  DATA
 0002:00003fdc 00000140H .idata$2                DATA
 0002:0000411c 00000014H .idata$3                DATA
 0002:00004130 000004a0H .idata$4                DATA
 0002:000045d0 00000ea6H .idata$6                DATA
 0003:00000000 00015cf8H .data                   DATA
 0003:00015cf8 00000080H .data$r                 DATA
 0003:00015d78 00000058H .data$rs                DATA
 0003:00015dd0 000006e0H .bss                    DATA
 0004:00000000 000028a4H .pdata                  DATA

  Address         Publics by Value              Rva+Base               Lib:Object

 0000:00000000       ___safe_se_handler_table   0000000000000000     <absolute>
 0000:00000000       __arm64x_native_entrypoint 0000000000000000     <absolute>
 0000:00000000       __guard_iat_table          0000000000000000     <absolute>
 0000:00000000       __arm64x_redirection_metadata 0000000000000000     <absolute>
 0000:00000000       __x64_code_ranges_to_entry_points_count 0000000000000000     <absolute>
 0000:00000000       __guard_longjmp_count      0000000000000000     <absolute>
 0000:00000000       __hybrid_auxiliary_iat     0000000000000000     <absolute>
 0000:00000000       __AbsoluteZero             0000000000000000     <absolute>
 0000:00000000       __guard_fids_table         0000000000000000     <absolute>
 0000:00000000       __hybrid_code_map          0000000000000000     <absolute>
 0000:00000000       __arm64x_extra_rfe_table_size 0000000000000000     <absolute>
 0000:00000000       __guard_fids_count         0000000000000000     <absolute>
 0000:00000000       __hybrid_auxiliary_iat_copy 0000000000000000     <absolute>
 0000:00000000       __guard_eh_cont_table      0000000000000000     <absolute>
 0000:00000000       __arm64x_extra_rfe_table   0000000000000000     <absolute>
 0000:00000000       ___safe_se_handler_count   0000000000000000     <absolute>
 0000:00000000       __guard_iat_count          0000000000000000     <absolute>
 0000:00000000       __guard_eh_cont_count      0000000000000000     <absolute>
 0000:00000000       __arm64x_redirection_metadata_count 0000000000000000     <absolute>
 0000:00000000       __guard_longjmp_table      0000000000000000     <absolute>
 0000:00000000       __x64_code_ranges_to_entry_points 0000000000000000     <absolute>
 0000:00000000       __dynamic_value_reloc_table 0000000000000000     <absolute>
 0000:00000000       __enclave_config           0000000000000000     <absolute>
 0000:00000000       __hybrid_code_map_count    0000000000000000     <absolute>
 0000:00000000       __guard_check_icall_a64n_fptr 0000000000000000     <absolute>
 0000:00000100       __guard_flags              0000000000000100     <absolute>
 0000:00000000       __ImageBase                0000000180000000     <linker-defined>
 0001:00000000       mexfilerequiredapiversion  0000000180001000 f   c_mexapi_version.obj
 0001:00000030       cgxe_CTM_PID_method_dispatcher 0000000180001030 f   CTM_PID_cgxe.obj
 0001:000001c0       method_dispatcher_MnKdJgZp74ITTEqyTKSrZC 00000001800011c0 f   m_MnKdJgZp74ITTEqyTKSrZC.obj
 0001:000114e0       cgxe_MnKdJgZp74ITTEqyTKSrZC_BuildInfoUpdate 00000001800124e0 f   m_MnKdJgZp74ITTEqyTKSrZC.obj
 0001:00011850       cgxe_MnKdJgZp74ITTEqyTKSrZC_fallback_info 0000000180012850 f   m_MnKdJgZp74ITTEqyTKSrZC.obj
 0001:000118f0       method_dispatcher_Xelnm0NEQ4Xq9i71qtajuH 00000001800128f0 f   m_Xelnm0NEQ4Xq9i71qtajuH.obj
 0001:0001f910       cgxe_Xelnm0NEQ4Xq9i71qtajuH_BuildInfoUpdate 0000000180020910 f   m_Xelnm0NEQ4Xq9i71qtajuH.obj
 0001:0001fc80       cgxe_Xelnm0NEQ4Xq9i71qtajuH_fallback_info 0000000180020c80 f   m_Xelnm0NEQ4Xq9i71qtajuH.obj
 0001:0001fd20       method_dispatcher_bQQLy372kibtj88GpDytJB 0000000180020d20 f   m_bQQLy372kibtj88GpDytJB.obj
 0001:0002dfe0       cgxe_bQQLy372kibtj88GpDytJB_BuildInfoUpdate 000000018002efe0 f   m_bQQLy372kibtj88GpDytJB.obj
 0001:0002e350       cgxe_bQQLy372kibtj88GpDytJB_fallback_info 000000018002f350 f   m_bQQLy372kibtj88GpDytJB.obj
 0001:0002e3f0       mexFunction                000000018002f3f0 f   CTM_PID_cgxe_registry.obj
 0001:00030260       _ssSetInputPortDirectFeedThroughFcn 0000000180031260 f   CTM_PID_cgxe_registry.obj
 0001:000303d0       _ssSetRWorkValueFcn        00000001800313d0 f   CTM_PID_cgxe_registry.obj
 0001:00030450       _ssGetRWorkValueFcn        0000000180031450 f   CTM_PID_cgxe_registry.obj
 0001:000304c0       _ssSetIWorkValueFcn        00000001800314c0 f   CTM_PID_cgxe_registry.obj
 0001:00030540       _ssGetIWorkValueFcn        0000000180031540 f   CTM_PID_cgxe_registry.obj
 0001:000305b0       _ssSetPWorkValueFcn        00000001800315b0 f   CTM_PID_cgxe_registry.obj
 0001:00030630       _ssGetPWorkValueFcn        0000000180031630 f   CTM_PID_cgxe_registry.obj
 0001:000306a0       _ssGetInputPortSignalFcn   00000001800316a0 f   CTM_PID_cgxe_registry.obj
 0001:00030a30       _ssGetInputPortBufferDstPortFcn 0000000180031a30 f   CTM_PID_cgxe_registry.obj
 0001:00030ab0       _ssGetInputPortSignalPtrsFcn 0000000180031ab0 f   CTM_PID_cgxe_registry.obj
 0001:00030e40       ssGetParameterTuningCompliance 0000000180031e40 f   CTM_PID_cgxe_registry.obj
 0001:00030eb0       _ssReadInputStringFcn      0000000180031eb0 f   CTM_PID_cgxe_registry.obj
 0001:00030f20       ssGetDTypeIdFromMxArray    0000000180031f20 f   CTM_PID_cgxe_registry.obj
 0001:00031040       ssWriteRTWMx2dMatParam     0000000180032040 f   CTM_PID_cgxe_registry.obj
 0001:000310d0       ssWriteRTWMxVectParam      00000001800320d0 f   CTM_PID_cgxe_registry.obj
 0001:00031150       ssWriteRTWParameters       0000000180032150 f   CTM_PID_cgxe_registry.obj
 0001:00031710       ssWriteRTWParamSettings    0000000180032710 f   CTM_PID_cgxe_registry.obj
 0001:00031e00       ssWriteRTWStr              0000000180032e00 f   CTM_PID_cgxe_registry.obj
 0001:00031e60       ssWriteRTWWorkVect         0000000180032e60 f   CTM_PID_cgxe_registry.obj
 0001:000323c0       ssWarning                  00000001800333c0 f   CTM_PID_cgxe_registry.obj
 0001:000324b0       ssGetRootSS                00000001800334b0 f   CTM_PID_cgxe_registry.obj
 0001:00032570       ssGetParentSS              0000000180033570 f   CTM_PID_cgxe_registry.obj
 0001:00032630       ssWriteRTWNameValuePair    0000000180033630 f   CTM_PID_cgxe_registry.obj
 0001:00032b30       _ssSetInputPortMatrixDimensions 0000000180033b30 f   CTM_PID_cgxe_registry.obj
 0001:00032c80       _ssSetOutputPortMatrixDimensions 0000000180033c80 f   CTM_PID_cgxe_registry.obj
 0001:00032dd0       _ssSetInputPortVectorDimension 0000000180033dd0 f   CTM_PID_cgxe_registry.obj
 0001:00032e80       _ssSetOutputPortVectorDimension 0000000180033e80 f   CTM_PID_cgxe_registry.obj
 0001:00032f30       ssIsRunTimeParamTunable    0000000180033f30 f   CTM_PID_cgxe_registry.obj
 0001:00032fa0       ssGetSFuncBlockHandle      0000000180033fa0 f   CTM_PID_cgxe_registry.obj
 0001:00033010       _ssGetCallSystemNumFcnCallDestinations 0000000180034010 f   CTM_PID_cgxe_registry.obj
 0001:00033080       _ssGetCurrentInputPortWidth 0000000180034080 f   CTM_PID_cgxe_registry.obj
 0001:000331c0       _ssGetCurrentOutputPortWidth 00000001800341c0 f   CTM_PID_cgxe_registry.obj
 0001:00033300       ssGetIsZeroCrossControlDisabled 0000000180034300 f   CTM_PID_cgxe_registry.obj
 0001:00033370       ssSetIsInputPortUsedForContZcSignal 0000000180034370 f   CTM_PID_cgxe_registry.obj
 0001:000333e0       ssSetZcSignalIsZcElementDisc 00000001800343e0 f   CTM_PID_cgxe_registry.obj
 0001:00033490       ssSetZcSignalName          0000000180034490 f   CTM_PID_cgxe_registry.obj
 0001:00033500       ssSetZcSignalWidth         0000000180034500 f   CTM_PID_cgxe_registry.obj
 0001:00033570       ssSetZcSignalZcEventType   0000000180034570 f   CTM_PID_cgxe_registry.obj
 0001:000335e0       ssSetZcSignalType          00000001800345e0 f   CTM_PID_cgxe_registry.obj
 0001:00033650       ssSetZcSignalZcTol         0000000180034650 f   CTM_PID_cgxe_registry.obj
 0001:000336c0       ssSetZcSignalNeedsEventNotification 00000001800346c0 f   CTM_PID_cgxe_registry.obj
 0001:00033730       ssCreateAndAddZcSignalInfo 0000000180034730 f   CTM_PID_cgxe_registry.obj
 0001:000337a0       ssCloneAndAddZcSignalInfo  00000001800347a0 f   CTM_PID_cgxe_registry.obj
 0001:00033810       ssGetNumZcSignals          0000000180034810 f   CTM_PID_cgxe_registry.obj
 0001:00033880       ssGetZcSignalVector        0000000180034880 f   CTM_PID_cgxe_registry.obj
 0001:000338f0       ssGetZcSignalName          00000001800348f0 f   CTM_PID_cgxe_registry.obj
 0001:00033960       ssGetZcSignalWidth         0000000180034960 f   CTM_PID_cgxe_registry.obj
 0001:000339d0       ssGetZcSignalZcEventType   00000001800349d0 f   CTM_PID_cgxe_registry.obj
 0001:00033a40       ssGetZcSignalZcEvents      0000000180034a40 f   CTM_PID_cgxe_registry.obj
 0001:00033ab0       ssGetZcSignalType          0000000180034ab0 f   CTM_PID_cgxe_registry.obj
 0001:00033b20       ssGetZcSignalZcTol         0000000180034b20 f   CTM_PID_cgxe_registry.obj
 0001:00033ba0       ssGetZcSignalNeedsEventNotification 0000000180034ba0 f   CTM_PID_cgxe_registry.obj
 0001:00033c10       ssGetZcSignalIsZcElementDisc 0000000180034c10 f   CTM_PID_cgxe_registry.obj
 0001:00033cb0       ssGetIsInputPortElementContinuous 0000000180034cb0 f   CTM_PID_cgxe_registry.obj
 0001:00033d50       _ssGetAbsTol               0000000180034d50 f   CTM_PID_cgxe_registry.obj
 0001:00033dc0       _ssSetStateAbsTol          0000000180034dc0 f   CTM_PID_cgxe_registry.obj
 0001:00033ea0       _ssSetInputPortReusableFcn 0000000180034ea0 f   CTM_PID_cgxe_registry.obj
 0001:00033fa0       _ssSetOutputPortReusableFcn 0000000180034fa0 f   CTM_PID_cgxe_registry.obj
 0001:000340a0       _ssSetSymbolicDimsSupport  00000001800350a0 f   CTM_PID_cgxe_registry.obj
 0001:00034110       _ssRegisterSymbolicDimsExpr 0000000180035110 f   CTM_PID_cgxe_registry.obj
 0001:00034190       _ssRegisterSymbolicDimsMATLABExpr 0000000180035190 f   CTM_PID_cgxe_registry.obj
 0001:00034220       _ssRegisterSymbolicDims    0000000180035220 f   CTM_PID_cgxe_registry.obj
 0001:000342c0       _ssRegisterSymbolicDimsString 00000001800352c0 f   CTM_PID_cgxe_registry.obj
 0001:00034340       _ssRegisterSymbolicDimsIntValue 0000000180035340 f   CTM_PID_cgxe_registry.obj
 0001:000343b0       _ssRegisterSymbolicEqualRelation 00000001800353b0 f   CTM_PID_cgxe_registry.obj
 0001:00034420       _ssRegisterSymbolicEqualValue 0000000180035420 f   CTM_PID_cgxe_registry.obj
 0001:00034490       _ssAmendLeadingSymbolicDims 0000000180035490 f   CTM_PID_cgxe_registry.obj
 0001:00034510       _ssAmendTrailingSymbolicDims 0000000180035510 f   CTM_PID_cgxe_registry.obj
 0001:00034590       _ssRegisterSymbolicDimsPlus 0000000180035590 f   CTM_PID_cgxe_registry.obj
 0001:00034610       _ssRegisterSymbolicDimsMinus 0000000180035610 f   CTM_PID_cgxe_registry.obj
 0001:00034690       _ssRegisterSymbolicDimsMultiply 0000000180035690 f   CTM_PID_cgxe_registry.obj
 0001:00034710       _ssRegisterSymbolicDimsDivide 0000000180035710 f   CTM_PID_cgxe_registry.obj
 0001:00034790       _ssGetNumSymbolicDims      0000000180035790 f   CTM_PID_cgxe_registry.obj
 0001:00034800       _ssGetSymbolicDim          0000000180035800 f   CTM_PID_cgxe_registry.obj
 0001:00034880       _ssSetInputPortSymbolicDimsId 0000000180035880 f   CTM_PID_cgxe_registry.obj
 0001:000348f0       _ssGetCompInputPortSymbolicDimsId 00000001800358f0 f   CTM_PID_cgxe_registry.obj
 0001:00034960       _ssSetCompInputPortSymbolicDimsId 0000000180035960 f   CTM_PID_cgxe_registry.obj
 0001:000349d0       _ssSetOutputPortSymbolicDimsId 00000001800359d0 f   CTM_PID_cgxe_registry.obj
 0001:00034a40       _ssGetCompOutputPortSymbolicDimsId 0000000180035a40 f   CTM_PID_cgxe_registry.obj
 0001:00034ab0       _ssSetCompOutputPortSymbolicDimsId 0000000180035ab0 f   CTM_PID_cgxe_registry.obj
 0001:00034b20       _ssGetDWorkSymbolicDimsId  0000000180035b20 f   CTM_PID_cgxe_registry.obj
 0001:00034b90       _ssSetDWorkSymbolicDimsId  0000000180035b90 f   CTM_PID_cgxe_registry.obj
 0001:00034c00       _ssGetCompDWorkSymbolicDimsId 0000000180035c00 f   CTM_PID_cgxe_registry.obj
 0001:00034c70       _ssSetCompDWorkSymbolicDimsId 0000000180035c70 f   CTM_PID_cgxe_registry.obj
 0001:00034ce0       _ssCreateSLCGStringBuffer  0000000180035ce0 f   CTM_PID_cgxe_registry.obj
 0001:00034d50       _ssAddToSLCGStringBuffer   0000000180035d50 f   CTM_PID_cgxe_registry.obj
 0001:00034dc0       _ssGetPointerContainedData 0000000180035dc0 f   CTM_PID_cgxe_registry.obj
 0001:00034e50       _ssGetPointerContainedDataWidth 0000000180035e50 f   CTM_PID_cgxe_registry.obj
 0001:00034ee0       _ssRegisterDynamicArrayDataTypeFcn 0000000180035ee0 f   CTM_PID_cgxe_registry.obj
 0001:00034f80       _ssGetDynamicArrayContainedDataCurrentWidthFcn 0000000180035f80 f   CTM_PID_cgxe_registry.obj
 0001:00035050       _ssGetDynamicArrayContainedDataFcn 0000000180036050 f   CTM_PID_cgxe_registry.obj
 0001:00035120       _ssGetInputPortDynamicArrayDataFcn 0000000180036120 f   CTM_PID_cgxe_registry.obj
 0001:000351e0       _ssGetOutputPortDynamicArrayDataFcn 00000001800361e0 f   CTM_PID_cgxe_registry.obj
 0001:000352a0       _ssGetInputPortDynamicArrayContainedDataFcn 00000001800362a0 f   CTM_PID_cgxe_registry.obj
 0001:00035360       _ssGetOutputPortDynamicArrayContainedDataFcn 0000000180036360 f   CTM_PID_cgxe_registry.obj
 0001:00035420       _ssGetDynamicArrayDWorkContainedDataFcn 0000000180036420 f   CTM_PID_cgxe_registry.obj
 0001:00037120       __local_stdio_printf_options 0000000180038120 f i CTM_PID_cgxe_registry.obj
 0001:00037130       _vsnprintf_l               0000000180038130 f i CTM_PID_cgxe_registry.obj
 0001:000371b0       _vsprintf_l                00000001800381b0 f i CTM_PID_cgxe_registry.obj
 0001:00037200       sprintf                    0000000180038200 f i CTM_PID_cgxe_registry.obj
 0001:00037bf0       ccdFirstDirDefault         0000000180038bf0 f   ccd_ccd.obj
 0001:00037c30       __ccdSupport               0000000180038c30 f   ccd_ccd.obj
 0001:00037d10       ccdGJKIntersect            0000000180038d10 f   ccd_ccd.obj
 0001:00037da0       __ccdGJK                   0000000180038da0 f   ccd_ccd.obj
 0001:00037f60       ccdGJKSeparate             0000000180038f60 f   ccd_ccd.obj
 0001:00038000       ccdGJKPenetration          0000000180039000 f   ccd_ccd.obj
 0001:0003c510       ccdMPRIntersect            000000018003d510 f   ccd_mpr.obj
 0001:0003c5e0       ccdMPRPenetration          000000018003d5e0 f   ccd_mpr.obj
 0001:0003e0e0       ccdPtInit                  000000018003f0e0 f   ccd_polytope.obj
 0001:0003e150       ccdPtDestroy               000000018003f150 f   ccd_polytope.obj
 0001:0003e2a0       ccdPtAddVertex             000000018003f2a0 f   ccd_polytope.obj
 0001:0003e370       ccdPtAddEdge               000000018003f370 f   ccd_polytope.obj
 0001:0003e530       ccdPtAddFace               000000018003f530 f   ccd_polytope.obj
 0001:0003ea10       ccdPtRecomputeDistances    000000018003fa10 f   ccd_polytope.obj
 0001:0003ed00       ccdPtNearest               000000018003fd00 f   ccd_polytope.obj
 0001:0003ed40       ccdPtDumpSVT               000000018003fd40 f   ccd_polytope.obj
 0001:0003eda0       ccdPtDumpSVT2              000000018003fda0 f   ccd_polytope.obj
 0001:0003f290       _vfprintf_l                0000000180040290 f i ccd_polytope.obj
 0001:0003f2e0       fprintf                    00000001800402e0 f i ccd_polytope.obj
 0001:0003f820       ccdVec3PointSegmentDist2   0000000180040820 f   ccd_vec3.obj
 0001:0003f860       ccdVec3PointTriDist2       0000000180040860 f   ccd_vec3.obj
 0001:00040790       ??RCollisionGeometryDeleter@shared_robotics@@QEAAXPEAVCollisionGeometry@1@@Z 0000000180041790 f   collisioncodegen_CollisionGeometry.obj
 0001:000407e0       ??1CollisionGeometry@shared_robotics@@UEAA@XZ 00000001800417e0 f   collisioncodegen_CollisionGeometry.obj
 0001:00040840       ?support@CollisionGeometry@shared_robotics@@QEBAXPEBU_ccd_vec3_t@@PEAU3@@Z 0000000180041840 f   collisioncodegen_CollisionGeometry.obj
 0001:00041390       ?constructConnectionList@CollisionGeometry@shared_robotics@@IEAAXXZ 0000000180042390 f   collisioncodegen_CollisionGeometry.obj
 0001:00041910       ??$?0$$V@?$_Compressed_pair@V?$allocator@N@std@@V?$_Vector_val@U?$_Simple_types@N@std@@@2@$00@std@@QEAA@U_Zero_then_variadic_args_t@1@@Z 0000000180042910 f i collisioncodegen_CollisionGeometry.obj
 0001:00041940       ??$?0$$V@?$_Compressed_pair@V?$allocator@_K@std@@V?$_Vector_val@U?$_Simple_types@_K@std@@@2@$00@std@@QEAA@U_Zero_then_variadic_args_t@1@@Z 0000000180042940 f i collisioncodegen_CollisionGeometry.obj
 0001:00041970       ??$?0AEAPEA_KAEAPEA_K$0A@@?$pair@PEA_KPEA_K@std@@QEAA@AEAPEA_K0@Z 0000000180042970 f i collisioncodegen_CollisionGeometry.obj
 0001:000419c0       ??$?0V?$allocator@_K@std@@PEA_KPEA_KPEA_K@?$_Compressed_pair@V?$allocator@_K@std@@V?$_Vector_val@U?$_Simple_types@_K@std@@@2@$00@std@@QEAA@U_One_then_variadic_args_t@1@$$QEAV?$allocator@_K@1@$$QEAPEA_K22@Z 00000001800429c0 f i collisioncodegen_CollisionGeometry.obj
 0001:00041a30       ??$?6U?$char_traits@D@std@@@std@@YAAEAV?$basic_ostream@DU?$char_traits@D@std@@@0@AEAV10@PEBD@Z 0000000180042a30 f i collisioncodegen_CollisionGeometry.obj
 0001:00041de0       ??$?RAEANAEAN@?$less@X@std@@QEBA_NAEAN0@Z 0000000180042de0 f i collisioncodegen_CollisionGeometry.obj
 0001:00041e20       ??$?RAEA_KAEA_K@?$equal_to@X@std@@QEBA_NAEA_K0@Z 0000000180042e20 f i collisioncodegen_CollisionGeometry.obj
 0001:00041e60       ??$?RAEA_KAEA_K@?$less@X@std@@QEBA_NAEA_K0@Z 0000000180042e60 f i collisioncodegen_CollisionGeometry.obj
 0001:00041ea0       ??$_Adl_verify_range@V?$_Vector_iterator@V?$_Vector_val@U?$_Simple_types@N@std@@@std@@@std@@V12@@std@@YAXAEBV?$_Vector_iterator@V?$_Vector_val@U?$_Simple_types@N@std@@@std@@@0@0@Z 0000000180042ea0 f i collisioncodegen_CollisionGeometry.obj
 0001:00041eb0       ??$_Adl_verify_range@V?$_Vector_iterator@V?$_Vector_val@U?$_Simple_types@_K@std@@@std@@@std@@V12@@std@@YAXAEBV?$_Vector_iterator@V?$_Vector_val@U?$_Simple_types@_K@std@@@std@@@0@0@Z 0000000180042eb0 f i collisioncodegen_CollisionGeometry.obj
 0001:00041ec0       ??$_Allocate@$0BA@U_Default_allocate_traits@std@@$0A@@std@@YAPEAX_K@Z 0000000180042ec0 f i collisioncodegen_CollisionGeometry.obj
 0001:00041f00       ??$_Allocate_manually_vector_aligned@U_Default_allocate_traits@std@@@std@@YAPEAX_K@Z 0000000180042f00 f i collisioncodegen_CollisionGeometry.obj
 0001:00041f90       ??$_Copy_backward_memmove@PEA_KPEA_K@std@@YAPEA_KPEA_K00@Z 0000000180042f90 f i collisioncodegen_CollisionGeometry.obj
 0001:00042040       ??$_Copy_memmove@PEANPEAN@std@@YAPEANPEAN00@Z 0000000180043040 f i collisioncodegen_CollisionGeometry.obj
 0001:000420e0       ??$_Copy_memmove@PEA_KPEA_K@std@@YAPEA_KPEA_K00@Z 00000001800430e0 f i collisioncodegen_CollisionGeometry.obj
 0001:00042180       ??$_Deallocate@$0BA@$0A@@std@@YAXPEAX_K@Z 0000000180043180 f i collisioncodegen_CollisionGeometry.obj
 0001:000421c0       ??$_Destroy_range@V?$allocator@N@std@@@std@@YAXPEANQEANAEAV?$allocator@N@0@@Z 00000001800431c0 f i collisioncodegen_CollisionGeometry.obj
 0001:000421d0       ??$_Destroy_range@V?$allocator@U_ccd_vec3_t@@@std@@@std@@YAXPEAU_ccd_vec3_t@@QEAU1@AEAV?$allocator@U_ccd_vec3_t@@@0@@Z 00000001800431d0 f i collisioncodegen_CollisionGeometry.obj
 0001:000421e0       ??$_Destroy_range@V?$allocator@U_idx_vec3_t@shared_robotics@@@std@@@std@@YAXPEAU_idx_vec3_t@shared_robotics@@QEAU12@AEAV?$allocator@U_idx_vec3_t@shared_robotics@@@0@@Z 00000001800431e0 f i collisioncodegen_CollisionGeometry.obj
 0001:000421f0       ??$_Destroy_range@V?$allocator@V?$vector@_KV?$allocator@_K@std@@@std@@@std@@@std@@YAXPEAV?$vector@_KV?$allocator@_K@std@@@0@QEAV10@AEAV?$allocator@V?$vector@_KV?$allocator@_K@std@@@std@@@0@@Z 00000001800431f0 f i collisioncodegen_CollisionGeometry.obj
 0001:00042240       ??$_Destroy_range@V?$allocator@_K@std@@@std@@YAXPEA_KQEA_KAEAV?$allocator@_K@0@@Z 0000000180043240 f i collisioncodegen_CollisionGeometry.obj
 0001:00042250       ??$_Emplace_back@$$V@?$_Uninitialized_backout_al@V?$allocator@V?$vector@_KV?$allocator@_K@std@@@std@@@std@@@std@@QEAAXXZ 0000000180043250 f i collisioncodegen_CollisionGeometry.obj
 0001:000422a0       ??$_Emplace_back@$$V@?$_Uninitialized_backout_al@V?$allocator@_K@std@@@std@@QEAAXXZ 00000001800432a0 f i collisioncodegen_CollisionGeometry.obj
 0001:000422f0       ??$_Emplace_back@N@?$_Uninitialized_backout_al@V?$allocator@N@std@@@std@@QEAAX$$QEAN@Z 00000001800432f0 f i collisioncodegen_CollisionGeometry.obj
 0001:00042350       ??$_Emplace_back@V?$vector@_KV?$allocator@_K@std@@@std@@@?$_Uninitialized_backout_al@V?$allocator@V?$vector@_KV?$allocator@_K@std@@@std@@@std@@@std@@QEAAX$$QEAV?$vector@_KV?$allocator@_K@std@@@1@@Z 0000000180043350 f i collisioncodegen_CollisionGeometry.obj
 0001:000423b0       ??$_Emplace_back@_K@?$_Uninitialized_backout_al@V?$allocator@_K@std@@@std@@QEAAX$$QEA_K@Z 00000001800433b0 f i collisioncodegen_CollisionGeometry.obj
 0001:00042410       ??$_Emplace_back_with_unused_capacity@AEB_K@?$vector@_KV?$allocator@_K@std@@@std@@AEAA?A_TAEB_K@Z 0000000180043410 f i collisioncodegen_CollisionGeometry.obj
 0001:000424c0       ??$_Emplace_back_with_unused_capacity@N@?$vector@NV?$allocator@N@std@@@std@@AEAA?A_T$$QEAN@Z 00000001800434c0 f i collisioncodegen_CollisionGeometry.obj
 0001:00042570       ??$_Emplace_reallocate@AEB_K@?$vector@_KV?$allocator@_K@std@@@std@@QEAAPEA_KQEA_KAEB_K@Z 0000000180043570 f i collisioncodegen_CollisionGeometry.obj
 0001:00042780       ??$_Emplace_reallocate@N@?$vector@NV?$allocator@N@std@@@std@@QEAAPEANQEAN$$QEAN@Z 0000000180043780 f i collisioncodegen_CollisionGeometry.obj
 0001:00042990       ??$_Get_size_of_n@$07@std@@YA_K_K@Z 0000000180043990 f i collisioncodegen_CollisionGeometry.obj
 0001:000429e0       ??$_Get_size_of_n@$0BI@@std@@YA_K_K@Z 00000001800439e0 f i collisioncodegen_CollisionGeometry.obj
 0001:00042a20       ??$_Get_unwrapped@AEAV?$_Vector_iterator@V?$_Vector_val@U?$_Simple_types@N@std@@@std@@@std@@@std@@YA?A_TAEAV?$_Vector_iterator@V?$_Vector_val@U?$_Simple_types@N@std@@@std@@@0@@Z 0000000180043a20 f i collisioncodegen_CollisionGeometry.obj
 0001:00042a40       ??$_Get_unwrapped@AEAV?$_Vector_iterator@V?$_Vector_val@U?$_Simple_types@_K@std@@@std@@@std@@@std@@YA?A_TAEAV?$_Vector_iterator@V?$_Vector_val@U?$_Simple_types@_K@std@@@std@@@0@@Z 0000000180043a40 f i collisioncodegen_CollisionGeometry.obj
 0001:00042a60       ??$_Get_unwrapped@AEBQEAN@std@@YA?A_TAEBQEAN@Z 0000000180043a60 f i collisioncodegen_CollisionGeometry.obj
 0001:00042a70       ??$_Get_unwrapped@AEBQEAV?$vector@_KV?$allocator@_K@std@@@std@@@std@@YA?A_TAEBQEAV?$vector@_KV?$allocator@_K@std@@@0@@Z 0000000180043a70 f i collisioncodegen_CollisionGeometry.obj
 0001:00042a80       ??$_Get_unwrapped@AEBQEA_K@std@@YA?A_TAEBQEA_K@Z 0000000180043a80 f i collisioncodegen_CollisionGeometry.obj
 0001:00042a90       ??$_Get_unwrapped@AEBV?$_Vector_iterator@V?$_Vector_val@U?$_Simple_types@_K@std@@@std@@@std@@@std@@YA?A_TAEBV?$_Vector_iterator@V?$_Vector_val@U?$_Simple_types@_K@std@@@std@@@0@@Z 0000000180043a90 f i collisioncodegen_CollisionGeometry.obj
 0001:00042ab0       ??$_Guess_median_unchecked@PEA_KU?$less@X@std@@@std@@YAXPEA_K00U?$less@X@0@@Z 0000000180043ab0 f i collisioncodegen_CollisionGeometry.obj
 0001:00042c10       ??$_Insertion_sort_unchecked@PEA_KU?$less@X@std@@@std@@YAPEA_KQEA_K0U?$less@X@0@@Z 0000000180043c10 f i collisioncodegen_CollisionGeometry.obj
 0001:00042d50       ??$_Make_heap_unchecked@PEA_KU?$less@X@std@@@std@@YAXPEA_K0U?$less@X@0@@Z 0000000180043d50 f i collisioncodegen_CollisionGeometry.obj
 0001:00042df0       ??$_Max_element_unchecked@PEANU?$less@X@std@@@std@@YAPEANPEAN0U?$less@X@0@@Z 0000000180043df0 f i collisioncodegen_CollisionGeometry.obj
 0001:00042e70       ??$_Med3_unchecked@PEA_KU?$less@X@std@@@std@@YAXPEA_K00U?$less@X@0@@Z 0000000180043e70 f i collisioncodegen_CollisionGeometry.obj
 0001:00042f10       ??$_Move_backward_unchecked@PEA_KPEA_K@std@@YAPEA_KPEA_K00@Z 0000000180043f10 f i collisioncodegen_CollisionGeometry.obj
 0001:00042f90       ??$_Move_unchecked@PEA_KPEA_K@std@@YAPEA_KPEA_K00@Z 0000000180043f90 f i collisioncodegen_CollisionGeometry.obj
 0001:00043010       ??$_Next_iter@PEA_K@std@@YAPEA_KPEA_K@Z 0000000180044010 f i collisioncodegen_CollisionGeometry.obj
 0001:00043030       ??$_Partition_by_median_guess_unchecked@PEA_KU?$less@X@std@@@std@@YA?AU?$pair@PEA_KPEA_K@0@PEA_K0U?$less@X@0@@Z 0000000180044030 f i collisioncodegen_CollisionGeometry.obj
 0001:000433f0       ??$_Pass_fn@U?$less@X@std@@$0A@@std@@YA?AU?$less@X@0@U10@@Z 00000001800443f0 f i collisioncodegen_CollisionGeometry.obj
 0001:00043400       ??$_Pop_heap_hole_by_index@PEA_K_KU?$less@X@std@@@std@@YAXPEA_K_J1$$QEA_KU?$less@X@0@@Z 0000000180044400 f i collisioncodegen_CollisionGeometry.obj
 0001:00043560       ??$_Pop_heap_hole_unchecked@PEA_K_KU?$less@X@std@@@std@@YAXPEA_K00$$QEA_KU?$less@X@0@@Z 0000000180044560 f i collisioncodegen_CollisionGeometry.obj
 0001:000435d0       ??$_Pop_heap_unchecked@PEA_KU?$less@X@std@@@std@@YAXPEA_K0U?$less@X@0@@Z 00000001800445d0 f i collisioncodegen_CollisionGeometry.obj
 0001:00043650       ??$_Prev_iter@PEA_K@std@@YAPEA_KPEA_K@Z 0000000180044650 f i collisioncodegen_CollisionGeometry.obj
 0001:00043670       ??$_Push_heap_by_index@PEA_K_KU?$less@X@std@@@std@@YAXPEA_K_J1$$QEA_KU?$less@X@0@@Z 0000000180044670 f i collisioncodegen_CollisionGeometry.obj
 0001:00043730       ??$_Refancy@PEAN$0A@@std@@YAPEANPEAN@Z 0000000180044730 f i collisioncodegen_CollisionGeometry.obj
 0001:00043740       ??$_Refancy@PEA_K$0A@@std@@YAPEA_KPEA_K@Z 0000000180044740 f i collisioncodegen_CollisionGeometry.obj
 0001:00043750       ??$_Resize@U_Value_init_tag@std@@@?$vector@V?$vector@_KV?$allocator@_K@std@@@std@@V?$allocator@V?$vector@_KV?$allocator@_K@std@@@std@@@2@@std@@AEAAX_KAEBU_Value_init_tag@1@@Z 0000000180044750 f i collisioncodegen_CollisionGeometry.obj
 0001:000438c0       ??$_Resize@U_Value_init_tag@std@@@?$vector@_KV?$allocator@_K@std@@@std@@AEAAX_KAEBU_Value_init_tag@1@@Z 00000001800448c0 f i collisioncodegen_CollisionGeometry.obj
 0001:00043a30       ??$_Resize_reallocate@U_Value_init_tag@std@@@?$vector@V?$vector@_KV?$allocator@_K@std@@@std@@V?$allocator@V?$vector@_KV?$allocator@_K@std@@@std@@@2@@std@@AEAAX_KAEBU_Value_init_tag@1@@Z 0000000180044a30 f i collisioncodegen_CollisionGeometry.obj
 0001:00043b80       ??$_Resize_reallocate@U_Value_init_tag@std@@@?$vector@_KV?$allocator@_K@std@@@std@@AEAAX_KAEBU_Value_init_tag@1@@Z 0000000180044b80 f i collisioncodegen_CollisionGeometry.obj
 0001:00043cd0       ??$_Seek_wrapped@V?$_Vector_iterator@V?$_Vector_val@U?$_Simple_types@N@std@@@std@@@std@@PEAN@std@@YAXAEAV?$_Vector_iterator@V?$_Vector_val@U?$_Simple_types@N@std@@@std@@@0@$$QEAPEAN@Z 0000000180044cd0 f i collisioncodegen_CollisionGeometry.obj
 0001:00043d00       ??$_Seek_wrapped@V?$_Vector_iterator@V?$_Vector_val@U?$_Simple_types@_K@std@@@std@@@std@@AEAPEA_K@std@@YAXAEAV?$_Vector_iterator@V?$_Vector_val@U?$_Simple_types@_K@std@@@std@@@0@AEAPEA_K@Z 0000000180044d00 f i collisioncodegen_CollisionGeometry.obj
 0001:00043d30       ??$_Seek_wrapped@V?$_Vector_iterator@V?$_Vector_val@U?$_Simple_types@_K@std@@@std@@@std@@AEBQEA_K@std@@YAXAEAV?$_Vector_iterator@V?$_Vector_val@U?$_Simple_types@_K@std@@@std@@@0@AEBQEA_K@Z 0000000180044d30 f i collisioncodegen_CollisionGeometry.obj
 0001:00043d60       ??$_Sort_heap_unchecked@PEA_KU?$less@X@std@@@std@@YAXPEA_K0U?$less@X@0@@Z 0000000180044d60 f i collisioncodegen_CollisionGeometry.obj
 0001:00043dc0       ??$_Sort_unchecked@PEA_KU?$less@X@std@@@std@@YAXPEA_K0_JU?$less@X@0@@Z 0000000180044dc0 f i collisioncodegen_CollisionGeometry.obj
 0001:00043f00       ??$_To_address@PEAN@std@@YA?A_PAEBQEAN@Z 0000000180044f00 f i collisioncodegen_CollisionGeometry.obj
 0001:00043f10       ??$_To_address@PEA_K@std@@YA?A_PAEBQEA_K@Z 0000000180044f10 f i collisioncodegen_CollisionGeometry.obj
 0001:00043f20       ??$_Unfancy@N@std@@YAPEANPEAN@Z 0000000180044f20 f i collisioncodegen_CollisionGeometry.obj
 0001:00043f30       ??$_Unfancy@V?$vector@_KV?$allocator@_K@std@@@std@@@std@@YAPEAV?$vector@_KV?$allocator@_K@std@@@0@PEAV10@@Z 0000000180044f30 f i collisioncodegen_CollisionGeometry.obj
 0001:00043f40       ??$_Unfancy@_K@std@@YAPEA_KPEA_K@Z 0000000180044f40 f i collisioncodegen_CollisionGeometry.obj
 0001:00043f50       ??$_Uninitialized_move@PEANV?$allocator@N@std@@@std@@YAPEANQEAN0PEANAEAV?$allocator@N@0@@Z 0000000180044f50 f i collisioncodegen_CollisionGeometry.obj
 0001:00044030       ??$_Uninitialized_move@PEAV?$vector@_KV?$allocator@_K@std@@@std@@V?$allocator@V?$vector@_KV?$allocator@_K@std@@@std@@@2@@std@@YAPEAV?$vector@_KV?$allocator@_K@std@@@0@QEAV10@0PEAV10@AEAV?$allocator@V?$vector@_KV?$allocator@_K@std@@@std@@@0@@Z 0000000180045030 f i collisioncodegen_CollisionGeometry.obj
 0001:000440e0       ??$_Uninitialized_move@PEA_KV?$allocator@_K@std@@@std@@YAPEA_KQEA_K0PEA_KAEAV?$allocator@_K@0@@Z 00000001800450e0 f i collisioncodegen_CollisionGeometry.obj
 0001:000441c0       ??$_Uninitialized_value_construct_n@V?$allocator@V?$vector@_KV?$allocator@_K@std@@@std@@@std@@@std@@YAPEAV?$vector@_KV?$allocator@_K@std@@@0@PEAV10@_KAEAV?$allocator@V?$vector@_KV?$allocator@_K@std@@@std@@@0@@Z 00000001800451c0 f i collisioncodegen_CollisionGeometry.obj
 0001:00044230       ??$_Uninitialized_value_construct_n@V?$allocator@_K@std@@@std@@YAPEA_KPEA_K_KAEAV?$allocator@_K@0@@Z 0000000180045230 f i collisioncodegen_CollisionGeometry.obj
 0001:000442e0       ??$_Voidify_iter@PEAN@std@@YAPEAXPEAN@Z 00000001800452e0 f i collisioncodegen_CollisionGeometry.obj
 0001:000442f0       ??$_Voidify_iter@PEAV?$vector@_KV?$allocator@_K@std@@@std@@@std@@YAPEAXPEAV?$vector@_KV?$allocator@_K@std@@@0@@Z 00000001800452f0 f i collisioncodegen_CollisionGeometry.obj
 0001:00044300       ??$_Voidify_iter@PEA_K@std@@YAPEAXPEA_K@Z 0000000180045300 f i collisioncodegen_CollisionGeometry.obj
 0001:00044310       ??$_Zero_range@PEA_K@std@@YAPEA_KQEA_K0@Z 0000000180045310 f i collisioncodegen_CollisionGeometry.obj
 0001:00044370       ??$addressof@V?$_Vector_val@U?$_Simple_types@N@std@@@std@@@std@@YAPEAV?$_Vector_val@U?$_Simple_types@N@std@@@0@AEAV10@@Z 0000000180045370 f i collisioncodegen_CollisionGeometry.obj
 0001:00044380       ??$addressof@V?$_Vector_val@U?$_Simple_types@_K@std@@@std@@@std@@YAPEAV?$_Vector_val@U?$_Simple_types@_K@std@@@0@AEAV10@@Z 0000000180045380 f i collisioncodegen_CollisionGeometry.obj
 0001:00044390       ??$construct@NN@?$_Default_allocator_traits@V?$allocator@N@std@@@std@@SAXAEAV?$allocator@N@1@QEAN$$QEAN@Z 0000000180045390 f i collisioncodegen_CollisionGeometry.obj
 0001:000443e0       ??$construct@V?$vector@_KV?$allocator@_K@std@@@std@@$$V@?$_Default_allocator_traits@V?$allocator@V?$vector@_KV?$allocator@_K@std@@@std@@@std@@@std@@SAXAEAV?$allocator@V?$vector@_KV?$allocator@_K@std@@@std@@@1@QEAV?$vector@_KV?$allocator@_K@std@@@1@@Z 00000001800453e0 f i collisioncodegen_CollisionGeometry.obj
 0001:00044420       ??$construct@V?$vector@_KV?$allocator@_K@std@@@std@@V12@@?$_Default_allocator_traits@V?$allocator@V?$vector@_KV?$allocator@_K@std@@@std@@@std@@@std@@SAXAEAV?$allocator@V?$vector@_KV?$allocator@_K@std@@@std@@@1@QEAV?$vector@_KV?$allocator@_K@std@@@1@$$QEAV31@@Z 0000000180045420 f i collisioncodegen_CollisionGeometry.obj
 0001:00044470       ??$construct@_K$$V@?$_Default_allocator_traits@V?$allocator@_K@std@@@std@@SAXAEAV?$allocator@_K@1@QEA_K@Z 0000000180045470 f i collisioncodegen_CollisionGeometry.obj
 0001:000444c0       ??$construct@_KAEB_K@?$_Default_allocator_traits@V?$allocator@_K@std@@@std@@SAXAEAV?$allocator@_K@1@QEA_KAEB_K@Z 00000001800454c0 f i collisioncodegen_CollisionGeometry.obj
 0001:00044510       ??$construct@_K_K@?$_Default_allocator_traits@V?$allocator@_K@std@@@std@@SAXAEAV?$allocator@_K@1@QEA_K$$QEA_K@Z 0000000180045510 f i collisioncodegen_CollisionGeometry.obj
 0001:00044560       ??$destroy@V?$vector@_KV?$allocator@_K@std@@@std@@@?$_Default_allocator_traits@V?$allocator@V?$vector@_KV?$allocator@_K@std@@@std@@@std@@@std@@SAXAEAV?$allocator@V?$vector@_KV?$allocator@_K@std@@@std@@@1@QEAV?$vector@_KV?$allocator@_K@std@@@1@@Z 0000000180045560 f i collisioncodegen_CollisionGeometry.obj
 0001:00044580       ??$emplace_back@AEB_K@?$vector@_KV?$allocator@_K@std@@@std@@QEAA?A_TAEB_K@Z 0000000180045580 f i collisioncodegen_CollisionGeometry.obj
 0001:00044600       ??$emplace_back@N@?$vector@NV?$allocator@N@std@@@std@@QEAA?A_T$$QEAN@Z 0000000180045600 f i collisioncodegen_CollisionGeometry.obj
 0001:00044680       ??$endl@DU?$char_traits@D@std@@@std@@YAAEAV?$basic_ostream@DU?$char_traits@D@std@@@0@AEAV10@@Z 0000000180045680 f i collisioncodegen_CollisionGeometry.obj
 0001:000446d0       ??$exchange@PEA_K$$T@std@@YAPEA_KAEAPEA_K$$QEA$$T@Z 00000001800456d0 f i collisioncodegen_CollisionGeometry.obj
 0001:00044710       ??$forward@AEAPEA_K@std@@YAAEAPEA_KAEAPEA_K@Z 0000000180045710 f i collisioncodegen_CollisionGeometry.obj
 0001:00044720       ??$forward@AEBQEA_K@std@@YAAEBQEA_KAEBQEA_K@Z 0000000180045720 f i collisioncodegen_CollisionGeometry.obj
 0001:00044730       ??$forward@AEB_K@std@@YAAEB_KAEB_K@Z 0000000180045730 f i collisioncodegen_CollisionGeometry.obj
 0001:00044740       ??$forward@N@std@@YA$$QEANAEAN@Z 0000000180045740 f i collisioncodegen_CollisionGeometry.obj
 0001:00044750       ??$forward@PEAN@std@@YA$$QEAPEANAEAPEAN@Z 0000000180045750 f i collisioncodegen_CollisionGeometry.obj
 0001:00044760       ??$forward@PEA_K@std@@YA$$QEAPEA_KAEAPEA_K@Z 0000000180045760 f i collisioncodegen_CollisionGeometry.obj
 0001:00044770       ??$forward@V?$allocator@_K@std@@@std@@YA$$QEAV?$allocator@_K@0@AEAV10@@Z 0000000180045770 f i collisioncodegen_CollisionGeometry.obj
 0001:00044780       ??$forward@V?$vector@_KV?$allocator@_K@std@@@std@@@std@@YA$$QEAV?$vector@_KV?$allocator@_K@std@@@0@AEAV10@@Z 0000000180045780 f i collisioncodegen_CollisionGeometry.obj
 0001:00044790       ??$forward@_K@std@@YA$$QEA_KAEA_K@Z 0000000180045790 f i collisioncodegen_CollisionGeometry.obj
 0001:000447a0       ??$iter_swap@PEA_KPEA_K@std@@YAXPEA_K0@Z 00000001800457a0 f i collisioncodegen_CollisionGeometry.obj
 0001:000447d0       ??$max_element@V?$_Vector_iterator@V?$_Vector_val@U?$_Simple_types@N@std@@@std@@@std@@@std@@YA?AV?$_Vector_iterator@V?$_Vector_val@U?$_Simple_types@N@std@@@std@@@0@V10@0@Z 00000001800457d0 f i collisioncodegen_CollisionGeometry.obj
 0001:00044820       ??$max_element@V?$_Vector_iterator@V?$_Vector_val@U?$_Simple_types@N@std@@@std@@@std@@U?$less@X@2@@std@@YA?AV?$_Vector_iterator@V?$_Vector_val@U?$_Simple_types@N@std@@@std@@@0@V10@0U?$less@X@0@@Z 0000000180045820 f i collisioncodegen_CollisionGeometry.obj
 0001:000448b0       ??$min@_K@std@@YAAEB_KAEB_K0@Z 00000001800458b0 f i collisioncodegen_CollisionGeometry.obj
 0001:00044900       ??$move@AEAN@std@@YA$$QEANAEAN@Z 0000000180045900 f i collisioncodegen_CollisionGeometry.obj
 0001:00044910       ??$move@AEAV?$allocator@_K@std@@@std@@YA$$QEAV?$allocator@_K@0@AEAV10@@Z 0000000180045910 f i collisioncodegen_CollisionGeometry.obj
 0001:00044920       ??$move@AEAV?$vector@_KV?$allocator@_K@std@@@std@@@std@@YA$$QEAV?$vector@_KV?$allocator@_K@std@@@0@AEAV10@@Z 0000000180045920 f i collisioncodegen_CollisionGeometry.obj
 0001:00044930       ??$move@AEA_K@std@@YA$$QEA_KAEA_K@Z 0000000180045930 f i collisioncodegen_CollisionGeometry.obj
 0001:00044940       ??$sort@V?$_Vector_iterator@V?$_Vector_val@U?$_Simple_types@_K@std@@@std@@@std@@@std@@YAXV?$_Vector_iterator@V?$_Vector_val@U?$_Simple_types@_K@std@@@std@@@0@0@Z 0000000180045940 f i collisioncodegen_CollisionGeometry.obj
 0001:00044980       ??$sort@V?$_Vector_iterator@V?$_Vector_val@U?$_Simple_types@_K@std@@@std@@@std@@U?$less@X@2@@std@@YAXV?$_Vector_iterator@V?$_Vector_val@U?$_Simple_types@_K@std@@@std@@@0@0U?$less@X@0@@Z 0000000180045980 f i collisioncodegen_CollisionGeometry.obj
 0001:00044a00       ??$swap@_K$0A@@std@@YAXAEA_K0@Z 0000000180045a00 f i collisioncodegen_CollisionGeometry.obj
 0001:00044a50       ??$unique@V?$_Vector_iterator@V?$_Vector_val@U?$_Simple_types@_K@std@@@std@@@std@@@std@@YA?AV?$_Vector_iterator@V?$_Vector_val@U?$_Simple_types@_K@std@@@std@@@0@V10@0@Z 0000000180045a50 f i collisioncodegen_CollisionGeometry.obj
 0001:00044aa0       ??$unique@V?$_Vector_iterator@V?$_Vector_val@U?$_Simple_types@_K@std@@@std@@@std@@U?$equal_to@X@2@@std@@YA?AV?$_Vector_iterator@V?$_Vector_val@U?$_Simple_types@_K@std@@@std@@@0@V10@0U?$equal_to@X@0@@Z 0000000180045aa0 f i collisioncodegen_CollisionGeometry.obj
 0001:00044c00       ??0?$_Uninitialized_backout_al@V?$allocator@N@std@@@std@@QEAA@PEANAEAV?$allocator@N@1@@Z 0000000180045c00 f i collisioncodegen_CollisionGeometry.obj
 0001:00044c40       ??0?$_Uninitialized_backout_al@V?$allocator@V?$vector@_KV?$allocator@_K@std@@@std@@@std@@@std@@QEAA@PEAV?$vector@_KV?$allocator@_K@std@@@1@AEAV?$allocator@V?$vector@_KV?$allocator@_K@std@@@std@@@1@@Z 0000000180045c40 f i collisioncodegen_CollisionGeometry.obj
 0001:00044c80       ??0?$_Uninitialized_backout_al@V?$allocator@_K@std@@@std@@QEAA@PEA_KAEAV?$allocator@_K@1@@Z 0000000180045c80 f i collisioncodegen_CollisionGeometry.obj
 0001:00044cc0       ??0?$_Vector_const_iterator@V?$_Vector_val@U?$_Simple_types@N@std@@@std@@@std@@QEAA@PEANPEBU_Container_base0@1@@Z 0000000180045cc0 f i collisioncodegen_CollisionGeometry.obj
 0001:00044d00       ??0?$_Vector_const_iterator@V?$_Vector_val@U?$_Simple_types@_K@std@@@std@@@std@@QEAA@PEA_KPEBU_Container_base0@1@@Z 0000000180045d00 f i collisioncodegen_CollisionGeometry.obj
 0001:00044d40       ??0?$_Vector_iterator@V?$_Vector_val@U?$_Simple_types@N@std@@@std@@@std@@QEAA@PEANPEBU_Container_base0@1@@Z 0000000180045d40 f i collisioncodegen_CollisionGeometry.obj
 0001:00044d80       ??0?$_Vector_iterator@V?$_Vector_val@U?$_Simple_types@_K@std@@@std@@@std@@QEAA@PEA_KPEBU_Container_base0@1@@Z 0000000180045d80 f i collisioncodegen_CollisionGeometry.obj
 0001:00044dc0       ??0?$_Vector_val@U?$_Simple_types@N@std@@@std@@QEAA@XZ 0000000180045dc0 f i collisioncodegen_CollisionGeometry.obj
 0001:00044e00       ??0?$_Vector_val@U?$_Simple_types@_K@std@@@std@@QEAA@PEA_K00@Z 0000000180045e00 f i collisioncodegen_CollisionGeometry.obj
 0001:00044e50       ??0?$_Vector_val@U?$_Simple_types@_K@std@@@std@@QEAA@XZ 0000000180045e50 f i collisioncodegen_CollisionGeometry.obj
 0001:00044e90       ??0?$allocator@N@std@@QEAA@XZ 0000000180045e90 f i collisioncodegen_CollisionGeometry.obj
 0001:00044ea0       ??0?$allocator@_K@std@@QEAA@XZ 0000000180045ea0 f i collisioncodegen_CollisionGeometry.obj
 0001:00044eb0       ??0?$vector@NV?$allocator@N@std@@@std@@QEAA@XZ 0000000180045eb0 f i collisioncodegen_CollisionGeometry.obj
 0001:00044ef0       ??0?$vector@_KV?$allocator@_K@std@@@std@@QEAA@$$QEAV01@@Z 0000000180045ef0 f i collisioncodegen_CollisionGeometry.obj
 0001:00044ff0       ??0?$vector@_KV?$allocator@_K@std@@@std@@QEAA@XZ 0000000180045ff0 f i collisioncodegen_CollisionGeometry.obj
 0001:00045030       ??0_Sentry_base@?$basic_ostream@DU?$char_traits@D@std@@@std@@QEAA@AEAV12@@Z 0000000180046030 f i collisioncodegen_CollisionGeometry.obj
 0001:000450a0       ??0bad_alloc@std@@AEAA@QEBD@Z 00000001800460a0 f i collisioncodegen_CollisionGeometry.obj
 0001:000450e0       ??0bad_alloc@std@@QEAA@AEBV01@@Z 00000001800460e0 f i collisioncodegen_CollisionGeometry.obj
 0001:00045120       ??0bad_array_new_length@std@@QEAA@AEBV01@@Z 0000000180046120 f i collisioncodegen_CollisionGeometry.obj
 0001:00045160       ??0bad_array_new_length@std@@QEAA@XZ 0000000180046160 f i collisioncodegen_CollisionGeometry.obj
 0001:000451a0       ??0exception@std@@QEAA@AEBV01@@Z 00000001800461a0 f i collisioncodegen_CollisionGeometry.obj
 0001:00045200       ??0exception@std@@QEAA@QEBDH@Z 0000000180046200 f i collisioncodegen_CollisionGeometry.obj
 0001:00045250       ??0sentry@?$basic_ostream@DU?$char_traits@D@std@@@std@@QEAA@AEAV12@@Z 0000000180046250 f i collisioncodegen_CollisionGeometry.obj
 0001:00045330       ??1?$_Uninitialized_backout_al@V?$allocator@N@std@@@std@@QEAA@XZ 0000000180046330 f i collisioncodegen_CollisionGeometry.obj
 0001:00045360       ??1?$_Uninitialized_backout_al@V?$allocator@V?$vector@_KV?$allocator@_K@std@@@std@@@std@@@std@@QEAA@XZ 0000000180046360 f i collisioncodegen_CollisionGeometry.obj
 0001:00045390       ??1?$_Uninitialized_backout_al@V?$allocator@_K@std@@@std@@QEAA@XZ 0000000180046390 f i collisioncodegen_CollisionGeometry.obj
 0001:000453c0       ??1?$vector@NV?$allocator@N@std@@@std@@QEAA@XZ 00000001800463c0 f i collisioncodegen_CollisionGeometry.obj
 0001:000453e0       ??1?$vector@U_ccd_vec3_t@@V?$allocator@U_ccd_vec3_t@@@std@@@std@@QEAA@XZ 00000001800463e0 f i collisioncodegen_CollisionGeometry.obj
 0001:00045400       ??1?$vector@U_idx_vec3_t@shared_robotics@@V?$allocator@U_idx_vec3_t@shared_robotics@@@std@@@std@@QEAA@XZ 0000000180046400 f i collisioncodegen_CollisionGeometry.obj
 0001:00045420       ??1?$vector@V?$vector@_KV?$allocator@_K@std@@@std@@V?$allocator@V?$vector@_KV?$allocator@_K@std@@@std@@@2@@std@@QEAA@XZ 0000000180046420 f i collisioncodegen_CollisionGeometry.obj
 0001:00045440       ??1?$vector@_KV?$allocator@_K@std@@@std@@QEAA@XZ 0000000180046440 f i collisioncodegen_CollisionGeometry.obj
 0001:00045460       ??1_Sentry_base@?$basic_ostream@DU?$char_traits@D@std@@@std@@QEAA@XZ 0000000180046460 f i collisioncodegen_CollisionGeometry.obj
 0001:000454c0       ??1bad_alloc@std@@UEAA@XZ  00000001800464c0 f i collisioncodegen_CollisionGeometry.obj
 0001:000454e0       ??1bad_array_new_length@std@@UEAA@XZ 00000001800464e0 f i collisioncodegen_CollisionGeometry.obj
 0001:00045500       ??1exception@std@@UEAA@XZ  0000000180046500 f i collisioncodegen_CollisionGeometry.obj
 0001:00045530       ??1sentry@?$basic_ostream@DU?$char_traits@D@std@@@std@@QEAA@XZ 0000000180046530 f i collisioncodegen_CollisionGeometry.obj
 0001:00045590       ??2@YAPEAX_KPEAX@Z         0000000180046590 f i collisioncodegen_CollisionGeometry.obj
 0001:000455a0       ??A?$vector@U_ccd_vec3_t@@V?$allocator@U_ccd_vec3_t@@@std@@@std@@QEBAAEBU_ccd_vec3_t@@_K@Z 00000001800465a0 f i collisioncodegen_CollisionGeometry.obj
 0001:000455d0       ??A?$vector@U_idx_vec3_t@shared_robotics@@V?$allocator@U_idx_vec3_t@shared_robotics@@@std@@@std@@QEAAAEAU_idx_vec3_t@shared_robotics@@_K@Z 00000001800465d0 f i collisioncodegen_CollisionGeometry.obj
 0001:00045600       ??A?$vector@V?$vector@_KV?$allocator@_K@std@@@std@@V?$allocator@V?$vector@_KV?$allocator@_K@std@@@std@@@2@@std@@QEAAAEAV?$vector@_KV?$allocator@_K@std@@@1@_K@Z 0000000180046600 f i collisioncodegen_CollisionGeometry.obj
 0001:00045630       ??A?$vector@V?$vector@_KV?$allocator@_K@std@@@std@@V?$allocator@V?$vector@_KV?$allocator@_K@std@@@std@@@2@@std@@QEBAAEBV?$vector@_KV?$allocator@_K@std@@@1@_K@Z 0000000180046630 f i collisioncodegen_CollisionGeometry.obj
 0001:00045660       ??A?$vector@_KV?$allocator@_K@std@@@std@@QEBAAEB_K_K@Z 0000000180046660 f i collisioncodegen_CollisionGeometry.obj
 0001:00045690       ??Bsentry@?$basic_ostream@DU?$char_traits@D@std@@@std@@QEBA_NXZ 0000000180046690 f i collisioncodegen_CollisionGeometry.obj
 0001:000456a0       ??G?$_Vector_const_iterator@V?$_Vector_val@U?$_Simple_types@N@std@@@std@@@std@@QEBA_JAEBV01@@Z 00000001800466a0 f i collisioncodegen_CollisionGeometry.obj
 0001:000456e0       ??_G?$vector@_KV?$allocator@_K@std@@@std@@QEAAPEAXI@Z 00000001800466e0 f i collisioncodegen_CollisionGeometry.obj
 0001:00045720       ??_ECollisionGeometry@shared_robotics@@UEAAPEAXI@Z 0000000180046720 f i collisioncodegen_CollisionGeometry.obj
 0001:00045720       ??_GCollisionGeometry@shared_robotics@@UEAAPEAXI@Z 0000000180046720 f i collisioncodegen_CollisionGeometry.obj
 0001:00045760       ??_Ebad_alloc@std@@UEAAPEAXI@Z 0000000180046760 f i collisioncodegen_CollisionGeometry.obj
 0001:00045760       ??_Gbad_alloc@std@@UEAAPEAXI@Z 0000000180046760 f i collisioncodegen_CollisionGeometry.obj
 0001:000457a0       ??_Gbad_array_new_length@std@@UEAAPEAXI@Z 00000001800467a0 f i collisioncodegen_CollisionGeometry.obj
 0001:000457a0       ??_Ebad_array_new_length@std@@UEAAPEAXI@Z 00000001800467a0 f i collisioncodegen_CollisionGeometry.obj
 0001:000457e0       ??_Eexception@std@@UEAAPEAXI@Z 00000001800467e0 f i collisioncodegen_CollisionGeometry.obj
 0001:000457e0       ??_Gexception@std@@UEAAPEAXI@Z 00000001800467e0 f i collisioncodegen_CollisionGeometry.obj
 0001:00045820       ?_Adjust_manually_vector_aligned@std@@YAXAEAPEAXAEA_K@Z 0000000180046820 f i collisioncodegen_CollisionGeometry.obj
 0001:000458c0       ?_Adopt@_Iterator_base0@std@@QEAAXPEBX@Z 00000001800468c0 f i collisioncodegen_CollisionGeometry.obj
 0001:000458d0       ?_Alloc_proxy@_Container_base0@std@@QEAAXAEBU_Fake_allocator@2@@Z 00000001800468d0 f i collisioncodegen_CollisionGeometry.obj
 0001:000458e0       ?_Allocate@_Default_allocate_traits@std@@SAPEAX_K@Z 00000001800468e0 f i collisioncodegen_CollisionGeometry.obj
 0001:00045900       ?_Calculate_growth@?$vector@NV?$allocator@N@std@@@std@@AEBA_K_K@Z 0000000180046900 f i collisioncodegen_CollisionGeometry.obj
 0001:00045990       ?_Calculate_growth@?$vector@V?$vector@_KV?$allocator@_K@std@@@std@@V?$allocator@V?$vector@_KV?$allocator@_K@std@@@std@@@2@@std@@AEBA_K_K@Z 0000000180046990 f i collisioncodegen_CollisionGeometry.obj
 0001:00045a20       ?_Calculate_growth@?$vector@_KV?$allocator@_K@std@@@std@@AEBA_K_K@Z 0000000180046a20 f i collisioncodegen_CollisionGeometry.obj
 0001:00045ab0       ?_Change_array@?$vector@NV?$allocator@N@std@@@std@@AEAAXQEAN_K1@Z 0000000180046ab0 f i collisioncodegen_CollisionGeometry.obj
 0001:00045ba0       ?_Change_array@?$vector@V?$vector@_KV?$allocator@_K@std@@@std@@V?$allocator@V?$vector@_KV?$allocator@_K@std@@@std@@@2@@std@@AEAAXQEAV?$vector@_KV?$allocator@_K@std@@@2@_K1@Z 0000000180046ba0 f i collisioncodegen_CollisionGeometry.obj
 0001:00045ca0       ?_Change_array@?$vector@_KV?$allocator@_K@std@@@std@@AEAAXQEA_K_K1@Z 0000000180046ca0 f i collisioncodegen_CollisionGeometry.obj
 0001:00045d90       ?_Compat@?$_Vector_const_iterator@V?$_Vector_val@U?$_Simple_types@N@std@@@std@@@std@@QEBAXAEBV12@@Z 0000000180046d90 f i collisioncodegen_CollisionGeometry.obj
 0001:00045da0       ?_Get_first@?$_Compressed_pair@V?$allocator@N@std@@V?$_Vector_val@U?$_Simple_types@N@std@@@2@$00@std@@QEAAAEAV?$allocator@N@2@XZ 0000000180046da0 f i collisioncodegen_CollisionGeometry.obj
 0001:00045db0       ?_Get_first@?$_Compressed_pair@V?$allocator@N@std@@V?$_Vector_val@U?$_Simple_types@N@std@@@2@$00@std@@QEBAAEBV?$allocator@N@2@XZ 0000000180046db0 f i collisioncodegen_CollisionGeometry.obj
 0001:00045dc0       ?_Get_first@?$_Compressed_pair@V?$allocator@U_ccd_vec3_t@@@std@@V?$_Vector_val@U?$_Simple_types@U_ccd_vec3_t@@@std@@@2@$00@std@@QEAAAEAV?$allocator@U_ccd_vec3_t@@@2@XZ 0000000180046dc0 f i collisioncodegen_CollisionGeometry.obj
 0001:00045dd0       ?_Get_first@?$_Compressed_pair@V?$allocator@U_idx_vec3_t@shared_robotics@@@std@@V?$_Vector_val@U?$_Simple_types@U_idx_vec3_t@shared_robotics@@@std@@@2@$00@std@@QEAAAEAV?$allocator@U_idx_vec3_t@shared_robotics@@@2@XZ 0000000180046dd0 f i collisioncodegen_CollisionGeometry.obj
 0001:00045de0       ?_Get_first@?$_Compressed_pair@V?$allocator@V?$vector@_KV?$allocator@_K@std@@@std@@@std@@V?$_Vector_val@U?$_Simple_types@V?$vector@_KV?$allocator@_K@std@@@std@@@std@@@2@$00@std@@QEAAAEAV?$allocator@V?$vector@_KV?$allocator@_K@std@@@std@@@2@XZ 0000000180046de0 f i collisioncodegen_CollisionGeometry.obj
 0001:00045df0       ?_Get_first@?$_Compressed_pair@V?$allocator@V?$vector@_KV?$allocator@_K@std@@@std@@@std@@V?$_Vector_val@U?$_Simple_types@V?$vector@_KV?$allocator@_K@std@@@std@@@std@@@2@$00@std@@QEBAAEBV?$allocator@V?$vector@_KV?$allocator@_K@std@@@std@@@2@XZ 0000000180046df0 f i collisioncodegen_CollisionGeometry.obj
 0001:00045e00       ?_Get_first@?$_Compressed_pair@V?$allocator@_K@std@@V?$_Vector_val@U?$_Simple_types@_K@std@@@2@$00@std@@QEAAAEAV?$allocator@_K@2@XZ 0000000180046e00 f i collisioncodegen_CollisionGeometry.obj
 0001:00045e10       ?_Get_first@?$_Compressed_pair@V?$allocator@_K@std@@V?$_Vector_val@U?$_Simple_types@_K@std@@@2@$00@std@@QEBAAEBV?$allocator@_K@2@XZ 0000000180046e10 f i collisioncodegen_CollisionGeometry.obj
 0001:00045e20       ?_Getal@?$vector@NV?$allocator@N@std@@@std@@AEAAAEAV?$allocator@N@2@XZ 0000000180046e20 f i collisioncodegen_CollisionGeometry.obj
 0001:00045e40       ?_Getal@?$vector@NV?$allocator@N@std@@@std@@AEBAAEBV?$allocator@N@2@XZ 0000000180046e40 f i collisioncodegen_CollisionGeometry.obj
 0001:00045e60       ?_Getal@?$vector@U_ccd_vec3_t@@V?$allocator@U_ccd_vec3_t@@@std@@@std@@AEAAAEAV?$allocator@U_ccd_vec3_t@@@2@XZ 0000000180046e60 f i collisioncodegen_CollisionGeometry.obj
 0001:00045e80       ?_Getal@?$vector@U_idx_vec3_t@shared_robotics@@V?$allocator@U_idx_vec3_t@shared_robotics@@@std@@@std@@AEAAAEAV?$allocator@U_idx_vec3_t@shared_robotics@@@2@XZ 0000000180046e80 f i collisioncodegen_CollisionGeometry.obj
 0001:00045ea0       ?_Getal@?$vector@V?$vector@_KV?$allocator@_K@std@@@std@@V?$allocator@V?$vector@_KV?$allocator@_K@std@@@std@@@2@@std@@AEAAAEAV?$allocator@V?$vector@_KV?$allocator@_K@std@@@std@@@2@XZ 0000000180046ea0 f i collisioncodegen_CollisionGeometry.obj
 0001:00045ec0       ?_Getal@?$vector@V?$vector@_KV?$allocator@_K@std@@@std@@V?$allocator@V?$vector@_KV?$allocator@_K@std@@@std@@@2@@std@@AEBAAEBV?$allocator@V?$vector@_KV?$allocator@_K@std@@@std@@@2@XZ 0000000180046ec0 f i collisioncodegen_CollisionGeometry.obj
 0001:00045ee0       ?_Getal@?$vector@_KV?$allocator@_K@std@@@std@@AEAAAEAV?$allocator@_K@2@XZ 0000000180046ee0 f i collisioncodegen_CollisionGeometry.obj
 0001:00045f00       ?_Getal@?$vector@_KV?$allocator@_K@std@@@std@@AEBAAEBV?$allocator@_K@2@XZ 0000000180046f00 f i collisioncodegen_CollisionGeometry.obj
 0001:00045f20       ?_Orphan_all@_Container_base0@std@@QEAAXXZ 0000000180046f20 f i collisioncodegen_CollisionGeometry.obj
 0001:00045f30       ?_Orphan_range@?$vector@NV?$allocator@N@std@@@std@@AEBAXPEAN0@Z 0000000180046f30 f i collisioncodegen_CollisionGeometry.obj
 0001:00045f40       ?_Orphan_range@?$vector@V?$vector@_KV?$allocator@_K@std@@@std@@V?$allocator@V?$vector@_KV?$allocator@_K@std@@@std@@@2@@std@@AEBAXPEAV?$vector@_KV?$allocator@_K@std@@@2@0@Z 0000000180046f40 f i collisioncodegen_CollisionGeometry.obj
 0001:00045f50       ?_Orphan_range@?$vector@_KV?$allocator@_K@std@@@std@@AEBAXPEA_K0@Z 0000000180046f50 f i collisioncodegen_CollisionGeometry.obj
 0001:00045f60       ?_Release@?$_Uninitialized_backout_al@V?$allocator@N@std@@@std@@QEAAPEANXZ 0000000180046f60 f i collisioncodegen_CollisionGeometry.obj
 0001:00045f80       ?_Release@?$_Uninitialized_backout_al@V?$allocator@V?$vector@_KV?$allocator@_K@std@@@std@@@std@@@std@@QEAAPEAV?$vector@_KV?$allocator@_K@std@@@2@XZ 0000000180046f80 f i collisioncodegen_CollisionGeometry.obj
 0001:00045fa0       ?_Release@?$_Uninitialized_backout_al@V?$allocator@_K@std@@@std@@QEAAPEA_KXZ 0000000180046fa0 f i collisioncodegen_CollisionGeometry.obj
 0001:00045fc0       ?_Seek_to@?$_Vector_const_iterator@V?$_Vector_val@U?$_Simple_types@N@std@@@std@@@std@@QEAAXPEBN@Z 0000000180046fc0 f i collisioncodegen_CollisionGeometry.obj
 0001:00045ff0       ?_Seek_to@?$_Vector_const_iterator@V?$_Vector_val@U?$_Simple_types@_K@std@@@std@@@std@@QEAAXPEB_K@Z 0000000180046ff0 f i collisioncodegen_CollisionGeometry.obj
 0001:00046020       ?_Swap_proxy_and_iterators@_Container_base0@std@@QEAAXAEAU12@@Z 0000000180047020 f i collisioncodegen_CollisionGeometry.obj
 0001:00046030       ?_Throw_bad_array_new_length@std@@YAXXZ 0000000180047030 f i collisioncodegen_CollisionGeometry.obj
 0001:00046060       ?_Tidy@?$vector@NV?$allocator@N@std@@@std@@AEAAXXZ 0000000180047060 f i collisioncodegen_CollisionGeometry.obj
 0001:00046130       ?_Tidy@?$vector@U_ccd_vec3_t@@V?$allocator@U_ccd_vec3_t@@@std@@@std@@AEAAXXZ 0000000180047130 f i collisioncodegen_CollisionGeometry.obj
 0001:00046210       ?_Tidy@?$vector@U_idx_vec3_t@shared_robotics@@V?$allocator@U_idx_vec3_t@shared_robotics@@@std@@@std@@AEAAXXZ 0000000180047210 f i collisioncodegen_CollisionGeometry.obj
 0001:000462f0       ?_Tidy@?$vector@V?$vector@_KV?$allocator@_K@std@@@std@@V?$allocator@V?$vector@_KV?$allocator@_K@std@@@std@@@2@@std@@AEAAXXZ 00000001800472f0 f i collisioncodegen_CollisionGeometry.obj
 0001:000463d0       ?_Tidy@?$vector@_KV?$allocator@_K@std@@@std@@AEAAXXZ 00000001800473d0 f i collisioncodegen_CollisionGeometry.obj
 0001:000464a0       ?_Unchecked_begin@?$vector@U_ccd_vec3_t@@V?$allocator@U_ccd_vec3_t@@@std@@@std@@QEBAPEBU_ccd_vec3_t@@XZ 00000001800474a0 f i collisioncodegen_CollisionGeometry.obj
 0001:000464b0       ?_Unchecked_end@?$vector@U_ccd_vec3_t@@V?$allocator@U_ccd_vec3_t@@@std@@@std@@QEBAPEBU_ccd_vec3_t@@XZ 00000001800474b0 f i collisioncodegen_CollisionGeometry.obj
 0001:000464c0       ?_Unwrapped@?$_Vector_iterator@V?$_Vector_val@U?$_Simple_types@N@std@@@std@@@std@@QEBAPEANXZ 00000001800474c0 f i collisioncodegen_CollisionGeometry.obj
 0001:000464e0       ?_Unwrapped@?$_Vector_iterator@V?$_Vector_val@U?$_Simple_types@_K@std@@@std@@@std@@QEBAPEA_KXZ 00000001800474e0 f i collisioncodegen_CollisionGeometry.obj
 0001:00046500       ?_Xlength@?$vector@NV?$allocator@N@std@@@std@@CAXXZ 0000000180047500 f i collisioncodegen_CollisionGeometry.obj
 0001:00046520       ?_Xlength@?$vector@V?$vector@_KV?$allocator@_K@std@@@std@@V?$allocator@V?$vector@_KV?$allocator@_K@std@@@std@@@2@@std@@CAXXZ 0000000180047520 f i collisioncodegen_CollisionGeometry.obj
 0001:00046540       ?_Xlength@?$vector@_KV?$allocator@_K@std@@@std@@CAXXZ 0000000180047540 f i collisioncodegen_CollisionGeometry.obj
 0001:00046560       ?allocate@?$allocator@N@std@@QEAAPEAN_K@Z 0000000180047560 f i collisioncodegen_CollisionGeometry.obj
 0001:00046590       ?allocate@?$allocator@V?$vector@_KV?$allocator@_K@std@@@std@@@std@@QEAAPEAV?$vector@_KV?$allocator@_K@std@@@2@_K@Z 0000000180047590 f i collisioncodegen_CollisionGeometry.obj
 0001:000465c0       ?allocate@?$allocator@_K@std@@QEAAPEA_K_K@Z 00000001800475c0 f i collisioncodegen_CollisionGeometry.obj
 0001:000465f0       ?begin@?$vector@NV?$allocator@N@std@@@std@@QEAA?AV?$_Vector_iterator@V?$_Vector_val@U?$_Simple_types@N@std@@@std@@@2@XZ 00000001800475f0 f i collisioncodegen_CollisionGeometry.obj
 0001:00046640       ?begin@?$vector@_KV?$allocator@_K@std@@@std@@QEAA?AV?$_Vector_iterator@V?$_Vector_val@U?$_Simple_types@_K@std@@@std@@@2@XZ 0000000180047640 f i collisioncodegen_CollisionGeometry.obj
 0001:00046690       ?capacity@?$vector@NV?$allocator@N@std@@@std@@QEBA_KXZ 0000000180047690 f i collisioncodegen_CollisionGeometry.obj
 0001:000466c0       ?capacity@?$vector@V?$vector@_KV?$allocator@_K@std@@@std@@V?$allocator@V?$vector@_KV?$allocator@_K@std@@@std@@@2@@std@@QEBA_KXZ 00000001800476c0 f i collisioncodegen_CollisionGeometry.obj
 0001:00046700       ?capacity@?$vector@_KV?$allocator@_K@std@@@std@@QEBA_KXZ 0000000180047700 f i collisioncodegen_CollisionGeometry.obj
 0001:00046730       ?clear@?$vector@_KV?$allocator@_K@std@@@std@@QEAAXXZ 0000000180047730 f i collisioncodegen_CollisionGeometry.obj
 0001:000467a0       ?deallocate@?$allocator@N@std@@QEAAXQEAN_K@Z 00000001800477a0 f i collisioncodegen_CollisionGeometry.obj
 0001:000467d0       ?deallocate@?$allocator@U_ccd_vec3_t@@@std@@QEAAXQEAU_ccd_vec3_t@@_K@Z 00000001800477d0 f i collisioncodegen_CollisionGeometry.obj
 0001:00046800       ?deallocate@?$allocator@U_idx_vec3_t@shared_robotics@@@std@@QEAAXQEAU_idx_vec3_t@shared_robotics@@_K@Z 0000000180047800 f i collisioncodegen_CollisionGeometry.obj
 0001:00046830       ?deallocate@?$allocator@V?$vector@_KV?$allocator@_K@std@@@std@@@std@@QEAAXQEAV?$vector@_KV?$allocator@_K@std@@@2@_K@Z 0000000180047830 f i collisioncodegen_CollisionGeometry.obj
 0001:00046860       ?deallocate@?$allocator@_K@std@@QEAAXQEA_K_K@Z 0000000180047860 f i collisioncodegen_CollisionGeometry.obj
 0001:00046890       ?end@?$vector@NV?$allocator@N@std@@@std@@QEAA?AV?$_Vector_iterator@V?$_Vector_val@U?$_Simple_types@N@std@@@std@@@2@XZ 0000000180047890 f i collisioncodegen_CollisionGeometry.obj
 0001:000468e0       ?end@?$vector@_KV?$allocator@_K@std@@@std@@QEAA?AV?$_Vector_iterator@V?$_Vector_val@U?$_Simple_types@_K@std@@@std@@@2@XZ 00000001800478e0 f i collisioncodegen_CollisionGeometry.obj
 0001:00046930       ?eof@?$_Narrow_char_traits@DH@std@@SAHXZ 0000000180047930 f i collisioncodegen_CollisionGeometry.obj
 0001:00046940       ?eq_int_type@?$_Narrow_char_traits@DH@std@@SA_NAEBH0@Z 0000000180047940 f i collisioncodegen_CollisionGeometry.obj
 0001:00046980       ?erase@?$vector@_KV?$allocator@_K@std@@@std@@QEAA?AV?$_Vector_iterator@V?$_Vector_val@U?$_Simple_types@_K@std@@@std@@@2@V?$_Vector_const_iterator@V?$_Vector_val@U?$_Simple_types@_K@std@@@std@@@2@0@Z 0000000180047980 f i collisioncodegen_CollisionGeometry.obj
 0001:00046a60       ?length@?$_Narrow_char_traits@DH@std@@SA_KQEBD@Z 0000000180047a60 f i collisioncodegen_CollisionGeometry.obj
 0001:00046a80       ?max@?$numeric_limits@_J@std@@SA_JXZ 0000000180047a80 f i collisioncodegen_CollisionGeometry.obj
 0001:00046a90       ?max_size@?$_Default_allocator_traits@V?$allocator@N@std@@@std@@SA_KAEBV?$allocator@N@2@@Z 0000000180047a90 f i collisioncodegen_CollisionGeometry.obj
 0001:00046aa0       ?max_size@?$_Default_allocator_traits@V?$allocator@V?$vector@_KV?$allocator@_K@std@@@std@@@std@@@std@@SA_KAEBV?$allocator@V?$vector@_KV?$allocator@_K@std@@@std@@@2@@Z 0000000180047aa0 f i collisioncodegen_CollisionGeometry.obj
 0001:00046ab0       ?max_size@?$_Default_allocator_traits@V?$allocator@_K@std@@@std@@SA_KAEBV?$allocator@_K@2@@Z 0000000180047ab0 f i collisioncodegen_CollisionGeometry.obj
 0001:00046ac0       ?max_size@?$vector@NV?$allocator@N@std@@@std@@QEBA_KXZ 0000000180047ac0 f i collisioncodegen_CollisionGeometry.obj
 0001:00046b10       ?max_size@?$vector@V?$vector@_KV?$allocator@_K@std@@@std@@V?$allocator@V?$vector@_KV?$allocator@_K@std@@@std@@@2@@std@@QEBA_KXZ 0000000180047b10 f i collisioncodegen_CollisionGeometry.obj
 0001:00046b60       ?max_size@?$vector@_KV?$allocator@_K@std@@@std@@QEBA_KXZ 0000000180047b60 f i collisioncodegen_CollisionGeometry.obj
 0001:00046bb0       ?push_back@?$vector@NV?$allocator@N@std@@@std@@QEAAX$$QEAN@Z 0000000180047bb0 f i collisioncodegen_CollisionGeometry.obj
 0001:00046be0       ?push_back@?$vector@_KV?$allocator@_K@std@@@std@@QEAAXAEB_K@Z 0000000180047be0 f i collisioncodegen_CollisionGeometry.obj
 0001:00046c10       ?resize@?$vector@V?$vector@_KV?$allocator@_K@std@@@std@@V?$allocator@V?$vector@_KV?$allocator@_K@std@@@std@@@2@@std@@QEAAX_K@Z 0000000180047c10 f i collisioncodegen_CollisionGeometry.obj
 0001:00046c40       ?resize@?$vector@_KV?$allocator@_K@std@@@std@@QEAAX_K@Z 0000000180047c40 f i collisioncodegen_CollisionGeometry.obj
 0001:00046c70       ?sign@CollisionGeometry@shared_robotics@@IEBAHN@Z 0000000180047c70 f i collisioncodegen_CollisionGeometry.obj
 0001:00046cc0       ?size@?$vector@_KV?$allocator@_K@std@@@std@@QEBA_KXZ 0000000180047cc0 f i collisioncodegen_CollisionGeometry.obj
 0001:00046cf0       ?what@exception@std@@UEBAPEBDXZ 0000000180047cf0 f i collisioncodegen_CollisionGeometry.obj
 0001:00046da0       collisioncodegen_makeBox   0000000180047da0 f   collisioncodegen_api.obj
 0001:00046e20       collisioncodegen_makeSphere 0000000180047e20 f   collisioncodegen_api.obj
 0001:00046e80       collisioncodegen_makeCylinder 0000000180047e80 f   collisioncodegen_api.obj
 0001:00046ef0       collisioncodegen_makeCapsule 0000000180047ef0 f   collisioncodegen_api.obj
 0001:00046f70       collisioncodegen_makeMesh  0000000180047f70 f   collisioncodegen_api.obj
 0001:00046fe0       collisioncodegen_intersect 0000000180047fe0 f   collisioncodegen_api.obj
 0001:00047070       collisioncodegen_destructGeometry 0000000180048070 f   collisioncodegen_api.obj
 0001:000470d0       collisioncodegen_copyGeometry 00000001800480d0 f   collisioncodegen_api.obj
 0001:00047140       collisioncodegen_getVertices 0000000180048140 f   collisioncodegen_api.obj
 0001:00047210       collisioncodegen_getNumVertices 0000000180048210 f   collisioncodegen_api.obj
 0001:00047260       collisioncodegen_getX      0000000180048260 f   collisioncodegen_api.obj
 0001:00047280       collisioncodegen_getY      0000000180048280 f   collisioncodegen_api.obj
 0001:000472a0       collisioncodegen_getZ      00000001800482a0 f   collisioncodegen_api.obj
 0001:000472c0       collisioncodegen_getRadius 00000001800482c0 f   collisioncodegen_api.obj
 0001:000472e0       collisioncodegen_getLength 00000001800482e0 f   collisioncodegen_api.obj
 0001:00047300       collisioncodegen_getType   0000000180048300 f   collisioncodegen_api.obj
 0001:000473a0       ??$?0$$V@?$_Compressed_pair@V?$allocator@D@std@@V?$_String_val@U?$_Simple_types@D@std@@@2@$00@std@@QEAA@U_Zero_then_variadic_args_t@1@@Z 00000001800483a0 f i collisioncodegen_api.obj
 0001:000473d0       ??$?0$$V@?$_Compressed_pair@V?$allocator@U_ccd_vec3_t@@@std@@V?$_Vector_val@U?$_Simple_types@U_ccd_vec3_t@@@std@@@2@$00@std@@QEAA@U_Zero_then_variadic_args_t@1@@Z 00000001800483d0 f i collisioncodegen_api.obj
 0001:00047400       ??$?0$$V@?$_Compressed_pair@V?$allocator@U_idx_vec3_t@shared_robotics@@@std@@V?$_Vector_val@U?$_Simple_types@U_idx_vec3_t@shared_robotics@@@std@@@2@$00@std@@QEAA@U_Zero_then_variadic_args_t@1@@Z 0000000180048400 f i collisioncodegen_api.obj
 0001:00047430       ??$?0$$V@?$_Compressed_pair@V?$allocator@V?$vector@_KV?$allocator@_K@std@@@std@@@std@@V?$_Vector_val@U?$_Simple_types@V?$vector@_KV?$allocator@_K@std@@@std@@@std@@@2@$00@std@@QEAA@U_Zero_then_variadic_args_t@1@@Z 0000000180048430 f i collisioncodegen_api.obj
 0001:00047460       ??$?0V?$allocator@U_ccd_vec3_t@@@std@@$$V@?$_Compressed_pair@V?$allocator@U_ccd_vec3_t@@@std@@V?$_Vector_val@U?$_Simple_types@U_ccd_vec3_t@@@std@@@2@$00@std@@QEAA@U_One_then_variadic_args_t@1@$$QEAV?$allocator@U_ccd_vec3_t@@@1@@Z 0000000180048460 f i collisioncodegen_api.obj
 0001:000474a0       ??$?0V?$allocator@U_idx_vec3_t@shared_robotics@@@std@@$$V@?$_Compressed_pair@V?$allocator@U_idx_vec3_t@shared_robotics@@@std@@V?$_Vector_val@U?$_Simple_types@U_idx_vec3_t@shared_robotics@@@std@@@2@$00@std@@QEAA@U_One_then_variadic_args_t@1@$$QEAV?$allocator@U_idx_vec3_t@shared_robotics@@@1@@Z 00000001800484a0 f i collisioncodegen_api.obj
 0001:000474e0       ??$?0V?$allocator@V?$vector@_KV?$allocator@_K@std@@@std@@@std@@$$V@?$_Compressed_pair@V?$allocator@V?$vector@_KV?$allocator@_K@std@@@std@@@std@@V?$_Vector_val@U?$_Simple_types@V?$vector@_KV?$allocator@_K@std@@@std@@@std@@@2@$00@std@@QEAA@U_One_then_variadic_args_t@1@$$QEAV?$allocator@V?$vector@_KV?$allocator@_K@std@@@std@@@1@@Z 00000001800484e0 f i collisioncodegen_api.obj
 0001:00047520       ??$?0V?$allocator@_K@std@@$$V@?$_Compressed_pair@V?$allocator@_K@std@@V?$_Vector_val@U?$_Simple_types@_K@std@@@2@$00@std@@QEAA@U_One_then_variadic_args_t@1@$$QEAV?$allocator@_K@1@@Z 0000000180048520 f i collisioncodegen_api.obj
 0001:00047560       ??$_Construct_in_place@PEADAEBQEAD@std@@YAXAEAPEADAEBQEAD@Z 0000000180048560 f i collisioncodegen_api.obj
 0001:000475b0       ??$_Construct_n@AEBQEAU_ccd_vec3_t@@AEBQEAU1@@?$vector@U_ccd_vec3_t@@V?$allocator@U_ccd_vec3_t@@@std@@@std@@AEAAX_KAEBQEAU_ccd_vec3_t@@1@Z 00000001800485b0 f i collisioncodegen_api.obj
 0001:00047690       ??$_Construct_n@AEBQEAU_idx_vec3_t@shared_robotics@@AEBQEAU12@@?$vector@U_idx_vec3_t@shared_robotics@@V?$allocator@U_idx_vec3_t@shared_robotics@@@std@@@std@@AEAAX_KAEBQEAU_idx_vec3_t@shared_robotics@@1@Z 0000000180048690 f i collisioncodegen_api.obj
 0001:00047770       ??$_Construct_n@AEBQEAV?$vector@_KV?$allocator@_K@std@@@std@@AEBQEAV12@@?$vector@V?$vector@_KV?$allocator@_K@std@@@std@@V?$allocator@V?$vector@_KV?$allocator@_K@std@@@std@@@2@@std@@AEAAX_KAEBQEAV?$vector@_KV?$allocator@_K@std@@@1@1@Z 0000000180048770 f i collisioncodegen_api.obj
 0001:00047850       ??$_Construct_n@AEBQEA_KAEBQEA_K@?$vector@_KV?$allocator@_K@std@@@std@@AEAAX_KAEBQEA_K1@Z 0000000180048850 f i collisioncodegen_api.obj
 0001:00047930       ??$_Convert_size@_K@std@@YA_K_K@Z 0000000180048930 f i collisioncodegen_api.obj
 0001:00047940       ??$_Copy_memmove@PEAU_ccd_vec3_t@@PEAU1@@std@@YAPEAU_ccd_vec3_t@@PEAU1@00@Z 0000000180048940 f i collisioncodegen_api.obj
 0001:000479e0       ??$_Copy_memmove@PEAU_idx_vec3_t@shared_robotics@@PEAU12@@std@@YAPEAU_idx_vec3_t@shared_robotics@@PEAU12@00@Z 00000001800489e0 f i collisioncodegen_api.obj
 0001:00047a80       ??$_Destroy_in_place@PEAD@std@@YAXAEAPEAD@Z 0000000180048a80 f i collisioncodegen_api.obj
 0001:00047a90       ??$_Emplace_back@AEAU_ccd_vec3_t@@@?$_Uninitialized_backout_al@V?$allocator@U_ccd_vec3_t@@@std@@@std@@QEAAXAEAU_ccd_vec3_t@@@Z 0000000180048a90 f i collisioncodegen_api.obj
 0001:00047af0       ??$_Emplace_back@AEAU_idx_vec3_t@shared_robotics@@@?$_Uninitialized_backout_al@V?$allocator@U_idx_vec3_t@shared_robotics@@@std@@@std@@QEAAXAEAU_idx_vec3_t@shared_robotics@@@Z 0000000180048af0 f i collisioncodegen_api.obj
 0001:00047b50       ??$_Emplace_back@AEAV?$vector@_KV?$allocator@_K@std@@@std@@@?$_Uninitialized_backout_al@V?$allocator@V?$vector@_KV?$allocator@_K@std@@@std@@@std@@@std@@QEAAXAEAV?$vector@_KV?$allocator@_K@std@@@1@@Z 0000000180048b50 f i collisioncodegen_api.obj
 0001:00047bb0       ??$_Emplace_back@AEA_K@?$_Uninitialized_backout_al@V?$allocator@_K@std@@@std@@QEAAXAEA_K@Z 0000000180048bb0 f i collisioncodegen_api.obj
 0001:00047c10       ??$_Emplace_back@U_ccd_vec3_t@@@?$_Uninitialized_backout_al@V?$allocator@U_ccd_vec3_t@@@std@@@std@@QEAAX$$QEAU_ccd_vec3_t@@@Z 0000000180048c10 f i collisioncodegen_api.obj
 0001:00047c70       ??$_Emplace_back_with_unused_capacity@AEBU_ccd_vec3_t@@@?$vector@U_ccd_vec3_t@@V?$allocator@U_ccd_vec3_t@@@std@@@std@@AEAA?A_TAEBU_ccd_vec3_t@@@Z 0000000180048c70 f i collisioncodegen_api.obj
 0001:00047d20       ??$_Emplace_reallocate@AEBU_ccd_vec3_t@@@?$vector@U_ccd_vec3_t@@V?$allocator@U_ccd_vec3_t@@@std@@@std@@QEAAPEAU_ccd_vec3_t@@QEAU2@AEBU2@@Z 0000000180048d20 f i collisioncodegen_api.obj
 0001:00047f40       ??$_Get_size_of_n@$00@std@@YA_K_K@Z 0000000180048f40 f i collisioncodegen_api.obj
 0001:00047f60       ??$_Get_unwrapped@AEBQEAU_ccd_vec3_t@@@std@@YA?A_TAEBQEAU_ccd_vec3_t@@@Z 0000000180048f60 f i collisioncodegen_api.obj
 0001:00047f70       ??$_Get_unwrapped@AEBQEAU_idx_vec3_t@shared_robotics@@@std@@YA?A_TAEBQEAU_idx_vec3_t@shared_robotics@@@Z 0000000180048f70 f i collisioncodegen_api.obj
 0001:00047f80       ??$_Reallocate_for@V<lambda_66f57f934f28d61049862f64df852ff0>@@PEBD@?$basic_string@DU?$char_traits@D@std@@V?$allocator@D@2@@std@@AEAAAEAV01@_KV<lambda_66f57f934f28d61049862f64df852ff0>@@PEBD@Z 0000000180048f80 f i collisioncodegen_api.obj
 0001:000480a0       ??$_To_address@PEAU_ccd_vec3_t@@@std@@YA?A_PAEBQEAU_ccd_vec3_t@@@Z 00000001800490a0 f i collisioncodegen_api.obj
 0001:000480b0       ??$_To_address@PEAU_idx_vec3_t@shared_robotics@@@std@@YA?A_PAEBQEAU_idx_vec3_t@shared_robotics@@@Z 00000001800490b0 f i collisioncodegen_api.obj
 0001:000480c0       ??$_Unfancy@D@std@@YAPEADPEAD@Z 00000001800490c0 f i collisioncodegen_api.obj
 0001:000480d0       ??$_Unfancy@U_ccd_vec3_t@@@std@@YAPEAU_ccd_vec3_t@@PEAU1@@Z 00000001800490d0 f i collisioncodegen_api.obj
 0001:000480e0       ??$_Unfancy@U_idx_vec3_t@shared_robotics@@@std@@YAPEAU_idx_vec3_t@shared_robotics@@PEAU12@@Z 00000001800490e0 f i collisioncodegen_api.obj
 0001:000480f0       ??$_Uninitialized_copy@PEAU_ccd_vec3_t@@V?$allocator@U_ccd_vec3_t@@@std@@@std@@YAPEAU_ccd_vec3_t@@QEAU1@0PEAU1@AEAV?$allocator@U_ccd_vec3_t@@@0@@Z 00000001800490f0 f i collisioncodegen_api.obj
 0001:000481e0       ??$_Uninitialized_copy@PEAU_idx_vec3_t@shared_robotics@@V?$allocator@U_idx_vec3_t@shared_robotics@@@std@@@std@@YAPEAU_idx_vec3_t@shared_robotics@@QEAU12@0PEAU12@AEAV?$allocator@U_idx_vec3_t@shared_robotics@@@0@@Z 00000001800491e0 f i collisioncodegen_api.obj
 0001:000482d0       ??$_Uninitialized_copy@PEAV?$vector@_KV?$allocator@_K@std@@@std@@V?$allocator@V?$vector@_KV?$allocator@_K@std@@@std@@@2@@std@@YAPEAV?$vector@_KV?$allocator@_K@std@@@0@QEAV10@0PEAV10@AEAV?$allocator@V?$vector@_KV?$allocator@_K@std@@@std@@@0@@Z 00000001800492d0 f i collisioncodegen_api.obj
 0001:00048370       ??$_Uninitialized_copy@PEA_KV?$allocator@_K@std@@@std@@YAPEA_KQEA_K0PEA_KAEAV?$allocator@_K@0@@Z 0000000180049370 f i collisioncodegen_api.obj
 0001:00048450       ??$_Uninitialized_move@PEAU_ccd_vec3_t@@V?$allocator@U_ccd_vec3_t@@@std@@@std@@YAPEAU_ccd_vec3_t@@QEAU1@0PEAU1@AEAV?$allocator@U_ccd_vec3_t@@@0@@Z 0000000180049450 f i collisioncodegen_api.obj
 0001:00048540       ??$_Voidify_iter@PEAPEAD@std@@YAPEAXPEAPEAD@Z 0000000180049540 f i collisioncodegen_api.obj
 0001:00048550       ??$_Voidify_iter@PEAU_ccd_vec3_t@@@std@@YAPEAXPEAU_ccd_vec3_t@@@Z 0000000180049550 f i collisioncodegen_api.obj
 0001:00048560       ??$_Voidify_iter@PEAU_idx_vec3_t@shared_robotics@@@std@@YAPEAXPEAU_idx_vec3_t@shared_robotics@@@Z 0000000180049560 f i collisioncodegen_api.obj
 0001:00048570       ??$addressof@PEAD@std@@YAPEAPEADAEAPEAD@Z 0000000180049570 f i collisioncodegen_api.obj
 0001:00048580       ??$construct@U_ccd_vec3_t@@AEAU1@@?$_Default_allocator_traits@V?$allocator@U_ccd_vec3_t@@@std@@@std@@SAXAEAV?$allocator@U_ccd_vec3_t@@@1@QEAU_ccd_vec3_t@@AEAU3@@Z 0000000180049580 f i collisioncodegen_api.obj
 0001:000485e0       ??$construct@U_ccd_vec3_t@@AEBU1@@?$_Default_allocator_traits@V?$allocator@U_ccd_vec3_t@@@std@@@std@@SAXAEAV?$allocator@U_ccd_vec3_t@@@1@QEAU_ccd_vec3_t@@AEBU3@@Z 00000001800495e0 f i collisioncodegen_api.obj
 0001:00048640       ??$construct@U_ccd_vec3_t@@U1@@?$_Default_allocator_traits@V?$allocator@U_ccd_vec3_t@@@std@@@std@@SAXAEAV?$allocator@U_ccd_vec3_t@@@1@QEAU_ccd_vec3_t@@$$QEAU3@@Z 0000000180049640 f i collisioncodegen_api.obj
 0001:000486a0       ??$construct@U_idx_vec3_t@shared_robotics@@AEAU12@@?$_Default_allocator_traits@V?$allocator@U_idx_vec3_t@shared_robotics@@@std@@@std@@SAXAEAV?$allocator@U_idx_vec3_t@shared_robotics@@@1@QEAU_idx_vec3_t@shared_robotics@@AEAU34@@Z 00000001800496a0 f i collisioncodegen_api.obj
 0001:00048700       ??$construct@V?$vector@_KV?$allocator@_K@std@@@std@@AEAV12@@?$_Default_allocator_traits@V?$allocator@V?$vector@_KV?$allocator@_K@std@@@std@@@std@@@std@@SAXAEAV?$allocator@V?$vector@_KV?$allocator@_K@std@@@std@@@1@QEAV?$vector@_KV?$allocator@_K@std@@@1@AEAV31@@Z 0000000180049700 f i collisioncodegen_api.obj
 0001:00048750       ??$construct@_KAEA_K@?$_Default_allocator_traits@V?$allocator@_K@std@@@std@@SAXAEAV?$allocator@_K@1@QEA_KAEA_K@Z 0000000180049750 f i collisioncodegen_api.obj
 0001:000487a0       ??$emplace_back@AEBU_ccd_vec3_t@@@?$vector@U_ccd_vec3_t@@V?$allocator@U_ccd_vec3_t@@@std@@@std@@QEAA?A_TAEBU_ccd_vec3_t@@@Z 00000001800497a0 f i collisioncodegen_api.obj
 0001:00048820       ??$forward@AEAU_ccd_vec3_t@@@std@@YAAEAU_ccd_vec3_t@@AEAU1@@Z 0000000180049820 f i collisioncodegen_api.obj
 0001:00048830       ??$forward@AEAU_idx_vec3_t@shared_robotics@@@std@@YAAEAU_idx_vec3_t@shared_robotics@@AEAU12@@Z 0000000180049830 f i collisioncodegen_api.obj
 0001:00048840       ??$forward@AEAV?$vector@_KV?$allocator@_K@std@@@std@@@std@@YAAEAV?$vector@_KV?$allocator@_K@std@@@0@AEAV10@@Z 0000000180049840 f i collisioncodegen_api.obj
 0001:00048850       ??$forward@AEA_K@std@@YAAEA_KAEA_K@Z 0000000180049850 f i collisioncodegen_api.obj
 0001:00048860       ??$forward@AEBQEAD@std@@YAAEBQEADAEBQEAD@Z 0000000180049860 f i collisioncodegen_api.obj
 0001:00048870       ??$forward@AEBQEAU_ccd_vec3_t@@@std@@YAAEBQEAU_ccd_vec3_t@@AEBQEAU1@@Z 0000000180049870 f i collisioncodegen_api.obj
 0001:00048880       ??$forward@AEBQEAU_idx_vec3_t@shared_robotics@@@std@@YAAEBQEAU_idx_vec3_t@shared_robotics@@AEBQEAU12@@Z 0000000180049880 f i collisioncodegen_api.obj
 0001:00048890       ??$forward@AEBQEAV?$vector@_KV?$allocator@_K@std@@@std@@@std@@YAAEBQEAV?$vector@_KV?$allocator@_K@std@@@0@AEBQEAV10@@Z 0000000180049890 f i collisioncodegen_api.obj
 0001:000488a0       ??$forward@AEBU_ccd_vec3_t@@@std@@YAAEBU_ccd_vec3_t@@AEBU1@@Z 00000001800498a0 f i collisioncodegen_api.obj
 0001:000488b0       ??$forward@U_ccd_vec3_t@@@std@@YA$$QEAU_ccd_vec3_t@@AEAU1@@Z 00000001800498b0 f i collisioncodegen_api.obj
 0001:000488c0       ??$forward@V?$allocator@U_ccd_vec3_t@@@std@@@std@@YA$$QEAV?$allocator@U_ccd_vec3_t@@@0@AEAV10@@Z 00000001800498c0 f i collisioncodegen_api.obj
 0001:000488d0       ??$forward@V?$allocator@U_idx_vec3_t@shared_robotics@@@std@@@std@@YA$$QEAV?$allocator@U_idx_vec3_t@shared_robotics@@@0@AEAV10@@Z 00000001800498d0 f i collisioncodegen_api.obj
 0001:000488e0       ??$forward@V?$allocator@V?$vector@_KV?$allocator@_K@std@@@std@@@std@@@std@@YA$$QEAV?$allocator@V?$vector@_KV?$allocator@_K@std@@@std@@@0@AEAV10@@Z 00000001800498e0 f i collisioncodegen_api.obj
 0001:000488f0       ??$max@_K@std@@YAAEB_KAEB_K0@Z 00000001800498f0 f i collisioncodegen_api.obj
 0001:00048940       ??$move@AEAU_ccd_vec3_t@@@std@@YA$$QEAU_ccd_vec3_t@@AEAU1@@Z 0000000180049940 f i collisioncodegen_api.obj
 0001:00048950       ??0?$_String_val@U?$_Simple_types@D@std@@@std@@QEAA@XZ 0000000180049950 f i collisioncodegen_api.obj
 0001:00048990       ??0?$_Uninitialized_backout_al@V?$allocator@U_ccd_vec3_t@@@std@@@std@@QEAA@PEAU_ccd_vec3_t@@AEAV?$allocator@U_ccd_vec3_t@@@1@@Z 0000000180049990 f i collisioncodegen_api.obj
 0001:000489d0       ??0?$_Uninitialized_backout_al@V?$allocator@U_idx_vec3_t@shared_robotics@@@std@@@std@@QEAA@PEAU_idx_vec3_t@shared_robotics@@AEAV?$allocator@U_idx_vec3_t@shared_robotics@@@1@@Z 00000001800499d0 f i collisioncodegen_api.obj
 0001:00048a10       ??0?$_Vector_val@U?$_Simple_types@U_ccd_vec3_t@@@std@@@std@@QEAA@XZ 0000000180049a10 f i collisioncodegen_api.obj
 0001:00048a50       ??0?$_Vector_val@U?$_Simple_types@U_idx_vec3_t@shared_robotics@@@std@@@std@@QEAA@XZ 0000000180049a50 f i collisioncodegen_api.obj
 0001:00048a90       ??0?$_Vector_val@U?$_Simple_types@V?$vector@_KV?$allocator@_K@std@@@std@@@std@@@std@@QEAA@XZ 0000000180049a90 f i collisioncodegen_api.obj
 0001:00048ad0       ??0?$allocator@D@std@@QEAA@XZ 0000000180049ad0 f i collisioncodegen_api.obj
 0001:00048ae0       ??0?$allocator@U_ccd_vec3_t@@@std@@QEAA@XZ 0000000180049ae0 f i collisioncodegen_api.obj
 0001:00048af0       ??0?$allocator@U_idx_vec3_t@shared_robotics@@@std@@QEAA@XZ 0000000180049af0 f i collisioncodegen_api.obj
 0001:00048b00       ??0?$allocator@V?$vector@_KV?$allocator@_K@std@@@std@@@std@@QEAA@XZ 0000000180049b00 f i collisioncodegen_api.obj
 0001:00048b10       ??0?$basic_string@DU?$char_traits@D@std@@V?$allocator@D@2@@std@@QEAA@QEBD@Z 0000000180049b10 f i collisioncodegen_api.obj
 0001:00048b90       ??0?$vector@U_ccd_vec3_t@@V?$allocator@U_ccd_vec3_t@@@std@@@std@@QEAA@AEBV01@@Z 0000000180049b90 f i collisioncodegen_api.obj
 0001:00048c30       ??0?$vector@U_ccd_vec3_t@@V?$allocator@U_ccd_vec3_t@@@std@@@std@@QEAA@XZ 0000000180049c30 f i collisioncodegen_api.obj
 0001:00048c70       ??0?$vector@U_idx_vec3_t@shared_robotics@@V?$allocator@U_idx_vec3_t@shared_robotics@@@std@@@std@@QEAA@AEBV01@@Z 0000000180049c70 f i collisioncodegen_api.obj
 0001:00048d10       ??0?$vector@U_idx_vec3_t@shared_robotics@@V?$allocator@U_idx_vec3_t@shared_robotics@@@std@@@std@@QEAA@XZ 0000000180049d10 f i collisioncodegen_api.obj
 0001:00048d50       ??0?$vector@V?$vector@_KV?$allocator@_K@std@@@std@@V?$allocator@V?$vector@_KV?$allocator@_K@std@@@std@@@2@@std@@QEAA@AEBV01@@Z 0000000180049d50 f i collisioncodegen_api.obj
 0001:00048df0       ??0?$vector@V?$vector@_KV?$allocator@_K@std@@@std@@V?$allocator@V?$vector@_KV?$allocator@_K@std@@@std@@@2@@std@@QEAA@XZ 0000000180049df0 f i collisioncodegen_api.obj
 0001:00048e30       ??0?$vector@_KV?$allocator@_K@std@@@std@@QEAA@AEBV01@@Z 0000000180049e30 f i collisioncodegen_api.obj
 0001:00048ec0       ??0CollisionGeometry@shared_robotics@@QEAA@AEBV01@@Z 0000000180049ec0 f i collisioncodegen_api.obj
 0001:00049020       ??0CollisionGeometry@shared_robotics@@QEAA@N@Z 000000018004a020 f i collisioncodegen_api.obj
 0001:000490b0       ??0CollisionGeometry@shared_robotics@@QEAA@NN@Z 000000018004a0b0 f i collisioncodegen_api.obj
 0001:00049150       ??0CollisionGeometry@shared_robotics@@QEAA@NNN@Z 000000018004a150 f i collisioncodegen_api.obj
 0001:00049200       ??0CollisionGeometry@shared_robotics@@QEAA@PEANH_N@Z 000000018004a200 f i collisioncodegen_api.obj
 0001:000493f0       ??0_Bxty@?$_String_val@U?$_Simple_types@D@std@@@std@@QEAA@XZ 000000018004a3f0 f i collisioncodegen_api.obj
 0001:00049410       ??0_Fake_proxy_ptr_impl@std@@QEAA@AEBU_Fake_allocator@1@AEBU_Container_base0@1@@Z 000000018004a410 f i collisioncodegen_api.obj
 0001:00049430       ??1?$_Compressed_pair@V?$allocator@D@std@@V?$_String_val@U?$_Simple_types@D@std@@@2@$00@std@@QEAA@XZ 000000018004a430 f i collisioncodegen_api.obj
 0001:00049450       ??1?$_String_val@U?$_Simple_types@D@std@@@std@@QEAA@XZ 000000018004a450 f i collisioncodegen_api.obj
 0001:00049470       ??1?$_Tidy_guard@V?$vector@U_ccd_vec3_t@@V?$allocator@U_ccd_vec3_t@@@std@@@std@@@std@@QEAA@XZ 000000018004a470 f i collisioncodegen_api.obj
 0001:000494a0       ??1?$_Tidy_guard@V?$vector@U_idx_vec3_t@shared_robotics@@V?$allocator@U_idx_vec3_t@shared_robotics@@@std@@@std@@@std@@QEAA@XZ 000000018004a4a0 f i collisioncodegen_api.obj
 0001:000494d0       ??1?$_Tidy_guard@V?$vector@V?$vector@_KV?$allocator@_K@std@@@std@@V?$allocator@V?$vector@_KV?$allocator@_K@std@@@std@@@2@@std@@@std@@QEAA@XZ 000000018004a4d0 f i collisioncodegen_api.obj
 0001:00049500       ??1?$_Tidy_guard@V?$vector@_KV?$allocator@_K@std@@@std@@@std@@QEAA@XZ 000000018004a500 f i collisioncodegen_api.obj
 0001:00049530       ??1?$_Uninitialized_backout_al@V?$allocator@U_ccd_vec3_t@@@std@@@std@@QEAA@XZ 000000018004a530 f i collisioncodegen_api.obj
 0001:00049560       ??1?$_Uninitialized_backout_al@V?$allocator@U_idx_vec3_t@shared_robotics@@@std@@@std@@QEAA@XZ 000000018004a560 f i collisioncodegen_api.obj
 0001:00049590       ??1?$basic_string@DU?$char_traits@D@std@@V?$allocator@D@2@@std@@QEAA@XZ 000000018004a590 f i collisioncodegen_api.obj
 0001:000495c0       ??1_Bxty@?$_String_val@U?$_Simple_types@D@std@@@std@@QEAA@XZ 000000018004a5c0 f i collisioncodegen_api.obj
[...]
 0003:0001586c       $SG14160                   000000018006b86c     ccd_polytope.obj
 0003:00015878       $SG14158                   000000018006b878     ccd_polytope.obj
 0003:00015888       $SG14159                   000000018006b888     ccd_polytope.obj
 0003:00015890       $SG14161                   000000018006b890     ccd_polytope.obj
 0003:00015898       $SG14164                   000000018006b898     ccd_polytope.obj
 0003:000158d0       points_on_sphere           000000018006b8d0     ccd_vec3.obj
 0003:00015dd0       $SG26133                   000000018006bdd0     m_MnKdJgZp74ITTEqyTKSrZC.obj
 0003:00015dd1       $SG26134                   000000018006bdd1     m_MnKdJgZp74ITTEqyTKSrZC.obj
 0003:00015dd2       $SG26136                   000000018006bdd2     m_MnKdJgZp74ITTEqyTKSrZC.obj
 0003:00015dd3       $SG26137                   000000018006bdd3     m_MnKdJgZp74ITTEqyTKSrZC.obj
 0003:00015dd4       $SG26193                   000000018006bdd4     m_MnKdJgZp74ITTEqyTKSrZC.obj
 0003:00015dd5       $SG26194                   000000018006bdd5     m_MnKdJgZp74ITTEqyTKSrZC.obj
 0003:00015dd6       $SG26196                   000000018006bdd6     m_MnKdJgZp74ITTEqyTKSrZC.obj
 0003:00015dd7       $SG26197                   000000018006bdd7     m_MnKdJgZp74ITTEqyTKSrZC.obj
 0003:00015dd8       $SG26301                   000000018006bdd8     m_MnKdJgZp74ITTEqyTKSrZC.obj
 0003:00015dd9       $SG26332                   000000018006bdd9     m_MnKdJgZp74ITTEqyTKSrZC.obj
 0003:00015dda       $SG26339                   000000018006bdda     m_MnKdJgZp74ITTEqyTKSrZC.obj
 0003:00015ddb       $SG26346                   000000018006bddb     m_MnKdJgZp74ITTEqyTKSrZC.obj
 0003:00015ddc       $SG26353                   000000018006bddc     m_MnKdJgZp74ITTEqyTKSrZC.obj
 0003:00015ddd       $SG26360                   000000018006bddd     m_MnKdJgZp74ITTEqyTKSrZC.obj
 0003:00015dde       $SG26367                   000000018006bdde     m_MnKdJgZp74ITTEqyTKSrZC.obj
 0003:00015ddf       $SG26371                   000000018006bddf     m_MnKdJgZp74ITTEqyTKSrZC.obj
 0003:00015de0       $SG26375                   000000018006bde0     m_MnKdJgZp74ITTEqyTKSrZC.obj
 0003:00015de1       $SG26382                   000000018006bde1     m_MnKdJgZp74ITTEqyTKSrZC.obj
 0003:00015de2       $SG26386                   000000018006bde2     m_MnKdJgZp74ITTEqyTKSrZC.obj
 0003:00015de3       $SG26390                   000000018006bde3     m_MnKdJgZp74ITTEqyTKSrZC.obj
 0003:00015de4       $SG26394                   000000018006bde4     m_MnKdJgZp74ITTEqyTKSrZC.obj
 0003:00015de5       $SG26398                   000000018006bde5     m_MnKdJgZp74ITTEqyTKSrZC.obj
 0003:00015de6       $SG26402                   000000018006bde6     m_MnKdJgZp74ITTEqyTKSrZC.obj
 0003:00015de7       $SG26406                   000000018006bde7     m_MnKdJgZp74ITTEqyTKSrZC.obj
 0003:00015de8       $SG26410                   000000018006bde8     m_MnKdJgZp74ITTEqyTKSrZC.obj
 0003:00015de9       $SG26414                   000000018006bde9     m_MnKdJgZp74ITTEqyTKSrZC.obj
 0003:00015dea       $SG26418                   000000018006bdea     m_MnKdJgZp74ITTEqyTKSrZC.obj
 0003:00015deb       $SG26422                   000000018006bdeb     m_MnKdJgZp74ITTEqyTKSrZC.obj
 0003:00015dec       $SG26426                   000000018006bdec     m_MnKdJgZp74ITTEqyTKSrZC.obj
 0003:00015ded       $SG26433                   000000018006bded     m_MnKdJgZp74ITTEqyTKSrZC.obj
 0003:00015dee       $SG26437                   000000018006bdee     m_MnKdJgZp74ITTEqyTKSrZC.obj
 0003:00015def       $SG26441                   000000018006bdef     m_MnKdJgZp74ITTEqyTKSrZC.obj
 0003:00015df0       $SG26445                   000000018006bdf0     m_MnKdJgZp74ITTEqyTKSrZC.obj
 0003:00015df1       $SG26452                   000000018006bdf1     m_MnKdJgZp74ITTEqyTKSrZC.obj
 0003:00015df2       $SG26459                   000000018006bdf2     m_MnKdJgZp74ITTEqyTKSrZC.obj
 0003:00015df3       $SG26466                   000000018006bdf3     m_MnKdJgZp74ITTEqyTKSrZC.obj
 0003:00015df4       $SG26473                   000000018006bdf4     m_MnKdJgZp74ITTEqyTKSrZC.obj
 0003:00015df5       $SG26480                   000000018006bdf5     m_MnKdJgZp74ITTEqyTKSrZC.obj
 0003:00015df6       $SG26484                   000000018006bdf6     m_MnKdJgZp74ITTEqyTKSrZC.obj
 0003:00015df7       $SG26488                   000000018006bdf7     m_MnKdJgZp74ITTEqyTKSrZC.obj
 0003:00015df8       $SG26492                   000000018006bdf8     m_MnKdJgZp74ITTEqyTKSrZC.obj
 0003:00015df9       $SG26496                   000000018006bdf9     m_MnKdJgZp74ITTEqyTKSrZC.obj
 0003:00015dfa       $SG26500                   000000018006bdfa     m_MnKdJgZp74ITTEqyTKSrZC.obj
 0003:00015dfb       $SG26504                   000000018006bdfb     m_MnKdJgZp74ITTEqyTKSrZC.obj
 0003:00015dfc       $SG26508                   000000018006bdfc     m_MnKdJgZp74ITTEqyTKSrZC.obj
 0003:00015dfd       $SG26530                   000000018006bdfd     m_MnKdJgZp74ITTEqyTKSrZC.obj
 0003:00015dfe       $SG26534                   000000018006bdfe     m_MnKdJgZp74ITTEqyTKSrZC.obj
 0003:00015dff       $SG26538                   000000018006bdff     m_MnKdJgZp74ITTEqyTKSrZC.obj
 0003:00015e00       $SG26542                   000000018006be00     m_MnKdJgZp74ITTEqyTKSrZC.obj
 0003:00015e01       $SG26549                   000000018006be01     m_MnKdJgZp74ITTEqyTKSrZC.obj
 0003:00015e02       $SG26556                   000000018006be02     m_MnKdJgZp74ITTEqyTKSrZC.obj
 0003:00015e03       $SG26563                   000000018006be03     m_MnKdJgZp74ITTEqyTKSrZC.obj
 0003:00015e04       $SG26570                   000000018006be04     m_MnKdJgZp74ITTEqyTKSrZC.obj
 0003:00015e05       $SG26574                   000000018006be05     m_MnKdJgZp74ITTEqyTKSrZC.obj
 0003:00015e06       $SG26578                   000000018006be06     m_MnKdJgZp74ITTEqyTKSrZC.obj
 0003:00015e07       $SG26582                   000000018006be07     m_MnKdJgZp74ITTEqyTKSrZC.obj
 0003:00015e08       $SG26586                   000000018006be08     m_MnKdJgZp74ITTEqyTKSrZC.obj
 0003:00015e09       $SG26593                   000000018006be09     m_MnKdJgZp74ITTEqyTKSrZC.obj
 0003:00015e0a       $SG26597                   000000018006be0a     m_MnKdJgZp74ITTEqyTKSrZC.obj
 0003:00015e0b       $SG29747                   000000018006be0b     m_MnKdJgZp74ITTEqyTKSrZC.obj
 0003:00015e0c       $SG29748                   000000018006be0c     m_MnKdJgZp74ITTEqyTKSrZC.obj
 0003:00015e0d       $SG29749                   000000018006be0d     m_MnKdJgZp74ITTEqyTKSrZC.obj
 0003:00015e0e       $SG29750                   000000018006be0e     m_MnKdJgZp74ITTEqyTKSrZC.obj
 0003:00015e0f       $SG26130                   000000018006be0f     m_Xelnm0NEQ4Xq9i71qtajuH.obj
 0003:00015e10       $SG26131                   000000018006be10     m_Xelnm0NEQ4Xq9i71qtajuH.obj
 0003:00015e11       $SG26133                   000000018006be11     m_Xelnm0NEQ4Xq9i71qtajuH.obj
 0003:00015e12       $SG26134                   000000018006be12     m_Xelnm0NEQ4Xq9i71qtajuH.obj
 0003:00015e13       $SG26190                   000000018006be13     m_Xelnm0NEQ4Xq9i71qtajuH.obj
 0003:00015e14       $SG26191                   000000018006be14     m_Xelnm0NEQ4Xq9i71qtajuH.obj
 0003:00015e15       $SG26193                   000000018006be15     m_Xelnm0NEQ4Xq9i71qtajuH.obj
 0003:00015e16       $SG26194                   000000018006be16     m_Xelnm0NEQ4Xq9i71qtajuH.obj
 0003:00015e17       $SG26295                   000000018006be17     m_Xelnm0NEQ4Xq9i71qtajuH.obj
 0003:00015e18       $SG26326                   000000018006be18     m_Xelnm0NEQ4Xq9i71qtajuH.obj
 0003:00015e19       $SG26333                   000000018006be19     m_Xelnm0NEQ4Xq9i71qtajuH.obj
 0003:00015e1a       $SG26340                   000000018006be1a     m_Xelnm0NEQ4Xq9i71qtajuH.obj
 0003:00015e1b       $SG26347                   000000018006be1b     m_Xelnm0NEQ4Xq9i71qtajuH.obj
 0003:00015e1c       $SG26354                   000000018006be1c     m_Xelnm0NEQ4Xq9i71qtajuH.obj
 0003:00015e1d       $SG26361                   000000018006be1d     m_Xelnm0NEQ4Xq9i71qtajuH.obj
 0003:00015e1e       $SG26365                   000000018006be1e     m_Xelnm0NEQ4Xq9i71qtajuH.obj
 0003:00015e1f       $SG26369                   000000018006be1f     m_Xelnm0NEQ4Xq9i71qtajuH.obj
 0003:00015e20       $SG26376                   000000018006be20     m_Xelnm0NEQ4Xq9i71qtajuH.obj
 0003:00015e21       $SG26380                   000000018006be21     m_Xelnm0NEQ4Xq9i71qtajuH.obj
 0003:00015e22       $SG26384                   000000018006be22     m_Xelnm0NEQ4Xq9i71qtajuH.obj
 0003:00015e23       $SG26388                   000000018006be23     m_Xelnm0NEQ4Xq9i71qtajuH.obj
 0003:00015e24       $SG26392                   000000018006be24     m_Xelnm0NEQ4Xq9i71qtajuH.obj
 0003:00015e25       $SG26396                   000000018006be25     m_Xelnm0NEQ4Xq9i71qtajuH.obj
 0003:00015e26       $SG26400                   000000018006be26     m_Xelnm0NEQ4Xq9i71qtajuH.obj
 0003:00015e27       $SG26404                   000000018006be27     m_Xelnm0NEQ4Xq9i71qtajuH.obj
 0003:00015e28       $SG26408                   000000018006be28     m_Xelnm0NEQ4Xq9i71qtajuH.obj
 0003:00015e29       $SG26412                   000000018006be29     m_Xelnm0NEQ4Xq9i71qtajuH.obj
 0003:00015e2a       $SG26416                   000000018006be2a     m_Xelnm0NEQ4Xq9i71qtajuH.obj
 0003:00015e2b       $SG26420                   000000018006be2b     m_Xelnm0NEQ4Xq9i71qtajuH.obj
 0003:00015e2c       $SG26427                   000000018006be2c     m_Xelnm0NEQ4Xq9i71qtajuH.obj
 0003:00015e2d       $SG26431                   000000018006be2d     m_Xelnm0NEQ4Xq9i71qtajuH.obj
 0003:00015e2e       $SG26435                   000000018006be2e     m_Xelnm0NEQ4Xq9i71qtajuH.obj
 0003:00015e2f       $SG26439                   000000018006be2f     m_Xelnm0NEQ4Xq9i71qtajuH.obj
 0003:00015e30       $SG26446                   000000018006be30     m_Xelnm0NEQ4Xq9i71qtajuH.obj
 0003:00015e31       $SG26453                   000000018006be31     m_Xelnm0NEQ4Xq9i71qtajuH.obj
 0003:00015e32       $SG26460                   000000018006be32     m_Xelnm0NEQ4Xq9i71qtajuH.obj
 0003:00015e33       $SG26467                   000000018006be33     m_Xelnm0NEQ4Xq9i71qtajuH.obj
 0003:00015e34       $SG26474                   000000018006be34     m_Xelnm0NEQ4Xq9i71qtajuH.obj
 0003:00015e35       $SG26478                   000000018006be35     m_Xelnm0NEQ4Xq9i71qtajuH.obj
 0003:00015e36       $SG26482                   000000018006be36     m_Xelnm0NEQ4Xq9i71qtajuH.obj
 0003:00015e37       $SG26486                   000000018006be37     m_Xelnm0NEQ4Xq9i71qtajuH.obj
 0003:00015e38       $SG26490                   000000018006be38     m_Xelnm0NEQ4Xq9i71qtajuH.obj
 0003:00015e39       $SG26494                   000000018006be39     m_Xelnm0NEQ4Xq9i71qtajuH.obj
 0003:00015e3a       $SG26498                   000000018006be3a     m_Xelnm0NEQ4Xq9i71qtajuH.obj
 0003:00015e3b       $SG26502                   000000018006be3b     m_Xelnm0NEQ4Xq9i71qtajuH.obj
 0003:00015e3c       $SG26524                   000000018006be3c     m_Xelnm0NEQ4Xq9i71qtajuH.obj
 0003:00015e3d       $SG26528                   000000018006be3d     m_Xelnm0NEQ4Xq9i71qtajuH.obj
 0003:00015e3e       $SG26532                   000000018006be3e     m_Xelnm0NEQ4Xq9i71qtajuH.obj
 0003:00015e3f       $SG26536                   000000018006be3f     m_Xelnm0NEQ4Xq9i71qtajuH.obj
 0003:00015e40       $SG26543                   000000018006be40     m_Xelnm0NEQ4Xq9i71qtajuH.obj
 0003:00015e41       $SG26550                   000000018006be41     m_Xelnm0NEQ4Xq9i71qtajuH.obj
 0003:00015e42       $SG26557                   000000018006be42     m_Xelnm0NEQ4Xq9i71qtajuH.obj
 0003:00015e43       $SG26564                   000000018006be43     m_Xelnm0NEQ4Xq9i71qtajuH.obj
 0003:00015e44       $SG26568                   000000018006be44     m_Xelnm0NEQ4Xq9i71qtajuH.obj
 0003:00015e45       $SG26572                   000000018006be45     m_Xelnm0NEQ4Xq9i71qtajuH.obj
 0003:00015e46       $SG26576                   000000018006be46     m_Xelnm0NEQ4Xq9i71qtajuH.obj
 0003:00015e47       $SG26580                   000000018006be47     m_Xelnm0NEQ4Xq9i71qtajuH.obj
 0003:00015e48       $SG26587                   000000018006be48     m_Xelnm0NEQ4Xq9i71qtajuH.obj
 0003:00015e49       $SG26591                   000000018006be49     m_Xelnm0NEQ4Xq9i71qtajuH.obj
 0003:00015e4a       $SG29380                   000000018006be4a     m_Xelnm0NEQ4Xq9i71qtajuH.obj
 0003:00015e4b       $SG29381                   000000018006be4b     m_Xelnm0NEQ4Xq9i71qtajuH.obj
 0003:00015e4c       $SG29382                   000000018006be4c     m_Xelnm0NEQ4Xq9i71qtajuH.obj
 0003:00015e4d       $SG29383                   000000018006be4d     m_Xelnm0NEQ4Xq9i71qtajuH.obj
 0003:00015e4e       $SG26130                   000000018006be4e     m_bQQLy372kibtj88GpDytJB.obj
 0003:00015e4f       $SG26131                   000000018006be4f     m_bQQLy372kibtj88GpDytJB.obj
 0003:00015e50       $SG26133                   000000018006be50     m_bQQLy372kibtj88GpDytJB.obj
 0003:00015e51       $SG26134                   000000018006be51     m_bQQLy372kibtj88GpDytJB.obj
 0003:00015e52       $SG26187                   000000018006be52     m_bQQLy372kibtj88GpDytJB.obj
 0003:00015e53       $SG26188                   000000018006be53     m_bQQLy372kibtj88GpDytJB.obj
 0003:00015e54       $SG26190                   000000018006be54     m_bQQLy372kibtj88GpDytJB.obj
 0003:00015e55       $SG26191                   000000018006be55     m_bQQLy372kibtj88GpDytJB.obj
 0003:00015e56       $SG26313                   000000018006be56     m_bQQLy372kibtj88GpDytJB.obj
 0003:00015e57       $SG26341                   000000018006be57     m_bQQLy372kibtj88GpDytJB.obj
 0003:00015e58       $SG26348                   000000018006be58     m_bQQLy372kibtj88GpDytJB.obj
 0003:00015e59       $SG26355                   000000018006be59     m_bQQLy372kibtj88GpDytJB.obj
 0003:00015e5a       $SG26362                   000000018006be5a     m_bQQLy372kibtj88GpDytJB.obj
 0003:00015e5b       $SG26366                   000000018006be5b     m_bQQLy372kibtj88GpDytJB.obj
 0003:00015e5c       $SG26379                   000000018006be5c     m_bQQLy372kibtj88GpDytJB.obj
 0003:00015e5d       $SG26386                   000000018006be5d     m_bQQLy372kibtj88GpDytJB.obj
 0003:00015e5e       $SG26393                   000000018006be5e     m_bQQLy372kibtj88GpDytJB.obj
 0003:00015e5f       $SG26400                   000000018006be5f     m_bQQLy372kibtj88GpDytJB.obj
 0003:00015e60       $SG26407                   000000018006be60     m_bQQLy372kibtj88GpDytJB.obj
 0003:00015e61       $SG26417                   000000018006be61     m_bQQLy372kibtj88GpDytJB.obj
 0003:00015e62       $SG26424                   000000018006be62     m_bQQLy372kibtj88GpDytJB.obj
 0003:00015e63       $SG26431                   000000018006be63     m_bQQLy372kibtj88GpDytJB.obj
 0003:00015e64       $SG26438                   000000018006be64     m_bQQLy372kibtj88GpDytJB.obj
 0003:00015e65       $SG26448                   000000018006be65     m_bQQLy372kibtj88GpDytJB.obj
 0003:00015e66       $SG26455                   000000018006be66     m_bQQLy372kibtj88GpDytJB.obj
 0003:00015e67       $SG26462                   000000018006be67     m_bQQLy372kibtj88GpDytJB.obj
 0003:00015e68       $SG26469                   000000018006be68     m_bQQLy372kibtj88GpDytJB.obj
 0003:00015e69       $SG26479                   000000018006be69     m_bQQLy372kibtj88GpDytJB.obj
 0003:00015e6a       $SG26486                   000000018006be6a     m_bQQLy372kibtj88GpDytJB.obj
 0003:00015e6b       $SG26493                   000000018006be6b     m_bQQLy372kibtj88GpDytJB.obj
 0003:00015e6c       $SG26497                   000000018006be6c     m_bQQLy372kibtj88GpDytJB.obj
 0003:00015e6d       $SG26501                   000000018006be6d     m_bQQLy372kibtj88GpDytJB.obj
 0003:00015e6e       $SG26505                   000000018006be6e     m_bQQLy372kibtj88GpDytJB.obj
 0003:00015e6f       $SG26509                   000000018006be6f     m_bQQLy372kibtj88GpDytJB.obj
 0003:00015e70       $SG26513                   000000018006be70     m_bQQLy372kibtj88GpDytJB.obj
 0003:00015e71       $SG26541                   000000018006be71     m_bQQLy372kibtj88GpDytJB.obj
 0003:00015e72       $SG26545                   000000018006be72     m_bQQLy372kibtj88GpDytJB.obj
 0003:00015e73       $SG26552                   000000018006be73     m_bQQLy372kibtj88GpDytJB.obj
 0003:00015e74       $SG26556                   000000018006be74     m_bQQLy372kibtj88GpDytJB.obj
 0003:00015e75       $SG26563                   000000018006be75     m_bQQLy372kibtj88GpDytJB.obj
 0003:00015e76       $SG26570                   000000018006be76     m_bQQLy372kibtj88GpDytJB.obj
 0003:00015e77       $SG26574                   000000018006be77     m_bQQLy372kibtj88GpDytJB.obj
 0003:00015e78       $SG26578                   000000018006be78     m_bQQLy372kibtj88GpDytJB.obj
 0003:00015e79       $SG26585                   000000018006be79     m_bQQLy372kibtj88GpDytJB.obj
 0003:00015e7a       $SG26589                   000000018006be7a     m_bQQLy372kibtj88GpDytJB.obj
 0003:00015e7b       $SG26596                   000000018006be7b     m_bQQLy372kibtj88GpDytJB.obj
 0003:00015e7c       $SG26600                   000000018006be7c     m_bQQLy372kibtj88GpDytJB.obj
 0003:00015e7d       $SG26604                   000000018006be7d     m_bQQLy372kibtj88GpDytJB.obj
 0003:00015e7e       $SG26608                   000000018006be7e     m_bQQLy372kibtj88GpDytJB.obj
 0003:00015e7f       $SG26615                   000000018006be7f     m_bQQLy372kibtj88GpDytJB.obj
 0003:00015e80       $SG26619                   000000018006be80     m_bQQLy372kibtj88GpDytJB.obj
 0003:00015e81       $SG26626                   000000018006be81     m_bQQLy372kibtj88GpDytJB.obj
 0003:00015e82       $SG26633                   000000018006be82     m_bQQLy372kibtj88GpDytJB.obj
 0003:00015e83       $SG26640                   000000018006be83     m_bQQLy372kibtj88GpDytJB.obj
 0003:00015e84       $SG26644                   000000018006be84     m_bQQLy372kibtj88GpDytJB.obj
 0003:00015e85       $SG26651                   000000018006be85     m_bQQLy372kibtj88GpDytJB.obj
 0003:00015e86       $SG26655                   000000018006be86     m_bQQLy372kibtj88GpDytJB.obj
 0003:00015e87       $SG29417                   000000018006be87     m_bQQLy372kibtj88GpDytJB.obj
 0003:00015e88       $SG29418                   000000018006be88     m_bQQLy372kibtj88GpDytJB.obj
 0003:00015e89       $SG29419                   000000018006be89     m_bQQLy372kibtj88GpDytJB.obj
 0003:00015e8a       $SG29420                   000000018006be8a     m_bQQLy372kibtj88GpDytJB.obj
 0003:00015e8c       $SG25257                   000000018006be8c     CTM_PID_cgxe_registry.obj
 0003:00015e8e       ?warningGuard@?1??ssGetRootSS@@9@9 000000018006be8e     CTM_PID_cgxe_registry.obj
 0003:00015e8f       ?warningGuard@?1??ssGetParentSS@@9@9 000000018006be8f     CTM_PID_cgxe_registry.obj
 0003:00015e90       __ccd_vec3_origin          000000018006be90     ccd_vec3.obj
 0003:00015eb0       GS_ExceptionRecord         000000018006beb0     MSVCRT:gs_report.obj
 0003:00015f50       GS_ContextRecord           000000018006bf50     MSVCRT:gs_report.obj
 0003:00016420       ?__proc_attached@@3HA      000000018006c420     MSVCRT:dll_dllmain.obj
 0003:00016460       ?is_initialized_as_dll@@3_NA 000000018006c460     MSVCRT:utility.obj
 0003:00016461       ?module_local_atexit_table_initialized@@3_NA 000000018006c461     MSVCRT:utility.obj
 0003:00016468       ?module_local_atexit_table@@3U_onexit_table_t@@A 000000018006c468     MSVCRT:utility.obj
 0003:00016480       ?module_local_at_quick_exit_table@@3U_onexit_table_t@@A 000000018006c480     MSVCRT:utility.obj
