 CTM_PID_cgxe

 Timestamp is 65895cbf (Mon Dec 25 19:43:11 2023)

 Preferred load address is 0000000180000000

 Start         Length     Name                   Class
 0001:00000000 0005cdd0H .text$mn                CODE
 0001:0005cdd0 00000040H .text$mn$00             CODE
 0001:0005ce10 0000073eH .text$x                 CODE
 0002:00000000 000004a0H .idata$5                DATA
 0002:000004a0 00000038H .00cfg                  DATA
 0002:000004d8 00000008H .CRT$XCA                DATA
 0002:000004e0 00000008H .CRT$XCZ                DATA
 0002:000004e8 00000008H .CRT$XIA                DATA
 0002:000004f0 00000008H .CRT$XIZ                DATA
 0002:000004f8 00000008H .CRT$XPA                DATA
 0002:00000500 00000008H .CRT$XPZ                DATA
 0002:00000508 00000008H .CRT$XTA                DATA
 0002:00000510 00000010H .CRT$XTZ                DATA
 0002:00000518 00000000H .gehcont$y              DATA
 0002:00000518 00000000H .gfids$y                DATA
 0002:00000520 00000760H .rdata                  DATA
 0002:00000c80 00000080H .rdata$CastGuardVftablesA DATA
 0002:00000d00 00000080H .rdata$CastGuardVftablesC DATA
 0002:00000d80 0000026cH .rdata$r                DATA
 0002:00000fec 000004c4H .rdata$voltmd           DATA
 0002:000014b0 000002c8H .rdata$zzzdbg           DATA
 0002:00001778 00000008H .rtc$IAA                DATA
 0002:00001780 00000008H .rtc$IZZ                DATA
 0002:00001788 00000008H .rtc$TAA                DATA
 0002:00001790 00000008H .rtc$TZZ                DATA
 0002:00001798 00002758H .xdata                  DATA
 0002:00003ef0 000000f0H .xdata$x                DATA
 0002:00003fe0 000002bcH .edata                  DATA
 0002:0000429c 00000140H .idata$2                DATA
 0002:000043dc 00000014H .idata$3                DATA
 0002:000043f0 000004a0H .idata$4                DATA
 0002:00004890 00000ea6H .idata$6                DATA
 0003:00000000 00018268H .data                   DATA
 0003:00018268 00000080H .data$r                 DATA
 0003:000182e8 00000058H .data$rs                DATA
 0003:00018340 000006e0H .bss                    DATA
 0004:00000000 000029c4H .pdata                  DATA

  Address         Publics by Value              Rva+Base               Lib:Object

 0000:00000000       __x64_code_ranges_to_entry_points 0000000000000000     <absolute>
 0000:00000000       __x64_code_ranges_to_entry_points_count 0000000000000000     <absolute>
 0000:00000000       __hybrid_auxiliary_iat     0000000000000000     <absolute>
 0000:00000000       ___safe_se_handler_table   0000000000000000     <absolute>
 0000:00000000       __hybrid_code_map          0000000000000000     <absolute>
 0000:00000000       __dynamic_value_reloc_table 0000000000000000     <absolute>
 0000:00000000       __guard_iat_table          0000000000000000     <absolute>
 0000:00000000       __enclave_config           0000000000000000     <absolute>
 0000:00000000       __AbsoluteZero             0000000000000000     <absolute>
 0000:00000000       __arm64x_extra_rfe_table_size 0000000000000000     <absolute>
 0000:00000000       __guard_longjmp_count      0000000000000000     <absolute>
 0000:00000000       __guard_iat_count          0000000000000000     <absolute>
 0000:00000000       __guard_eh_cont_table      0000000000000000     <absolute>
 0000:00000000       __guard_longjmp_table      0000000000000000     <absolute>
 0000:00000000       ___safe_se_handler_count   0000000000000000     <absolute>
 0000:00000000       __arm64x_redirection_metadata_count 0000000000000000     <absolute>
 0000:00000000       __hybrid_auxiliary_iat_copy 0000000000000000     <absolute>
 0000:00000000       __arm64x_extra_rfe_table   0000000000000000     <absolute>
 0000:00000000       __guard_fids_count         0000000000000000     <absolute>
 0000:00000000       __guard_fids_table         0000000000000000     <absolute>
 0000:00000000       __guard_eh_cont_count      0000000000000000     <absolute>
 0000:00000000       __arm64x_redirection_metadata 0000000000000000     <absolute>
 0000:00000000       __arm64x_native_entrypoint 0000000000000000     <absolute>
 0000:00000000       __hybrid_code_map_count    0000000000000000     <absolute>
 0000:00000000       __guard_check_icall_a64n_fptr 0000000000000000     <absolute>
 0000:00000100       __guard_flags              0000000000000100     <absolute>
 0000:00000000       __ImageBase                0000000180000000     <linker-defined>
 0001:00000000       mexfilerequiredapiversion  0000000180001000 f   c_mexapi_version.obj
 0001:00000030       cgxe_CTM_PID_method_dispatcher 0000000180001030 f   CTM_PID_cgxe.obj
 0001:000001c0       method_dispatcher_FAU8KyrDQYUp9atreb3T4G 00000001800011c0 f   m_FAU8KyrDQYUp9atreb3T4G.obj
 0001:00013390       cgxe_FAU8KyrDQYUp9atreb3T4G_BuildInfoUpdate 0000000180014390 f   m_FAU8KyrDQYUp9atreb3T4G.obj
 0001:00013700       cgxe_FAU8KyrDQYUp9atreb3T4G_fallback_info 0000000180014700 f   m_FAU8KyrDQYUp9atreb3T4G.obj
 0001:000137a0       method_dispatcher_AKShaqSWlWB5lVeRjU05XB 00000001800147a0 f   m_AKShaqSWlWB5lVeRjU05XB.obj
 0001:000266d0       cgxe_AKShaqSWlWB5lVeRjU05XB_BuildInfoUpdate 00000001800276d0 f   m_AKShaqSWlWB5lVeRjU05XB.obj
 0001:00026a40       cgxe_AKShaqSWlWB5lVeRjU05XB_fallback_info 0000000180027a40 f   m_AKShaqSWlWB5lVeRjU05XB.obj
 0001:00026ae0       method_dispatcher_xSE9GNLJOSGMLwcrwI4qWD 0000000180027ae0 f   m_xSE9GNLJOSGMLwcrwI4qWD.obj
 0001:0003cd10       cgxe_xSE9GNLJOSGMLwcrwI4qWD_BuildInfoUpdate 000000018003dd10 f   m_xSE9GNLJOSGMLwcrwI4qWD.obj
 0001:0003d080       cgxe_xSE9GNLJOSGMLwcrwI4qWD_fallback_info 000000018003e080 f   m_xSE9GNLJOSGMLwcrwI4qWD.obj
 0001:0003d120       mexFunction                000000018003e120 f   CTM_PID_cgxe_registry.obj
 0001:0003ef90       _ssSetInputPortDirectFeedThroughFcn 000000018003ff90 f   CTM_PID_cgxe_registry.obj
 0001:0003f100       _ssSetRWorkValueFcn        0000000180040100 f   CTM_PID_cgxe_registry.obj
 0001:0003f180       _ssGetRWorkValueFcn        0000000180040180 f   CTM_PID_cgxe_registry.obj
 0001:0003f1f0       _ssSetIWorkValueFcn        00000001800401f0 f   CTM_PID_cgxe_registry.obj
 0001:0003f270       _ssGetIWorkValueFcn        0000000180040270 f   CTM_PID_cgxe_registry.obj
 0001:0003f2e0       _ssSetPWorkValueFcn        00000001800402e0 f   CTM_PID_cgxe_registry.obj
 0001:0003f360       _ssGetPWorkValueFcn        0000000180040360 f   CTM_PID_cgxe_registry.obj
 0001:0003f3d0       _ssGetInputPortSignalFcn   00000001800403d0 f   CTM_PID_cgxe_registry.obj
 0001:0003f760       _ssGetInputPortBufferDstPortFcn 0000000180040760 f   CTM_PID_cgxe_registry.obj
 0001:0003f7e0       _ssGetInputPortSignalPtrsFcn 00000001800407e0 f   CTM_PID_cgxe_registry.obj
 0001:0003fb70       ssGetParameterTuningCompliance 0000000180040b70 f   CTM_PID_cgxe_registry.obj
 0001:0003fbe0       _ssReadInputStringFcn      0000000180040be0 f   CTM_PID_cgxe_registry.obj
 0001:0003fc50       ssGetDTypeIdFromMxArray    0000000180040c50 f   CTM_PID_cgxe_registry.obj
 0001:0003fd70       ssWriteRTWMx2dMatParam     0000000180040d70 f   CTM_PID_cgxe_registry.obj
 0001:0003fe00       ssWriteRTWMxVectParam      0000000180040e00 f   CTM_PID_cgxe_registry.obj
 0001:0003fe80       ssWriteRTWParameters       0000000180040e80 f   CTM_PID_cgxe_registry.obj
 0001:00040440       ssWriteRTWParamSettings    0000000180041440 f   CTM_PID_cgxe_registry.obj
 0001:00040b30       ssWriteRTWStr              0000000180041b30 f   CTM_PID_cgxe_registry.obj
 0001:00040b90       ssWriteRTWWorkVect         0000000180041b90 f   CTM_PID_cgxe_registry.obj
 0001:000410f0       ssWarning                  00000001800420f0 f   CTM_PID_cgxe_registry.obj
 0001:000411e0       ssGetRootSS                00000001800421e0 f   CTM_PID_cgxe_registry.obj
 0001:000412a0       ssGetParentSS              00000001800422a0 f   CTM_PID_cgxe_registry.obj
 0001:00041360       ssWriteRTWNameValuePair    0000000180042360 f   CTM_PID_cgxe_registry.obj
 0001:00041860       _ssSetInputPortMatrixDimensions 0000000180042860 f   CTM_PID_cgxe_registry.obj
 0001:000419b0       _ssSetOutputPortMatrixDimensions 00000001800429b0 f   CTM_PID_cgxe_registry.obj
 0001:00041b00       _ssSetInputPortVectorDimension 0000000180042b00 f   CTM_PID_cgxe_registry.obj
 0001:00041bb0       _ssSetOutputPortVectorDimension 0000000180042bb0 f   CTM_PID_cgxe_registry.obj
 0001:00041c60       ssIsRunTimeParamTunable    0000000180042c60 f   CTM_PID_cgxe_registry.obj
 0001:00041cd0       ssGetSFuncBlockHandle      0000000180042cd0 f   CTM_PID_cgxe_registry.obj
 0001:00041d40       _ssGetCallSystemNumFcnCallDestinations 0000000180042d40 f   CTM_PID_cgxe_registry.obj
 0001:00041db0       _ssGetCurrentInputPortWidth 0000000180042db0 f   CTM_PID_cgxe_registry.obj
 0001:00041ef0       _ssGetCurrentOutputPortWidth 0000000180042ef0 f   CTM_PID_cgxe_registry.obj
 0001:00042030       ssGetIsZeroCrossControlDisabled 0000000180043030 f   CTM_PID_cgxe_registry.obj
 0001:000420a0       ssSetIsInputPortUsedForContZcSignal 00000001800430a0 f   CTM_PID_cgxe_registry.obj
 0001:00042110       ssSetZcSignalIsZcElementDisc 0000000180043110 f   CTM_PID_cgxe_registry.obj
 0001:000421c0       ssSetZcSignalName          00000001800431c0 f   CTM_PID_cgxe_registry.obj
 0001:00042230       ssSetZcSignalWidth         0000000180043230 f   CTM_PID_cgxe_registry.obj
 0001:000422a0       ssSetZcSignalZcEventType   00000001800432a0 f   CTM_PID_cgxe_registry.obj
 0001:00042310       ssSetZcSignalType          0000000180043310 f   CTM_PID_cgxe_registry.obj
 0001:00042380       ssSetZcSignalZcTol         0000000180043380 f   CTM_PID_cgxe_registry.obj
 0001:000423f0       ssSetZcSignalNeedsEventNotification 00000001800433f0 f   CTM_PID_cgxe_registry.obj
 0001:00042460       ssCreateAndAddZcSignalInfo 0000000180043460 f   CTM_PID_cgxe_registry.obj
 0001:000424d0       ssCloneAndAddZcSignalInfo  00000001800434d0 f   CTM_PID_cgxe_registry.obj
 0001:00042540       ssGetNumZcSignals          0000000180043540 f   CTM_PID_cgxe_registry.obj
 0001:000425b0       ssGetZcSignalVector        00000001800435b0 f   CTM_PID_cgxe_registry.obj
 0001:00042620       ssGetZcSignalName          0000000180043620 f   CTM_PID_cgxe_registry.obj
 0001:00042690       ssGetZcSignalWidth         0000000180043690 f   CTM_PID_cgxe_registry.obj
 0001:00042700       ssGetZcSignalZcEventType   0000000180043700 f   CTM_PID_cgxe_registry.obj
 0001:00042770       ssGetZcSignalZcEvents      0000000180043770 f   CTM_PID_cgxe_registry.obj
 0001:000427e0       ssGetZcSignalType          00000001800437e0 f   CTM_PID_cgxe_registry.obj
 0001:00042850       ssGetZcSignalZcTol         0000000180043850 f   CTM_PID_cgxe_registry.obj
 0001:000428d0       ssGetZcSignalNeedsEventNotification 00000001800438d0 f   CTM_PID_cgxe_registry.obj
 0001:00042940       ssGetZcSignalIsZcElementDisc 0000000180043940 f   CTM_PID_cgxe_registry.obj
 0001:000429e0       ssGetIsInputPortElementContinuous 00000001800439e0 f   CTM_PID_cgxe_registry.obj
 0001:00042a80       _ssGetAbsTol               0000000180043a80 f   CTM_PID_cgxe_registry.obj
 0001:00042af0       _ssSetStateAbsTol          0000000180043af0 f   CTM_PID_cgxe_registry.obj
 0001:00042bd0       _ssSetInputPortReusableFcn 0000000180043bd0 f   CTM_PID_cgxe_registry.obj
 0001:00042cd0       _ssSetOutputPortReusableFcn 0000000180043cd0 f   CTM_PID_cgxe_registry.obj
 0001:00042dd0       _ssSetSymbolicDimsSupport  0000000180043dd0 f   CTM_PID_cgxe_registry.obj
 0001:00042e40       _ssRegisterSymbolicDimsExpr 0000000180043e40 f   CTM_PID_cgxe_registry.obj
 0001:00042ec0       _ssRegisterSymbolicDimsMATLABExpr 0000000180043ec0 f   CTM_PID_cgxe_registry.obj
 0001:00042f50       _ssRegisterSymbolicDims    0000000180043f50 f   CTM_PID_cgxe_registry.obj
 0001:00042ff0       _ssRegisterSymbolicDimsString 0000000180043ff0 f   CTM_PID_cgxe_registry.obj
 0001:00043070       _ssRegisterSymbolicDimsIntValue 0000000180044070 f   CTM_PID_cgxe_registry.obj
 0001:000430e0       _ssRegisterSymbolicEqualRelation 00000001800440e0 f   CTM_PID_cgxe_registry.obj
 0001:00043150       _ssRegisterSymbolicEqualValue 0000000180044150 f   CTM_PID_cgxe_registry.obj
 0001:000431c0       _ssAmendLeadingSymbolicDims 00000001800441c0 f   CTM_PID_cgxe_registry.obj
 0001:00043240       _ssAmendTrailingSymbolicDims 0000000180044240 f   CTM_PID_cgxe_registry.obj
 0001:000432c0       _ssRegisterSymbolicDimsPlus 00000001800442c0 f   CTM_PID_cgxe_registry.obj
 0001:00043340       _ssRegisterSymbolicDimsMinus 0000000180044340 f   CTM_PID_cgxe_registry.obj
 0001:000433c0       _ssRegisterSymbolicDimsMultiply 00000001800443c0 f   CTM_PID_cgxe_registry.obj
 0001:00043440       _ssRegisterSymbolicDimsDivide 0000000180044440 f   CTM_PID_cgxe_registry.obj
 0001:000434c0       _ssGetNumSymbolicDims      00000001800444c0 f   CTM_PID_cgxe_registry.obj
 0001:00043530       _ssGetSymbolicDim          0000000180044530 f   CTM_PID_cgxe_registry.obj
 0001:000435b0       _ssSetInputPortSymbolicDimsId 00000001800445b0 f   CTM_PID_cgxe_registry.obj
 0001:00043620       _ssGetCompInputPortSymbolicDimsId 0000000180044620 f   CTM_PID_cgxe_registry.obj
 0001:00043690       _ssSetCompInputPortSymbolicDimsId 0000000180044690 f   CTM_PID_cgxe_registry.obj
 0001:00043700       _ssSetOutputPortSymbolicDimsId 0000000180044700 f   CTM_PID_cgxe_registry.obj
 0001:00043770       _ssGetCompOutputPortSymbolicDimsId 0000000180044770 f   CTM_PID_cgxe_registry.obj
 0001:000437e0       _ssSetCompOutputPortSymbolicDimsId 00000001800447e0 f   CTM_PID_cgxe_registry.obj
 0001:00043850       _ssGetDWorkSymbolicDimsId  0000000180044850 f   CTM_PID_cgxe_registry.obj
 0001:000438c0       _ssSetDWorkSymbolicDimsId  00000001800448c0 f   CTM_PID_cgxe_registry.obj
 0001:00043930       _ssGetCompDWorkSymbolicDimsId 0000000180044930 f   CTM_PID_cgxe_registry.obj
 0001:000439a0       _ssSetCompDWorkSymbolicDimsId 00000001800449a0 f   CTM_PID_cgxe_registry.obj
 0001:00043a10       _ssCreateSLCGStringBuffer  0000000180044a10 f   CTM_PID_cgxe_registry.obj
 0001:00043a80       _ssAddToSLCGStringBuffer   0000000180044a80 f   CTM_PID_cgxe_registry.obj
 0001:00043af0       _ssGetPointerContainedData 0000000180044af0 f   CTM_PID_cgxe_registry.obj
 0001:00043b80       _ssGetPointerContainedDataWidth 0000000180044b80 f   CTM_PID_cgxe_registry.obj
 0001:00043c10       _ssRegisterDynamicArrayDataTypeFcn 0000000180044c10 f   CTM_PID_cgxe_registry.obj
 0001:00043cb0       _ssGetDynamicArrayContainedDataCurrentWidthFcn 0000000180044cb0 f   CTM_PID_cgxe_registry.obj
 0001:00043d80       _ssGetDynamicArrayContainedDataFcn 0000000180044d80 f   CTM_PID_cgxe_registry.obj
 0001:00043e50       _ssGetInputPortDynamicArrayDataFcn 0000000180044e50 f   CTM_PID_cgxe_registry.obj
 0001:00043f10       _ssGetOutputPortDynamicArrayDataFcn 0000000180044f10 f   CTM_PID_cgxe_registry.obj
 0001:00043fd0       _ssGetInputPortDynamicArrayContainedDataFcn 0000000180044fd0 f   CTM_PID_cgxe_registry.obj
 0001:00044090       _ssGetOutputPortDynamicArrayContainedDataFcn 0000000180045090 f   CTM_PID_cgxe_registry.obj
 0001:00044150       _ssGetDynamicArrayDWorkContainedDataFcn 0000000180045150 f   CTM_PID_cgxe_registry.obj
 0001:00045e50       __local_stdio_printf_options 0000000180046e50 f i CTM_PID_cgxe_registry.obj
 0001:00045e60       _vsnprintf_l               0000000180046e60 f i CTM_PID_cgxe_registry.obj
 0001:00045ee0       _vsprintf_l                0000000180046ee0 f i CTM_PID_cgxe_registry.obj
 0001:00045f30       sprintf                    0000000180046f30 f i CTM_PID_cgxe_registry.obj
 0001:00046920       ccdFirstDirDefault         0000000180047920 f   ccd_ccd.obj
 0001:00046960       __ccdSupport               0000000180047960 f   ccd_ccd.obj
 0001:00046a40       ccdGJKIntersect            0000000180047a40 f   ccd_ccd.obj
 0001:00046ad0       __ccdGJK                   0000000180047ad0 f   ccd_ccd.obj
 0001:00046c90       ccdGJKSeparate             0000000180047c90 f   ccd_ccd.obj
 0001:00046d30       ccdGJKPenetration          0000000180047d30 f   ccd_ccd.obj
 0001:0004b240       ccdMPRIntersect            000000018004c240 f   ccd_mpr.obj
 0001:0004b310       ccdMPRPenetration          000000018004c310 f   ccd_mpr.obj
 0001:0004ce10       ccdPtInit                  000000018004de10 f   ccd_polytope.obj
 0001:0004ce80       ccdPtDestroy               000000018004de80 f   ccd_polytope.obj
 0001:0004cfd0       ccdPtAddVertex             000000018004dfd0 f   ccd_polytope.obj
 0001:0004d0a0       ccdPtAddEdge               000000018004e0a0 f   ccd_polytope.obj
 0001:0004d260       ccdPtAddFace               000000018004e260 f   ccd_polytope.obj
 0001:0004d740       ccdPtRecomputeDistances    000000018004e740 f   ccd_polytope.obj
 0001:0004da30       ccdPtNearest               000000018004ea30 f   ccd_polytope.obj
 0001:0004da70       ccdPtDumpSVT               000000018004ea70 f   ccd_polytope.obj
 0001:0004dad0       ccdPtDumpSVT2              000000018004ead0 f   ccd_polytope.obj
 0001:0004dfc0       _vfprintf_l                000000018004efc0 f i ccd_polytope.obj
 0001:0004e010       fprintf                    000000018004f010 f i ccd_polytope.obj
 0001:0004e550       ccdVec3PointSegmentDist2   000000018004f550 f   ccd_vec3.obj
 0001:0004e590       ccdVec3PointTriDist2       000000018004f590 f   ccd_vec3.obj
 0001:0004f4c0       ??RCollisionGeometryDeleter@shared_robotics@@QEAAXPEAVCollisionGeometry@1@@Z 00000001800504c0 f   collisioncodegen_CollisionGeometry.obj
 0001:0004f510       ??1CollisionGeometry@shared_robotics@@UEAA@XZ 0000000180050510 f   collisioncodegen_CollisionGeometry.obj
 0001:0004f570       ?support@CollisionGeometry@shared_robotics@@QEBAXPEBU_ccd_vec3_t@@PEAU3@@Z 0000000180050570 f   collisioncodegen_CollisionGeometry.obj
 0001:000500c0       ?constructConnectionList@CollisionGeometry@shared_robotics@@IEAAXXZ 00000001800510c0 f   collisioncodegen_CollisionGeometry.obj
 0001:00050640       ??$?0$$V@?$_Compressed_pair@V?$allocator@N@std@@V?$_Vector_val@U?$_Simple_types@N@std@@@2@$00@std@@QEAA@U_Zero_then_variadic_args_t@1@@Z 0000000180051640 f i collisioncodegen_CollisionGeometry.obj
 0001:00050670       ??$?0$$V@?$_Compressed_pair@V?$allocator@_K@std@@V?$_Vector_val@U?$_Simple_types@_K@std@@@2@$00@std@@QEAA@U_Zero_then_variadic_args_t@1@@Z 0000000180051670 f i collisioncodegen_CollisionGeometry.obj
 0001:000506a0       ??$?0AEAPEA_KAEAPEA_K$0A@@?$pair@PEA_KPEA_K@std@@QEAA@AEAPEA_K0@Z 00000001800516a0 f i collisioncodegen_CollisionGeometry.obj
 0001:000506f0       ??$?0V?$allocator@_K@std@@PEA_KPEA_KPEA_K@?$_Compressed_pair@V?$allocator@_K@std@@V?$_Vector_val@U?$_Simple_types@_K@std@@@2@$00@std@@QEAA@U_One_then_variadic_args_t@1@$$QEAV?$allocator@_K@1@$$QEAPEA_K22@Z 00000001800516f0 f i collisioncodegen_CollisionGeometry.obj
 0001:00050760       ??$?6U?$char_traits@D@std@@@std@@YAAEAV?$basic_ostream@DU?$char_traits@D@std@@@0@AEAV10@PEBD@Z 0000000180051760 f i collisioncodegen_CollisionGeometry.obj
 0001:00050b10       ??$?RAEANAEAN@?$less@X@std@@QEBA_NAEAN0@Z 0000000180051b10 f i collisioncodegen_CollisionGeometry.obj
 0001:00050b50       ??$?RAEA_KAEA_K@?$equal_to@X@std@@QEBA_NAEA_K0@Z 0000000180051b50 f i collisioncodegen_CollisionGeometry.obj
 0001:00050b90       ??$?RAEA_KAEA_K@?$less@X@std@@QEBA_NAEA_K0@Z 0000000180051b90 f i collisioncodegen_CollisionGeometry.obj
 0001:00050bd0       ??$_Adl_verify_range@V?$_Vector_iterator@V?$_Vector_val@U?$_Simple_types@N@std@@@std@@@std@@V12@@std@@YAXAEBV?$_Vector_iterator@V?$_Vector_val@U?$_Simple_types@N@std@@@std@@@0@0@Z 0000000180051bd0 f i collisioncodegen_CollisionGeometry.obj
 0001:00050be0       ??$_Adl_verify_range@V?$_Vector_iterator@V?$_Vector_val@U?$_Simple_types@_K@std@@@std@@@std@@V12@@std@@YAXAEBV?$_Vector_iterator@V?$_Vector_val@U?$_Simple_types@_K@std@@@std@@@0@0@Z 0000000180051be0 f i collisioncodegen_CollisionGeometry.obj
 0001:00050bf0       ??$_Allocate@$0BA@U_Default_allocate_traits@std@@$0A@@std@@YAPEAX_K@Z 0000000180051bf0 f i collisioncodegen_CollisionGeometry.obj
 0001:00050c30       ??$_Allocate_manually_vector_aligned@U_Default_allocate_traits@std@@@std@@YAPEAX_K@Z 0000000180051c30 f i collisioncodegen_CollisionGeometry.obj
 0001:00050cc0       ??$_Copy_backward_memmove@PEA_KPEA_K@std@@YAPEA_KPEA_K00@Z 0000000180051cc0 f i collisioncodegen_CollisionGeometry.obj
 0001:00050d70       ??$_Copy_memmove@PEANPEAN@std@@YAPEANPEAN00@Z 0000000180051d70 f i collisioncodegen_CollisionGeometry.obj
 0001:00050e10       ??$_Copy_memmove@PEA_KPEA_K@std@@YAPEA_KPEA_K00@Z 0000000180051e10 f i collisioncodegen_CollisionGeometry.obj
 0001:00050eb0       ??$_Deallocate@$0BA@$0A@@std@@YAXPEAX_K@Z 0000000180051eb0 f i collisioncodegen_CollisionGeometry.obj
 0001:00050ef0       ??$_Destroy_range@V?$allocator@N@std@@@std@@YAXPEANQEANAEAV?$allocator@N@0@@Z 0000000180051ef0 f i collisioncodegen_CollisionGeometry.obj
 0001:00050f00       ??$_Destroy_range@V?$allocator@U_ccd_vec3_t@@@std@@@std@@YAXPEAU_ccd_vec3_t@@QEAU1@AEAV?$allocator@U_ccd_vec3_t@@@0@@Z 0000000180051f00 f i collisioncodegen_CollisionGeometry.obj
 0001:00050f10       ??$_Destroy_range@V?$allocator@U_idx_vec3_t@shared_robotics@@@std@@@std@@YAXPEAU_idx_vec3_t@shared_robotics@@QEAU12@AEAV?$allocator@U_idx_vec3_t@shared_robotics@@@0@@Z 0000000180051f10 f i collisioncodegen_CollisionGeometry.obj
 0001:00050f20       ??$_Destroy_range@V?$allocator@V?$vector@_KV?$allocator@_K@std@@@std@@@std@@@std@@YAXPEAV?$vector@_KV?$allocator@_K@std@@@0@QEAV10@AEAV?$allocator@V?$vector@_KV?$allocator@_K@std@@@std@@@0@@Z 0000000180051f20 f i collisioncodegen_CollisionGeometry.obj
 0001:00050f70       ??$_Destroy_range@V?$allocator@_K@std@@@std@@YAXPEA_KQEA_KAEAV?$allocator@_K@0@@Z 0000000180051f70 f i collisioncodegen_CollisionGeometry.obj
 0001:00050f80       ??$_Emplace_back@$$V@?$_Uninitialized_backout_al@V?$allocator@V?$vector@_KV?$allocator@_K@std@@@std@@@std@@@std@@QEAAXXZ 0000000180051f80 f i collisioncodegen_CollisionGeometry.obj
 0001:00050fd0       ??$_Emplace_back@$$V@?$_Uninitialized_backout_al@V?$allocator@_K@std@@@std@@QEAAXXZ 0000000180051fd0 f i collisioncodegen_CollisionGeometry.obj
 0001:00051020       ??$_Emplace_back@N@?$_Uninitialized_backout_al@V?$allocator@N@std@@@std@@QEAAX$$QEAN@Z 0000000180052020 f i collisioncodegen_CollisionGeometry.obj
 0001:00051080       ??$_Emplace_back@V?$vector@_KV?$allocator@_K@std@@@std@@@?$_Uninitialized_backout_al@V?$allocator@V?$vector@_KV?$allocator@_K@std@@@std@@@std@@@std@@QEAAX$$QEAV?$vector@_KV?$allocator@_K@std@@@1@@Z 0000000180052080 f i collisioncodegen_CollisionGeometry.obj
 0001:000510e0       ??$_Emplace_back@_K@?$_Uninitialized_backout_al@V?$allocator@_K@std@@@std@@QEAAX$$QEA_K@Z 00000001800520e0 f i collisioncodegen_CollisionGeometry.obj
 0001:00051140       ??$_Emplace_back_with_unused_capacity@AEB_K@?$vector@_KV?$allocator@_K@std@@@std@@AEAA?A_TAEB_K@Z 0000000180052140 f i collisioncodegen_CollisionGeometry.obj
 0001:000511f0       ??$_Emplace_back_with_unused_capacity@N@?$vector@NV?$allocator@N@std@@@std@@AEAA?A_T$$QEAN@Z 00000001800521f0 f i collisioncodegen_CollisionGeometry.obj
 0001:000512a0       ??$_Emplace_reallocate@AEB_K@?$vector@_KV?$allocator@_K@std@@@std@@QEAAPEA_KQEA_KAEB_K@Z 00000001800522a0 f i collisioncodegen_CollisionGeometry.obj
 0001:000514b0       ??$_Emplace_reallocate@N@?$vector@NV?$allocator@N@std@@@std@@QEAAPEANQEAN$$QEAN@Z 00000001800524b0 f i collisioncodegen_CollisionGeometry.obj
 0001:000516c0       ??$_Get_size_of_n@$07@std@@YA_K_K@Z 00000001800526c0 f i collisioncodegen_CollisionGeometry.obj
 0001:00051710       ??$_Get_size_of_n@$0BI@@std@@YA_K_K@Z 0000000180052710 f i collisioncodegen_CollisionGeometry.obj
 0001:00051750       ??$_Get_unwrapped@AEAV?$_Vector_iterator@V?$_Vector_val@U?$_Simple_types@N@std@@@std@@@std@@@std@@YA?A_TAEAV?$_Vector_iterator@V?$_Vector_val@U?$_Simple_types@N@std@@@std@@@0@@Z 0000000180052750 f i collisioncodegen_CollisionGeometry.obj
 0001:00051770       ??$_Get_unwrapped@AEAV?$_Vector_iterator@V?$_Vector_val@U?$_Simple_types@_K@std@@@std@@@std@@@std@@YA?A_TAEAV?$_Vector_iterator@V?$_Vector_val@U?$_Simple_types@_K@std@@@std@@@0@@Z 0000000180052770 f i collisioncodegen_CollisionGeometry.obj
 0001:00051790       ??$_Get_unwrapped@AEBQEAN@std@@YA?A_TAEBQEAN@Z 0000000180052790 f i collisioncodegen_CollisionGeometry.obj
 0001:000517a0       ??$_Get_unwrapped@AEBQEAV?$vector@_KV?$allocator@_K@std@@@std@@@std@@YA?A_TAEBQEAV?$vector@_KV?$allocator@_K@std@@@0@@Z 00000001800527a0 f i collisioncodegen_CollisionGeometry.obj
 0001:000517b0       ??$_Get_unwrapped@AEBQEA_K@std@@YA?A_TAEBQEA_K@Z 00000001800527b0 f i collisioncodegen_CollisionGeometry.obj
 0001:000517c0       ??$_Get_unwrapped@AEBV?$_Vector_iterator@V?$_Vector_val@U?$_Simple_types@_K@std@@@std@@@std@@@std@@YA?A_TAEBV?$_Vector_iterator@V?$_Vector_val@U?$_Simple_types@_K@std@@@std@@@0@@Z 00000001800527c0 f i collisioncodegen_CollisionGeometry.obj
 0001:000517e0       ??$_Guess_median_unchecked@PEA_KU?$less@X@std@@@std@@YAXPEA_K00U?$less@X@0@@Z 00000001800527e0 f i collisioncodegen_CollisionGeometry.obj
 0001:00051940       ??$_Insertion_sort_unchecked@PEA_KU?$less@X@std@@@std@@YAPEA_KQEA_K0U?$less@X@0@@Z 0000000180052940 f i collisioncodegen_CollisionGeometry.obj
 0001:00051a80       ??$_Make_heap_unchecked@PEA_KU?$less@X@std@@@std@@YAXPEA_K0U?$less@X@0@@Z 0000000180052a80 f i collisioncodegen_CollisionGeometry.obj
 0001:00051b20       ??$_Max_element_unchecked@PEANU?$less@X@std@@@std@@YAPEANPEAN0U?$less@X@0@@Z 0000000180052b20 f i collisioncodegen_CollisionGeometry.obj
 0001:00051ba0       ??$_Med3_unchecked@PEA_KU?$less@X@std@@@std@@YAXPEA_K00U?$less@X@0@@Z 0000000180052ba0 f i collisioncodegen_CollisionGeometry.obj
 0001:00051c40       ??$_Move_backward_unchecked@PEA_KPEA_K@std@@YAPEA_KPEA_K00@Z 0000000180052c40 f i collisioncodegen_CollisionGeometry.obj
 0001:00051cc0       ??$_Move_unchecked@PEA_KPEA_K@std@@YAPEA_KPEA_K00@Z 0000000180052cc0 f i collisioncodegen_CollisionGeometry.obj
 0001:00051d40       ??$_Next_iter@PEA_K@std@@YAPEA_KPEA_K@Z 0000000180052d40 f i collisioncodegen_CollisionGeometry.obj
 0001:00051d60       ??$_Partition_by_median_guess_unchecked@PEA_KU?$less@X@std@@@std@@YA?AU?$pair@PEA_KPEA_K@0@PEA_K0U?$less@X@0@@Z 0000000180052d60 f i collisioncodegen_CollisionGeometry.obj
 0001:00052120       ??$_Pass_fn@U?$less@X@std@@$0A@@std@@YA?AU?$less@X@0@U10@@Z 0000000180053120 f i collisioncodegen_CollisionGeometry.obj
 0001:00052130       ??$_Pop_heap_hole_by_index@PEA_K_KU?$less@X@std@@@std@@YAXPEA_K_J1$$QEA_KU?$less@X@0@@Z 0000000180053130 f i collisioncodegen_CollisionGeometry.obj
 0001:00052290       ??$_Pop_heap_hole_unchecked@PEA_K_KU?$less@X@std@@@std@@YAXPEA_K00$$QEA_KU?$less@X@0@@Z 0000000180053290 f i collisioncodegen_CollisionGeometry.obj
 0001:00052300       ??$_Pop_heap_unchecked@PEA_KU?$less@X@std@@@std@@YAXPEA_K0U?$less@X@0@@Z 0000000180053300 f i collisioncodegen_CollisionGeometry.obj
 0001:00052380       ??$_Prev_iter@PEA_K@std@@YAPEA_KPEA_K@Z 0000000180053380 f i collisioncodegen_CollisionGeometry.obj
 0001:000523a0       ??$_Push_heap_by_index@PEA_K_KU?$less@X@std@@@std@@YAXPEA_K_J1$$QEA_KU?$less@X@0@@Z 00000001800533a0 f i collisioncodegen_CollisionGeometry.obj
 0001:00052460       ??$_Refancy@PEAN$0A@@std@@YAPEANPEAN@Z 0000000180053460 f i collisioncodegen_CollisionGeometry.obj
 0001:00052470       ??$_Refancy@PEA_K$0A@@std@@YAPEA_KPEA_K@Z 0000000180053470 f i collisioncodegen_CollisionGeometry.obj
 0001:00052480       ??$_Resize@U_Value_init_tag@std@@@?$vector@V?$vector@_KV?$allocator@_K@std@@@std@@V?$allocator@V?$vector@_KV?$allocator@_K@std@@@std@@@2@@std@@AEAAX_KAEBU_Value_init_tag@1@@Z 0000000180053480 f i collisioncodegen_CollisionGeometry.obj
 0001:000525f0       ??$_Resize@U_Value_init_tag@std@@@?$vector@_KV?$allocator@_K@std@@@std@@AEAAX_KAEBU_Value_init_tag@1@@Z 00000001800535f0 f i collisioncodegen_CollisionGeometry.obj
 0001:00052760       ??$_Resize_reallocate@U_Value_init_tag@std@@@?$vector@V?$vector@_KV?$allocator@_K@std@@@std@@V?$allocator@V?$vector@_KV?$allocator@_K@std@@@std@@@2@@std@@AEAAX_KAEBU_Value_init_tag@1@@Z 0000000180053760 f i collisioncodegen_CollisionGeometry.obj
 0001:000528b0       ??$_Resize_reallocate@U_Value_init_tag@std@@@?$vector@_KV?$allocator@_K@std@@@std@@AEAAX_KAEBU_Value_init_tag@1@@Z 00000001800538b0 f i collisioncodegen_CollisionGeometry.obj
 0001:00052a00       ??$_Seek_wrapped@V?$_Vector_iterator@V?$_Vector_val@U?$_Simple_types@N@std@@@std@@@std@@PEAN@std@@YAXAEAV?$_Vector_iterator@V?$_Vector_val@U?$_Simple_types@N@std@@@std@@@0@$$QEAPEAN@Z 0000000180053a00 f i collisioncodegen_CollisionGeometry.obj
 0001:00052a30       ??$_Seek_wrapped@V?$_Vector_iterator@V?$_Vector_val@U?$_Simple_types@_K@std@@@std@@@std@@AEAPEA_K@std@@YAXAEAV?$_Vector_iterator@V?$_Vector_val@U?$_Simple_types@_K@std@@@std@@@0@AEAPEA_K@Z 0000000180053a30 f i collisioncodegen_CollisionGeometry.obj
 0001:00052a60       ??$_Seek_wrapped@V?$_Vector_iterator@V?$_Vector_val@U?$_Simple_types@_K@std@@@std@@@std@@AEBQEA_K@std@@YAXAEAV?$_Vector_iterator@V?$_Vector_val@U?$_Simple_types@_K@std@@@std@@@0@AEBQEA_K@Z 0000000180053a60 f i collisioncodegen_CollisionGeometry.obj
 0001:00052a90       ??$_Sort_heap_unchecked@PEA_KU?$less@X@std@@@std@@YAXPEA_K0U?$less@X@0@@Z 0000000180053a90 f i collisioncodegen_CollisionGeometry.obj
 0001:00052af0       ??$_Sort_unchecked@PEA_KU?$less@X@std@@@std@@YAXPEA_K0_JU?$less@X@0@@Z 0000000180053af0 f i collisioncodegen_CollisionGeometry.obj
 0001:00052c30       ??$_To_address@PEAN@std@@YA?A_PAEBQEAN@Z 0000000180053c30 f i collisioncodegen_CollisionGeometry.obj
 0001:00052c40       ??$_To_address@PEA_K@std@@YA?A_PAEBQEA_K@Z 0000000180053c40 f i collisioncodegen_CollisionGeometry.obj
 0001:00052c50       ??$_Unfancy@N@std@@YAPEANPEAN@Z 0000000180053c50 f i collisioncodegen_CollisionGeometry.obj
 0001:00052c60       ??$_Unfancy@V?$vector@_KV?$allocator@_K@std@@@std@@@std@@YAPEAV?$vector@_KV?$allocator@_K@std@@@0@PEAV10@@Z 0000000180053c60 f i collisioncodegen_CollisionGeometry.obj
 0001:00052c70       ??$_Unfancy@_K@std@@YAPEA_KPEA_K@Z 0000000180053c70 f i collisioncodegen_CollisionGeometry.obj
 0001:00052c80       ??$_Uninitialized_move@PEANV?$allocator@N@std@@@std@@YAPEANQEAN0PEANAEAV?$allocator@N@0@@Z 0000000180053c80 f i collisioncodegen_CollisionGeometry.obj
 0001:00052d60       ??$_Uninitialized_move@PEAV?$vector@_KV?$allocator@_K@std@@@std@@V?$allocator@V?$vector@_KV?$allocator@_K@std@@@std@@@2@@std@@YAPEAV?$vector@_KV?$allocator@_K@std@@@0@QEAV10@0PEAV10@AEAV?$allocator@V?$vector@_KV?$allocator@_K@std@@@std@@@0@@Z 0000000180053d60 f i collisioncodegen_CollisionGeometry.obj
 0001:00052e10       ??$_Uninitialized_move@PEA_KV?$allocator@_K@std@@@std@@YAPEA_KQEA_K0PEA_KAEAV?$allocator@_K@0@@Z 0000000180053e10 f i collisioncodegen_CollisionGeometry.obj
 0001:00052ef0       ??$_Uninitialized_value_construct_n@V?$allocator@V?$vector@_KV?$allocator@_K@std@@@std@@@std@@@std@@YAPEAV?$vector@_KV?$allocator@_K@std@@@0@PEAV10@_KAEAV?$allocator@V?$vector@_KV?$allocator@_K@std@@@std@@@0@@Z 0000000180053ef0 f i collisioncodegen_CollisionGeometry.obj
 0001:00052f60       ??$_Uninitialized_value_construct_n@V?$allocator@_K@std@@@std@@YAPEA_KPEA_K_KAEAV?$allocator@_K@0@@Z 0000000180053f60 f i collisioncodegen_CollisionGeometry.obj
 0001:00053010       ??$_Voidify_iter@PEAN@std@@YAPEAXPEAN@Z 0000000180054010 f i collisioncodegen_CollisionGeometry.obj
 0001:00053020       ??$_Voidify_iter@PEAV?$vector@_KV?$allocator@_K@std@@@std@@@std@@YAPEAXPEAV?$vector@_KV?$allocator@_K@std@@@0@@Z 0000000180054020 f i collisioncodegen_CollisionGeometry.obj
 0001:00053030       ??$_Voidify_iter@PEA_K@std@@YAPEAXPEA_K@Z 0000000180054030 f i collisioncodegen_CollisionGeometry.obj
 0001:00053040       ??$_Zero_range@PEA_K@std@@YAPEA_KQEA_K0@Z 0000000180054040 f i collisioncodegen_CollisionGeometry.obj
 0001:000530a0       ??$addressof@V?$_Vector_val@U?$_Simple_types@N@std@@@std@@@std@@YAPEAV?$_Vector_val@U?$_Simple_types@N@std@@@0@AEAV10@@Z 00000001800540a0 f i collisioncodegen_CollisionGeometry.obj
 0001:000530b0       ??$addressof@V?$_Vector_val@U?$_Simple_types@_K@std@@@std@@@std@@YAPEAV?$_Vector_val@U?$_Simple_types@_K@std@@@0@AEAV10@@Z 00000001800540b0 f i collisioncodegen_CollisionGeometry.obj
 0001:000530c0       ??$construct@NN@?$_Default_allocator_traits@V?$allocator@N@std@@@std@@SAXAEAV?$allocator@N@1@QEAN$$QEAN@Z 00000001800540c0 f i collisioncodegen_CollisionGeometry.obj
 0001:00053110       ??$construct@V?$vector@_KV?$allocator@_K@std@@@std@@$$V@?$_Default_allocator_traits@V?$allocator@V?$vector@_KV?$allocator@_K@std@@@std@@@std@@@std@@SAXAEAV?$allocator@V?$vector@_KV?$allocator@_K@std@@@std@@@1@QEAV?$vector@_KV?$allocator@_K@std@@@1@@Z 0000000180054110 f i collisioncodegen_CollisionGeometry.obj
 0001:00053150       ??$construct@V?$vector@_KV?$allocator@_K@std@@@std@@V12@@?$_Default_allocator_traits@V?$allocator@V?$vector@_KV?$allocator@_K@std@@@std@@@std@@@std@@SAXAEAV?$allocator@V?$vector@_KV?$allocator@_K@std@@@std@@@1@QEAV?$vector@_KV?$allocator@_K@std@@@1@$$QEAV31@@Z 0000000180054150 f i collisioncodegen_CollisionGeometry.obj
 0001:000531a0       ??$construct@_K$$V@?$_Default_allocator_traits@V?$allocator@_K@std@@@std@@SAXAEAV?$allocator@_K@1@QEA_K@Z 00000001800541a0 f i collisioncodegen_CollisionGeometry.obj
 0001:000531f0       ??$construct@_KAEB_K@?$_Default_allocator_traits@V?$allocator@_K@std@@@std@@SAXAEAV?$allocator@_K@1@QEA_KAEB_K@Z 00000001800541f0 f i collisioncodegen_CollisionGeometry.obj
 0001:00053240       ??$construct@_K_K@?$_Default_allocator_traits@V?$allocator@_K@std@@@std@@SAXAEAV?$allocator@_K@1@QEA_K$$QEA_K@Z 0000000180054240 f i collisioncodegen_CollisionGeometry.obj
 0001:00053290       ??$destroy@V?$vector@_KV?$allocator@_K@std@@@std@@@?$_Default_allocator_traits@V?$allocator@V?$vector@_KV?$allocator@_K@std@@@std@@@std@@@std@@SAXAEAV?$allocator@V?$vector@_KV?$allocator@_K@std@@@std@@@1@QEAV?$vector@_KV?$allocator@_K@std@@@1@@Z 0000000180054290 f i collisioncodegen_CollisionGeometry.obj
 0001:000532b0       ??$emplace_back@AEB_K@?$vector@_KV?$allocator@_K@std@@@std@@QEAA?A_TAEB_K@Z 00000001800542b0 f i collisioncodegen_CollisionGeometry.obj
 0001:00053330       ??$emplace_back@N@?$vector@NV?$allocator@N@std@@@std@@QEAA?A_T$$QEAN@Z 0000000180054330 f i collisioncodegen_CollisionGeometry.obj
 0001:000533b0       ??$endl@DU?$char_traits@D@std@@@std@@YAAEAV?$basic_ostream@DU?$char_traits@D@std@@@0@AEAV10@@Z 00000001800543b0 f i collisioncodegen_CollisionGeometry.obj
 0001:00053400       ??$exchange@PEA_K$$T@std@@YAPEA_KAEAPEA_K$$QEA$$T@Z 0000000180054400 f i collisioncodegen_CollisionGeometry.obj
 0001:00053440       ??$forward@AEAPEA_K@std@@YAAEAPEA_KAEAPEA_K@Z 0000000180054440 f i collisioncodegen_CollisionGeometry.obj
 0001:00053450       ??$forward@AEBQEA_K@std@@YAAEBQEA_KAEBQEA_K@Z 0000000180054450 f i collisioncodegen_CollisionGeometry.obj
 0001:00053460       ??$forward@AEB_K@std@@YAAEB_KAEB_K@Z 0000000180054460 f i collisioncodegen_CollisionGeometry.obj
 0001:00053470       ??$forward@N@std@@YA$$QEANAEAN@Z 0000000180054470 f i collisioncodegen_CollisionGeometry.obj
 0001:00053480       ??$forward@PEAN@std@@YA$$QEAPEANAEAPEAN@Z 0000000180054480 f i collisioncodegen_CollisionGeometry.obj
 0001:00053490       ??$forward@PEA_K@std@@YA$$QEAPEA_KAEAPEA_K@Z 0000000180054490 f i collisioncodegen_CollisionGeometry.obj
 0001:000534a0       ??$forward@V?$allocator@_K@std@@@std@@YA$$QEAV?$allocator@_K@0@AEAV10@@Z 00000001800544a0 f i collisioncodegen_CollisionGeometry.obj
 0001:000534b0       ??$forward@V?$vector@_KV?$allocator@_K@std@@@std@@@std@@YA$$QEAV?$vector@_KV?$allocator@_K@std@@@0@AEAV10@@Z 00000001800544b0 f i collisioncodegen_CollisionGeometry.obj
 0001:000534c0       ??$forward@_K@std@@YA$$QEA_KAEA_K@Z 00000001800544c0 f i collisioncodegen_CollisionGeometry.obj
 0001:000534d0       ??$iter_swap@PEA_KPEA_K@std@@YAXPEA_K0@Z 00000001800544d0 f i collisioncodegen_CollisionGeometry.obj
 0001:00053500       ??$max_element@V?$_Vector_iterator@V?$_Vector_val@U?$_Simple_types@N@std@@@std@@@std@@@std@@YA?AV?$_Vector_iterator@V?$_Vector_val@U?$_Simple_types@N@std@@@std@@@0@V10@0@Z 0000000180054500 f i collisioncodegen_CollisionGeometry.obj
 0001:00053550       ??$max_element@V?$_Vector_iterator@V?$_Vector_val@U?$_Simple_types@N@std@@@std@@@std@@U?$less@X@2@@std@@YA?AV?$_Vector_iterator@V?$_Vector_val@U?$_Simple_types@N@std@@@std@@@0@V10@0U?$less@X@0@@Z 0000000180054550 f i collisioncodegen_CollisionGeometry.obj
 0001:000535e0       ??$min@_K@std@@YAAEB_KAEB_K0@Z 00000001800545e0 f i collisioncodegen_CollisionGeometry.obj
 0001:00053630       ??$move@AEAN@std@@YA$$QEANAEAN@Z 0000000180054630 f i collisioncodegen_CollisionGeometry.obj
 0001:00053640       ??$move@AEAV?$allocator@_K@std@@@std@@YA$$QEAV?$allocator@_K@0@AEAV10@@Z 0000000180054640 f i collisioncodegen_CollisionGeometry.obj
 0001:00053650       ??$move@AEAV?$vector@_KV?$allocator@_K@std@@@std@@@std@@YA$$QEAV?$vector@_KV?$allocator@_K@std@@@0@AEAV10@@Z 0000000180054650 f i collisioncodegen_CollisionGeometry.obj
 0001:00053660       ??$move@AEA_K@std@@YA$$QEA_KAEA_K@Z 0000000180054660 f i collisioncodegen_CollisionGeometry.obj
 0001:00053670       ??$sort@V?$_Vector_iterator@V?$_Vector_val@U?$_Simple_types@_K@std@@@std@@@std@@@std@@YAXV?$_Vector_iterator@V?$_Vector_val@U?$_Simple_types@_K@std@@@std@@@0@0@Z 0000000180054670 f i collisioncodegen_CollisionGeometry.obj
 0001:000536b0       ??$sort@V?$_Vector_iterator@V?$_Vector_val@U?$_Simple_types@_K@std@@@std@@@std@@U?$less@X@2@@std@@YAXV?$_Vector_iterator@V?$_Vector_val@U?$_Simple_types@_K@std@@@std@@@0@0U?$less@X@0@@Z 00000001800546b0 f i collisioncodegen_CollisionGeometry.obj
 0001:00053730       ??$swap@_K$0A@@std@@YAXAEA_K0@Z 0000000180054730 f i collisioncodegen_CollisionGeometry.obj
 0001:00053780       ??$unique@V?$_Vector_iterator@V?$_Vector_val@U?$_Simple_types@_K@std@@@std@@@std@@@std@@YA?AV?$_Vector_iterator@V?$_Vector_val@U?$_Simple_types@_K@std@@@std@@@0@V10@0@Z 0000000180054780 f i collisioncodegen_CollisionGeometry.obj
 0001:000537d0       ??$unique@V?$_Vector_iterator@V?$_Vector_val@U?$_Simple_types@_K@std@@@std@@@std@@U?$equal_to@X@2@@std@@YA?AV?$_Vector_iterator@V?$_Vector_val@U?$_Simple_types@_K@std@@@std@@@0@V10@0U?$equal_to@X@0@@Z 00000001800547d0 f i collisioncodegen_CollisionGeometry.obj
 0001:00053930       ??0?$_Uninitialized_backout_al@V?$allocator@N@std@@@std@@QEAA@PEANAEAV?$allocator@N@1@@Z 0000000180054930 f i collisioncodegen_CollisionGeometry.obj
 0001:00053970       ??0?$_Uninitialized_backout_al@V?$allocator@V?$vector@_KV?$allocator@_K@std@@@std@@@std@@@std@@QEAA@PEAV?$vector@_KV?$allocator@_K@std@@@1@AEAV?$allocator@V?$vector@_KV?$allocator@_K@std@@@std@@@1@@Z 0000000180054970 f i collisioncodegen_CollisionGeometry.obj
 0001:000539b0       ??0?$_Uninitialized_backout_al@V?$allocator@_K@std@@@std@@QEAA@PEA_KAEAV?$allocator@_K@1@@Z 00000001800549b0 f i collisioncodegen_CollisionGeometry.obj
 0001:000539f0       ??0?$_Vector_const_iterator@V?$_Vector_val@U?$_Simple_types@N@std@@@std@@@std@@QEAA@PEANPEBU_Container_base0@1@@Z 00000001800549f0 f i collisioncodegen_CollisionGeometry.obj
 0001:00053a30       ??0?$_Vector_const_iterator@V?$_Vector_val@U?$_Simple_types@_K@std@@@std@@@std@@QEAA@PEA_KPEBU_Container_base0@1@@Z 0000000180054a30 f i collisioncodegen_CollisionGeometry.obj
 0001:00053a70       ??0?$_Vector_iterator@V?$_Vector_val@U?$_Simple_types@N@std@@@std@@@std@@QEAA@PEANPEBU_Container_base0@1@@Z 0000000180054a70 f i collisioncodegen_CollisionGeometry.obj
 0001:00053ab0       ??0?$_Vector_iterator@V?$_Vector_val@U?$_Simple_types@_K@std@@@std@@@std@@QEAA@PEA_KPEBU_Container_base0@1@@Z 0000000180054ab0 f i collisioncodegen_CollisionGeometry.obj
 0001:00053af0       ??0?$_Vector_val@U?$_Simple_types@N@std@@@std@@QEAA@XZ 0000000180054af0 f i collisioncodegen_CollisionGeometry.obj
 0001:00053b30       ??0?$_Vector_val@U?$_Simple_types@_K@std@@@std@@QEAA@PEA_K00@Z 0000000180054b30 f i collisioncodegen_CollisionGeometry.obj
 0001:00053b80       ??0?$_Vector_val@U?$_Simple_types@_K@std@@@std@@QEAA@XZ 0000000180054b80 f i collisioncodegen_CollisionGeometry.obj
 0001:00053bc0       ??0?$allocator@N@std@@QEAA@XZ 0000000180054bc0 f i collisioncodegen_CollisionGeometry.obj
 0001:00053bd0       ??0?$allocator@_K@std@@QEAA@XZ 0000000180054bd0 f i collisioncodegen_CollisionGeometry.obj
 0001:00053be0       ??0?$vector@NV?$allocator@N@std@@@std@@QEAA@XZ 0000000180054be0 f i collisioncodegen_CollisionGeometry.obj
 0001:00053c20       ??0?$vector@_KV?$allocator@_K@std@@@std@@QEAA@$$QEAV01@@Z 0000000180054c20 f i collisioncodegen_CollisionGeometry.obj
 0001:00053d20       ??0?$vector@_KV?$allocator@_K@std@@@std@@QEAA@XZ 0000000180054d20 f i collisioncodegen_CollisionGeometry.obj
 0001:00053d60       ??0_Sentry_base@?$basic_ostream@DU?$char_traits@D@std@@@std@@QEAA@AEAV12@@Z 0000000180054d60 f i collisioncodegen_CollisionGeometry.obj
 0001:00053dd0       ??0bad_alloc@std@@AEAA@QEBD@Z 0000000180054dd0 f i collisioncodegen_CollisionGeometry.obj
 0001:00053e10       ??0bad_alloc@std@@QEAA@AEBV01@@Z 0000000180054e10 f i collisioncodegen_CollisionGeometry.obj
 0001:00053e50       ??0bad_array_new_length@std@@QEAA@AEBV01@@Z 0000000180054e50 f i collisioncodegen_CollisionGeometry.obj
 0001:00053e90       ??0bad_array_new_length@std@@QEAA@XZ 0000000180054e90 f i collisioncodegen_CollisionGeometry.obj
 0001:00053ed0       ??0exception@std@@QEAA@AEBV01@@Z 0000000180054ed0 f i collisioncodegen_CollisionGeometry.obj
 0001:00053f30       ??0exception@std@@QEAA@QEBDH@Z 0000000180054f30 f i collisioncodegen_CollisionGeometry.obj
 0001:00053f80       ??0sentry@?$basic_ostream@DU?$char_traits@D@std@@@std@@QEAA@AEAV12@@Z 0000000180054f80 f i collisioncodegen_CollisionGeometry.obj
 0001:00054060       ??1?$_Uninitialized_backout_al@V?$allocator@N@std@@@std@@QEAA@XZ 0000000180055060 f i collisioncodegen_CollisionGeometry.obj
 0001:00054090       ??1?$_Uninitialized_backout_al@V?$allocator@V?$vector@_KV?$allocator@_K@std@@@std@@@std@@@std@@QEAA@XZ 0000000180055090 f i collisioncodegen_CollisionGeometry.obj
 0001:000540c0       ??1?$_Uninitialized_backout_al@V?$allocator@_K@std@@@std@@QEAA@XZ 00000001800550c0 f i collisioncodegen_CollisionGeometry.obj
 0001:000540f0       ??1?$vector@NV?$allocator@N@std@@@std@@QEAA@XZ 00000001800550f0 f i collisioncodegen_CollisionGeometry.obj
 0001:00054110       ??1?$vector@U_ccd_vec3_t@@V?$allocator@U_ccd_vec3_t@@@std@@@std@@QEAA@XZ 0000000180055110 f i collisioncodegen_CollisionGeometry.obj
 0001:00054130       ??1?$vector@U_idx_vec3_t@shared_robotics@@V?$allocator@U_idx_vec3_t@shared_robotics@@@std@@@std@@QEAA@XZ 0000000180055130 f i collisioncodegen_CollisionGeometry.obj
 0001:00054150       ??1?$vector@V?$vector@_KV?$allocator@_K@std@@@std@@V?$allocator@V?$vector@_KV?$allocator@_K@std@@@std@@@2@@std@@QEAA@XZ 0000000180055150 f i collisioncodegen_CollisionGeometry.obj
 0001:00054170       ??1?$vector@_KV?$allocator@_K@std@@@std@@QEAA@XZ 0000000180055170 f i collisioncodegen_CollisionGeometry.obj
 0001:00054190       ??1_Sentry_base@?$basic_ostream@DU?$char_traits@D@std@@@std@@QEAA@XZ 0000000180055190 f i collisioncodegen_CollisionGeometry.obj
 0001:000541f0       ??1bad_alloc@std@@UEAA@XZ  00000001800551f0 f i collisioncodegen_CollisionGeometry.obj
 0001:00054210       ??1bad_array_new_length@std@@UEAA@XZ 0000000180055210 f i collisioncodegen_CollisionGeometry.obj
 0001:00054230       ??1exception@std@@UEAA@XZ  0000000180055230 f i collisioncodegen_CollisionGeometry.obj
 0001:00054260       ??1sentry@?$basic_ostream@DU?$char_traits@D@std@@@std@@QEAA@XZ 0000000180055260 f i collisioncodegen_CollisionGeometry.obj
 0001:000542c0       ??2@YAPEAX_KPEAX@Z         00000001800552c0 f i collisioncodegen_CollisionGeometry.obj
 0001:000542d0       ??A?$vector@U_ccd_vec3_t@@V?$allocator@U_ccd_vec3_t@@@std@@@std@@QEBAAEBU_ccd_vec3_t@@_K@Z 00000001800552d0 f i collisioncodegen_CollisionGeometry.obj
 0001:00054300       ??A?$vector@U_idx_vec3_t@shared_robotics@@V?$allocator@U_idx_vec3_t@shared_robotics@@@std@@@std@@QEAAAEAU_idx_vec3_t@shared_robotics@@_K@Z 0000000180055300 f i collisioncodegen_CollisionGeometry.obj
 0001:00054330       ??A?$vector@V?$vector@_KV?$allocator@_K@std@@@std@@V?$allocator@V?$vector@_KV?$allocator@_K@std@@@std@@@2@@std@@QEAAAEAV?$vector@_KV?$allocator@_K@std@@@1@_K@Z 0000000180055330 f i collisioncodegen_CollisionGeometry.obj
 0001:00054360       ??A?$vector@V?$vector@_KV?$allocator@_K@std@@@std@@V?$allocator@V?$vector@_KV?$allocator@_K@std@@@std@@@2@@std@@QEBAAEBV?$vector@_KV?$allocator@_K@std@@@1@_K@Z 0000000180055360 f i collisioncodegen_CollisionGeometry.obj
 0001:00054390       ??A?$vector@_KV?$allocator@_K@std@@@std@@QEBAAEB_K_K@Z 0000000180055390 f i collisioncodegen_CollisionGeometry.obj
 0001:000543c0       ??Bsentry@?$basic_ostream@DU?$char_traits@D@std@@@std@@QEBA_NXZ 00000001800553c0 f i collisioncodegen_CollisionGeometry.obj
 0001:000543d0       ??G?$_Vector_const_iterator@V?$_Vector_val@U?$_Simple_types@N@std@@@std@@@std@@QEBA_JAEBV01@@Z 00000001800553d0 f i collisioncodegen_CollisionGeometry.obj
 0001:00054410       ??_G?$vector@_KV?$allocator@_K@std@@@std@@QEAAPEAXI@Z 0000000180055410 f i collisioncodegen_CollisionGeometry.obj
 0001:00054450       ??_ECollisionGeometry@shared_robotics@@UEAAPEAXI@Z 0000000180055450 f i collisioncodegen_CollisionGeometry.obj
 0001:00054450       ??_GCollisionGeometry@shared_robotics@@UEAAPEAXI@Z 0000000180055450 f i collisioncodegen_CollisionGeometry.obj
 0001:00054490       ??_Gbad_alloc@std@@UEAAPEAXI@Z 0000000180055490 f i collisioncodegen_CollisionGeometry.obj
 0001:00054490       ??_Ebad_alloc@std@@UEAAPEAXI@Z 0000000180055490 f i collisioncodegen_CollisionGeometry.obj
 0001:000544d0       ??_Ebad_array_new_length@std@@UEAAPEAXI@Z 00000001800554d0 f i collisioncodegen_CollisionGeometry.obj
 0001:000544d0       ??_Gbad_array_new_length@std@@UEAAPEAXI@Z 00000001800554d0 f i collisioncodegen_CollisionGeometry.obj
 0001:00054510       ??_Eexception@std@@UEAAPEAXI@Z 0000000180055510 f i collisioncodegen_CollisionGeometry.obj
 0001:00054510       ??_Gexception@std@@UEAAPEAXI@Z 0000000180055510 f i collisioncodegen_CollisionGeometry.obj
 0001:00054550       ?_Adjust_manually_vector_aligned@std@@YAXAEAPEAXAEA_K@Z 0000000180055550 f i collisioncodegen_CollisionGeometry.obj
 0001:000545f0       ?_Adopt@_Iterator_base0@std@@QEAAXPEBX@Z 00000001800555f0 f i collisioncodegen_CollisionGeometry.obj
 0001:00054600       ?_Alloc_proxy@_Container_base0@std@@QEAAXAEBU_Fake_allocator@2@@Z 0000000180055600 f i collisioncodegen_CollisionGeometry.obj
 0001:00054610       ?_Allocate@_Default_allocate_traits@std@@SAPEAX_K@Z 0000000180055610 f i collisioncodegen_CollisionGeometry.obj
 0001:00054630       ?_Calculate_growth@?$vector@NV?$allocator@N@std@@@std@@AEBA_K_K@Z 0000000180055630 f i collisioncodegen_CollisionGeometry.obj
 0001:000546c0       ?_Calculate_growth@?$vector@V?$vector@_KV?$allocator@_K@std@@@std@@V?$allocator@V?$vector@_KV?$allocator@_K@std@@@std@@@2@@std@@AEBA_K_K@Z 00000001800556c0 f i collisioncodegen_CollisionGeometry.obj
 0001:00054750       ?_Calculate_growth@?$vector@_KV?$allocator@_K@std@@@std@@AEBA_K_K@Z 0000000180055750 f i collisioncodegen_CollisionGeometry.obj
 0001:000547e0       ?_Change_array@?$vector@NV?$allocator@N@std@@@std@@AEAAXQEAN_K1@Z 00000001800557e0 f i collisioncodegen_CollisionGeometry.obj
 0001:000548d0       ?_Change_array@?$vector@V?$vector@_KV?$allocator@_K@std@@@std@@V?$allocator@V?$vector@_KV?$allocator@_K@std@@@std@@@2@@std@@AEAAXQEAV?$vector@_KV?$allocator@_K@std@@@2@_K1@Z 00000001800558d0 f i collisioncodegen_CollisionGeometry.obj
 0001:000549d0       ?_Change_array@?$vector@_KV?$allocator@_K@std@@@std@@AEAAXQEA_K_K1@Z 00000001800559d0 f i collisioncodegen_CollisionGeometry.obj
 0001:00054ac0       ?_Compat@?$_Vector_const_iterator@V?$_Vector_val@U?$_Simple_types@N@std@@@std@@@std@@QEBAXAEBV12@@Z 0000000180055ac0 f i collisioncodegen_CollisionGeometry.obj
 0001:00054ad0       ?_Get_first@?$_Compressed_pair@V?$allocator@N@std@@V?$_Vector_val@U?$_Simple_types@N@std@@@2@$00@std@@QEAAAEAV?$allocator@N@2@XZ 0000000180055ad0 f i collisioncodegen_CollisionGeometry.obj
 0001:00054ae0       ?_Get_first@?$_Compressed_pair@V?$allocator@N@std@@V?$_Vector_val@U?$_Simple_types@N@std@@@2@$00@std@@QEBAAEBV?$allocator@N@2@XZ 0000000180055ae0 f i collisioncodegen_CollisionGeometry.obj
 0001:00054af0       ?_Get_first@?$_Compressed_pair@V?$allocator@U_ccd_vec3_t@@@std@@V?$_Vector_val@U?$_Simple_types@U_ccd_vec3_t@@@std@@@2@$00@std@@QEAAAEAV?$allocator@U_ccd_vec3_t@@@2@XZ 0000000180055af0 f i collisioncodegen_CollisionGeometry.obj
 0001:00054b00       ?_Get_first@?$_Compressed_pair@V?$allocator@U_idx_vec3_t@shared_robotics@@@std@@V?$_Vector_val@U?$_Simple_types@U_idx_vec3_t@shared_robotics@@@std@@@2@$00@std@@QEAAAEAV?$allocator@U_idx_vec3_t@shared_robotics@@@2@XZ 0000000180055b00 f i collisioncodegen_CollisionGeometry.obj
 0001:00054b10       ?_Get_first@?$_Compressed_pair@V?$allocator@V?$vector@_KV?$allocator@_K@std@@@std@@@std@@V?$_Vector_val@U?$_Simple_types@V?$vector@_KV?$allocator@_K@std@@@std@@@std@@@2@$00@std@@QEAAAEAV?$allocator@V?$vector@_KV?$allocator@_K@std@@@std@@@2@XZ 0000000180055b10 f i collisioncodegen_CollisionGeometry.obj
 0001:00054b20       ?_Get_first@?$_Compressed_pair@V?$allocator@V?$vector@_KV?$allocator@_K@std@@@std@@@std@@V?$_Vector_val@U?$_Simple_types@V?$vector@_KV?$allocator@_K@std@@@std@@@std@@@2@$00@std@@QEBAAEBV?$allocator@V?$vector@_KV?$allocator@_K@std@@@std@@@2@XZ 0000000180055b20 f i collisioncodegen_CollisionGeometry.obj
 0001:00054b30       ?_Get_first@?$_Compressed_pair@V?$allocator@_K@std@@V?$_Vector_val@U?$_Simple_types@_K@std@@@2@$00@std@@QEAAAEAV?$allocator@_K@2@XZ 0000000180055b30 f i collisioncodegen_CollisionGeometry.obj
 0001:00054b40       ?_Get_first@?$_Compressed_pair@V?$allocator@_K@std@@V?$_Vector_val@U?$_Simple_types@_K@std@@@2@$00@std@@QEBAAEBV?$allocator@_K@2@XZ 0000000180055b40 f i collisioncodegen_CollisionGeometry.obj
 0001:00054b50       ?_Getal@?$vector@NV?$allocator@N@std@@@std@@AEAAAEAV?$allocator@N@2@XZ 0000000180055b50 f i collisioncodegen_CollisionGeometry.obj
 0001:00054b70       ?_Getal@?$vector@NV?$allocator@N@std@@@std@@AEBAAEBV?$allocator@N@2@XZ 0000000180055b70 f i collisioncodegen_CollisionGeometry.obj
 0001:00054b90       ?_Getal@?$vector@U_ccd_vec3_t@@V?$allocator@U_ccd_vec3_t@@@std@@@std@@AEAAAEAV?$allocator@U_ccd_vec3_t@@@2@XZ 0000000180055b90 f i collisioncodegen_CollisionGeometry.obj
 0001:00054bb0       ?_Getal@?$vector@U_idx_vec3_t@shared_robotics@@V?$allocator@U_idx_vec3_t@shared_robotics@@@std@@@std@@AEAAAEAV?$allocator@U_idx_vec3_t@shared_robotics@@@2@XZ 0000000180055bb0 f i collisioncodegen_CollisionGeometry.obj
 0001:00054bd0       ?_Getal@?$vector@V?$vector@_KV?$allocator@_K@std@@@std@@V?$allocator@V?$vector@_KV?$allocator@_K@std@@@std@@@2@@std@@AEAAAEAV?$allocator@V?$vector@_KV?$allocator@_K@std@@@std@@@2@XZ 0000000180055bd0 f i collisioncodegen_CollisionGeometry.obj
 0001:00054bf0       ?_Getal@?$vector@V?$vector@_KV?$allocator@_K@std@@@std@@V?$allocator@V?$vector@_KV?$allocator@_K@std@@@std@@@2@@std@@AEBAAEBV?$allocator@V?$vector@_KV?$allocator@_K@std@@@std@@@2@XZ 0000000180055bf0 f i collisioncodegen_CollisionGeometry.obj
 0001:00054c10       ?_Getal@?$vector@_KV?$allocator@_K@std@@@std@@AEAAAEAV?$allocator@_K@2@XZ 0000000180055c10 f i collisioncodegen_CollisionGeometry.obj
 0001:00054c30       ?_Getal@?$vector@_KV?$allocator@_K@std@@@std@@AEBAAEBV?$allocator@_K@2@XZ 0000000180055c30 f i collisioncodegen_CollisionGeometry.obj
 0001:00054c50       ?_Orphan_all@_Container_base0@std@@QEAAXXZ 0000000180055c50 f i collisioncodegen_CollisionGeometry.obj
 0001:00054c60       ?_Orphan_range@?$vector@NV?$allocator@N@std@@@std@@AEBAXPEAN0@Z 0000000180055c60 f i collisioncodegen_CollisionGeometry.obj
 0001:00054c70       ?_Orphan_range@?$vector@V?$vector@_KV?$allocator@_K@std@@@std@@V?$allocator@V?$vector@_KV?$allocator@_K@std@@@std@@@2@@std@@AEBAXPEAV?$vector@_KV?$allocator@_K@std@@@2@0@Z 0000000180055c70 f i collisioncodegen_CollisionGeometry.obj
 0001:00054c80       ?_Orphan_range@?$vector@_KV?$allocator@_K@std@@@std@@AEBAXPEA_K0@Z 0000000180055c80 f i collisioncodegen_CollisionGeometry.obj
 0001:00054c90       ?_Release@?$_Uninitialized_backout_al@V?$allocator@N@std@@@std@@QEAAPEANXZ 0000000180055c90 f i collisioncodegen_CollisionGeometry.obj
 0001:00054cb0       ?_Release@?$_Uninitialized_backout_al@V?$allocator@V?$vector@_KV?$allocator@_K@std@@@std@@@std@@@std@@QEAAPEAV?$vector@_KV?$allocator@_K@std@@@2@XZ 0000000180055cb0 f i collisioncodegen_CollisionGeometry.obj
 0001:00054cd0       ?_Release@?$_Uninitialized_backout_al@V?$allocator@_K@std@@@std@@QEAAPEA_KXZ 0000000180055cd0 f i collisioncodegen_CollisionGeometry.obj
 0001:00054cf0       ?_Seek_to@?$_Vector_const_iterator@V?$_Vector_val@U?$_Simple_types@N@std@@@std@@@std@@QEAAXPEBN@Z 0000000180055cf0 f i collisioncodegen_CollisionGeometry.obj
 0001:00054d20       ?_Seek_to@?$_Vector_const_iterator@V?$_Vector_val@U?$_Simple_types@_K@std@@@std@@@std@@QEAAXPEB_K@Z 0000000180055d20 f i collisioncodegen_CollisionGeometry.obj
 0001:00054d50       ?_Swap_proxy_and_iterators@_Container_base0@std@@QEAAXAEAU12@@Z 0000000180055d50 f i collisioncodegen_CollisionGeometry.obj
 0001:00054d60       ?_Throw_bad_array_new_length@std@@YAXXZ 0000000180055d60 f i collisioncodegen_CollisionGeometry.obj
 0001:00054d90       ?_Tidy@?$vector@NV?$allocator@N@std@@@std@@AEAAXXZ 0000000180055d90 f i collisioncodegen_CollisionGeometry.obj
 0001:00054e60       ?_Tidy@?$vector@U_ccd_vec3_t@@V?$allocator@U_ccd_vec3_t@@@std@@@std@@AEAAXXZ 0000000180055e60 f i collisioncodegen_CollisionGeometry.obj
 0001:00054f40       ?_Tidy@?$vector@U_idx_vec3_t@shared_robotics@@V?$allocator@U_idx_vec3_t@shared_robotics@@@std@@@std@@AEAAXXZ 0000000180055f40 f i collisioncodegen_CollisionGeometry.obj
 0001:00055020       ?_Tidy@?$vector@V?$vector@_KV?$allocator@_K@std@@@std@@V?$allocator@V?$vector@_KV?$allocator@_K@std@@@std@@@2@@std@@AEAAXXZ 0000000180056020 f i collisioncodegen_CollisionGeometry.obj
 0001:00055100       ?_Tidy@?$vector@_KV?$allocator@_K@std@@@std@@AEAAXXZ 0000000180056100 f i collisioncodegen_CollisionGeometry.obj
 0001:000551d0       ?_Unchecked_begin@?$vector@U_ccd_vec3_t@@V?$allocator@U_ccd_vec3_t@@@std@@@std@@QEBAPEBU_ccd_vec3_t@@XZ 00000001800561d0 f i collisioncodegen_CollisionGeometry.obj
 0001:000551e0       ?_Unchecked_end@?$vector@U_ccd_vec3_t@@V?$allocator@U_ccd_vec3_t@@@std@@@std@@QEBAPEBU_ccd_vec3_t@@XZ 00000001800561e0 f i collisioncodegen_CollisionGeometry.obj
 0001:000551f0       ?_Unwrapped@?$_Vector_iterator@V?$_Vector_val@U?$_Simple_types@N@std@@@std@@@std@@QEBAPEANXZ 00000001800561f0 f i collisioncodegen_CollisionGeometry.obj
 0001:00055210       ?_Unwrapped@?$_Vector_iterator@V?$_Vector_val@U?$_Simple_types@_K@std@@@std@@@std@@QEBAPEA_KXZ 0000000180056210 f i collisioncodegen_CollisionGeometry.obj
 0001:00055230       ?_Xlength@?$vector@NV?$allocator@N@std@@@std@@CAXXZ 0000000180056230 f i collisioncodegen_CollisionGeometry.obj
 0001:00055250       ?_Xlength@?$vector@V?$vector@_KV?$allocator@_K@std@@@std@@V?$allocator@V?$vector@_KV?$allocator@_K@std@@@std@@@2@@std@@CAXXZ 0000000180056250 f i collisioncodegen_CollisionGeometry.obj
 0001:00055270       ?_Xlength@?$vector@_KV?$allocator@_K@std@@@std@@CAXXZ 0000000180056270 f i collisioncodegen_CollisionGeometry.obj
 0001:00055290       ?allocate@?$allocator@N@std@@QEAAPEAN_K@Z 0000000180056290 f i collisioncodegen_CollisionGeometry.obj
 0001:000552c0       ?allocate@?$allocator@V?$vector@_KV?$allocator@_K@std@@@std@@@std@@QEAAPEAV?$vector@_KV?$allocator@_K@std@@@2@_K@Z 00000001800562c0 f i collisioncodegen_CollisionGeometry.obj
 0001:000552f0       ?allocate@?$allocator@_K@std@@QEAAPEA_K_K@Z 00000001800562f0 f i collisioncodegen_CollisionGeometry.obj
 0001:00055320       ?begin@?$vector@NV?$allocator@N@std@@@std@@QEAA?AV?$_Vector_iterator@V?$_Vector_val@U?$_Simple_types@N@std@@@std@@@2@XZ 0000000180056320 f i collisioncodegen_CollisionGeometry.obj
 0001:00055370       ?begin@?$vector@_KV?$allocator@_K@std@@@std@@QEAA?AV?$_Vector_iterator@V?$_Vector_val@U?$_Simple_types@_K@std@@@std@@@2@XZ 0000000180056370 f i collisioncodegen_CollisionGeometry.obj
 0001:000553c0       ?capacity@?$vector@NV?$allocator@N@std@@@std@@QEBA_KXZ 00000001800563c0 f i collisioncodegen_CollisionGeometry.obj
 0001:000553f0       ?capacity@?$vector@V?$vector@_KV?$allocator@_K@std@@@std@@V?$allocator@V?$vector@_KV?$allocator@_K@std@@@std@@@2@@std@@QEBA_KXZ 00000001800563f0 f i collisioncodegen_CollisionGeometry.obj
 0001:00055430       ?capacity@?$vector@_KV?$allocator@_K@std@@@std@@QEBA_KXZ 0000000180056430 f i collisioncodegen_CollisionGeometry.obj
 0001:00055460       ?clear@?$vector@_KV?$allocator@_K@std@@@std@@QEAAXXZ 0000000180056460 f i collisioncodegen_CollisionGeometry.obj
 0001:000554d0       ?deallocate@?$allocator@N@std@@QEAAXQEAN_K@Z 00000001800564d0 f i collisioncodegen_CollisionGeometry.obj
 0001:00055500       ?deallocate@?$allocator@U_ccd_vec3_t@@@std@@QEAAXQEAU_ccd_vec3_t@@_K@Z 0000000180056500 f i collisioncodegen_CollisionGeometry.obj
 0001:00055530       ?deallocate@?$allocator@U_idx_vec3_t@shared_robotics@@@std@@QEAAXQEAU_idx_vec3_t@shared_robotics@@_K@Z 0000000180056530 f i collisioncodegen_CollisionGeometry.obj
 0001:00055560       ?deallocate@?$allocator@V?$vector@_KV?$allocator@_K@std@@@std@@@std@@QEAAXQEAV?$vector@_KV?$allocator@_K@std@@@2@_K@Z 0000000180056560 f i collisioncodegen_CollisionGeometry.obj
 0001:00055590       ?deallocate@?$allocator@_K@std@@QEAAXQEA_K_K@Z 0000000180056590 f i collisioncodegen_CollisionGeometry.obj
 0001:000555c0       ?end@?$vector@NV?$allocator@N@std@@@std@@QEAA?AV?$_Vector_iterator@V?$_Vector_val@U?$_Simple_types@N@std@@@std@@@2@XZ 00000001800565c0 f i collisioncodegen_CollisionGeometry.obj
 0001:00055610       ?end@?$vector@_KV?$allocator@_K@std@@@std@@QEAA?AV?$_Vector_iterator@V?$_Vector_val@U?$_Simple_types@_K@std@@@std@@@2@XZ 0000000180056610 f i collisioncodegen_CollisionGeometry.obj
 0001:00055660       ?eof@?$_Narrow_char_traits@DH@std@@SAHXZ 0000000180056660 f i collisioncodegen_CollisionGeometry.obj
 0001:00055670       ?eq_int_type@?$_Narrow_char_traits@DH@std@@SA_NAEBH0@Z 0000000180056670 f i collisioncodegen_CollisionGeometry.obj
 0001:000556b0       ?erase@?$vector@_KV?$allocator@_K@std@@@std@@QEAA?AV?$_Vector_iterator@V?$_Vector_val@U?$_Simple_types@_K@std@@@std@@@2@V?$_Vector_const_iterator@V?$_Vector_val@U?$_Simple_types@_K@std@@@std@@@2@0@Z 00000001800566b0 f i collisioncodegen_CollisionGeometry.obj
 0001:00055790       ?length@?$_Narrow_char_traits@DH@std@@SA_KQEBD@Z 0000000180056790 f i collisioncodegen_CollisionGeometry.obj
 0001:000557b0       ?max@?$numeric_limits@_J@std@@SA_JXZ 00000001800567b0 f i collisioncodegen_CollisionGeometry.obj
 0001:000557c0       ?max_size@?$_Default_allocator_traits@V?$allocator@N@std@@@std@@SA_KAEBV?$allocator@N@2@@Z 00000001800567c0 f i collisioncodegen_CollisionGeometry.obj
 0001:000557d0       ?max_size@?$_Default_allocator_traits@V?$allocator@V?$vector@_KV?$allocator@_K@std@@@std@@@std@@@std@@SA_KAEBV?$allocator@V?$vector@_KV?$allocator@_K@std@@@std@@@2@@Z 00000001800567d0 f i collisioncodegen_CollisionGeometry.obj
 0001:000557e0       ?max_size@?$_Default_allocator_traits@V?$allocator@_K@std@@@std@@SA_KAEBV?$allocator@_K@2@@Z 00000001800567e0 f i collisioncodegen_CollisionGeometry.obj
 0001:000557f0       ?max_size@?$vector@NV?$allocator@N@std@@@std@@QEBA_KXZ 00000001800567f0 f i collisioncodegen_CollisionGeometry.obj
 0001:00055840       ?max_size@?$vector@V?$vector@_KV?$allocator@_K@std@@@std@@V?$allocator@V?$vector@_KV?$allocator@_K@std@@@std@@@2@@std@@QEBA_KXZ 0000000180056840 f i collisioncodegen_CollisionGeometry.obj
 0001:00055890       ?max_size@?$vector@_KV?$allocator@_K@std@@@std@@QEBA_KXZ 0000000180056890 f i collisioncodegen_CollisionGeometry.obj
 0001:000558e0       ?push_back@?$vector@NV?$allocator@N@std@@@std@@QEAAX$$QEAN@Z 00000001800568e0 f i collisioncodegen_CollisionGeometry.obj
 0001:00055910       ?push_back@?$vector@_KV?$allocator@_K@std@@@std@@QEAAXAEB_K@Z 0000000180056910 f i collisioncodegen_CollisionGeometry.obj
 0001:00055940       ?resize@?$vector@V?$vector@_KV?$allocator@_K@std@@@std@@V?$allocator@V?$vector@_KV?$allocator@_K@std@@@std@@@2@@std@@QEAAX_K@Z 0000000180056940 f i collisioncodegen_CollisionGeometry.obj
 0001:00055970       ?resize@?$vector@_KV?$allocator@_K@std@@@std@@QEAAX_K@Z 0000000180056970 f i collisioncodegen_CollisionGeometry.obj
 0001:000559a0       ?sign@CollisionGeometry@shared_robotics@@IEBAHN@Z 00000001800569a0 f i collisioncodegen_CollisionGeometry.obj
 0001:000559f0       ?size@?$vector@_KV?$allocator@_K@std@@@std@@QEBA_KXZ 00000001800569f0 f i collisioncodegen_CollisionGeometry.obj
 0001:00055a20       ?what@exception@std@@UEBAPEBDXZ 0000000180056a20 f i collisioncodegen_CollisionGeometry.obj
 0001:00055ad0       collisioncodegen_makeBox   0000000180056ad0 f   collisioncodegen_api.obj
 0001:00055b50       collisioncodegen_makeSphere 0000000180056b50 f   collisioncodegen_api.obj
 0001:00055bb0       collisioncodegen_makeCylinder 0000000180056bb0 f   collisioncodegen_api.obj
 0001:00055c20       collisioncodegen_makeCapsule 0000000180056c20 f   collisioncodegen_api.obj
 0001:00055ca0       collisioncodegen_makeMesh  0000000180056ca0 f   collisioncodegen_api.obj
 0001:00055d10       collisioncodegen_intersect 0000000180056d10 f   collisioncodegen_api.obj
 0001:00055da0       collisioncodegen_destructGeometry 0000000180056da0 f   collisioncodegen_api.obj
 0001:00055e00       collisioncodegen_copyGeometry 0000000180056e00 f   collisioncodegen_api.obj
 0001:00055e70       collisioncodegen_getVertices 0000000180056e70 f   collisioncodegen_api.obj
 0001:00055f40       collisioncodegen_getNumVertices 0000000180056f40 f   collisioncodegen_api.obj
 0001:00055f90       collisioncodegen_getX      0000000180056f90 f   collisioncodegen_api.obj
 0001:00055fb0       collisioncodegen_getY      0000000180056fb0 f   collisioncodegen_api.obj
 0001:00055fd0       collisioncodegen_getZ      0000000180056fd0 f   collisioncodegen_api.obj
 0001:00055ff0       collisioncodegen_getRadius 0000000180056ff0 f   collisioncodegen_api.obj
 0001:00056010       collisioncodegen_getLength 0000000180057010 f   collisioncodegen_api.obj
 0001:00056030       collisioncodegen_getType   0000000180057030 f   collisioncodegen_api.obj
 0001:000560d0       ??$?0$$V@?$_Compressed_pair@V?$allocator@D@std@@V?$_String_val@U?$_Simple_types@D@std@@@2@$00@std@@QEAA@U_Zero_then_variadic_args_t@1@@Z 00000001800570d0 f i collisioncodegen_api.obj
 0001:00056100       ??$?0$$V@?$_Compressed_pair@V?$allocator@U_ccd_vec3_t@@@std@@V?$_Vector_val@U?$_Simple_types@U_ccd_vec3_t@@@std@@@2@$00@std@@QEAA@U_Zero_then_variadic_args_t@1@@Z 0000000180057100 f i collisioncodegen_api.obj
 0001:00056130       ??$?0$$V@?$_Compressed_pair@V?$allocator@U_idx_vec3_t@shared_robotics@@@std@@V?$_Vector_val@U?$_Simple_types@U_idx_vec3_t@shared_robotics@@@std@@@2@$00@std@@QEAA@U_Zero_then_variadic_args_t@1@@Z 0000000180057130 f i collisioncodegen_api.obj
 0001:00056160       ??$?0$$V@?$_Compressed_pair@V?$allocator@V?$vector@_KV?$allocator@_K@std@@@std@@@std@@V?$_Vector_val@U?$_Simple_types@V?$vector@_KV?$allocator@_K@std@@@std@@@std@@@2@$00@std@@QEAA@U_Zero_then_variadic_args_t@1@@Z 0000000180057160 f i collisioncodegen_api.obj
 0001:00056190       ??$?0V?$allocator@U_ccd_vec3_t@@@std@@$$V@?$_Compressed_pair@V?$allocator@U_ccd_vec3_t@@@std@@V?$_Vector_val@U?$_Simple_types@U_ccd_vec3_t@@@std@@@2@$00@std@@QEAA@U_One_then_variadic_args_t@1@$$QEAV?$allocator@U_ccd_vec3_t@@@1@@Z 0000000180057190 f i collisioncodegen_api.obj
 0001:000561d0       ??$?0V?$allocator@U_idx_vec3_t@shared_robotics@@@std@@$$V@?$_Compressed_pair@V?$allocator@U_idx_vec3_t@shared_robotics@@@std@@V?$_Vector_val@U?$_Simple_types@U_idx_vec3_t@shared_robotics@@@std@@@2@$00@std@@QEAA@U_One_then_variadic_args_t@1@$$QEAV?$allocator@U_idx_vec3_t@shared_robotics@@@1@@Z 00000001800571d0 f i collisioncodegen_api.obj
 0001:00056210       ??$?0V?$allocator@V?$vector@_KV?$allocator@_K@std@@@std@@@std@@$$V@?$_Compressed_pair@V?$allocator@V?$vector@_KV?$allocator@_K@std@@@std@@@std@@V?$_Vector_val@U?$_Simple_types@V?$vector@_KV?$allocator@_K@std@@@std@@@std@@@2@$00@std@@QEAA@U_One_then_variadic_args_t@1@$$QEAV?$allocator@V?$vector@_KV?$allocator@_K@std@@@std@@@1@@Z 0000000180057210 f i collisioncodegen_api.obj
 0001:00056250       ??$?0V?$allocator@_K@std@@$$V@?$_Compressed_pair@V?$allocator@_K@std@@V?$_Vector_val@U?$_Simple_types@_K@std@@@2@$00@std@@QEAA@U_One_then_variadic_args_t@1@$$QEAV?$allocator@_K@1@@Z 0000000180057250 f i collisioncodegen_api.obj
 0001:00056290       ??$_Construct_in_place@PEADAEBQEAD@std@@YAXAEAPEADAEBQEAD@Z 0000000180057290 f i collisioncodegen_api.obj
 0001:000562e0       ??$_Construct_n@AEBQEAU_ccd_vec3_t@@AEBQEAU1@@?$vector@U_ccd_vec3_t@@V?$allocator@U_ccd_vec3_t@@@std@@@std@@AEAAX_KAEBQEAU_ccd_vec3_t@@1@Z 00000001800572e0 f i collisioncodegen_api.obj
 0001:000563c0       ??$_Construct_n@AEBQEAU_idx_vec3_t@shared_robotics@@AEBQEAU12@@?$vector@U_idx_vec3_t@shared_robotics@@V?$allocator@U_idx_vec3_t@shared_robotics@@@std@@@std@@AEAAX_KAEBQEAU_idx_vec3_t@shared_robotics@@1@Z 00000001800573c0 f i collisioncodegen_api.obj
 0001:000564a0       ??$_Construct_n@AEBQEAV?$vector@_KV?$allocator@_K@std@@@std@@AEBQEAV12@@?$vector@V?$vector@_KV?$allocator@_K@std@@@std@@V?$allocator@V?$vector@_KV?$allocator@_K@std@@@std@@@2@@std@@AEAAX_KAEBQEAV?$vector@_KV?$allocator@_K@std@@@1@1@Z 00000001800574a0 f i collisioncodegen_api.obj
 0001:00056580       ??$_Construct_n@AEBQEA_KAEBQEA_K@?$vector@_KV?$allocator@_K@std@@@std@@AEAAX_KAEBQEA_K1@Z 0000000180057580 f i collisioncodegen_api.obj
 0001:00056660       ??$_Convert_size@_K@std@@YA_K_K@Z 0000000180057660 f i collisioncodegen_api.obj
 0001:00056670       ??$_Copy_memmove@PEAU_ccd_vec3_t@@PEAU1@@std@@YAPEAU_ccd_vec3_t@@PEAU1@00@Z 0000000180057670 f i collisioncodegen_api.obj
 0001:00056710       ??$_Copy_memmove@PEAU_idx_vec3_t@shared_robotics@@PEAU12@@std@@YAPEAU_idx_vec3_t@shared_robotics@@PEAU12@00@Z 0000000180057710 f i collisioncodegen_api.obj
 0001:000567b0       ??$_Destroy_in_place@PEAD@std@@YAXAEAPEAD@Z 00000001800577b0 f i collisioncodegen_api.obj
 0001:000567c0       ??$_Emplace_back@AEAU_ccd_vec3_t@@@?$_Uninitialized_backout_al@V?$allocator@U_ccd_vec3_t@@@std@@@std@@QEAAXAEAU_ccd_vec3_t@@@Z 00000001800577c0 f i collisioncodegen_api.obj
 0001:00056820       ??$_Emplace_back@AEAU_idx_vec3_t@shared_robotics@@@?$_Uninitialized_backout_al@V?$allocator@U_idx_vec3_t@shared_robotics@@@std@@@std@@QEAAXAEAU_idx_vec3_t@shared_robotics@@@Z 0000000180057820 f i collisioncodegen_api.obj
 0001:00056880       ??$_Emplace_back@AEAV?$vector@_KV?$allocator@_K@std@@@std@@@?$_Uninitialized_backout_al@V?$allocator@V?$vector@_KV?$allocator@_K@std@@@std@@@std@@@std@@QEAAXAEAV?$vector@_KV?$allocator@_K@std@@@1@@Z 0000000180057880 f i collisioncodegen_api.obj
 0001:000568e0       ??$_Emplace_back@AEA_K@?$_Uninitialized_backout_al@V?$allocator@_K@std@@@std@@QEAAXAEA_K@Z 00000001800578e0 f i collisioncodegen_api.obj
 0001:00056940       ??$_Emplace_back@U_ccd_vec3_t@@@?$_Uninitialized_backout_al@V?$allocator@U_ccd_vec3_t@@@std@@@std@@QEAAX$$QEAU_ccd_vec3_t@@@Z 0000000180057940 f i collisioncodegen_api.obj
 0001:000569a0       ??$_Emplace_back_with_unused_capacity@AEBU_ccd_vec3_t@@@?$vector@U_ccd_vec3_t@@V?$allocator@U_ccd_vec3_t@@@std@@@std@@AEAA?A_TAEBU_ccd_vec3_t@@@Z 00000001800579a0 f i collisioncodegen_api.obj
 0001:00056a50       ??$_Emplace_reallocate@AEBU_ccd_vec3_t@@@?$vector@U_ccd_vec3_t@@V?$allocator@U_ccd_vec3_t@@@std@@@std@@QEAAPEAU_ccd_vec3_t@@QEAU2@AEBU2@@Z 0000000180057a50 f i collisioncodegen_api.obj
 0001:00056c70       ??$_Get_size_of_n@$00@std@@YA_K_K@Z 0000000180057c70 f i collisioncodegen_api.obj
 0001:00056c90       ??$_Get_unwrapped@AEBQEAU_ccd_vec3_t@@@std@@YA?A_TAEBQEAU_ccd_vec3_t@@@Z 0000000180057c90 f i collisioncodegen_api.obj
 0001:00056ca0       ??$_Get_unwrapped@AEBQEAU_idx_vec3_t@shared_robotics@@@std@@YA?A_TAEBQEAU_idx_vec3_t@shared_robotics@@@Z 0000000180057ca0 f i collisioncodegen_api.obj
 0001:00056cb0       ??$_Reallocate_for@V<lambda_66f57f934f28d61049862f64df852ff0>@@PEBD@?$basic_string@DU?$char_traits@D@std@@V?$allocator@D@2@@std@@AEAAAEAV01@_KV<lambda_66f57f934f28d61049862f64df852ff0>@@PEBD@Z 0000000180057cb0 f i collisioncodegen_api.obj
 0001:00056dd0       ??$_To_address@PEAU_ccd_vec3_t@@@std@@YA?A_PAEBQEAU_ccd_vec3_t@@@Z 0000000180057dd0 f i collisioncodegen_api.obj
 0001:00056de0       ??$_To_address@PEAU_idx_vec3_t@shared_robotics@@@std@@YA?A_PAEBQEAU_idx_vec3_t@shared_robotics@@@Z 0000000180057de0 f i collisioncodegen_api.obj
 0001:00056df0       ??$_Unfancy@D@std@@YAPEADPEAD@Z 0000000180057df0 f i collisioncodegen_api.obj
 0001:00056e00       ??$_Unfancy@U_ccd_vec3_t@@@std@@YAPEAU_ccd_vec3_t@@PEAU1@@Z 0000000180057e00 f i collisioncodegen_api.obj
 0001:00056e10       ??$_Unfancy@U_idx_vec3_t@shared_robotics@@@std@@YAPEAU_idx_vec3_t@shared_robotics@@PEAU12@@Z 0000000180057e10 f i collisioncodegen_api.obj
 0001:00056e20       ??$_Uninitialized_copy@PEAU_ccd_vec3_t@@V?$allocator@U_ccd_vec3_t@@@std@@@std@@YAPEAU_ccd_vec3_t@@QEAU1@0PEAU1@AEAV?$allocator@U_ccd_vec3_t@@@0@@Z 0000000180057e20 f i collisioncodegen_api.obj
 0001:00056f10       ??$_Uninitialized_copy@PEAU_idx_vec3_t@shared_robotics@@V?$allocator@U_idx_vec3_t@shared_robotics@@@std@@@std@@YAPEAU_idx_vec3_t@shared_robotics@@QEAU12@0PEAU12@AEAV?$allocator@U_idx_vec3_t@shared_robotics@@@0@@Z 0000000180057f10 f i collisioncodegen_api.obj
 0001:00057000       ??$_Uninitialized_copy@PEAV?$vector@_KV?$allocator@_K@std@@@std@@V?$allocator@V?$vector@_KV?$allocator@_K@std@@@std@@@2@@std@@YAPEAV?$vector@_KV?$allocator@_K@std@@@0@QEAV10@0PEAV10@AEAV?$allocator@V?$vector@_KV?$allocator@_K@std@@@std@@@0@@Z 0000000180058000 f i collisioncodegen_api.obj
 0001:000570a0       ??$_Uninitialized_copy@PEA_KV?$allocator@_K@std@@@std@@YAPEA_KQEA_K0PEA_KAEAV?$allocator@_K@0@@Z 00000001800580a0 f i collisioncodegen_api.obj
 0001:00057180       ??$_Uninitialized_move@PEAU_ccd_vec3_t@@V?$allocator@U_ccd_vec3_t@@@std@@@std@@YAPEAU_ccd_vec3_t@@QEAU1@0PEAU1@AEAV?$allocator@U_ccd_vec3_t@@@0@@Z 0000000180058180 f i collisioncodegen_api.obj
 0001:00057270       ??$_Voidify_iter@PEAPEAD@std@@YAPEAXPEAPEAD@Z 0000000180058270 f i collisioncodegen_api.obj
 0001:00057280       ??$_Voidify_iter@PEAU_ccd_vec3_t@@@std@@YAPEAXPEAU_ccd_vec3_t@@@Z 0000000180058280 f i collisioncodegen_api.obj
 0001:00057290       ??$_Voidify_iter@PEAU_idx_vec3_t@shared_robotics@@@std@@YAPEAXPEAU_idx_vec3_t@shared_robotics@@@Z 0000000180058290 f i collisioncodegen_api.obj
 0001:000572a0       ??$addressof@PEAD@std@@YAPEAPEADAEAPEAD@Z 00000001800582a0 f i collisioncodegen_api.obj
 0001:000572b0       ??$construct@U_ccd_vec3_t@@AEAU1@@?$_Default_allocator_traits@V?$allocator@U_ccd_vec3_t@@@std@@@std@@SAXAEAV?$allocator@U_ccd_vec3_t@@@1@QEAU_ccd_vec3_t@@AEAU3@@Z 00000001800582b0 f i collisioncodegen_api.obj
 0001:00057310       ??$construct@U_ccd_vec3_t@@AEBU1@@?$_Default_allocator_traits@V?$allocator@U_ccd_vec3_t@@@std@@@std@@SAXAEAV?$allocator@U_ccd_vec3_t@@@1@QEAU_ccd_vec3_t@@AEBU3@@Z 0000000180058310 f i collisioncodegen_api.obj
 0001:00057370       ??$construct@U_ccd_vec3_t@@U1@@?$_Default_allocator_traits@V?$allocator@U_ccd_vec3_t@@@std@@@std@@SAXAEAV?$allocator@U_ccd_vec3_t@@@1@QEAU_ccd_vec3_t@@$$QEAU3@@Z 0000000180058370 f i collisioncodegen_api.obj
 0001:000573d0       ??$construct@U_idx_vec3_t@shared_robotics@@AEAU12@@?$_Default_allocator_traits@V?$allocator@U_idx_vec3_t@shared_robotics@@@std@@@std@@SAXAEAV?$allocator@U_idx_vec3_t@shared_robotics@@@1@QEAU_idx_vec3_t@shared_robotics@@AEAU34@@Z 00000001800583d0 f i collisioncodegen_api.obj
 0001:00057430       ??$construct@V?$vector@_KV?$allocator@_K@std@@@std@@AEAV12@@?$_Default_allocator_traits@V?$allocator@V?$vector@_KV?$allocator@_K@std@@@std@@@std@@@std@@SAXAEAV?$allocator@V?$vector@_KV?$allocator@_K@std@@@std@@@1@QEAV?$vector@_KV?$allocator@_K@std@@@1@AEAV31@@Z 0000000180058430 f i collisioncodegen_api.obj
 0001:00057480       ??$construct@_KAEA_K@?$_Default_allocator_traits@V?$allocator@_K@std@@@std@@SAXAEAV?$allocator@_K@1@QEA_KAEA_K@Z 0000000180058480 f i collisioncodegen_api.obj
 0001:000574d0       ??$emplace_back@AEBU_ccd_vec3_t@@@?$vector@U_ccd_vec3_t@@V?$allocator@U_ccd_vec3_t@@@std@@@std@@QEAA?A_TAEBU_ccd_vec3_t@@@Z 00000001800584d0 f i collisioncodegen_api.obj
 0001:00057550       ??$forward@AEAU_ccd_vec3_t@@@std@@YAAEAU_ccd_vec3_t@@AEAU1@@Z 0000000180058550 f i collisioncodegen_api.obj
 0001:00057560       ??$forward@AEAU_idx_vec3_t@shared_robotics@@@std@@YAAEAU_idx_vec3_t@shared_robotics@@AEAU12@@Z 0000000180058560 f i collisioncodegen_api.obj
 0001:00057570       ??$forward@AEAV?$vector@_KV?$allocator@_K@std@@@std@@@std@@YAAEAV?$vector@_KV?$allocator@_K@std@@@0@AEAV10@@Z 0000000180058570 f i collisioncodegen_api.obj
 0001:00057580       ??$forward@AEA_K@std@@YAAEA_KAEA_K@Z 0000000180058580 f i collisioncodegen_api.obj
 0001:00057590       ??$forward@AEBQEAD@std@@YAAEBQEADAEBQEAD@Z 0000000180058590 f i collisioncodegen_api.obj
 0001:000575a0       ??$forward@AEBQEAU_ccd_vec3_t@@@std@@YAAEBQEAU_ccd_vec3_t@@AEBQEAU1@@Z 00000001800585a0 f i collisioncodegen_api.obj
 0001:000575b0       ??$forward@AEBQEAU_idx_vec3_t@shared_robotics@@@std@@YAAEBQEAU_idx_vec3_t@shared_robotics@@AEBQEAU12@@Z 00000001800585b0 f i collisioncodegen_api.obj
 0001:000575c0       ??$forward@AEBQEAV?$vector@_KV?$allocator@_K@std@@@std@@@std@@YAAEBQEAV?$vector@_KV?$allocator@_K@std@@@0@AEBQEAV10@@Z 00000001800585c0 f i collisioncodegen_api.obj
 0001:000575d0       ??$forward@AEBU_ccd_vec3_t@@@std@@YAAEBU_ccd_vec3_t@@AEBU1@@Z 00000001800585d0 f i collisioncodegen_api.obj
 0001:000575e0       ??$forward@U_ccd_vec3_t@@@std@@YA$$QEAU_ccd_vec3_t@@AEAU1@@Z 00000001800585e0 f i collisioncodegen_api.obj
 0001:000575f0       ??$forward@V?$allocator@U_ccd_vec3_t@@@std@@@std@@YA$$QEAV?$allocator@U_ccd_vec3_t@@@0@AEAV10@@Z 00000001800585f0 f i collisioncodegen_api.obj
 0001:00057600       ??$forward@V?$allocator@U_idx_vec3_t@shared_robotics@@@std@@@std@@YA$$QEAV?$allocator@U_idx_vec3_t@shared_robotics@@@0@AEAV10@@Z 0000000180058600 f i collisioncodegen_api.obj
 0001:00057610       ??$forward@V?$allocator@V?$vector@_KV?$allocator@_K@std@@@std@@@std@@@std@@YA$$QEAV?$allocator@V?$vector@_KV?$allocator@_K@std@@@std@@@0@AEAV10@@Z 0000000180058610 f i collisioncodegen_api.obj
 0001:00057620       ??$max@_K@std@@YAAEB_KAEB_K0@Z 0000000180058620 f i collisioncodegen_api.obj
 0001:00057670       ??$move@AEAU_ccd_vec3_t@@@std@@YA$$QEAU_ccd_vec3_t@@AEAU1@@Z 0000000180058670 f i collisioncodegen_api.obj
 0001:00057680       ??0?$_String_val@U?$_Simple_types@D@std@@@std@@QEAA@XZ 0000000180058680 f i collisioncodegen_api.obj
 0001:000576c0       ??0?$_Uninitialized_backout_al@V?$allocator@U_ccd_vec3_t@@@std@@@std@@QEAA@PEAU_ccd_vec3_t@@AEAV?$allocator@U_ccd_vec3_t@@@1@@Z 00000001800586c0 f i collisioncodegen_api.obj
 0001:00057700       ??0?$_Uninitialized_backout_al@V?$allocator@U_idx_vec3_t@shared_robotics@@@std@@@std@@QEAA@PEAU_idx_vec3_t@shared_robotics@@AEAV?$allocator@U_idx_vec3_t@shared_robotics@@@1@@Z 0000000180058700 f i collisioncodegen_api.obj
 0001:00057740       ??0?$_Vector_val@U?$_Simple_types@U_ccd_vec3_t@@@std@@@std@@QEAA@XZ 0000000180058740 f i collisioncodegen_api.obj
 0001:00057780       ??0?$_Vector_val@U?$_Simple_types@U_idx_vec3_t@shared_robotics@@@std@@@std@@QEAA@XZ 0000000180058780 f i collisioncodegen_api.obj
 0001:000577c0       ??0?$_Vector_val@U?$_Simple_types@V?$vector@_KV?$allocator@_K@std@@@std@@@std@@@std@@QEAA@XZ 00000001800587c0 f i collisioncodegen_api.obj
 0001:00057800       ??0?$allocator@D@std@@QEAA@XZ 0000000180058800 f i collisioncodegen_api.obj
 0001:00057810       ??0?$allocator@U_ccd_vec3_t@@@std@@QEAA@XZ 0000000180058810 f i collisioncodegen_api.obj
 0001:00057820       ??0?$allocator@U_idx_vec3_t@shared_robotics@@@std@@QEAA@XZ 0000000180058820 f i collisioncodegen_api.obj
 0001:00057830       ??0?$allocator@V?$vector@_KV?$allocator@_K@std@@@std@@@std@@QEAA@XZ 0000000180058830 f i collisioncodegen_api.obj
 0001:00057840       ??0?$basic_string@DU?$char_traits@D@std@@V?$allocator@D@2@@std@@QEAA@QEBD@Z 0000000180058840 f i collisioncodegen_api.obj
 0001:000578c0       ??0?$vector@U_ccd_vec3_t@@V?$allocator@U_ccd_vec3_t@@@std@@@std@@QEAA@AEBV01@@Z 00000001800588c0 f i collisioncodegen_api.obj
 0001:00057960       ??0?$vector@U_ccd_vec3_t@@V?$allocator@U_ccd_vec3_t@@@std@@@std@@QEAA@XZ 0000000180058960 f i collisioncodegen_api.obj
 0001:000579a0       ??0?$vector@U_idx_vec3_t@shared_robotics@@V?$allocator@U_idx_vec3_t@shared_robotics@@@std@@@std@@QEAA@AEBV01@@Z 00000001800589a0 f i collisioncodegen_api.obj
 0001:00057a40       ??0?$vector@U_idx_vec3_t@shared_robotics@@V?$allocator@U_idx_vec3_t@shared_robotics@@@std@@@std@@QEAA@XZ 0000000180058a40 f i collisioncodegen_api.obj
 0001:00057a80       ??0?$vector@V?$vector@_KV?$allocator@_K@std@@@std@@V?$allocator@V?$vector@_KV?$allocator@_K@std@@@std@@@2@@std@@QEAA@AEBV01@@Z 0000000180058a80 f i collisioncodegen_api.obj
 0001:00057b20       ??0?$vector@V?$vector@_KV?$allocator@_K@std@@@std@@V?$allocator@V?$vector@_KV?$allocator@_K@std@@@std@@@2@@std@@QEAA@XZ 0000000180058b20 f i collisioncodegen_api.obj
 0001:00057b60       ??0?$vector@_KV?$allocator@_K@std@@@std@@QEAA@AEBV01@@Z 0000000180058b60 f i collisioncodegen_api.obj
 0001:00057bf0       ??0CollisionGeometry@shared_robotics@@QEAA@AEBV01@@Z 0000000180058bf0 f i collisioncodegen_api.obj
 0001:00057d50       ??0CollisionGeometry@shared_robotics@@QEAA@N@Z 0000000180058d50 f i collisioncodegen_api.obj
 0001:00057de0       ??0CollisionGeometry@shared_robotics@@QEAA@NN@Z 0000000180058de0 f i collisioncodegen_api.obj
 0001:00057e80       ??0CollisionGeometry@shared_robotics@@QEAA@NNN@Z 0000000180058e80 f i collisioncodegen_api.obj
 0001:00057f30       ??0CollisionGeometry@shared_robotics@@QEAA@PEANH_N@Z 0000000180058f30 f i collisioncodegen_api.obj
 0001:00058120       ??0_Bxty@?$_String_val@U?$_Simple_types@D@std@@@std@@QEAA@XZ 0000000180059120 f i collisioncodegen_api.obj
 0001:00058140       ??0_Fake_proxy_ptr_impl@std@@QEAA@AEBU_Fake_allocator@1@AEBU_Container_base0@1@@Z 0000000180059140 f i collisioncodegen_api.obj
 0001:00058160       ??1?$_Compressed_pair@V?$allocator@D@std@@V?$_String_val@U?$_Simple_types@D@std@@@2@$00@std@@QEAA@XZ 0000000180059160 f i collisioncodegen_api.obj
 0001:00058180       ??1?$_String_val@U?$_Simple_types@D@std@@@std@@QEAA@XZ 0000000180059180 f i collisioncodegen_api.obj
 0001:000581a0       ??1?$_Tidy_guard@V?$vector@U_ccd_vec3_t@@V?$allocator@U_ccd_vec3_t@@@std@@@std@@@std@@QEAA@XZ 00000001800591a0 f i collisioncodegen_api.obj
 0001:000581d0       ??1?$_Tidy_guard@V?$vector@U_idx_vec3_t@shared_robotics@@V?$allocator@U_idx_vec3_t@shared_robotics@@@std@@@std@@@std@@QEAA@XZ 00000001800591d0 f i collisioncodegen_api.obj
 0001:00058200       ??1?$_Tidy_guard@V?$vector@V?$vector@_KV?$allocator@_K@std@@@std@@V?$allocator@V?$vector@_KV?$allocator@_K@std@@@std@@@2@@std@@@std@@QEAA@XZ 0000000180059200 f i collisioncodegen_api.obj
 0001:00058230       ??1?$_Tidy_guard@V?$vector@_KV?$allocator@_K@std@@@std@@@std@@QEAA@XZ 0000000180059230 f i collisioncodegen_api.obj
 0001:00058260       ??1?$_Uninitialized_backout_al@V?$allocator@U_ccd_vec3_t@@@std@@@std@@QEAA@XZ 0000000180059260 f i collisioncodegen_api.obj
 0001:00058290       ??1?$_Uninitialized_backout_al@V?$allocator@U_idx_vec3_t@shared_robotics@@@std@@@std@@QEAA@XZ 0000000180059290 f i collisioncodegen_api.obj
 0001:000582c0       ??1?$basic_string@DU?$char_traits@D@std@@V?$allocator@D@2@@std@@QEAA@XZ 00000001800592c0 f i collisioncodegen_api.obj
 0001:000582f0       ??1_Bxty@?$_String_val@U?$_Simple_types@D@std@@@std@@QEAA@XZ 00000001800592f0 f i collisioncodegen_api.obj
[...]
 0003:00017ddc       $SG14160                   000000018007cddc     ccd_polytope.obj
 0003:00017de8       $SG14158                   000000018007cde8     ccd_polytope.obj
 0003:00017df8       $SG14159                   000000018007cdf8     ccd_polytope.obj
 0003:00017e00       $SG14161                   000000018007ce00     ccd_polytope.obj
 0003:00017e08       $SG14164                   000000018007ce08     ccd_polytope.obj
 0003:00017e40       points_on_sphere           000000018007ce40     ccd_vec3.obj
 0003:00018340       $SG26135                   000000018007d340     m_FAU8KyrDQYUp9atreb3T4G.obj
 0003:00018341       $SG26136                   000000018007d341     m_FAU8KyrDQYUp9atreb3T4G.obj
 0003:00018342       $SG26138                   000000018007d342     m_FAU8KyrDQYUp9atreb3T4G.obj
 0003:00018343       $SG26139                   000000018007d343     m_FAU8KyrDQYUp9atreb3T4G.obj
 0003:00018344       $SG26192                   000000018007d344     m_FAU8KyrDQYUp9atreb3T4G.obj
 0003:00018345       $SG26193                   000000018007d345     m_FAU8KyrDQYUp9atreb3T4G.obj
 0003:00018346       $SG26195                   000000018007d346     m_FAU8KyrDQYUp9atreb3T4G.obj
 0003:00018347       $SG26196                   000000018007d347     m_FAU8KyrDQYUp9atreb3T4G.obj
 0003:00018348       $SG26318                   000000018007d348     m_FAU8KyrDQYUp9atreb3T4G.obj
 0003:00018349       $SG26346                   000000018007d349     m_FAU8KyrDQYUp9atreb3T4G.obj
 0003:0001834a       $SG26353                   000000018007d34a     m_FAU8KyrDQYUp9atreb3T4G.obj
 0003:0001834b       $SG26360                   000000018007d34b     m_FAU8KyrDQYUp9atreb3T4G.obj
 0003:0001834c       $SG26367                   000000018007d34c     m_FAU8KyrDQYUp9atreb3T4G.obj
 0003:0001834d       $SG26371                   000000018007d34d     m_FAU8KyrDQYUp9atreb3T4G.obj
 0003:0001834e       $SG26384                   000000018007d34e     m_FAU8KyrDQYUp9atreb3T4G.obj
 0003:0001834f       $SG26391                   000000018007d34f     m_FAU8KyrDQYUp9atreb3T4G.obj
 0003:00018350       $SG26398                   000000018007d350     m_FAU8KyrDQYUp9atreb3T4G.obj
 0003:00018351       $SG26405                   000000018007d351     m_FAU8KyrDQYUp9atreb3T4G.obj
 0003:00018352       $SG26412                   000000018007d352     m_FAU8KyrDQYUp9atreb3T4G.obj
 0003:00018353       $SG26422                   000000018007d353     m_FAU8KyrDQYUp9atreb3T4G.obj
 0003:00018354       $SG26429                   000000018007d354     m_FAU8KyrDQYUp9atreb3T4G.obj
 0003:00018355       $SG26436                   000000018007d355     m_FAU8KyrDQYUp9atreb3T4G.obj
 0003:00018356       $SG26443                   000000018007d356     m_FAU8KyrDQYUp9atreb3T4G.obj
 0003:00018357       $SG26453                   000000018007d357     m_FAU8KyrDQYUp9atreb3T4G.obj
 0003:00018358       $SG26460                   000000018007d358     m_FAU8KyrDQYUp9atreb3T4G.obj
 0003:00018359       $SG26467                   000000018007d359     m_FAU8KyrDQYUp9atreb3T4G.obj
 0003:0001835a       $SG26474                   000000018007d35a     m_FAU8KyrDQYUp9atreb3T4G.obj
 0003:0001835b       $SG26484                   000000018007d35b     m_FAU8KyrDQYUp9atreb3T4G.obj
 0003:0001835c       $SG26491                   000000018007d35c     m_FAU8KyrDQYUp9atreb3T4G.obj
 0003:0001835d       $SG26498                   000000018007d35d     m_FAU8KyrDQYUp9atreb3T4G.obj
 0003:0001835e       $SG26502                   000000018007d35e     m_FAU8KyrDQYUp9atreb3T4G.obj
 0003:0001835f       $SG26506                   000000018007d35f     m_FAU8KyrDQYUp9atreb3T4G.obj
 0003:00018360       $SG26510                   000000018007d360     m_FAU8KyrDQYUp9atreb3T4G.obj
 0003:00018361       $SG26514                   000000018007d361     m_FAU8KyrDQYUp9atreb3T4G.obj
 0003:00018362       $SG26518                   000000018007d362     m_FAU8KyrDQYUp9atreb3T4G.obj
 0003:00018363       $SG26546                   000000018007d363     m_FAU8KyrDQYUp9atreb3T4G.obj
 0003:00018364       $SG26550                   000000018007d364     m_FAU8KyrDQYUp9atreb3T4G.obj
 0003:00018365       $SG26557                   000000018007d365     m_FAU8KyrDQYUp9atreb3T4G.obj
 0003:00018366       $SG26561                   000000018007d366     m_FAU8KyrDQYUp9atreb3T4G.obj
 0003:00018367       $SG26568                   000000018007d367     m_FAU8KyrDQYUp9atreb3T4G.obj
 0003:00018368       $SG26575                   000000018007d368     m_FAU8KyrDQYUp9atreb3T4G.obj
 0003:00018369       $SG26579                   000000018007d369     m_FAU8KyrDQYUp9atreb3T4G.obj
 0003:0001836a       $SG26583                   000000018007d36a     m_FAU8KyrDQYUp9atreb3T4G.obj
 0003:0001836b       $SG26590                   000000018007d36b     m_FAU8KyrDQYUp9atreb3T4G.obj
 0003:0001836c       $SG26594                   000000018007d36c     m_FAU8KyrDQYUp9atreb3T4G.obj
 0003:0001836d       $SG26601                   000000018007d36d     m_FAU8KyrDQYUp9atreb3T4G.obj
 0003:0001836e       $SG26605                   000000018007d36e     m_FAU8KyrDQYUp9atreb3T4G.obj
 0003:0001836f       $SG26609                   000000018007d36f     m_FAU8KyrDQYUp9atreb3T4G.obj
 0003:00018370       $SG26613                   000000018007d370     m_FAU8KyrDQYUp9atreb3T4G.obj
 0003:00018371       $SG26620                   000000018007d371     m_FAU8KyrDQYUp9atreb3T4G.obj
 0003:00018372       $SG26624                   000000018007d372     m_FAU8KyrDQYUp9atreb3T4G.obj
 0003:00018373       $SG26631                   000000018007d373     m_FAU8KyrDQYUp9atreb3T4G.obj
 0003:00018374       $SG26638                   000000018007d374     m_FAU8KyrDQYUp9atreb3T4G.obj
 0003:00018375       $SG26645                   000000018007d375     m_FAU8KyrDQYUp9atreb3T4G.obj
 0003:00018376       $SG26649                   000000018007d376     m_FAU8KyrDQYUp9atreb3T4G.obj
 0003:00018377       $SG26656                   000000018007d377     m_FAU8KyrDQYUp9atreb3T4G.obj
 0003:00018378       $SG26660                   000000018007d378     m_FAU8KyrDQYUp9atreb3T4G.obj
 0003:00018379       $SG30241                   000000018007d379     m_FAU8KyrDQYUp9atreb3T4G.obj
 0003:0001837a       $SG30242                   000000018007d37a     m_FAU8KyrDQYUp9atreb3T4G.obj
 0003:0001837b       $SG30243                   000000018007d37b     m_FAU8KyrDQYUp9atreb3T4G.obj
 0003:0001837c       $SG30244                   000000018007d37c     m_FAU8KyrDQYUp9atreb3T4G.obj
 0003:0001837d       $SG26135                   000000018007d37d     m_AKShaqSWlWB5lVeRjU05XB.obj
 0003:0001837e       $SG26136                   000000018007d37e     m_AKShaqSWlWB5lVeRjU05XB.obj
 0003:0001837f       $SG26138                   000000018007d37f     m_AKShaqSWlWB5lVeRjU05XB.obj
 0003:00018380       $SG26139                   000000018007d380     m_AKShaqSWlWB5lVeRjU05XB.obj
 0003:00018381       $SG26195                   000000018007d381     m_AKShaqSWlWB5lVeRjU05XB.obj
 0003:00018382       $SG26196                   000000018007d382     m_AKShaqSWlWB5lVeRjU05XB.obj
 0003:00018383       $SG26198                   000000018007d383     m_AKShaqSWlWB5lVeRjU05XB.obj
 0003:00018384       $SG26199                   000000018007d384     m_AKShaqSWlWB5lVeRjU05XB.obj
 0003:00018385       $SG26300                   000000018007d385     m_AKShaqSWlWB5lVeRjU05XB.obj
 0003:00018386       $SG26331                   000000018007d386     m_AKShaqSWlWB5lVeRjU05XB.obj
 0003:00018387       $SG26338                   000000018007d387     m_AKShaqSWlWB5lVeRjU05XB.obj
 0003:00018388       $SG26345                   000000018007d388     m_AKShaqSWlWB5lVeRjU05XB.obj
 0003:00018389       $SG26352                   000000018007d389     m_AKShaqSWlWB5lVeRjU05XB.obj
 0003:0001838a       $SG26359                   000000018007d38a     m_AKShaqSWlWB5lVeRjU05XB.obj
 0003:0001838b       $SG26366                   000000018007d38b     m_AKShaqSWlWB5lVeRjU05XB.obj
 0003:0001838c       $SG26370                   000000018007d38c     m_AKShaqSWlWB5lVeRjU05XB.obj
 0003:0001838d       $SG26374                   000000018007d38d     m_AKShaqSWlWB5lVeRjU05XB.obj
 0003:0001838e       $SG26381                   000000018007d38e     m_AKShaqSWlWB5lVeRjU05XB.obj
 0003:0001838f       $SG26385                   000000018007d38f     m_AKShaqSWlWB5lVeRjU05XB.obj
 0003:00018390       $SG26389                   000000018007d390     m_AKShaqSWlWB5lVeRjU05XB.obj
 0003:00018391       $SG26393                   000000018007d391     m_AKShaqSWlWB5lVeRjU05XB.obj
 0003:00018392       $SG26397                   000000018007d392     m_AKShaqSWlWB5lVeRjU05XB.obj
 0003:00018393       $SG26401                   000000018007d393     m_AKShaqSWlWB5lVeRjU05XB.obj
 0003:00018394       $SG26405                   000000018007d394     m_AKShaqSWlWB5lVeRjU05XB.obj
 0003:00018395       $SG26409                   000000018007d395     m_AKShaqSWlWB5lVeRjU05XB.obj
 0003:00018396       $SG26413                   000000018007d396     m_AKShaqSWlWB5lVeRjU05XB.obj
 0003:00018397       $SG26417                   000000018007d397     m_AKShaqSWlWB5lVeRjU05XB.obj
 0003:00018398       $SG26421                   000000018007d398     m_AKShaqSWlWB5lVeRjU05XB.obj
 0003:00018399       $SG26425                   000000018007d399     m_AKShaqSWlWB5lVeRjU05XB.obj
 0003:0001839a       $SG26432                   000000018007d39a     m_AKShaqSWlWB5lVeRjU05XB.obj
 0003:0001839b       $SG26436                   000000018007d39b     m_AKShaqSWlWB5lVeRjU05XB.obj
 0003:0001839c       $SG26440                   000000018007d39c     m_AKShaqSWlWB5lVeRjU05XB.obj
 0003:0001839d       $SG26444                   000000018007d39d     m_AKShaqSWlWB5lVeRjU05XB.obj
 0003:0001839e       $SG26451                   000000018007d39e     m_AKShaqSWlWB5lVeRjU05XB.obj
 0003:0001839f       $SG26458                   000000018007d39f     m_AKShaqSWlWB5lVeRjU05XB.obj
 0003:000183a0       $SG26465                   000000018007d3a0     m_AKShaqSWlWB5lVeRjU05XB.obj
 0003:000183a1       $SG26472                   000000018007d3a1     m_AKShaqSWlWB5lVeRjU05XB.obj
 0003:000183a2       $SG26479                   000000018007d3a2     m_AKShaqSWlWB5lVeRjU05XB.obj
 0003:000183a3       $SG26483                   000000018007d3a3     m_AKShaqSWlWB5lVeRjU05XB.obj
 0003:000183a4       $SG26487                   000000018007d3a4     m_AKShaqSWlWB5lVeRjU05XB.obj
 0003:000183a5       $SG26491                   000000018007d3a5     m_AKShaqSWlWB5lVeRjU05XB.obj
 0003:000183a6       $SG26495                   000000018007d3a6     m_AKShaqSWlWB5lVeRjU05XB.obj
 0003:000183a7       $SG26499                   000000018007d3a7     m_AKShaqSWlWB5lVeRjU05XB.obj
 0003:000183a8       $SG26503                   000000018007d3a8     m_AKShaqSWlWB5lVeRjU05XB.obj
 0003:000183a9       $SG26507                   000000018007d3a9     m_AKShaqSWlWB5lVeRjU05XB.obj
 0003:000183aa       $SG26529                   000000018007d3aa     m_AKShaqSWlWB5lVeRjU05XB.obj
 0003:000183ab       $SG26533                   000000018007d3ab     m_AKShaqSWlWB5lVeRjU05XB.obj
 0003:000183ac       $SG26537                   000000018007d3ac     m_AKShaqSWlWB5lVeRjU05XB.obj
 0003:000183ad       $SG26541                   000000018007d3ad     m_AKShaqSWlWB5lVeRjU05XB.obj
 0003:000183ae       $SG26548                   000000018007d3ae     m_AKShaqSWlWB5lVeRjU05XB.obj
 0003:000183af       $SG26555                   000000018007d3af     m_AKShaqSWlWB5lVeRjU05XB.obj
 0003:000183b0       $SG26562                   000000018007d3b0     m_AKShaqSWlWB5lVeRjU05XB.obj
 0003:000183b1       $SG26569                   000000018007d3b1     m_AKShaqSWlWB5lVeRjU05XB.obj
 0003:000183b2       $SG26573                   000000018007d3b2     m_AKShaqSWlWB5lVeRjU05XB.obj
 0003:000183b3       $SG26577                   000000018007d3b3     m_AKShaqSWlWB5lVeRjU05XB.obj
 0003:000183b4       $SG26581                   000000018007d3b4     m_AKShaqSWlWB5lVeRjU05XB.obj
 0003:000183b5       $SG26585                   000000018007d3b5     m_AKShaqSWlWB5lVeRjU05XB.obj
 0003:000183b6       $SG26592                   000000018007d3b6     m_AKShaqSWlWB5lVeRjU05XB.obj
 0003:000183b7       $SG26596                   000000018007d3b7     m_AKShaqSWlWB5lVeRjU05XB.obj
 0003:000183b8       $SG30204                   000000018007d3b8     m_AKShaqSWlWB5lVeRjU05XB.obj
 0003:000183b9       $SG30205                   000000018007d3b9     m_AKShaqSWlWB5lVeRjU05XB.obj
 0003:000183ba       $SG30206                   000000018007d3ba     m_AKShaqSWlWB5lVeRjU05XB.obj
 0003:000183bb       $SG30207                   000000018007d3bb     m_AKShaqSWlWB5lVeRjU05XB.obj
 0003:000183bc       $SG26138                   000000018007d3bc     m_xSE9GNLJOSGMLwcrwI4qWD.obj
 0003:000183bd       $SG26139                   000000018007d3bd     m_xSE9GNLJOSGMLwcrwI4qWD.obj
 0003:000183be       $SG26141                   000000018007d3be     m_xSE9GNLJOSGMLwcrwI4qWD.obj
 0003:000183bf       $SG26142                   000000018007d3bf     m_xSE9GNLJOSGMLwcrwI4qWD.obj
 0003:000183c0       $SG26198                   000000018007d3c0     m_xSE9GNLJOSGMLwcrwI4qWD.obj
 0003:000183c1       $SG26199                   000000018007d3c1     m_xSE9GNLJOSGMLwcrwI4qWD.obj
 0003:000183c2       $SG26201                   000000018007d3c2     m_xSE9GNLJOSGMLwcrwI4qWD.obj
 0003:000183c3       $SG26202                   000000018007d3c3     m_xSE9GNLJOSGMLwcrwI4qWD.obj
 0003:000183c4       $SG26306                   000000018007d3c4     m_xSE9GNLJOSGMLwcrwI4qWD.obj
 0003:000183c5       $SG26337                   000000018007d3c5     m_xSE9GNLJOSGMLwcrwI4qWD.obj
 0003:000183c6       $SG26344                   000000018007d3c6     m_xSE9GNLJOSGMLwcrwI4qWD.obj
 0003:000183c7       $SG26351                   000000018007d3c7     m_xSE9GNLJOSGMLwcrwI4qWD.obj
 0003:000183c8       $SG26358                   000000018007d3c8     m_xSE9GNLJOSGMLwcrwI4qWD.obj
 0003:000183c9       $SG26365                   000000018007d3c9     m_xSE9GNLJOSGMLwcrwI4qWD.obj
 0003:000183ca       $SG26372                   000000018007d3ca     m_xSE9GNLJOSGMLwcrwI4qWD.obj
 0003:000183cb       $SG26376                   000000018007d3cb     m_xSE9GNLJOSGMLwcrwI4qWD.obj
 0003:000183cc       $SG26380                   000000018007d3cc     m_xSE9GNLJOSGMLwcrwI4qWD.obj
 0003:000183cd       $SG26387                   000000018007d3cd     m_xSE9GNLJOSGMLwcrwI4qWD.obj
 0003:000183ce       $SG26391                   000000018007d3ce     m_xSE9GNLJOSGMLwcrwI4qWD.obj
 0003:000183cf       $SG26395                   000000018007d3cf     m_xSE9GNLJOSGMLwcrwI4qWD.obj
 0003:000183d0       $SG26399                   000000018007d3d0     m_xSE9GNLJOSGMLwcrwI4qWD.obj
 0003:000183d1       $SG26403                   000000018007d3d1     m_xSE9GNLJOSGMLwcrwI4qWD.obj
 0003:000183d2       $SG26407                   000000018007d3d2     m_xSE9GNLJOSGMLwcrwI4qWD.obj
 0003:000183d3       $SG26411                   000000018007d3d3     m_xSE9GNLJOSGMLwcrwI4qWD.obj
 0003:000183d4       $SG26415                   000000018007d3d4     m_xSE9GNLJOSGMLwcrwI4qWD.obj
 0003:000183d5       $SG26419                   000000018007d3d5     m_xSE9GNLJOSGMLwcrwI4qWD.obj
 0003:000183d6       $SG26423                   000000018007d3d6     m_xSE9GNLJOSGMLwcrwI4qWD.obj
 0003:000183d7       $SG26427                   000000018007d3d7     m_xSE9GNLJOSGMLwcrwI4qWD.obj
 0003:000183d8       $SG26431                   000000018007d3d8     m_xSE9GNLJOSGMLwcrwI4qWD.obj
 0003:000183d9       $SG26438                   000000018007d3d9     m_xSE9GNLJOSGMLwcrwI4qWD.obj
 0003:000183da       $SG26442                   000000018007d3da     m_xSE9GNLJOSGMLwcrwI4qWD.obj
 0003:000183db       $SG26446                   000000018007d3db     m_xSE9GNLJOSGMLwcrwI4qWD.obj
 0003:000183dc       $SG26450                   000000018007d3dc     m_xSE9GNLJOSGMLwcrwI4qWD.obj
 0003:000183dd       $SG26457                   000000018007d3dd     m_xSE9GNLJOSGMLwcrwI4qWD.obj
 0003:000183de       $SG26464                   000000018007d3de     m_xSE9GNLJOSGMLwcrwI4qWD.obj
 0003:000183df       $SG26471                   000000018007d3df     m_xSE9GNLJOSGMLwcrwI4qWD.obj
 0003:000183e0       $SG26478                   000000018007d3e0     m_xSE9GNLJOSGMLwcrwI4qWD.obj
 0003:000183e1       $SG26485                   000000018007d3e1     m_xSE9GNLJOSGMLwcrwI4qWD.obj
 0003:000183e2       $SG26489                   000000018007d3e2     m_xSE9GNLJOSGMLwcrwI4qWD.obj
 0003:000183e3       $SG26493                   000000018007d3e3     m_xSE9GNLJOSGMLwcrwI4qWD.obj
 0003:000183e4       $SG26497                   000000018007d3e4     m_xSE9GNLJOSGMLwcrwI4qWD.obj
 0003:000183e5       $SG26501                   000000018007d3e5     m_xSE9GNLJOSGMLwcrwI4qWD.obj
 0003:000183e6       $SG26505                   000000018007d3e6     m_xSE9GNLJOSGMLwcrwI4qWD.obj
 0003:000183e7       $SG26509                   000000018007d3e7     m_xSE9GNLJOSGMLwcrwI4qWD.obj
 0003:000183e8       $SG26513                   000000018007d3e8     m_xSE9GNLJOSGMLwcrwI4qWD.obj
 0003:000183e9       $SG26535                   000000018007d3e9     m_xSE9GNLJOSGMLwcrwI4qWD.obj
 0003:000183ea       $SG26539                   000000018007d3ea     m_xSE9GNLJOSGMLwcrwI4qWD.obj
 0003:000183eb       $SG26543                   000000018007d3eb     m_xSE9GNLJOSGMLwcrwI4qWD.obj
 0003:000183ec       $SG26547                   000000018007d3ec     m_xSE9GNLJOSGMLwcrwI4qWD.obj
 0003:000183ed       $SG26554                   000000018007d3ed     m_xSE9GNLJOSGMLwcrwI4qWD.obj
 0003:000183ee       $SG26561                   000000018007d3ee     m_xSE9GNLJOSGMLwcrwI4qWD.obj
 0003:000183ef       $SG26568                   000000018007d3ef     m_xSE9GNLJOSGMLwcrwI4qWD.obj
 0003:000183f0       $SG26575                   000000018007d3f0     m_xSE9GNLJOSGMLwcrwI4qWD.obj
 0003:000183f1       $SG26579                   000000018007d3f1     m_xSE9GNLJOSGMLwcrwI4qWD.obj
 0003:000183f2       $SG26583                   000000018007d3f2     m_xSE9GNLJOSGMLwcrwI4qWD.obj
 0003:000183f3       $SG26587                   000000018007d3f3     m_xSE9GNLJOSGMLwcrwI4qWD.obj
 0003:000183f4       $SG26591                   000000018007d3f4     m_xSE9GNLJOSGMLwcrwI4qWD.obj
 0003:000183f5       $SG26598                   000000018007d3f5     m_xSE9GNLJOSGMLwcrwI4qWD.obj
 0003:000183f6       $SG26602                   000000018007d3f6     m_xSE9GNLJOSGMLwcrwI4qWD.obj
 0003:000183f7       $SG30571                   000000018007d3f7     m_xSE9GNLJOSGMLwcrwI4qWD.obj
 0003:000183f8       $SG30572                   000000018007d3f8     m_xSE9GNLJOSGMLwcrwI4qWD.obj
 0003:000183f9       $SG30573                   000000018007d3f9     m_xSE9GNLJOSGMLwcrwI4qWD.obj
 0003:000183fa       $SG30574                   000000018007d3fa     m_xSE9GNLJOSGMLwcrwI4qWD.obj
 0003:000183fc       $SG25257                   000000018007d3fc     CTM_PID_cgxe_registry.obj
 0003:000183fe       ?warningGuard@?1??ssGetRootSS@@9@9 000000018007d3fe     CTM_PID_cgxe_registry.obj
 0003:000183ff       ?warningGuard@?1??ssGetParentSS@@9@9 000000018007d3ff     CTM_PID_cgxe_registry.obj
 0003:00018400       __ccd_vec3_origin          000000018007d400     ccd_vec3.obj
 0003:00018420       GS_ExceptionRecord         000000018007d420     MSVCRT:gs_report.obj
 0003:000184c0       GS_ContextRecord           000000018007d4c0     MSVCRT:gs_report.obj
 0003:00018990       ?__proc_attached@@3HA      000000018007d990     MSVCRT:dll_dllmain.obj
 0003:000189d0       ?is_initialized_as_dll@@3_NA 000000018007d9d0     MSVCRT:utility.obj
 0003:000189d1       ?module_local_atexit_table_initialized@@3_NA 000000018007d9d1     MSVCRT:utility.obj
 0003:000189d8       ?module_local_atexit_table@@3U_onexit_table_t@@A 000000018007d9d8     MSVCRT:utility.obj
 0003:000189f0       ?module_local_at_quick_exit_table@@3U_onexit_table_t@@A 000000018007d9f0     MSVCRT:utility.obj
