 CTM_PID_withoutG_cgxe

 Timestamp is 65895f5e (Mon Dec 25 19:54:22 2023)

 Preferred load address is 0000000180000000

 Start         Length     Name                   Class
 0001:00000000 000498f0H .text$mn                CODE
 0001:000498f0 00000040H .text$mn$00             CODE
 0001:00049930 0000073eH .text$x                 CODE
 0002:00000000 000004a0H .idata$5                DATA
 0002:000004a0 00000038H .00cfg                  DATA
 0002:000004d8 00000008H .CRT$XCA                DATA
 0002:000004e0 00000008H .CRT$XCZ                DATA
 0002:000004e8 00000008H .CRT$XIA                DATA
 0002:000004f0 00000008H .CRT$XIZ                DATA
 0002:000004f8 00000008H .CRT$XPA                DATA
 0002:00000500 00000008H .CRT$XPZ                DATA
 0002:00000508 00000008H .CRT$XTA                DATA
 0002:00000510 00000010H .CRT$XTZ                DATA
 0002:00000518 00000000H .gehcont$y              DATA
 0002:00000518 00000000H .gfids$y                DATA
 0002:00000520 00000660H .rdata                  DATA
 0002:00000b80 00000080H .rdata$CastGuardVftablesA DATA
 0002:00000c00 00000080H .rdata$CastGuardVftablesC DATA
 0002:00000c80 0000026cH .rdata$r                DATA
 0002:00000eec 000003ecH .rdata$voltmd           DATA
 0002:000012d8 000002c8H .rdata$zzzdbg           DATA
 0002:000015a0 00000008H .rtc$IAA                DATA
 0002:000015a8 00000008H .rtc$IZZ                DATA
 0002:000015b0 00000008H .rtc$TAA                DATA
 0002:000015b8 00000008H .rtc$TZZ                DATA
 0002:000015c0 000023a8H .xdata                  DATA
 0002:00003968 000000f8H .xdata$x                DATA
 0002:00003a60 000002c4H .edata                  DATA
 0002:00003d24 00000140H .idata$2                DATA
 0002:00003e64 00000014H .idata$3                DATA
 0002:00003e78 000004a0H .idata$4                DATA
 0002:00004318 00000ea6H .idata$6                DATA
 0003:00000000 00011148H .data                   DATA
 0003:00011148 00000080H .data$r                 DATA
 0003:000111c8 00000058H .data$rs                DATA
 0003:00011220 000006a0H .bss                    DATA
 0004:00000000 000025a4H .pdata                  DATA

  Address         Publics by Value              Rva+Base               Lib:Object

 0000:00000000       __arm64x_native_entrypoint 0000000000000000     <absolute>
 0000:00000000       __hybrid_auxiliary_iat_copy 0000000000000000     <absolute>
 0000:00000000       __guard_iat_table          0000000000000000     <absolute>
 0000:00000000       __guard_longjmp_count      0000000000000000     <absolute>
 0000:00000000       __guard_fids_count         0000000000000000     <absolute>
 0000:00000000       __arm64x_redirection_metadata 0000000000000000     <absolute>
 0000:00000000       __arm64x_extra_rfe_table   0000000000000000     <absolute>
 0000:00000000       __guard_iat_count          0000000000000000     <absolute>
 0000:00000000       __arm64x_redirection_metadata_count 0000000000000000     <absolute>
 0000:00000000       ___safe_se_handler_table   0000000000000000     <absolute>
 0000:00000000       __dynamic_value_reloc_table 0000000000000000     <absolute>
 0000:00000000       __enclave_config           0000000000000000     <absolute>
 0000:00000000       __hybrid_code_map          0000000000000000     <absolute>
 0000:00000000       __x64_code_ranges_to_entry_points_count 0000000000000000     <absolute>
 0000:00000000       __guard_longjmp_table      0000000000000000     <absolute>
 0000:00000000       __AbsoluteZero             0000000000000000     <absolute>
 0000:00000000       __x64_code_ranges_to_entry_points 0000000000000000     <absolute>
 0000:00000000       __arm64x_extra_rfe_table_size 0000000000000000     <absolute>
 0000:00000000       ___safe_se_handler_count   0000000000000000     <absolute>
 0000:00000000       __guard_eh_cont_count      0000000000000000     <absolute>
 0000:00000000       __guard_fids_table         0000000000000000     <absolute>
 0000:00000000       __guard_eh_cont_table      0000000000000000     <absolute>
 0000:00000000       __hybrid_auxiliary_iat     0000000000000000     <absolute>
 0000:00000000       __hybrid_code_map_count    0000000000000000     <absolute>
 0000:00000000       __guard_check_icall_a64n_fptr 0000000000000000     <absolute>
 0000:00000100       __guard_flags              0000000000000100     <absolute>
 0000:00000000       __ImageBase                0000000180000000     <linker-defined>
 0001:00000000       mexfilerequiredapiversion  0000000180001000 f   c_mexapi_version.obj
 0001:00000030       cgxe_CTM_PID_withoutG_method_dispatcher 0000000180001030 f   CTM_PID_withoutG_cgxe.obj
 0001:00000140       method_dispatcher_FAU8KyrDQYUp9atreb3T4G 0000000180001140 f   m_FAU8KyrDQYUp9atreb3T4G.obj
 0001:00013310       cgxe_FAU8KyrDQYUp9atreb3T4G_BuildInfoUpdate 0000000180014310 f   m_FAU8KyrDQYUp9atreb3T4G.obj
 0001:00013680       cgxe_FAU8KyrDQYUp9atreb3T4G_fallback_info 0000000180014680 f   m_FAU8KyrDQYUp9atreb3T4G.obj
 0001:00013720       method_dispatcher_xSE9GNLJOSGMLwcrwI4qWD 0000000180014720 f   m_xSE9GNLJOSGMLwcrwI4qWD.obj
 0001:00029950       cgxe_xSE9GNLJOSGMLwcrwI4qWD_BuildInfoUpdate 000000018002a950 f   m_xSE9GNLJOSGMLwcrwI4qWD.obj
 0001:00029cc0       cgxe_xSE9GNLJOSGMLwcrwI4qWD_fallback_info 000000018002acc0 f   m_xSE9GNLJOSGMLwcrwI4qWD.obj
 0001:00029d60       mexFunction                000000018002ad60 f   CTM_PID_withoutG_cgxe_registry.obj
 0001:0002bbd0       _ssSetInputPortDirectFeedThroughFcn 000000018002cbd0 f   CTM_PID_withoutG_cgxe_registry.obj
 0001:0002bd40       _ssSetRWorkValueFcn        000000018002cd40 f   CTM_PID_withoutG_cgxe_registry.obj
 0001:0002bdc0       _ssGetRWorkValueFcn        000000018002cdc0 f   CTM_PID_withoutG_cgxe_registry.obj
 0001:0002be30       _ssSetIWorkValueFcn        000000018002ce30 f   CTM_PID_withoutG_cgxe_registry.obj
 0001:0002beb0       _ssGetIWorkValueFcn        000000018002ceb0 f   CTM_PID_withoutG_cgxe_registry.obj
 0001:0002bf20       _ssSetPWorkValueFcn        000000018002cf20 f   CTM_PID_withoutG_cgxe_registry.obj
 0001:0002bfa0       _ssGetPWorkValueFcn        000000018002cfa0 f   CTM_PID_withoutG_cgxe_registry.obj
 0001:0002c010       _ssGetInputPortSignalFcn   000000018002d010 f   CTM_PID_withoutG_cgxe_registry.obj
 0001:0002c3a0       _ssGetInputPortBufferDstPortFcn 000000018002d3a0 f   CTM_PID_withoutG_cgxe_registry.obj
 0001:0002c420       _ssGetInputPortSignalPtrsFcn 000000018002d420 f   CTM_PID_withoutG_cgxe_registry.obj
 0001:0002c7b0       ssGetParameterTuningCompliance 000000018002d7b0 f   CTM_PID_withoutG_cgxe_registry.obj
 0001:0002c820       _ssReadInputStringFcn      000000018002d820 f   CTM_PID_withoutG_cgxe_registry.obj
 0001:0002c890       ssGetDTypeIdFromMxArray    000000018002d890 f   CTM_PID_withoutG_cgxe_registry.obj
 0001:0002c9b0       ssWriteRTWMx2dMatParam     000000018002d9b0 f   CTM_PID_withoutG_cgxe_registry.obj
 0001:0002ca40       ssWriteRTWMxVectParam      000000018002da40 f   CTM_PID_withoutG_cgxe_registry.obj
 0001:0002cac0       ssWriteRTWParameters       000000018002dac0 f   CTM_PID_withoutG_cgxe_registry.obj
 0001:0002d080       ssWriteRTWParamSettings    000000018002e080 f   CTM_PID_withoutG_cgxe_registry.obj
 0001:0002d770       ssWriteRTWStr              000000018002e770 f   CTM_PID_withoutG_cgxe_registry.obj
 0001:0002d7d0       ssWriteRTWWorkVect         000000018002e7d0 f   CTM_PID_withoutG_cgxe_registry.obj
 0001:0002dd30       ssWarning                  000000018002ed30 f   CTM_PID_withoutG_cgxe_registry.obj
 0001:0002de20       ssGetRootSS                000000018002ee20 f   CTM_PID_withoutG_cgxe_registry.obj
 0001:0002dee0       ssGetParentSS              000000018002eee0 f   CTM_PID_withoutG_cgxe_registry.obj
 0001:0002dfa0       ssWriteRTWNameValuePair    000000018002efa0 f   CTM_PID_withoutG_cgxe_registry.obj
 0001:0002e4a0       _ssSetInputPortMatrixDimensions 000000018002f4a0 f   CTM_PID_withoutG_cgxe_registry.obj
 0001:0002e5f0       _ssSetOutputPortMatrixDimensions 000000018002f5f0 f   CTM_PID_withoutG_cgxe_registry.obj
 0001:0002e740       _ssSetInputPortVectorDimension 000000018002f740 f   CTM_PID_withoutG_cgxe_registry.obj
 0001:0002e7f0       _ssSetOutputPortVectorDimension 000000018002f7f0 f   CTM_PID_withoutG_cgxe_registry.obj
 0001:0002e8a0       ssIsRunTimeParamTunable    000000018002f8a0 f   CTM_PID_withoutG_cgxe_registry.obj
 0001:0002e910       ssGetSFuncBlockHandle      000000018002f910 f   CTM_PID_withoutG_cgxe_registry.obj
 0001:0002e980       _ssGetCallSystemNumFcnCallDestinations 000000018002f980 f   CTM_PID_withoutG_cgxe_registry.obj
 0001:0002e9f0       _ssGetCurrentInputPortWidth 000000018002f9f0 f   CTM_PID_withoutG_cgxe_registry.obj
 0001:0002eb30       _ssGetCurrentOutputPortWidth 000000018002fb30 f   CTM_PID_withoutG_cgxe_registry.obj
 0001:0002ec70       ssGetIsZeroCrossControlDisabled 000000018002fc70 f   CTM_PID_withoutG_cgxe_registry.obj
 0001:0002ece0       ssSetIsInputPortUsedForContZcSignal 000000018002fce0 f   CTM_PID_withoutG_cgxe_registry.obj
 0001:0002ed50       ssSetZcSignalIsZcElementDisc 000000018002fd50 f   CTM_PID_withoutG_cgxe_registry.obj
 0001:0002ee00       ssSetZcSignalName          000000018002fe00 f   CTM_PID_withoutG_cgxe_registry.obj
 0001:0002ee70       ssSetZcSignalWidth         000000018002fe70 f   CTM_PID_withoutG_cgxe_registry.obj
 0001:0002eee0       ssSetZcSignalZcEventType   000000018002fee0 f   CTM_PID_withoutG_cgxe_registry.obj
 0001:0002ef50       ssSetZcSignalType          000000018002ff50 f   CTM_PID_withoutG_cgxe_registry.obj
 0001:0002efc0       ssSetZcSignalZcTol         000000018002ffc0 f   CTM_PID_withoutG_cgxe_registry.obj
 0001:0002f030       ssSetZcSignalNeedsEventNotification 0000000180030030 f   CTM_PID_withoutG_cgxe_registry.obj
 0001:0002f0a0       ssCreateAndAddZcSignalInfo 00000001800300a0 f   CTM_PID_withoutG_cgxe_registry.obj
 0001:0002f110       ssCloneAndAddZcSignalInfo  0000000180030110 f   CTM_PID_withoutG_cgxe_registry.obj
 0001:0002f180       ssGetNumZcSignals          0000000180030180 f   CTM_PID_withoutG_cgxe_registry.obj
 0001:0002f1f0       ssGetZcSignalVector        00000001800301f0 f   CTM_PID_withoutG_cgxe_registry.obj
 0001:0002f260       ssGetZcSignalName          0000000180030260 f   CTM_PID_withoutG_cgxe_registry.obj
 0001:0002f2d0       ssGetZcSignalWidth         00000001800302d0 f   CTM_PID_withoutG_cgxe_registry.obj
 0001:0002f340       ssGetZcSignalZcEventType   0000000180030340 f   CTM_PID_withoutG_cgxe_registry.obj
 0001:0002f3b0       ssGetZcSignalZcEvents      00000001800303b0 f   CTM_PID_withoutG_cgxe_registry.obj
 0001:0002f420       ssGetZcSignalType          0000000180030420 f   CTM_PID_withoutG_cgxe_registry.obj
 0001:0002f490       ssGetZcSignalZcTol         0000000180030490 f   CTM_PID_withoutG_cgxe_registry.obj
 0001:0002f510       ssGetZcSignalNeedsEventNotification 0000000180030510 f   CTM_PID_withoutG_cgxe_registry.obj
 0001:0002f580       ssGetZcSignalIsZcElementDisc 0000000180030580 f   CTM_PID_withoutG_cgxe_registry.obj
 0001:0002f620       ssGetIsInputPortElementContinuous 0000000180030620 f   CTM_PID_withoutG_cgxe_registry.obj
 0001:0002f6c0       _ssGetAbsTol               00000001800306c0 f   CTM_PID_withoutG_cgxe_registry.obj
 0001:0002f730       _ssSetStateAbsTol          0000000180030730 f   CTM_PID_withoutG_cgxe_registry.obj
 0001:0002f810       _ssSetInputPortReusableFcn 0000000180030810 f   CTM_PID_withoutG_cgxe_registry.obj
 0001:0002f910       _ssSetOutputPortReusableFcn 0000000180030910 f   CTM_PID_withoutG_cgxe_registry.obj
 0001:0002fa10       _ssSetSymbolicDimsSupport  0000000180030a10 f   CTM_PID_withoutG_cgxe_registry.obj
 0001:0002fa80       _ssRegisterSymbolicDimsExpr 0000000180030a80 f   CTM_PID_withoutG_cgxe_registry.obj
 0001:0002fb00       _ssRegisterSymbolicDimsMATLABExpr 0000000180030b00 f   CTM_PID_withoutG_cgxe_registry.obj
 0001:0002fb90       _ssRegisterSymbolicDims    0000000180030b90 f   CTM_PID_withoutG_cgxe_registry.obj
 0001:0002fc30       _ssRegisterSymbolicDimsString 0000000180030c30 f   CTM_PID_withoutG_cgxe_registry.obj
 0001:0002fcb0       _ssRegisterSymbolicDimsIntValue 0000000180030cb0 f   CTM_PID_withoutG_cgxe_registry.obj
 0001:0002fd20       _ssRegisterSymbolicEqualRelation 0000000180030d20 f   CTM_PID_withoutG_cgxe_registry.obj
 0001:0002fd90       _ssRegisterSymbolicEqualValue 0000000180030d90 f   CTM_PID_withoutG_cgxe_registry.obj
 0001:0002fe00       _ssAmendLeadingSymbolicDims 0000000180030e00 f   CTM_PID_withoutG_cgxe_registry.obj
 0001:0002fe80       _ssAmendTrailingSymbolicDims 0000000180030e80 f   CTM_PID_withoutG_cgxe_registry.obj
 0001:0002ff00       _ssRegisterSymbolicDimsPlus 0000000180030f00 f   CTM_PID_withoutG_cgxe_registry.obj
 0001:0002ff80       _ssRegisterSymbolicDimsMinus 0000000180030f80 f   CTM_PID_withoutG_cgxe_registry.obj
 0001:00030000       _ssRegisterSymbolicDimsMultiply 0000000180031000 f   CTM_PID_withoutG_cgxe_registry.obj
 0001:00030080       _ssRegisterSymbolicDimsDivide 0000000180031080 f   CTM_PID_withoutG_cgxe_registry.obj
 0001:00030100       _ssGetNumSymbolicDims      0000000180031100 f   CTM_PID_withoutG_cgxe_registry.obj
 0001:00030170       _ssGetSymbolicDim          0000000180031170 f   CTM_PID_withoutG_cgxe_registry.obj
 0001:000301f0       _ssSetInputPortSymbolicDimsId 00000001800311f0 f   CTM_PID_withoutG_cgxe_registry.obj
 0001:00030260       _ssGetCompInputPortSymbolicDimsId 0000000180031260 f   CTM_PID_withoutG_cgxe_registry.obj
 0001:000302d0       _ssSetCompInputPortSymbolicDimsId 00000001800312d0 f   CTM_PID_withoutG_cgxe_registry.obj
 0001:00030340       _ssSetOutputPortSymbolicDimsId 0000000180031340 f   CTM_PID_withoutG_cgxe_registry.obj
 0001:000303b0       _ssGetCompOutputPortSymbolicDimsId 00000001800313b0 f   CTM_PID_withoutG_cgxe_registry.obj
 0001:00030420       _ssSetCompOutputPortSymbolicDimsId 0000000180031420 f   CTM_PID_withoutG_cgxe_registry.obj
 0001:00030490       _ssGetDWorkSymbolicDimsId  0000000180031490 f   CTM_PID_withoutG_cgxe_registry.obj
 0001:00030500       _ssSetDWorkSymbolicDimsId  0000000180031500 f   CTM_PID_withoutG_cgxe_registry.obj
 0001:00030570       _ssGetCompDWorkSymbolicDimsId 0000000180031570 f   CTM_PID_withoutG_cgxe_registry.obj
 0001:000305e0       _ssSetCompDWorkSymbolicDimsId 00000001800315e0 f   CTM_PID_withoutG_cgxe_registry.obj
 0001:00030650       _ssCreateSLCGStringBuffer  0000000180031650 f   CTM_PID_withoutG_cgxe_registry.obj
 0001:000306c0       _ssAddToSLCGStringBuffer   00000001800316c0 f   CTM_PID_withoutG_cgxe_registry.obj
 0001:00030730       _ssGetPointerContainedData 0000000180031730 f   CTM_PID_withoutG_cgxe_registry.obj
 0001:000307c0       _ssGetPointerContainedDataWidth 00000001800317c0 f   CTM_PID_withoutG_cgxe_registry.obj
 0001:00030850       _ssRegisterDynamicArrayDataTypeFcn 0000000180031850 f   CTM_PID_withoutG_cgxe_registry.obj
 0001:000308f0       _ssGetDynamicArrayContainedDataCurrentWidthFcn 00000001800318f0 f   CTM_PID_withoutG_cgxe_registry.obj
 0001:000309c0       _ssGetDynamicArrayContainedDataFcn 00000001800319c0 f   CTM_PID_withoutG_cgxe_registry.obj
 0001:00030a90       _ssGetInputPortDynamicArrayDataFcn 0000000180031a90 f   CTM_PID_withoutG_cgxe_registry.obj
 0001:00030b50       _ssGetOutputPortDynamicArrayDataFcn 0000000180031b50 f   CTM_PID_withoutG_cgxe_registry.obj
 0001:00030c10       _ssGetInputPortDynamicArrayContainedDataFcn 0000000180031c10 f   CTM_PID_withoutG_cgxe_registry.obj
 0001:00030cd0       _ssGetOutputPortDynamicArrayContainedDataFcn 0000000180031cd0 f   CTM_PID_withoutG_cgxe_registry.obj
 0001:00030d90       _ssGetDynamicArrayDWorkContainedDataFcn 0000000180031d90 f   CTM_PID_withoutG_cgxe_registry.obj
 0001:00032970       __local_stdio_printf_options 0000000180033970 f i CTM_PID_withoutG_cgxe_registry.obj
 0001:00032980       _vsnprintf_l               0000000180033980 f i CTM_PID_withoutG_cgxe_registry.obj
 0001:00032a00       _vsprintf_l                0000000180033a00 f i CTM_PID_withoutG_cgxe_registry.obj
 0001:00032a50       sprintf                    0000000180033a50 f i CTM_PID_withoutG_cgxe_registry.obj
 0001:00033440       ccdFirstDirDefault         0000000180034440 f   ccd_ccd.obj
 0001:00033480       __ccdSupport               0000000180034480 f   ccd_ccd.obj
 0001:00033560       ccdGJKIntersect            0000000180034560 f   ccd_ccd.obj
 0001:000335f0       __ccdGJK                   00000001800345f0 f   ccd_ccd.obj
 0001:000337b0       ccdGJKSeparate             00000001800347b0 f   ccd_ccd.obj
 0001:00033850       ccdGJKPenetration          0000000180034850 f   ccd_ccd.obj
 0001:00037d60       ccdMPRIntersect            0000000180038d60 f   ccd_mpr.obj
 0001:00037e30       ccdMPRPenetration          0000000180038e30 f   ccd_mpr.obj
 0001:00039930       ccdPtInit                  000000018003a930 f   ccd_polytope.obj
 0001:000399a0       ccdPtDestroy               000000018003a9a0 f   ccd_polytope.obj
 0001:00039af0       ccdPtAddVertex             000000018003aaf0 f   ccd_polytope.obj
 0001:00039bc0       ccdPtAddEdge               000000018003abc0 f   ccd_polytope.obj
 0001:00039d80       ccdPtAddFace               000000018003ad80 f   ccd_polytope.obj
 0001:0003a260       ccdPtRecomputeDistances    000000018003b260 f   ccd_polytope.obj
 0001:0003a550       ccdPtNearest               000000018003b550 f   ccd_polytope.obj
 0001:0003a590       ccdPtDumpSVT               000000018003b590 f   ccd_polytope.obj
 0001:0003a5f0       ccdPtDumpSVT2              000000018003b5f0 f   ccd_polytope.obj
 0001:0003aae0       _vfprintf_l                000000018003bae0 f i ccd_polytope.obj
 0001:0003ab30       fprintf                    000000018003bb30 f i ccd_polytope.obj
 0001:0003b070       ccdVec3PointSegmentDist2   000000018003c070 f   ccd_vec3.obj
 0001:0003b0b0       ccdVec3PointTriDist2       000000018003c0b0 f   ccd_vec3.obj
 0001:0003bfe0       ??RCollisionGeometryDeleter@shared_robotics@@QEAAXPEAVCollisionGeometry@1@@Z 000000018003cfe0 f   collisioncodegen_CollisionGeometry.obj
 0001:0003c030       ??1CollisionGeometry@shared_robotics@@UEAA@XZ 000000018003d030 f   collisioncodegen_CollisionGeometry.obj
 0001:0003c090       ?support@CollisionGeometry@shared_robotics@@QEBAXPEBU_ccd_vec3_t@@PEAU3@@Z 000000018003d090 f   collisioncodegen_CollisionGeometry.obj
 0001:0003cbe0       ?constructConnectionList@CollisionGeometry@shared_robotics@@IEAAXXZ 000000018003dbe0 f   collisioncodegen_CollisionGeometry.obj
 0001:0003d160       ??$?0$$V@?$_Compressed_pair@V?$allocator@N@std@@V?$_Vector_val@U?$_Simple_types@N@std@@@2@$00@std@@QEAA@U_Zero_then_variadic_args_t@1@@Z 000000018003e160 f i collisioncodegen_CollisionGeometry.obj
 0001:0003d190       ??$?0$$V@?$_Compressed_pair@V?$allocator@_K@std@@V?$_Vector_val@U?$_Simple_types@_K@std@@@2@$00@std@@QEAA@U_Zero_then_variadic_args_t@1@@Z 000000018003e190 f i collisioncodegen_CollisionGeometry.obj
 0001:0003d1c0       ??$?0AEAPEA_KAEAPEA_K$0A@@?$pair@PEA_KPEA_K@std@@QEAA@AEAPEA_K0@Z 000000018003e1c0 f i collisioncodegen_CollisionGeometry.obj
 0001:0003d210       ??$?0V?$allocator@_K@std@@PEA_KPEA_KPEA_K@?$_Compressed_pair@V?$allocator@_K@std@@V?$_Vector_val@U?$_Simple_types@_K@std@@@2@$00@std@@QEAA@U_One_then_variadic_args_t@1@$$QEAV?$allocator@_K@1@$$QEAPEA_K22@Z 000000018003e210 f i collisioncodegen_CollisionGeometry.obj
 0001:0003d280       ??$?6U?$char_traits@D@std@@@std@@YAAEAV?$basic_ostream@DU?$char_traits@D@std@@@0@AEAV10@PEBD@Z 000000018003e280 f i collisioncodegen_CollisionGeometry.obj
 0001:0003d630       ??$?RAEANAEAN@?$less@X@std@@QEBA_NAEAN0@Z 000000018003e630 f i collisioncodegen_CollisionGeometry.obj
 0001:0003d670       ??$?RAEA_KAEA_K@?$equal_to@X@std@@QEBA_NAEA_K0@Z 000000018003e670 f i collisioncodegen_CollisionGeometry.obj
 0001:0003d6b0       ??$?RAEA_KAEA_K@?$less@X@std@@QEBA_NAEA_K0@Z 000000018003e6b0 f i collisioncodegen_CollisionGeometry.obj
 0001:0003d6f0       ??$_Adl_verify_range@V?$_Vector_iterator@V?$_Vector_val@U?$_Simple_types@N@std@@@std@@@std@@V12@@std@@YAXAEBV?$_Vector_iterator@V?$_Vector_val@U?$_Simple_types@N@std@@@std@@@0@0@Z 000000018003e6f0 f i collisioncodegen_CollisionGeometry.obj
 0001:0003d700       ??$_Adl_verify_range@V?$_Vector_iterator@V?$_Vector_val@U?$_Simple_types@_K@std@@@std@@@std@@V12@@std@@YAXAEBV?$_Vector_iterator@V?$_Vector_val@U?$_Simple_types@_K@std@@@std@@@0@0@Z 000000018003e700 f i collisioncodegen_CollisionGeometry.obj
 0001:0003d710       ??$_Allocate@$0BA@U_Default_allocate_traits@std@@$0A@@std@@YAPEAX_K@Z 000000018003e710 f i collisioncodegen_CollisionGeometry.obj
 0001:0003d750       ??$_Allocate_manually_vector_aligned@U_Default_allocate_traits@std@@@std@@YAPEAX_K@Z 000000018003e750 f i collisioncodegen_CollisionGeometry.obj
 0001:0003d7e0       ??$_Copy_backward_memmove@PEA_KPEA_K@std@@YAPEA_KPEA_K00@Z 000000018003e7e0 f i collisioncodegen_CollisionGeometry.obj
 0001:0003d890       ??$_Copy_memmove@PEANPEAN@std@@YAPEANPEAN00@Z 000000018003e890 f i collisioncodegen_CollisionGeometry.obj
 0001:0003d930       ??$_Copy_memmove@PEA_KPEA_K@std@@YAPEA_KPEA_K00@Z 000000018003e930 f i collisioncodegen_CollisionGeometry.obj
 0001:0003d9d0       ??$_Deallocate@$0BA@$0A@@std@@YAXPEAX_K@Z 000000018003e9d0 f i collisioncodegen_CollisionGeometry.obj
 0001:0003da10       ??$_Destroy_range@V?$allocator@N@std@@@std@@YAXPEANQEANAEAV?$allocator@N@0@@Z 000000018003ea10 f i collisioncodegen_CollisionGeometry.obj
 0001:0003da20       ??$_Destroy_range@V?$allocator@U_ccd_vec3_t@@@std@@@std@@YAXPEAU_ccd_vec3_t@@QEAU1@AEAV?$allocator@U_ccd_vec3_t@@@0@@Z 000000018003ea20 f i collisioncodegen_CollisionGeometry.obj
 0001:0003da30       ??$_Destroy_range@V?$allocator@U_idx_vec3_t@shared_robotics@@@std@@@std@@YAXPEAU_idx_vec3_t@shared_robotics@@QEAU12@AEAV?$allocator@U_idx_vec3_t@shared_robotics@@@0@@Z 000000018003ea30 f i collisioncodegen_CollisionGeometry.obj
 0001:0003da40       ??$_Destroy_range@V?$allocator@V?$vector@_KV?$allocator@_K@std@@@std@@@std@@@std@@YAXPEAV?$vector@_KV?$allocator@_K@std@@@0@QEAV10@AEAV?$allocator@V?$vector@_KV?$allocator@_K@std@@@std@@@0@@Z 000000018003ea40 f i collisioncodegen_CollisionGeometry.obj
 0001:0003da90       ??$_Destroy_range@V?$allocator@_K@std@@@std@@YAXPEA_KQEA_KAEAV?$allocator@_K@0@@Z 000000018003ea90 f i collisioncodegen_CollisionGeometry.obj
 0001:0003daa0       ??$_Emplace_back@$$V@?$_Uninitialized_backout_al@V?$allocator@V?$vector@_KV?$allocator@_K@std@@@std@@@std@@@std@@QEAAXXZ 000000018003eaa0 f i collisioncodegen_CollisionGeometry.obj
 0001:0003daf0       ??$_Emplace_back@$$V@?$_Uninitialized_backout_al@V?$allocator@_K@std@@@std@@QEAAXXZ 000000018003eaf0 f i collisioncodegen_CollisionGeometry.obj
 0001:0003db40       ??$_Emplace_back@N@?$_Uninitialized_backout_al@V?$allocator@N@std@@@std@@QEAAX$$QEAN@Z 000000018003eb40 f i collisioncodegen_CollisionGeometry.obj
 0001:0003dba0       ??$_Emplace_back@V?$vector@_KV?$allocator@_K@std@@@std@@@?$_Uninitialized_backout_al@V?$allocator@V?$vector@_KV?$allocator@_K@std@@@std@@@std@@@std@@QEAAX$$QEAV?$vector@_KV?$allocator@_K@std@@@1@@Z 000000018003eba0 f i collisioncodegen_CollisionGeometry.obj
 0001:0003dc00       ??$_Emplace_back@_K@?$_Uninitialized_backout_al@V?$allocator@_K@std@@@std@@QEAAX$$QEA_K@Z 000000018003ec00 f i collisioncodegen_CollisionGeometry.obj
 0001:0003dc60       ??$_Emplace_back_with_unused_capacity@AEB_K@?$vector@_KV?$allocator@_K@std@@@std@@AEAA?A_TAEB_K@Z 000000018003ec60 f i collisioncodegen_CollisionGeometry.obj
 0001:0003dd10       ??$_Emplace_back_with_unused_capacity@N@?$vector@NV?$allocator@N@std@@@std@@AEAA?A_T$$QEAN@Z 000000018003ed10 f i collisioncodegen_CollisionGeometry.obj
 0001:0003ddc0       ??$_Emplace_reallocate@AEB_K@?$vector@_KV?$allocator@_K@std@@@std@@QEAAPEA_KQEA_KAEB_K@Z 000000018003edc0 f i collisioncodegen_CollisionGeometry.obj
 0001:0003dfd0       ??$_Emplace_reallocate@N@?$vector@NV?$allocator@N@std@@@std@@QEAAPEANQEAN$$QEAN@Z 000000018003efd0 f i collisioncodegen_CollisionGeometry.obj
 0001:0003e1e0       ??$_Get_size_of_n@$07@std@@YA_K_K@Z 000000018003f1e0 f i collisioncodegen_CollisionGeometry.obj
 0001:0003e230       ??$_Get_size_of_n@$0BI@@std@@YA_K_K@Z 000000018003f230 f i collisioncodegen_CollisionGeometry.obj
 0001:0003e270       ??$_Get_unwrapped@AEAV?$_Vector_iterator@V?$_Vector_val@U?$_Simple_types@N@std@@@std@@@std@@@std@@YA?A_TAEAV?$_Vector_iterator@V?$_Vector_val@U?$_Simple_types@N@std@@@std@@@0@@Z 000000018003f270 f i collisioncodegen_CollisionGeometry.obj
 0001:0003e290       ??$_Get_unwrapped@AEAV?$_Vector_iterator@V?$_Vector_val@U?$_Simple_types@_K@std@@@std@@@std@@@std@@YA?A_TAEAV?$_Vector_iterator@V?$_Vector_val@U?$_Simple_types@_K@std@@@std@@@0@@Z 000000018003f290 f i collisioncodegen_CollisionGeometry.obj
 0001:0003e2b0       ??$_Get_unwrapped@AEBQEAN@std@@YA?A_TAEBQEAN@Z 000000018003f2b0 f i collisioncodegen_CollisionGeometry.obj
 0001:0003e2c0       ??$_Get_unwrapped@AEBQEAV?$vector@_KV?$allocator@_K@std@@@std@@@std@@YA?A_TAEBQEAV?$vector@_KV?$allocator@_K@std@@@0@@Z 000000018003f2c0 f i collisioncodegen_CollisionGeometry.obj
 0001:0003e2d0       ??$_Get_unwrapped@AEBQEA_K@std@@YA?A_TAEBQEA_K@Z 000000018003f2d0 f i collisioncodegen_CollisionGeometry.obj
 0001:0003e2e0       ??$_Get_unwrapped@AEBV?$_Vector_iterator@V?$_Vector_val@U?$_Simple_types@_K@std@@@std@@@std@@@std@@YA?A_TAEBV?$_Vector_iterator@V?$_Vector_val@U?$_Simple_types@_K@std@@@std@@@0@@Z 000000018003f2e0 f i collisioncodegen_CollisionGeometry.obj
 0001:0003e300       ??$_Guess_median_unchecked@PEA_KU?$less@X@std@@@std@@YAXPEA_K00U?$less@X@0@@Z 000000018003f300 f i collisioncodegen_CollisionGeometry.obj
 0001:0003e460       ??$_Insertion_sort_unchecked@PEA_KU?$less@X@std@@@std@@YAPEA_KQEA_K0U?$less@X@0@@Z 000000018003f460 f i collisioncodegen_CollisionGeometry.obj
 0001:0003e5a0       ??$_Make_heap_unchecked@PEA_KU?$less@X@std@@@std@@YAXPEA_K0U?$less@X@0@@Z 000000018003f5a0 f i collisioncodegen_CollisionGeometry.obj
 0001:0003e640       ??$_Max_element_unchecked@PEANU?$less@X@std@@@std@@YAPEANPEAN0U?$less@X@0@@Z 000000018003f640 f i collisioncodegen_CollisionGeometry.obj
 0001:0003e6c0       ??$_Med3_unchecked@PEA_KU?$less@X@std@@@std@@YAXPEA_K00U?$less@X@0@@Z 000000018003f6c0 f i collisioncodegen_CollisionGeometry.obj
 0001:0003e760       ??$_Move_backward_unchecked@PEA_KPEA_K@std@@YAPEA_KPEA_K00@Z 000000018003f760 f i collisioncodegen_CollisionGeometry.obj
 0001:0003e7e0       ??$_Move_unchecked@PEA_KPEA_K@std@@YAPEA_KPEA_K00@Z 000000018003f7e0 f i collisioncodegen_CollisionGeometry.obj
 0001:0003e860       ??$_Next_iter@PEA_K@std@@YAPEA_KPEA_K@Z 000000018003f860 f i collisioncodegen_CollisionGeometry.obj
 0001:0003e880       ??$_Partition_by_median_guess_unchecked@PEA_KU?$less@X@std@@@std@@YA?AU?$pair@PEA_KPEA_K@0@PEA_K0U?$less@X@0@@Z 000000018003f880 f i collisioncodegen_CollisionGeometry.obj
 0001:0003ec40       ??$_Pass_fn@U?$less@X@std@@$0A@@std@@YA?AU?$less@X@0@U10@@Z 000000018003fc40 f i collisioncodegen_CollisionGeometry.obj
 0001:0003ec50       ??$_Pop_heap_hole_by_index@PEA_K_KU?$less@X@std@@@std@@YAXPEA_K_J1$$QEA_KU?$less@X@0@@Z 000000018003fc50 f i collisioncodegen_CollisionGeometry.obj
 0001:0003edb0       ??$_Pop_heap_hole_unchecked@PEA_K_KU?$less@X@std@@@std@@YAXPEA_K00$$QEA_KU?$less@X@0@@Z 000000018003fdb0 f i collisioncodegen_CollisionGeometry.obj
 0001:0003ee20       ??$_Pop_heap_unchecked@PEA_KU?$less@X@std@@@std@@YAXPEA_K0U?$less@X@0@@Z 000000018003fe20 f i collisioncodegen_CollisionGeometry.obj
 0001:0003eea0       ??$_Prev_iter@PEA_K@std@@YAPEA_KPEA_K@Z 000000018003fea0 f i collisioncodegen_CollisionGeometry.obj
 0001:0003eec0       ??$_Push_heap_by_index@PEA_K_KU?$less@X@std@@@std@@YAXPEA_K_J1$$QEA_KU?$less@X@0@@Z 000000018003fec0 f i collisioncodegen_CollisionGeometry.obj
 0001:0003ef80       ??$_Refancy@PEAN$0A@@std@@YAPEANPEAN@Z 000000018003ff80 f i collisioncodegen_CollisionGeometry.obj
 0001:0003ef90       ??$_Refancy@PEA_K$0A@@std@@YAPEA_KPEA_K@Z 000000018003ff90 f i collisioncodegen_CollisionGeometry.obj
 0001:0003efa0       ??$_Resize@U_Value_init_tag@std@@@?$vector@V?$vector@_KV?$allocator@_K@std@@@std@@V?$allocator@V?$vector@_KV?$allocator@_K@std@@@std@@@2@@std@@AEAAX_KAEBU_Value_init_tag@1@@Z 000000018003ffa0 f i collisioncodegen_CollisionGeometry.obj
 0001:0003f110       ??$_Resize@U_Value_init_tag@std@@@?$vector@_KV?$allocator@_K@std@@@std@@AEAAX_KAEBU_Value_init_tag@1@@Z 0000000180040110 f i collisioncodegen_CollisionGeometry.obj
 0001:0003f280       ??$_Resize_reallocate@U_Value_init_tag@std@@@?$vector@V?$vector@_KV?$allocator@_K@std@@@std@@V?$allocator@V?$vector@_KV?$allocator@_K@std@@@std@@@2@@std@@AEAAX_KAEBU_Value_init_tag@1@@Z 0000000180040280 f i collisioncodegen_CollisionGeometry.obj
 0001:0003f3d0       ??$_Resize_reallocate@U_Value_init_tag@std@@@?$vector@_KV?$allocator@_K@std@@@std@@AEAAX_KAEBU_Value_init_tag@1@@Z 00000001800403d0 f i collisioncodegen_CollisionGeometry.obj
 0001:0003f520       ??$_Seek_wrapped@V?$_Vector_iterator@V?$_Vector_val@U?$_Simple_types@N@std@@@std@@@std@@PEAN@std@@YAXAEAV?$_Vector_iterator@V?$_Vector_val@U?$_Simple_types@N@std@@@std@@@0@$$QEAPEAN@Z 0000000180040520 f i collisioncodegen_CollisionGeometry.obj
 0001:0003f550       ??$_Seek_wrapped@V?$_Vector_iterator@V?$_Vector_val@U?$_Simple_types@_K@std@@@std@@@std@@AEAPEA_K@std@@YAXAEAV?$_Vector_iterator@V?$_Vector_val@U?$_Simple_types@_K@std@@@std@@@0@AEAPEA_K@Z 0000000180040550 f i collisioncodegen_CollisionGeometry.obj
 0001:0003f580       ??$_Seek_wrapped@V?$_Vector_iterator@V?$_Vector_val@U?$_Simple_types@_K@std@@@std@@@std@@AEBQEA_K@std@@YAXAEAV?$_Vector_iterator@V?$_Vector_val@U?$_Simple_types@_K@std@@@std@@@0@AEBQEA_K@Z 0000000180040580 f i collisioncodegen_CollisionGeometry.obj
 0001:0003f5b0       ??$_Sort_heap_unchecked@PEA_KU?$less@X@std@@@std@@YAXPEA_K0U?$less@X@0@@Z 00000001800405b0 f i collisioncodegen_CollisionGeometry.obj
 0001:0003f610       ??$_Sort_unchecked@PEA_KU?$less@X@std@@@std@@YAXPEA_K0_JU?$less@X@0@@Z 0000000180040610 f i collisioncodegen_CollisionGeometry.obj
 0001:0003f750       ??$_To_address@PEAN@std@@YA?A_PAEBQEAN@Z 0000000180040750 f i collisioncodegen_CollisionGeometry.obj
 0001:0003f760       ??$_To_address@PEA_K@std@@YA?A_PAEBQEA_K@Z 0000000180040760 f i collisioncodegen_CollisionGeometry.obj
 0001:0003f770       ??$_Unfancy@N@std@@YAPEANPEAN@Z 0000000180040770 f i collisioncodegen_CollisionGeometry.obj
 0001:0003f780       ??$_Unfancy@V?$vector@_KV?$allocator@_K@std@@@std@@@std@@YAPEAV?$vector@_KV?$allocator@_K@std@@@0@PEAV10@@Z 0000000180040780 f i collisioncodegen_CollisionGeometry.obj
 0001:0003f790       ??$_Unfancy@_K@std@@YAPEA_KPEA_K@Z 0000000180040790 f i collisioncodegen_CollisionGeometry.obj
 0001:0003f7a0       ??$_Uninitialized_move@PEANV?$allocator@N@std@@@std@@YAPEANQEAN0PEANAEAV?$allocator@N@0@@Z 00000001800407a0 f i collisioncodegen_CollisionGeometry.obj
 0001:0003f880       ??$_Uninitialized_move@PEAV?$vector@_KV?$allocator@_K@std@@@std@@V?$allocator@V?$vector@_KV?$allocator@_K@std@@@std@@@2@@std@@YAPEAV?$vector@_KV?$allocator@_K@std@@@0@QEAV10@0PEAV10@AEAV?$allocator@V?$vector@_KV?$allocator@_K@std@@@std@@@0@@Z 0000000180040880 f i collisioncodegen_CollisionGeometry.obj
 0001:0003f930       ??$_Uninitialized_move@PEA_KV?$allocator@_K@std@@@std@@YAPEA_KQEA_K0PEA_KAEAV?$allocator@_K@0@@Z 0000000180040930 f i collisioncodegen_CollisionGeometry.obj
 0001:0003fa10       ??$_Uninitialized_value_construct_n@V?$allocator@V?$vector@_KV?$allocator@_K@std@@@std@@@std@@@std@@YAPEAV?$vector@_KV?$allocator@_K@std@@@0@PEAV10@_KAEAV?$allocator@V?$vector@_KV?$allocator@_K@std@@@std@@@0@@Z 0000000180040a10 f i collisioncodegen_CollisionGeometry.obj
 0001:0003fa80       ??$_Uninitialized_value_construct_n@V?$allocator@_K@std@@@std@@YAPEA_KPEA_K_KAEAV?$allocator@_K@0@@Z 0000000180040a80 f i collisioncodegen_CollisionGeometry.obj
 0001:0003fb30       ??$_Voidify_iter@PEAN@std@@YAPEAXPEAN@Z 0000000180040b30 f i collisioncodegen_CollisionGeometry.obj
 0001:0003fb40       ??$_Voidify_iter@PEAV?$vector@_KV?$allocator@_K@std@@@std@@@std@@YAPEAXPEAV?$vector@_KV?$allocator@_K@std@@@0@@Z 0000000180040b40 f i collisioncodegen_CollisionGeometry.obj
 0001:0003fb50       ??$_Voidify_iter@PEA_K@std@@YAPEAXPEA_K@Z 0000000180040b50 f i collisioncodegen_CollisionGeometry.obj
 0001:0003fb60       ??$_Zero_range@PEA_K@std@@YAPEA_KQEA_K0@Z 0000000180040b60 f i collisioncodegen_CollisionGeometry.obj
 0001:0003fbc0       ??$addressof@V?$_Vector_val@U?$_Simple_types@N@std@@@std@@@std@@YAPEAV?$_Vector_val@U?$_Simple_types@N@std@@@0@AEAV10@@Z 0000000180040bc0 f i collisioncodegen_CollisionGeometry.obj
 0001:0003fbd0       ??$addressof@V?$_Vector_val@U?$_Simple_types@_K@std@@@std@@@std@@YAPEAV?$_Vector_val@U?$_Simple_types@_K@std@@@0@AEAV10@@Z 0000000180040bd0 f i collisioncodegen_CollisionGeometry.obj
 0001:0003fbe0       ??$construct@NN@?$_Default_allocator_traits@V?$allocator@N@std@@@std@@SAXAEAV?$allocator@N@1@QEAN$$QEAN@Z 0000000180040be0 f i collisioncodegen_CollisionGeometry.obj
 0001:0003fc30       ??$construct@V?$vector@_KV?$allocator@_K@std@@@std@@$$V@?$_Default_allocator_traits@V?$allocator@V?$vector@_KV?$allocator@_K@std@@@std@@@std@@@std@@SAXAEAV?$allocator@V?$vector@_KV?$allocator@_K@std@@@std@@@1@QEAV?$vector@_KV?$allocator@_K@std@@@1@@Z 0000000180040c30 f i collisioncodegen_CollisionGeometry.obj
 0001:0003fc70       ??$construct@V?$vector@_KV?$allocator@_K@std@@@std@@V12@@?$_Default_allocator_traits@V?$allocator@V?$vector@_KV?$allocator@_K@std@@@std@@@std@@@std@@SAXAEAV?$allocator@V?$vector@_KV?$allocator@_K@std@@@std@@@1@QEAV?$vector@_KV?$allocator@_K@std@@@1@$$QEAV31@@Z 0000000180040c70 f i collisioncodegen_CollisionGeometry.obj
 0001:0003fcc0       ??$construct@_K$$V@?$_Default_allocator_traits@V?$allocator@_K@std@@@std@@SAXAEAV?$allocator@_K@1@QEA_K@Z 0000000180040cc0 f i collisioncodegen_CollisionGeometry.obj
 0001:0003fd10       ??$construct@_KAEB_K@?$_Default_allocator_traits@V?$allocator@_K@std@@@std@@SAXAEAV?$allocator@_K@1@QEA_KAEB_K@Z 0000000180040d10 f i collisioncodegen_CollisionGeometry.obj
 0001:0003fd60       ??$construct@_K_K@?$_Default_allocator_traits@V?$allocator@_K@std@@@std@@SAXAEAV?$allocator@_K@1@QEA_K$$QEA_K@Z 0000000180040d60 f i collisioncodegen_CollisionGeometry.obj
 0001:0003fdb0       ??$destroy@V?$vector@_KV?$allocator@_K@std@@@std@@@?$_Default_allocator_traits@V?$allocator@V?$vector@_KV?$allocator@_K@std@@@std@@@std@@@std@@SAXAEAV?$allocator@V?$vector@_KV?$allocator@_K@std@@@std@@@1@QEAV?$vector@_KV?$allocator@_K@std@@@1@@Z 0000000180040db0 f i collisioncodegen_CollisionGeometry.obj
 0001:0003fdd0       ??$emplace_back@AEB_K@?$vector@_KV?$allocator@_K@std@@@std@@QEAA?A_TAEB_K@Z 0000000180040dd0 f i collisioncodegen_CollisionGeometry.obj
 0001:0003fe50       ??$emplace_back@N@?$vector@NV?$allocator@N@std@@@std@@QEAA?A_T$$QEAN@Z 0000000180040e50 f i collisioncodegen_CollisionGeometry.obj
 0001:0003fed0       ??$endl@DU?$char_traits@D@std@@@std@@YAAEAV?$basic_ostream@DU?$char_traits@D@std@@@0@AEAV10@@Z 0000000180040ed0 f i collisioncodegen_CollisionGeometry.obj
 0001:0003ff20       ??$exchange@PEA_K$$T@std@@YAPEA_KAEAPEA_K$$QEA$$T@Z 0000000180040f20 f i collisioncodegen_CollisionGeometry.obj
 0001:0003ff60       ??$forward@AEAPEA_K@std@@YAAEAPEA_KAEAPEA_K@Z 0000000180040f60 f i collisioncodegen_CollisionGeometry.obj
 0001:0003ff70       ??$forward@AEBQEA_K@std@@YAAEBQEA_KAEBQEA_K@Z 0000000180040f70 f i collisioncodegen_CollisionGeometry.obj
 0001:0003ff80       ??$forward@AEB_K@std@@YAAEB_KAEB_K@Z 0000000180040f80 f i collisioncodegen_CollisionGeometry.obj
 0001:0003ff90       ??$forward@N@std@@YA$$QEANAEAN@Z 0000000180040f90 f i collisioncodegen_CollisionGeometry.obj
 0001:0003ffa0       ??$forward@PEAN@std@@YA$$QEAPEANAEAPEAN@Z 0000000180040fa0 f i collisioncodegen_CollisionGeometry.obj
 0001:0003ffb0       ??$forward@PEA_K@std@@YA$$QEAPEA_KAEAPEA_K@Z 0000000180040fb0 f i collisioncodegen_CollisionGeometry.obj
 0001:0003ffc0       ??$forward@V?$allocator@_K@std@@@std@@YA$$QEAV?$allocator@_K@0@AEAV10@@Z 0000000180040fc0 f i collisioncodegen_CollisionGeometry.obj
 0001:0003ffd0       ??$forward@V?$vector@_KV?$allocator@_K@std@@@std@@@std@@YA$$QEAV?$vector@_KV?$allocator@_K@std@@@0@AEAV10@@Z 0000000180040fd0 f i collisioncodegen_CollisionGeometry.obj
 0001:0003ffe0       ??$forward@_K@std@@YA$$QEA_KAEA_K@Z 0000000180040fe0 f i collisioncodegen_CollisionGeometry.obj
 0001:0003fff0       ??$iter_swap@PEA_KPEA_K@std@@YAXPEA_K0@Z 0000000180040ff0 f i collisioncodegen_CollisionGeometry.obj
 0001:00040020       ??$max_element@V?$_Vector_iterator@V?$_Vector_val@U?$_Simple_types@N@std@@@std@@@std@@@std@@YA?AV?$_Vector_iterator@V?$_Vector_val@U?$_Simple_types@N@std@@@std@@@0@V10@0@Z 0000000180041020 f i collisioncodegen_CollisionGeometry.obj
 0001:00040070       ??$max_element@V?$_Vector_iterator@V?$_Vector_val@U?$_Simple_types@N@std@@@std@@@std@@U?$less@X@2@@std@@YA?AV?$_Vector_iterator@V?$_Vector_val@U?$_Simple_types@N@std@@@std@@@0@V10@0U?$less@X@0@@Z 0000000180041070 f i collisioncodegen_CollisionGeometry.obj
 0001:00040100       ??$min@_K@std@@YAAEB_KAEB_K0@Z 0000000180041100 f i collisioncodegen_CollisionGeometry.obj
 0001:00040150       ??$move@AEAN@std@@YA$$QEANAEAN@Z 0000000180041150 f i collisioncodegen_CollisionGeometry.obj
 0001:00040160       ??$move@AEAV?$allocator@_K@std@@@std@@YA$$QEAV?$allocator@_K@0@AEAV10@@Z 0000000180041160 f i collisioncodegen_CollisionGeometry.obj
 0001:00040170       ??$move@AEAV?$vector@_KV?$allocator@_K@std@@@std@@@std@@YA$$QEAV?$vector@_KV?$allocator@_K@std@@@0@AEAV10@@Z 0000000180041170 f i collisioncodegen_CollisionGeometry.obj
 0001:00040180       ??$move@AEA_K@std@@YA$$QEA_KAEA_K@Z 0000000180041180 f i collisioncodegen_CollisionGeometry.obj
 0001:00040190       ??$sort@V?$_Vector_iterator@V?$_Vector_val@U?$_Simple_types@_K@std@@@std@@@std@@@std@@YAXV?$_Vector_iterator@V?$_Vector_val@U?$_Simple_types@_K@std@@@std@@@0@0@Z 0000000180041190 f i collisioncodegen_CollisionGeometry.obj
 0001:000401d0       ??$sort@V?$_Vector_iterator@V?$_Vector_val@U?$_Simple_types@_K@std@@@std@@@std@@U?$less@X@2@@std@@YAXV?$_Vector_iterator@V?$_Vector_val@U?$_Simple_types@_K@std@@@std@@@0@0U?$less@X@0@@Z 00000001800411d0 f i collisioncodegen_CollisionGeometry.obj
 0001:00040250       ??$swap@_K$0A@@std@@YAXAEA_K0@Z 0000000180041250 f i collisioncodegen_CollisionGeometry.obj
 0001:000402a0       ??$unique@V?$_Vector_iterator@V?$_Vector_val@U?$_Simple_types@_K@std@@@std@@@std@@@std@@YA?AV?$_Vector_iterator@V?$_Vector_val@U?$_Simple_types@_K@std@@@std@@@0@V10@0@Z 00000001800412a0 f i collisioncodegen_CollisionGeometry.obj
 0001:000402f0       ??$unique@V?$_Vector_iterator@V?$_Vector_val@U?$_Simple_types@_K@std@@@std@@@std@@U?$equal_to@X@2@@std@@YA?AV?$_Vector_iterator@V?$_Vector_val@U?$_Simple_types@_K@std@@@std@@@0@V10@0U?$equal_to@X@0@@Z 00000001800412f0 f i collisioncodegen_CollisionGeometry.obj
 0001:00040450       ??0?$_Uninitialized_backout_al@V?$allocator@N@std@@@std@@QEAA@PEANAEAV?$allocator@N@1@@Z 0000000180041450 f i collisioncodegen_CollisionGeometry.obj
 0001:00040490       ??0?$_Uninitialized_backout_al@V?$allocator@V?$vector@_KV?$allocator@_K@std@@@std@@@std@@@std@@QEAA@PEAV?$vector@_KV?$allocator@_K@std@@@1@AEAV?$allocator@V?$vector@_KV?$allocator@_K@std@@@std@@@1@@Z 0000000180041490 f i collisioncodegen_CollisionGeometry.obj
 0001:000404d0       ??0?$_Uninitialized_backout_al@V?$allocator@_K@std@@@std@@QEAA@PEA_KAEAV?$allocator@_K@1@@Z 00000001800414d0 f i collisioncodegen_CollisionGeometry.obj
 0001:00040510       ??0?$_Vector_const_iterator@V?$_Vector_val@U?$_Simple_types@N@std@@@std@@@std@@QEAA@PEANPEBU_Container_base0@1@@Z 0000000180041510 f i collisioncodegen_CollisionGeometry.obj
 0001:00040550       ??0?$_Vector_const_iterator@V?$_Vector_val@U?$_Simple_types@_K@std@@@std@@@std@@QEAA@PEA_KPEBU_Container_base0@1@@Z 0000000180041550 f i collisioncodegen_CollisionGeometry.obj
 0001:00040590       ??0?$_Vector_iterator@V?$_Vector_val@U?$_Simple_types@N@std@@@std@@@std@@QEAA@PEANPEBU_Container_base0@1@@Z 0000000180041590 f i collisioncodegen_CollisionGeometry.obj
 0001:000405d0       ??0?$_Vector_iterator@V?$_Vector_val@U?$_Simple_types@_K@std@@@std@@@std@@QEAA@PEA_KPEBU_Container_base0@1@@Z 00000001800415d0 f i collisioncodegen_CollisionGeometry.obj
 0001:00040610       ??0?$_Vector_val@U?$_Simple_types@N@std@@@std@@QEAA@XZ 0000000180041610 f i collisioncodegen_CollisionGeometry.obj
 0001:00040650       ??0?$_Vector_val@U?$_Simple_types@_K@std@@@std@@QEAA@PEA_K00@Z 0000000180041650 f i collisioncodegen_CollisionGeometry.obj
 0001:000406a0       ??0?$_Vector_val@U?$_Simple_types@_K@std@@@std@@QEAA@XZ 00000001800416a0 f i collisioncodegen_CollisionGeometry.obj
 0001:000406e0       ??0?$allocator@N@std@@QEAA@XZ 00000001800416e0 f i collisioncodegen_CollisionGeometry.obj
 0001:000406f0       ??0?$allocator@_K@std@@QEAA@XZ 00000001800416f0 f i collisioncodegen_CollisionGeometry.obj
 0001:00040700       ??0?$vector@NV?$allocator@N@std@@@std@@QEAA@XZ 0000000180041700 f i collisioncodegen_CollisionGeometry.obj
 0001:00040740       ??0?$vector@_KV?$allocator@_K@std@@@std@@QEAA@$$QEAV01@@Z 0000000180041740 f i collisioncodegen_CollisionGeometry.obj
 0001:00040840       ??0?$vector@_KV?$allocator@_K@std@@@std@@QEAA@XZ 0000000180041840 f i collisioncodegen_CollisionGeometry.obj
 0001:00040880       ??0_Sentry_base@?$basic_ostream@DU?$char_traits@D@std@@@std@@QEAA@AEAV12@@Z 0000000180041880 f i collisioncodegen_CollisionGeometry.obj
 0001:000408f0       ??0bad_alloc@std@@AEAA@QEBD@Z 00000001800418f0 f i collisioncodegen_CollisionGeometry.obj
 0001:00040930       ??0bad_alloc@std@@QEAA@AEBV01@@Z 0000000180041930 f i collisioncodegen_CollisionGeometry.obj
 0001:00040970       ??0bad_array_new_length@std@@QEAA@AEBV01@@Z 0000000180041970 f i collisioncodegen_CollisionGeometry.obj
 0001:000409b0       ??0bad_array_new_length@std@@QEAA@XZ 00000001800419b0 f i collisioncodegen_CollisionGeometry.obj
 0001:000409f0       ??0exception@std@@QEAA@AEBV01@@Z 00000001800419f0 f i collisioncodegen_CollisionGeometry.obj
 0001:00040a50       ??0exception@std@@QEAA@QEBDH@Z 0000000180041a50 f i collisioncodegen_CollisionGeometry.obj
 0001:00040aa0       ??0sentry@?$basic_ostream@DU?$char_traits@D@std@@@std@@QEAA@AEAV12@@Z 0000000180041aa0 f i collisioncodegen_CollisionGeometry.obj
 0001:00040b80       ??1?$_Uninitialized_backout_al@V?$allocator@N@std@@@std@@QEAA@XZ 0000000180041b80 f i collisioncodegen_CollisionGeometry.obj
 0001:00040bb0       ??1?$_Uninitialized_backout_al@V?$allocator@V?$vector@_KV?$allocator@_K@std@@@std@@@std@@@std@@QEAA@XZ 0000000180041bb0 f i collisioncodegen_CollisionGeometry.obj
 0001:00040be0       ??1?$_Uninitialized_backout_al@V?$allocator@_K@std@@@std@@QEAA@XZ 0000000180041be0 f i collisioncodegen_CollisionGeometry.obj
 0001:00040c10       ??1?$vector@NV?$allocator@N@std@@@std@@QEAA@XZ 0000000180041c10 f i collisioncodegen_CollisionGeometry.obj
 0001:00040c30       ??1?$vector@U_ccd_vec3_t@@V?$allocator@U_ccd_vec3_t@@@std@@@std@@QEAA@XZ 0000000180041c30 f i collisioncodegen_CollisionGeometry.obj
 0001:00040c50       ??1?$vector@U_idx_vec3_t@shared_robotics@@V?$allocator@U_idx_vec3_t@shared_robotics@@@std@@@std@@QEAA@XZ 0000000180041c50 f i collisioncodegen_CollisionGeometry.obj
 0001:00040c70       ??1?$vector@V?$vector@_KV?$allocator@_K@std@@@std@@V?$allocator@V?$vector@_KV?$allocator@_K@std@@@std@@@2@@std@@QEAA@XZ 0000000180041c70 f i collisioncodegen_CollisionGeometry.obj
 0001:00040c90       ??1?$vector@_KV?$allocator@_K@std@@@std@@QEAA@XZ 0000000180041c90 f i collisioncodegen_CollisionGeometry.obj
 0001:00040cb0       ??1_Sentry_base@?$basic_ostream@DU?$char_traits@D@std@@@std@@QEAA@XZ 0000000180041cb0 f i collisioncodegen_CollisionGeometry.obj
 0001:00040d10       ??1bad_alloc@std@@UEAA@XZ  0000000180041d10 f i collisioncodegen_CollisionGeometry.obj
 0001:00040d30       ??1bad_array_new_length@std@@UEAA@XZ 0000000180041d30 f i collisioncodegen_CollisionGeometry.obj
 0001:00040d50       ??1exception@std@@UEAA@XZ  0000000180041d50 f i collisioncodegen_CollisionGeometry.obj
 0001:00040d80       ??1sentry@?$basic_ostream@DU?$char_traits@D@std@@@std@@QEAA@XZ 0000000180041d80 f i collisioncodegen_CollisionGeometry.obj
 0001:00040de0       ??2@YAPEAX_KPEAX@Z         0000000180041de0 f i collisioncodegen_CollisionGeometry.obj
 0001:00040df0       ??A?$vector@U_ccd_vec3_t@@V?$allocator@U_ccd_vec3_t@@@std@@@std@@QEBAAEBU_ccd_vec3_t@@_K@Z 0000000180041df0 f i collisioncodegen_CollisionGeometry.obj
 0001:00040e20       ??A?$vector@U_idx_vec3_t@shared_robotics@@V?$allocator@U_idx_vec3_t@shared_robotics@@@std@@@std@@QEAAAEAU_idx_vec3_t@shared_robotics@@_K@Z 0000000180041e20 f i collisioncodegen_CollisionGeometry.obj
 0001:00040e50       ??A?$vector@V?$vector@_KV?$allocator@_K@std@@@std@@V?$allocator@V?$vector@_KV?$allocator@_K@std@@@std@@@2@@std@@QEAAAEAV?$vector@_KV?$allocator@_K@std@@@1@_K@Z 0000000180041e50 f i collisioncodegen_CollisionGeometry.obj
 0001:00040e80       ??A?$vector@V?$vector@_KV?$allocator@_K@std@@@std@@V?$allocator@V?$vector@_KV?$allocator@_K@std@@@std@@@2@@std@@QEBAAEBV?$vector@_KV?$allocator@_K@std@@@1@_K@Z 0000000180041e80 f i collisioncodegen_CollisionGeometry.obj
 0001:00040eb0       ??A?$vector@_KV?$allocator@_K@std@@@std@@QEBAAEB_K_K@Z 0000000180041eb0 f i collisioncodegen_CollisionGeometry.obj
 0001:00040ee0       ??Bsentry@?$basic_ostream@DU?$char_traits@D@std@@@std@@QEBA_NXZ 0000000180041ee0 f i collisioncodegen_CollisionGeometry.obj
 0001:00040ef0       ??G?$_Vector_const_iterator@V?$_Vector_val@U?$_Simple_types@N@std@@@std@@@std@@QEBA_JAEBV01@@Z 0000000180041ef0 f i collisioncodegen_CollisionGeometry.obj
 0001:00040f30       ??_G?$vector@_KV?$allocator@_K@std@@@std@@QEAAPEAXI@Z 0000000180041f30 f i collisioncodegen_CollisionGeometry.obj
 0001:00040f70       ??_GCollisionGeometry@shared_robotics@@UEAAPEAXI@Z 0000000180041f70 f i collisioncodegen_CollisionGeometry.obj
 0001:00040f70       ??_ECollisionGeometry@shared_robotics@@UEAAPEAXI@Z 0000000180041f70 f i collisioncodegen_CollisionGeometry.obj
 0001:00040fb0       ??_Gbad_alloc@std@@UEAAPEAXI@Z 0000000180041fb0 f i collisioncodegen_CollisionGeometry.obj
 0001:00040fb0       ??_Ebad_alloc@std@@UEAAPEAXI@Z 0000000180041fb0 f i collisioncodegen_CollisionGeometry.obj
 0001:00040ff0       ??_Ebad_array_new_length@std@@UEAAPEAXI@Z 0000000180041ff0 f i collisioncodegen_CollisionGeometry.obj
 0001:00040ff0       ??_Gbad_array_new_length@std@@UEAAPEAXI@Z 0000000180041ff0 f i collisioncodegen_CollisionGeometry.obj
 0001:00041030       ??_Eexception@std@@UEAAPEAXI@Z 0000000180042030 f i collisioncodegen_CollisionGeometry.obj
 0001:00041030       ??_Gexception@std@@UEAAPEAXI@Z 0000000180042030 f i collisioncodegen_CollisionGeometry.obj
 0001:00041070       ?_Adjust_manually_vector_aligned@std@@YAXAEAPEAXAEA_K@Z 0000000180042070 f i collisioncodegen_CollisionGeometry.obj
 0001:00041110       ?_Adopt@_Iterator_base0@std@@QEAAXPEBX@Z 0000000180042110 f i collisioncodegen_CollisionGeometry.obj
 0001:00041120       ?_Alloc_proxy@_Container_base0@std@@QEAAXAEBU_Fake_allocator@2@@Z 0000000180042120 f i collisioncodegen_CollisionGeometry.obj
 0001:00041130       ?_Allocate@_Default_allocate_traits@std@@SAPEAX_K@Z 0000000180042130 f i collisioncodegen_CollisionGeometry.obj
 0001:00041150       ?_Calculate_growth@?$vector@NV?$allocator@N@std@@@std@@AEBA_K_K@Z 0000000180042150 f i collisioncodegen_CollisionGeometry.obj
 0001:000411e0       ?_Calculate_growth@?$vector@V?$vector@_KV?$allocator@_K@std@@@std@@V?$allocator@V?$vector@_KV?$allocator@_K@std@@@std@@@2@@std@@AEBA_K_K@Z 00000001800421e0 f i collisioncodegen_CollisionGeometry.obj
 0001:00041270       ?_Calculate_growth@?$vector@_KV?$allocator@_K@std@@@std@@AEBA_K_K@Z 0000000180042270 f i collisioncodegen_CollisionGeometry.obj
 0001:00041300       ?_Change_array@?$vector@NV?$allocator@N@std@@@std@@AEAAXQEAN_K1@Z 0000000180042300 f i collisioncodegen_CollisionGeometry.obj
 0001:000413f0       ?_Change_array@?$vector@V?$vector@_KV?$allocator@_K@std@@@std@@V?$allocator@V?$vector@_KV?$allocator@_K@std@@@std@@@2@@std@@AEAAXQEAV?$vector@_KV?$allocator@_K@std@@@2@_K1@Z 00000001800423f0 f i collisioncodegen_CollisionGeometry.obj
 0001:000414f0       ?_Change_array@?$vector@_KV?$allocator@_K@std@@@std@@AEAAXQEA_K_K1@Z 00000001800424f0 f i collisioncodegen_CollisionGeometry.obj
 0001:000415e0       ?_Compat@?$_Vector_const_iterator@V?$_Vector_val@U?$_Simple_types@N@std@@@std@@@std@@QEBAXAEBV12@@Z 00000001800425e0 f i collisioncodegen_CollisionGeometry.obj
 0001:000415f0       ?_Get_first@?$_Compressed_pair@V?$allocator@N@std@@V?$_Vector_val@U?$_Simple_types@N@std@@@2@$00@std@@QEAAAEAV?$allocator@N@2@XZ 00000001800425f0 f i collisioncodegen_CollisionGeometry.obj
 0001:00041600       ?_Get_first@?$_Compressed_pair@V?$allocator@N@std@@V?$_Vector_val@U?$_Simple_types@N@std@@@2@$00@std@@QEBAAEBV?$allocator@N@2@XZ 0000000180042600 f i collisioncodegen_CollisionGeometry.obj
 0001:00041610       ?_Get_first@?$_Compressed_pair@V?$allocator@U_ccd_vec3_t@@@std@@V?$_Vector_val@U?$_Simple_types@U_ccd_vec3_t@@@std@@@2@$00@std@@QEAAAEAV?$allocator@U_ccd_vec3_t@@@2@XZ 0000000180042610 f i collisioncodegen_CollisionGeometry.obj
 0001:00041620       ?_Get_first@?$_Compressed_pair@V?$allocator@U_idx_vec3_t@shared_robotics@@@std@@V?$_Vector_val@U?$_Simple_types@U_idx_vec3_t@shared_robotics@@@std@@@2@$00@std@@QEAAAEAV?$allocator@U_idx_vec3_t@shared_robotics@@@2@XZ 0000000180042620 f i collisioncodegen_CollisionGeometry.obj
 0001:00041630       ?_Get_first@?$_Compressed_pair@V?$allocator@V?$vector@_KV?$allocator@_K@std@@@std@@@std@@V?$_Vector_val@U?$_Simple_types@V?$vector@_KV?$allocator@_K@std@@@std@@@std@@@2@$00@std@@QEAAAEAV?$allocator@V?$vector@_KV?$allocator@_K@std@@@std@@@2@XZ 0000000180042630 f i collisioncodegen_CollisionGeometry.obj
 0001:00041640       ?_Get_first@?$_Compressed_pair@V?$allocator@V?$vector@_KV?$allocator@_K@std@@@std@@@std@@V?$_Vector_val@U?$_Simple_types@V?$vector@_KV?$allocator@_K@std@@@std@@@std@@@2@$00@std@@QEBAAEBV?$allocator@V?$vector@_KV?$allocator@_K@std@@@std@@@2@XZ 0000000180042640 f i collisioncodegen_CollisionGeometry.obj
 0001:00041650       ?_Get_first@?$_Compressed_pair@V?$allocator@_K@std@@V?$_Vector_val@U?$_Simple_types@_K@std@@@2@$00@std@@QEAAAEAV?$allocator@_K@2@XZ 0000000180042650 f i collisioncodegen_CollisionGeometry.obj
 0001:00041660       ?_Get_first@?$_Compressed_pair@V?$allocator@_K@std@@V?$_Vector_val@U?$_Simple_types@_K@std@@@2@$00@std@@QEBAAEBV?$allocator@_K@2@XZ 0000000180042660 f i collisioncodegen_CollisionGeometry.obj
 0001:00041670       ?_Getal@?$vector@NV?$allocator@N@std@@@std@@AEAAAEAV?$allocator@N@2@XZ 0000000180042670 f i collisioncodegen_CollisionGeometry.obj
 0001:00041690       ?_Getal@?$vector@NV?$allocator@N@std@@@std@@AEBAAEBV?$allocator@N@2@XZ 0000000180042690 f i collisioncodegen_CollisionGeometry.obj
 0001:000416b0       ?_Getal@?$vector@U_ccd_vec3_t@@V?$allocator@U_ccd_vec3_t@@@std@@@std@@AEAAAEAV?$allocator@U_ccd_vec3_t@@@2@XZ 00000001800426b0 f i collisioncodegen_CollisionGeometry.obj
 0001:000416d0       ?_Getal@?$vector@U_idx_vec3_t@shared_robotics@@V?$allocator@U_idx_vec3_t@shared_robotics@@@std@@@std@@AEAAAEAV?$allocator@U_idx_vec3_t@shared_robotics@@@2@XZ 00000001800426d0 f i collisioncodegen_CollisionGeometry.obj
 0001:000416f0       ?_Getal@?$vector@V?$vector@_KV?$allocator@_K@std@@@std@@V?$allocator@V?$vector@_KV?$allocator@_K@std@@@std@@@2@@std@@AEAAAEAV?$allocator@V?$vector@_KV?$allocator@_K@std@@@std@@@2@XZ 00000001800426f0 f i collisioncodegen_CollisionGeometry.obj
 0001:00041710       ?_Getal@?$vector@V?$vector@_KV?$allocator@_K@std@@@std@@V?$allocator@V?$vector@_KV?$allocator@_K@std@@@std@@@2@@std@@AEBAAEBV?$allocator@V?$vector@_KV?$allocator@_K@std@@@std@@@2@XZ 0000000180042710 f i collisioncodegen_CollisionGeometry.obj
 0001:00041730       ?_Getal@?$vector@_KV?$allocator@_K@std@@@std@@AEAAAEAV?$allocator@_K@2@XZ 0000000180042730 f i collisioncodegen_CollisionGeometry.obj
 0001:00041750       ?_Getal@?$vector@_KV?$allocator@_K@std@@@std@@AEBAAEBV?$allocator@_K@2@XZ 0000000180042750 f i collisioncodegen_CollisionGeometry.obj
 0001:00041770       ?_Orphan_all@_Container_base0@std@@QEAAXXZ 0000000180042770 f i collisioncodegen_CollisionGeometry.obj
 0001:00041780       ?_Orphan_range@?$vector@NV?$allocator@N@std@@@std@@AEBAXPEAN0@Z 0000000180042780 f i collisioncodegen_CollisionGeometry.obj
 0001:00041790       ?_Orphan_range@?$vector@V?$vector@_KV?$allocator@_K@std@@@std@@V?$allocator@V?$vector@_KV?$allocator@_K@std@@@std@@@2@@std@@AEBAXPEAV?$vector@_KV?$allocator@_K@std@@@2@0@Z 0000000180042790 f i collisioncodegen_CollisionGeometry.obj
 0001:000417a0       ?_Orphan_range@?$vector@_KV?$allocator@_K@std@@@std@@AEBAXPEA_K0@Z 00000001800427a0 f i collisioncodegen_CollisionGeometry.obj
 0001:000417b0       ?_Release@?$_Uninitialized_backout_al@V?$allocator@N@std@@@std@@QEAAPEANXZ 00000001800427b0 f i collisioncodegen_CollisionGeometry.obj
 0001:000417d0       ?_Release@?$_Uninitialized_backout_al@V?$allocator@V?$vector@_KV?$allocator@_K@std@@@std@@@std@@@std@@QEAAPEAV?$vector@_KV?$allocator@_K@std@@@2@XZ 00000001800427d0 f i collisioncodegen_CollisionGeometry.obj
 0001:000417f0       ?_Release@?$_Uninitialized_backout_al@V?$allocator@_K@std@@@std@@QEAAPEA_KXZ 00000001800427f0 f i collisioncodegen_CollisionGeometry.obj
 0001:00041810       ?_Seek_to@?$_Vector_const_iterator@V?$_Vector_val@U?$_Simple_types@N@std@@@std@@@std@@QEAAXPEBN@Z 0000000180042810 f i collisioncodegen_CollisionGeometry.obj
 0001:00041840       ?_Seek_to@?$_Vector_const_iterator@V?$_Vector_val@U?$_Simple_types@_K@std@@@std@@@std@@QEAAXPEB_K@Z 0000000180042840 f i collisioncodegen_CollisionGeometry.obj
 0001:00041870       ?_Swap_proxy_and_iterators@_Container_base0@std@@QEAAXAEAU12@@Z 0000000180042870 f i collisioncodegen_CollisionGeometry.obj
 0001:00041880       ?_Throw_bad_array_new_length@std@@YAXXZ 0000000180042880 f i collisioncodegen_CollisionGeometry.obj
 0001:000418b0       ?_Tidy@?$vector@NV?$allocator@N@std@@@std@@AEAAXXZ 00000001800428b0 f i collisioncodegen_CollisionGeometry.obj
 0001:00041980       ?_Tidy@?$vector@U_ccd_vec3_t@@V?$allocator@U_ccd_vec3_t@@@std@@@std@@AEAAXXZ 0000000180042980 f i collisioncodegen_CollisionGeometry.obj
 0001:00041a60       ?_Tidy@?$vector@U_idx_vec3_t@shared_robotics@@V?$allocator@U_idx_vec3_t@shared_robotics@@@std@@@std@@AEAAXXZ 0000000180042a60 f i collisioncodegen_CollisionGeometry.obj
 0001:00041b40       ?_Tidy@?$vector@V?$vector@_KV?$allocator@_K@std@@@std@@V?$allocator@V?$vector@_KV?$allocator@_K@std@@@std@@@2@@std@@AEAAXXZ 0000000180042b40 f i collisioncodegen_CollisionGeometry.obj
 0001:00041c20       ?_Tidy@?$vector@_KV?$allocator@_K@std@@@std@@AEAAXXZ 0000000180042c20 f i collisioncodegen_CollisionGeometry.obj
 0001:00041cf0       ?_Unchecked_begin@?$vector@U_ccd_vec3_t@@V?$allocator@U_ccd_vec3_t@@@std@@@std@@QEBAPEBU_ccd_vec3_t@@XZ 0000000180042cf0 f i collisioncodegen_CollisionGeometry.obj
 0001:00041d00       ?_Unchecked_end@?$vector@U_ccd_vec3_t@@V?$allocator@U_ccd_vec3_t@@@std@@@std@@QEBAPEBU_ccd_vec3_t@@XZ 0000000180042d00 f i collisioncodegen_CollisionGeometry.obj
 0001:00041d10       ?_Unwrapped@?$_Vector_iterator@V?$_Vector_val@U?$_Simple_types@N@std@@@std@@@std@@QEBAPEANXZ 0000000180042d10 f i collisioncodegen_CollisionGeometry.obj
 0001:00041d30       ?_Unwrapped@?$_Vector_iterator@V?$_Vector_val@U?$_Simple_types@_K@std@@@std@@@std@@QEBAPEA_KXZ 0000000180042d30 f i collisioncodegen_CollisionGeometry.obj
 0001:00041d50       ?_Xlength@?$vector@NV?$allocator@N@std@@@std@@CAXXZ 0000000180042d50 f i collisioncodegen_CollisionGeometry.obj
 0001:00041d70       ?_Xlength@?$vector@V?$vector@_KV?$allocator@_K@std@@@std@@V?$allocator@V?$vector@_KV?$allocator@_K@std@@@std@@@2@@std@@CAXXZ 0000000180042d70 f i collisioncodegen_CollisionGeometry.obj
 0001:00041d90       ?_Xlength@?$vector@_KV?$allocator@_K@std@@@std@@CAXXZ 0000000180042d90 f i collisioncodegen_CollisionGeometry.obj
 0001:00041db0       ?allocate@?$allocator@N@std@@QEAAPEAN_K@Z 0000000180042db0 f i collisioncodegen_CollisionGeometry.obj
 0001:00041de0       ?allocate@?$allocator@V?$vector@_KV?$allocator@_K@std@@@std@@@std@@QEAAPEAV?$vector@_KV?$allocator@_K@std@@@2@_K@Z 0000000180042de0 f i collisioncodegen_CollisionGeometry.obj
 0001:00041e10       ?allocate@?$allocator@_K@std@@QEAAPEA_K_K@Z 0000000180042e10 f i collisioncodegen_CollisionGeometry.obj
 0001:00041e40       ?begin@?$vector@NV?$allocator@N@std@@@std@@QEAA?AV?$_Vector_iterator@V?$_Vector_val@U?$_Simple_types@N@std@@@std@@@2@XZ 0000000180042e40 f i collisioncodegen_CollisionGeometry.obj
 0001:00041e90       ?begin@?$vector@_KV?$allocator@_K@std@@@std@@QEAA?AV?$_Vector_iterator@V?$_Vector_val@U?$_Simple_types@_K@std@@@std@@@2@XZ 0000000180042e90 f i collisioncodegen_CollisionGeometry.obj
 0001:00041ee0       ?capacity@?$vector@NV?$allocator@N@std@@@std@@QEBA_KXZ 0000000180042ee0 f i collisioncodegen_CollisionGeometry.obj
 0001:00041f10       ?capacity@?$vector@V?$vector@_KV?$allocator@_K@std@@@std@@V?$allocator@V?$vector@_KV?$allocator@_K@std@@@std@@@2@@std@@QEBA_KXZ 0000000180042f10 f i collisioncodegen_CollisionGeometry.obj
 0001:00041f50       ?capacity@?$vector@_KV?$allocator@_K@std@@@std@@QEBA_KXZ 0000000180042f50 f i collisioncodegen_CollisionGeometry.obj
 0001:00041f80       ?clear@?$vector@_KV?$allocator@_K@std@@@std@@QEAAXXZ 0000000180042f80 f i collisioncodegen_CollisionGeometry.obj
 0001:00041ff0       ?deallocate@?$allocator@N@std@@QEAAXQEAN_K@Z 0000000180042ff0 f i collisioncodegen_CollisionGeometry.obj
 0001:00042020       ?deallocate@?$allocator@U_ccd_vec3_t@@@std@@QEAAXQEAU_ccd_vec3_t@@_K@Z 0000000180043020 f i collisioncodegen_CollisionGeometry.obj
 0001:00042050       ?deallocate@?$allocator@U_idx_vec3_t@shared_robotics@@@std@@QEAAXQEAU_idx_vec3_t@shared_robotics@@_K@Z 0000000180043050 f i collisioncodegen_CollisionGeometry.obj
 0001:00042080       ?deallocate@?$allocator@V?$vector@_KV?$allocator@_K@std@@@std@@@std@@QEAAXQEAV?$vector@_KV?$allocator@_K@std@@@2@_K@Z 0000000180043080 f i collisioncodegen_CollisionGeometry.obj
 0001:000420b0       ?deallocate@?$allocator@_K@std@@QEAAXQEA_K_K@Z 00000001800430b0 f i collisioncodegen_CollisionGeometry.obj
 0001:000420e0       ?end@?$vector@NV?$allocator@N@std@@@std@@QEAA?AV?$_Vector_iterator@V?$_Vector_val@U?$_Simple_types@N@std@@@std@@@2@XZ 00000001800430e0 f i collisioncodegen_CollisionGeometry.obj
 0001:00042130       ?end@?$vector@_KV?$allocator@_K@std@@@std@@QEAA?AV?$_Vector_iterator@V?$_Vector_val@U?$_Simple_types@_K@std@@@std@@@2@XZ 0000000180043130 f i collisioncodegen_CollisionGeometry.obj
 0001:00042180       ?eof@?$_Narrow_char_traits@DH@std@@SAHXZ 0000000180043180 f i collisioncodegen_CollisionGeometry.obj
 0001:00042190       ?eq_int_type@?$_Narrow_char_traits@DH@std@@SA_NAEBH0@Z 0000000180043190 f i collisioncodegen_CollisionGeometry.obj
 0001:000421d0       ?erase@?$vector@_KV?$allocator@_K@std@@@std@@QEAA?AV?$_Vector_iterator@V?$_Vector_val@U?$_Simple_types@_K@std@@@std@@@2@V?$_Vector_const_iterator@V?$_Vector_val@U?$_Simple_types@_K@std@@@std@@@2@0@Z 00000001800431d0 f i collisioncodegen_CollisionGeometry.obj
 0001:000422b0       ?length@?$_Narrow_char_traits@DH@std@@SA_KQEBD@Z 00000001800432b0 f i collisioncodegen_CollisionGeometry.obj
 0001:000422d0       ?max@?$numeric_limits@_J@std@@SA_JXZ 00000001800432d0 f i collisioncodegen_CollisionGeometry.obj
 0001:000422e0       ?max_size@?$_Default_allocator_traits@V?$allocator@N@std@@@std@@SA_KAEBV?$allocator@N@2@@Z 00000001800432e0 f i collisioncodegen_CollisionGeometry.obj
 0001:000422f0       ?max_size@?$_Default_allocator_traits@V?$allocator@V?$vector@_KV?$allocator@_K@std@@@std@@@std@@@std@@SA_KAEBV?$allocator@V?$vector@_KV?$allocator@_K@std@@@std@@@2@@Z 00000001800432f0 f i collisioncodegen_CollisionGeometry.obj
 0001:00042300       ?max_size@?$_Default_allocator_traits@V?$allocator@_K@std@@@std@@SA_KAEBV?$allocator@_K@2@@Z 0000000180043300 f i collisioncodegen_CollisionGeometry.obj
 0001:00042310       ?max_size@?$vector@NV?$allocator@N@std@@@std@@QEBA_KXZ 0000000180043310 f i collisioncodegen_CollisionGeometry.obj
 0001:00042360       ?max_size@?$vector@V?$vector@_KV?$allocator@_K@std@@@std@@V?$allocator@V?$vector@_KV?$allocator@_K@std@@@std@@@2@@std@@QEBA_KXZ 0000000180043360 f i collisioncodegen_CollisionGeometry.obj
 0001:000423b0       ?max_size@?$vector@_KV?$allocator@_K@std@@@std@@QEBA_KXZ 00000001800433b0 f i collisioncodegen_CollisionGeometry.obj
 0001:00042400       ?push_back@?$vector@NV?$allocator@N@std@@@std@@QEAAX$$QEAN@Z 0000000180043400 f i collisioncodegen_CollisionGeometry.obj
 0001:00042430       ?push_back@?$vector@_KV?$allocator@_K@std@@@std@@QEAAXAEB_K@Z 0000000180043430 f i collisioncodegen_CollisionGeometry.obj
 0001:00042460       ?resize@?$vector@V?$vector@_KV?$allocator@_K@std@@@std@@V?$allocator@V?$vector@_KV?$allocator@_K@std@@@std@@@2@@std@@QEAAX_K@Z 0000000180043460 f i collisioncodegen_CollisionGeometry.obj
 0001:00042490       ?resize@?$vector@_KV?$allocator@_K@std@@@std@@QEAAX_K@Z 0000000180043490 f i collisioncodegen_CollisionGeometry.obj
 0001:000424c0       ?sign@CollisionGeometry@shared_robotics@@IEBAHN@Z 00000001800434c0 f i collisioncodegen_CollisionGeometry.obj
 0001:00042510       ?size@?$vector@_KV?$allocator@_K@std@@@std@@QEBA_KXZ 0000000180043510 f i collisioncodegen_CollisionGeometry.obj
 0001:00042540       ?what@exception@std@@UEBAPEBDXZ 0000000180043540 f i collisioncodegen_CollisionGeometry.obj
 0001:000425f0       collisioncodegen_makeBox   00000001800435f0 f   collisioncodegen_api.obj
 0001:00042670       collisioncodegen_makeSphere 0000000180043670 f   collisioncodegen_api.obj
 0001:000426d0       collisioncodegen_makeCylinder 00000001800436d0 f   collisioncodegen_api.obj
 0001:00042740       collisioncodegen_makeCapsule 0000000180043740 f   collisioncodegen_api.obj
 0001:000427c0       collisioncodegen_makeMesh  00000001800437c0 f   collisioncodegen_api.obj
 0001:00042830       collisioncodegen_intersect 0000000180043830 f   collisioncodegen_api.obj
 0001:000428c0       collisioncodegen_destructGeometry 00000001800438c0 f   collisioncodegen_api.obj
 0001:00042920       collisioncodegen_copyGeometry 0000000180043920 f   collisioncodegen_api.obj
 0001:00042990       collisioncodegen_getVertices 0000000180043990 f   collisioncodegen_api.obj
 0001:00042a60       collisioncodegen_getNumVertices 0000000180043a60 f   collisioncodegen_api.obj
 0001:00042ab0       collisioncodegen_getX      0000000180043ab0 f   collisioncodegen_api.obj
 0001:00042ad0       collisioncodegen_getY      0000000180043ad0 f   collisioncodegen_api.obj
 0001:00042af0       collisioncodegen_getZ      0000000180043af0 f   collisioncodegen_api.obj
 0001:00042b10       collisioncodegen_getRadius 0000000180043b10 f   collisioncodegen_api.obj
 0001:00042b30       collisioncodegen_getLength 0000000180043b30 f   collisioncodegen_api.obj
 0001:00042b50       collisioncodegen_getType   0000000180043b50 f   collisioncodegen_api.obj
 0001:00042bf0       ??$?0$$V@?$_Compressed_pair@V?$allocator@D@std@@V?$_String_val@U?$_Simple_types@D@std@@@2@$00@std@@QEAA@U_Zero_then_variadic_args_t@1@@Z 0000000180043bf0 f i collisioncodegen_api.obj
 0001:00042c20       ??$?0$$V@?$_Compressed_pair@V?$allocator@U_ccd_vec3_t@@@std@@V?$_Vector_val@U?$_Simple_types@U_ccd_vec3_t@@@std@@@2@$00@std@@QEAA@U_Zero_then_variadic_args_t@1@@Z 0000000180043c20 f i collisioncodegen_api.obj
 0001:00042c50       ??$?0$$V@?$_Compressed_pair@V?$allocator@U_idx_vec3_t@shared_robotics@@@std@@V?$_Vector_val@U?$_Simple_types@U_idx_vec3_t@shared_robotics@@@std@@@2@$00@std@@QEAA@U_Zero_then_variadic_args_t@1@@Z 0000000180043c50 f i collisioncodegen_api.obj
 0001:00042c80       ??$?0$$V@?$_Compressed_pair@V?$allocator@V?$vector@_KV?$allocator@_K@std@@@std@@@std@@V?$_Vector_val@U?$_Simple_types@V?$vector@_KV?$allocator@_K@std@@@std@@@std@@@2@$00@std@@QEAA@U_Zero_then_variadic_args_t@1@@Z 0000000180043c80 f i collisioncodegen_api.obj
 0001:00042cb0       ??$?0V?$allocator@U_ccd_vec3_t@@@std@@$$V@?$_Compressed_pair@V?$allocator@U_ccd_vec3_t@@@std@@V?$_Vector_val@U?$_Simple_types@U_ccd_vec3_t@@@std@@@2@$00@std@@QEAA@U_One_then_variadic_args_t@1@$$QEAV?$allocator@U_ccd_vec3_t@@@1@@Z 0000000180043cb0 f i collisioncodegen_api.obj
 0001:00042cf0       ??$?0V?$allocator@U_idx_vec3_t@shared_robotics@@@std@@$$V@?$_Compressed_pair@V?$allocator@U_idx_vec3_t@shared_robotics@@@std@@V?$_Vector_val@U?$_Simple_types@U_idx_vec3_t@shared_robotics@@@std@@@2@$00@std@@QEAA@U_One_then_variadic_args_t@1@$$QEAV?$allocator@U_idx_vec3_t@shared_robotics@@@1@@Z 0000000180043cf0 f i collisioncodegen_api.obj
 0001:00042d30       ??$?0V?$allocator@V?$vector@_KV?$allocator@_K@std@@@std@@@std@@$$V@?$_Compressed_pair@V?$allocator@V?$vector@_KV?$allocator@_K@std@@@std@@@std@@V?$_Vector_val@U?$_Simple_types@V?$vector@_KV?$allocator@_K@std@@@std@@@std@@@2@$00@std@@QEAA@U_One_then_variadic_args_t@1@$$QEAV?$allocator@V?$vector@_KV?$allocator@_K@std@@@std@@@1@@Z 0000000180043d30 f i collisioncodegen_api.obj
 0001:00042d70       ??$?0V?$allocator@_K@std@@$$V@?$_Compressed_pair@V?$allocator@_K@std@@V?$_Vector_val@U?$_Simple_types@_K@std@@@2@$00@std@@QEAA@U_One_then_variadic_args_t@1@$$QEAV?$allocator@_K@1@@Z 0000000180043d70 f i collisioncodegen_api.obj
 0001:00042db0       ??$_Construct_in_place@PEADAEBQEAD@std@@YAXAEAPEADAEBQEAD@Z 0000000180043db0 f i collisioncodegen_api.obj
 0001:00042e00       ??$_Construct_n@AEBQEAU_ccd_vec3_t@@AEBQEAU1@@?$vector@U_ccd_vec3_t@@V?$allocator@U_ccd_vec3_t@@@std@@@std@@AEAAX_KAEBQEAU_ccd_vec3_t@@1@Z 0000000180043e00 f i collisioncodegen_api.obj
 0001:00042ee0       ??$_Construct_n@AEBQEAU_idx_vec3_t@shared_robotics@@AEBQEAU12@@?$vector@U_idx_vec3_t@shared_robotics@@V?$allocator@U_idx_vec3_t@shared_robotics@@@std@@@std@@AEAAX_KAEBQEAU_idx_vec3_t@shared_robotics@@1@Z 0000000180043ee0 f i collisioncodegen_api.obj
 0001:00042fc0       ??$_Construct_n@AEBQEAV?$vector@_KV?$allocator@_K@std@@@std@@AEBQEAV12@@?$vector@V?$vector@_KV?$allocator@_K@std@@@std@@V?$allocator@V?$vector@_KV?$allocator@_K@std@@@std@@@2@@std@@AEAAX_KAEBQEAV?$vector@_KV?$allocator@_K@std@@@1@1@Z 0000000180043fc0 f i collisioncodegen_api.obj
 0001:000430a0       ??$_Construct_n@AEBQEA_KAEBQEA_K@?$vector@_KV?$allocator@_K@std@@@std@@AEAAX_KAEBQEA_K1@Z 00000001800440a0 f i collisioncodegen_api.obj
 0001:00043180       ??$_Convert_size@_K@std@@YA_K_K@Z 0000000180044180 f i collisioncodegen_api.obj
 0001:00043190       ??$_Copy_memmove@PEAU_ccd_vec3_t@@PEAU1@@std@@YAPEAU_ccd_vec3_t@@PEAU1@00@Z 0000000180044190 f i collisioncodegen_api.obj
 0001:00043230       ??$_Copy_memmove@PEAU_idx_vec3_t@shared_robotics@@PEAU12@@std@@YAPEAU_idx_vec3_t@shared_robotics@@PEAU12@00@Z 0000000180044230 f i collisioncodegen_api.obj
 0001:000432d0       ??$_Destroy_in_place@PEAD@std@@YAXAEAPEAD@Z 00000001800442d0 f i collisioncodegen_api.obj
 0001:000432e0       ??$_Emplace_back@AEAU_ccd_vec3_t@@@?$_Uninitialized_backout_al@V?$allocator@U_ccd_vec3_t@@@std@@@std@@QEAAXAEAU_ccd_vec3_t@@@Z 00000001800442e0 f i collisioncodegen_api.obj
 0001:00043340       ??$_Emplace_back@AEAU_idx_vec3_t@shared_robotics@@@?$_Uninitialized_backout_al@V?$allocator@U_idx_vec3_t@shared_robotics@@@std@@@std@@QEAAXAEAU_idx_vec3_t@shared_robotics@@@Z 0000000180044340 f i collisioncodegen_api.obj
 0001:000433a0       ??$_Emplace_back@AEAV?$vector@_KV?$allocator@_K@std@@@std@@@?$_Uninitialized_backout_al@V?$allocator@V?$vector@_KV?$allocator@_K@std@@@std@@@std@@@std@@QEAAXAEAV?$vector@_KV?$allocator@_K@std@@@1@@Z 00000001800443a0 f i collisioncodegen_api.obj
 0001:00043400       ??$_Emplace_back@AEA_K@?$_Uninitialized_backout_al@V?$allocator@_K@std@@@std@@QEAAXAEA_K@Z 0000000180044400 f i collisioncodegen_api.obj
 0001:00043460       ??$_Emplace_back@U_ccd_vec3_t@@@?$_Uninitialized_backout_al@V?$allocator@U_ccd_vec3_t@@@std@@@std@@QEAAX$$QEAU_ccd_vec3_t@@@Z 0000000180044460 f i collisioncodegen_api.obj
 0001:000434c0       ??$_Emplace_back_with_unused_capacity@AEBU_ccd_vec3_t@@@?$vector@U_ccd_vec3_t@@V?$allocator@U_ccd_vec3_t@@@std@@@std@@AEAA?A_TAEBU_ccd_vec3_t@@@Z 00000001800444c0 f i collisioncodegen_api.obj
 0001:00043570       ??$_Emplace_reallocate@AEBU_ccd_vec3_t@@@?$vector@U_ccd_vec3_t@@V?$allocator@U_ccd_vec3_t@@@std@@@std@@QEAAPEAU_ccd_vec3_t@@QEAU2@AEBU2@@Z 0000000180044570 f i collisioncodegen_api.obj
 0001:00043790       ??$_Get_size_of_n@$00@std@@YA_K_K@Z 0000000180044790 f i collisioncodegen_api.obj
 0001:000437b0       ??$_Get_unwrapped@AEBQEAU_ccd_vec3_t@@@std@@YA?A_TAEBQEAU_ccd_vec3_t@@@Z 00000001800447b0 f i collisioncodegen_api.obj
 0001:000437c0       ??$_Get_unwrapped@AEBQEAU_idx_vec3_t@shared_robotics@@@std@@YA?A_TAEBQEAU_idx_vec3_t@shared_robotics@@@Z 00000001800447c0 f i collisioncodegen_api.obj
 0001:000437d0       ??$_Reallocate_for@V<lambda_66f57f934f28d61049862f64df852ff0>@@PEBD@?$basic_string@DU?$char_traits@D@std@@V?$allocator@D@2@@std@@AEAAAEAV01@_KV<lambda_66f57f934f28d61049862f64df852ff0>@@PEBD@Z 00000001800447d0 f i collisioncodegen_api.obj
 0001:000438f0       ??$_To_address@PEAU_ccd_vec3_t@@@std@@YA?A_PAEBQEAU_ccd_vec3_t@@@Z 00000001800448f0 f i collisioncodegen_api.obj
 0001:00043900       ??$_To_address@PEAU_idx_vec3_t@shared_robotics@@@std@@YA?A_PAEBQEAU_idx_vec3_t@shared_robotics@@@Z 0000000180044900 f i collisioncodegen_api.obj
 0001:00043910       ??$_Unfancy@D@std@@YAPEADPEAD@Z 0000000180044910 f i collisioncodegen_api.obj
 0001:00043920       ??$_Unfancy@U_ccd_vec3_t@@@std@@YAPEAU_ccd_vec3_t@@PEAU1@@Z 0000000180044920 f i collisioncodegen_api.obj
 0001:00043930       ??$_Unfancy@U_idx_vec3_t@shared_robotics@@@std@@YAPEAU_idx_vec3_t@shared_robotics@@PEAU12@@Z 0000000180044930 f i collisioncodegen_api.obj
 0001:00043940       ??$_Uninitialized_copy@PEAU_ccd_vec3_t@@V?$allocator@U_ccd_vec3_t@@@std@@@std@@YAPEAU_ccd_vec3_t@@QEAU1@0PEAU1@AEAV?$allocator@U_ccd_vec3_t@@@0@@Z 0000000180044940 f i collisioncodegen_api.obj
 0001:00043a30       ??$_Uninitialized_copy@PEAU_idx_vec3_t@shared_robotics@@V?$allocator@U_idx_vec3_t@shared_robotics@@@std@@@std@@YAPEAU_idx_vec3_t@shared_robotics@@QEAU12@0PEAU12@AEAV?$allocator@U_idx_vec3_t@shared_robotics@@@0@@Z 0000000180044a30 f i collisioncodegen_api.obj
 0001:00043b20       ??$_Uninitialized_copy@PEAV?$vector@_KV?$allocator@_K@std@@@std@@V?$allocator@V?$vector@_KV?$allocator@_K@std@@@std@@@2@@std@@YAPEAV?$vector@_KV?$allocator@_K@std@@@0@QEAV10@0PEAV10@AEAV?$allocator@V?$vector@_KV?$allocator@_K@std@@@std@@@0@@Z 0000000180044b20 f i collisioncodegen_api.obj
 0001:00043bc0       ??$_Uninitialized_copy@PEA_KV?$allocator@_K@std@@@std@@YAPEA_KQEA_K0PEA_KAEAV?$allocator@_K@0@@Z 0000000180044bc0 f i collisioncodegen_api.obj
 0001:00043ca0       ??$_Uninitialized_move@PEAU_ccd_vec3_t@@V?$allocator@U_ccd_vec3_t@@@std@@@std@@YAPEAU_ccd_vec3_t@@QEAU1@0PEAU1@AEAV?$allocator@U_ccd_vec3_t@@@0@@Z 0000000180044ca0 f i collisioncodegen_api.obj
 0001:00043d90       ??$_Voidify_iter@PEAPEAD@std@@YAPEAXPEAPEAD@Z 0000000180044d90 f i collisioncodegen_api.obj
 0001:00043da0       ??$_Voidify_iter@PEAU_ccd_vec3_t@@@std@@YAPEAXPEAU_ccd_vec3_t@@@Z 0000000180044da0 f i collisioncodegen_api.obj
 0001:00043db0       ??$_Voidify_iter@PEAU_idx_vec3_t@shared_robotics@@@std@@YAPEAXPEAU_idx_vec3_t@shared_robotics@@@Z 0000000180044db0 f i collisioncodegen_api.obj
 0001:00043dc0       ??$addressof@PEAD@std@@YAPEAPEADAEAPEAD@Z 0000000180044dc0 f i collisioncodegen_api.obj
 0001:00043dd0       ??$construct@U_ccd_vec3_t@@AEAU1@@?$_Default_allocator_traits@V?$allocator@U_ccd_vec3_t@@@std@@@std@@SAXAEAV?$allocator@U_ccd_vec3_t@@@1@QEAU_ccd_vec3_t@@AEAU3@@Z 0000000180044dd0 f i collisioncodegen_api.obj
 0001:00043e30       ??$construct@U_ccd_vec3_t@@AEBU1@@?$_Default_allocator_traits@V?$allocator@U_ccd_vec3_t@@@std@@@std@@SAXAEAV?$allocator@U_ccd_vec3_t@@@1@QEAU_ccd_vec3_t@@AEBU3@@Z 0000000180044e30 f i collisioncodegen_api.obj
 0001:00043e90       ??$construct@U_ccd_vec3_t@@U1@@?$_Default_allocator_traits@V?$allocator@U_ccd_vec3_t@@@std@@@std@@SAXAEAV?$allocator@U_ccd_vec3_t@@@1@QEAU_ccd_vec3_t@@$$QEAU3@@Z 0000000180044e90 f i collisioncodegen_api.obj
 0001:00043ef0       ??$construct@U_idx_vec3_t@shared_robotics@@AEAU12@@?$_Default_allocator_traits@V?$allocator@U_idx_vec3_t@shared_robotics@@@std@@@std@@SAXAEAV?$allocator@U_idx_vec3_t@shared_robotics@@@1@QEAU_idx_vec3_t@shared_robotics@@AEAU34@@Z 0000000180044ef0 f i collisioncodegen_api.obj
 0001:00043f50       ??$construct@V?$vector@_KV?$allocator@_K@std@@@std@@AEAV12@@?$_Default_allocator_traits@V?$allocator@V?$vector@_KV?$allocator@_K@std@@@std@@@std@@@std@@SAXAEAV?$allocator@V?$vector@_KV?$allocator@_K@std@@@std@@@1@QEAV?$vector@_KV?$allocator@_K@std@@@1@AEAV31@@Z 0000000180044f50 f i collisioncodegen_api.obj
 0001:00043fa0       ??$construct@_KAEA_K@?$_Default_allocator_traits@V?$allocator@_K@std@@@std@@SAXAEAV?$allocator@_K@1@QEA_KAEA_K@Z 0000000180044fa0 f i collisioncodegen_api.obj
 0001:00043ff0       ??$emplace_back@AEBU_ccd_vec3_t@@@?$vector@U_ccd_vec3_t@@V?$allocator@U_ccd_vec3_t@@@std@@@std@@QEAA?A_TAEBU_ccd_vec3_t@@@Z 0000000180044ff0 f i collisioncodegen_api.obj
 0001:00044070       ??$forward@AEAU_ccd_vec3_t@@@std@@YAAEAU_ccd_vec3_t@@AEAU1@@Z 0000000180045070 f i collisioncodegen_api.obj
 0001:00044080       ??$forward@AEAU_idx_vec3_t@shared_robotics@@@std@@YAAEAU_idx_vec3_t@shared_robotics@@AEAU12@@Z 0000000180045080 f i collisioncodegen_api.obj
 0001:00044090       ??$forward@AEAV?$vector@_KV?$allocator@_K@std@@@std@@@std@@YAAEAV?$vector@_KV?$allocator@_K@std@@@0@AEAV10@@Z 0000000180045090 f i collisioncodegen_api.obj
 0001:000440a0       ??$forward@AEA_K@std@@YAAEA_KAEA_K@Z 00000001800450a0 f i collisioncodegen_api.obj
 0001:000440b0       ??$forward@AEBQEAD@std@@YAAEBQEADAEBQEAD@Z 00000001800450b0 f i collisioncodegen_api.obj
 0001:000440c0       ??$forward@AEBQEAU_ccd_vec3_t@@@std@@YAAEBQEAU_ccd_vec3_t@@AEBQEAU1@@Z 00000001800450c0 f i collisioncodegen_api.obj
 0001:000440d0       ??$forward@AEBQEAU_idx_vec3_t@shared_robotics@@@std@@YAAEBQEAU_idx_vec3_t@shared_robotics@@AEBQEAU12@@Z 00000001800450d0 f i collisioncodegen_api.obj
 0001:000440e0       ??$forward@AEBQEAV?$vector@_KV?$allocator@_K@std@@@std@@@std@@YAAEBQEAV?$vector@_KV?$allocator@_K@std@@@0@AEBQEAV10@@Z 00000001800450e0 f i collisioncodegen_api.obj
 0001:000440f0       ??$forward@AEBU_ccd_vec3_t@@@std@@YAAEBU_ccd_vec3_t@@AEBU1@@Z 00000001800450f0 f i collisioncodegen_api.obj
 0001:00044100       ??$forward@U_ccd_vec3_t@@@std@@YA$$QEAU_ccd_vec3_t@@AEAU1@@Z 0000000180045100 f i collisioncodegen_api.obj
 0001:00044110       ??$forward@V?$allocator@U_ccd_vec3_t@@@std@@@std@@YA$$QEAV?$allocator@U_ccd_vec3_t@@@0@AEAV10@@Z 0000000180045110 f i collisioncodegen_api.obj
 0001:00044120       ??$forward@V?$allocator@U_idx_vec3_t@shared_robotics@@@std@@@std@@YA$$QEAV?$allocator@U_idx_vec3_t@shared_robotics@@@0@AEAV10@@Z 0000000180045120 f i collisioncodegen_api.obj
 0001:00044130       ??$forward@V?$allocator@V?$vector@_KV?$allocator@_K@std@@@std@@@std@@@std@@YA$$QEAV?$allocator@V?$vector@_KV?$allocator@_K@std@@@std@@@0@AEAV10@@Z 0000000180045130 f i collisioncodegen_api.obj
 0001:00044140       ??$max@_K@std@@YAAEB_KAEB_K0@Z 0000000180045140 f i collisioncodegen_api.obj
 0001:00044190       ??$move@AEAU_ccd_vec3_t@@@std@@YA$$QEAU_ccd_vec3_t@@AEAU1@@Z 0000000180045190 f i collisioncodegen_api.obj
 0001:000441a0       ??0?$_String_val@U?$_Simple_types@D@std@@@std@@QEAA@XZ 00000001800451a0 f i collisioncodegen_api.obj
 0001:000441e0       ??0?$_Uninitialized_backout_al@V?$allocator@U_ccd_vec3_t@@@std@@@std@@QEAA@PEAU_ccd_vec3_t@@AEAV?$allocator@U_ccd_vec3_t@@@1@@Z 00000001800451e0 f i collisioncodegen_api.obj
 0001:00044220       ??0?$_Uninitialized_backout_al@V?$allocator@U_idx_vec3_t@shared_robotics@@@std@@@std@@QEAA@PEAU_idx_vec3_t@shared_robotics@@AEAV?$allocator@U_idx_vec3_t@shared_robotics@@@1@@Z 0000000180045220 f i collisioncodegen_api.obj
 0001:00044260       ??0?$_Vector_val@U?$_Simple_types@U_ccd_vec3_t@@@std@@@std@@QEAA@XZ 0000000180045260 f i collisioncodegen_api.obj
 0001:000442a0       ??0?$_Vector_val@U?$_Simple_types@U_idx_vec3_t@shared_robotics@@@std@@@std@@QEAA@XZ 00000001800452a0 f i collisioncodegen_api.obj
 0001:000442e0       ??0?$_Vector_val@U?$_Simple_types@V?$vector@_KV?$allocator@_K@std@@@std@@@std@@@std@@QEAA@XZ 00000001800452e0 f i collisioncodegen_api.obj
 0001:00044320       ??0?$allocator@D@std@@QEAA@XZ 0000000180045320 f i collisioncodegen_api.obj
 0001:00044330       ??0?$allocator@U_ccd_vec3_t@@@std@@QEAA@XZ 0000000180045330 f i collisioncodegen_api.obj
 0001:00044340       ??0?$allocator@U_idx_vec3_t@shared_robotics@@@std@@QEAA@XZ 0000000180045340 f i collisioncodegen_api.obj
 0001:00044350       ??0?$allocator@V?$vector@_KV?$allocator@_K@std@@@std@@@std@@QEAA@XZ 0000000180045350 f i collisioncodegen_api.obj
 0001:00044360       ??0?$basic_string@DU?$char_traits@D@std@@V?$allocator@D@2@@std@@QEAA@QEBD@Z 0000000180045360 f i collisioncodegen_api.obj
 0001:000443e0       ??0?$vector@U_ccd_vec3_t@@V?$allocator@U_ccd_vec3_t@@@std@@@std@@QEAA@AEBV01@@Z 00000001800453e0 f i collisioncodegen_api.obj
 0001:00044480       ??0?$vector@U_ccd_vec3_t@@V?$allocator@U_ccd_vec3_t@@@std@@@std@@QEAA@XZ 0000000180045480 f i collisioncodegen_api.obj
 0001:000444c0       ??0?$vector@U_idx_vec3_t@shared_robotics@@V?$allocator@U_idx_vec3_t@shared_robotics@@@std@@@std@@QEAA@AEBV01@@Z 00000001800454c0 f i collisioncodegen_api.obj
 0001:00044560       ??0?$vector@U_idx_vec3_t@shared_robotics@@V?$allocator@U_idx_vec3_t@shared_robotics@@@std@@@std@@QEAA@XZ 0000000180045560 f i collisioncodegen_api.obj
 0001:000445a0       ??0?$vector@V?$vector@_KV?$allocator@_K@std@@@std@@V?$allocator@V?$vector@_KV?$allocator@_K@std@@@std@@@2@@std@@QEAA@AEBV01@@Z 00000001800455a0 f i collisioncodegen_api.obj
 0001:00044640       ??0?$vector@V?$vector@_KV?$allocator@_K@std@@@std@@V?$allocator@V?$vector@_KV?$allocator@_K@std@@@std@@@2@@std@@QEAA@XZ 0000000180045640 f i collisioncodegen_api.obj
 0001:00044680       ??0?$vector@_KV?$allocator@_K@std@@@std@@QEAA@AEBV01@@Z 0000000180045680 f i collisioncodegen_api.obj
 0001:00044710       ??0CollisionGeometry@shared_robotics@@QEAA@AEBV01@@Z 0000000180045710 f i collisioncodegen_api.obj
 0001:00044870       ??0CollisionGeometry@shared_robotics@@QEAA@N@Z 0000000180045870 f i collisioncodegen_api.obj
 0001:00044900       ??0CollisionGeometry@shared_robotics@@QEAA@NN@Z 0000000180045900 f i collisioncodegen_api.obj
 0001:000449a0       ??0CollisionGeometry@shared_robotics@@QEAA@NNN@Z 00000001800459a0 f i collisioncodegen_api.obj
 0001:00044a50       ??0CollisionGeometry@shared_robotics@@QEAA@PEANH_N@Z 0000000180045a50 f i collisioncodegen_api.obj
 0001:00044c40       ??0_Bxty@?$_String_val@U?$_Simple_types@D@std@@@std@@QEAA@XZ 0000000180045c40 f i collisioncodegen_api.obj
 0001:00044c60       ??0_Fake_proxy_ptr_impl@std@@QEAA@AEBU_Fake_allocator@1@AEBU_Container_base0@1@@Z 0000000180045c60 f i collisioncodegen_api.obj
 0001:00044c80       ??1?$_Compressed_pair@V?$allocator@D@std@@V?$_String_val@U?$_Simple_types@D@std@@@2@$00@std@@QEAA@XZ 0000000180045c80 f i collisioncodegen_api.obj
 0001:00044ca0       ??1?$_String_val@U?$_Simple_types@D@std@@@std@@QEAA@XZ 0000000180045ca0 f i collisioncodegen_api.obj
 0001:00044cc0       ??1?$_Tidy_guard@V?$vector@U_ccd_vec3_t@@V?$allocator@U_ccd_vec3_t@@@std@@@std@@@std@@QEAA@XZ 0000000180045cc0 f i collisioncodegen_api.obj
 0001:00044cf0       ??1?$_Tidy_guard@V?$vector@U_idx_vec3_t@shared_robotics@@V?$allocator@U_idx_vec3_t@shared_robotics@@@std@@@std@@@std@@QEAA@XZ 0000000180045cf0 f i collisioncodegen_api.obj
 0001:00044d20       ??1?$_Tidy_guard@V?$vector@V?$vector@_KV?$allocator@_K@std@@@std@@V?$allocator@V?$vector@_KV?$allocator@_K@std@@@std@@@2@@std@@@std@@QEAA@XZ 0000000180045d20 f i collisioncodegen_api.obj
 0001:00044d50       ??1?$_Tidy_guard@V?$vector@_KV?$allocator@_K@std@@@std@@@std@@QEAA@XZ 0000000180045d50 f i collisioncodegen_api.obj
[...]
 0003:0000fb10       $SG25569                   0000000180061b10     CTM_PID_withoutG_cgxe_registry.obj
 0003:0000fba0       $SG25576                   0000000180061ba0     CTM_PID_withoutG_cgxe_registry.obj
 0003:0000fc30       $SG25582                   0000000180061c30     CTM_PID_withoutG_cgxe_registry.obj
 0003:0000fc50       $SG25583                   0000000180061c50     CTM_PID_withoutG_cgxe_registry.obj
 0003:0000fce0       $SG25589                   0000000180061ce0     CTM_PID_withoutG_cgxe_registry.obj
 0003:0000fd00       $SG25590                   0000000180061d00     CTM_PID_withoutG_cgxe_registry.obj
 0003:0000fd90       $SG25594                   0000000180061d90     CTM_PID_withoutG_cgxe_registry.obj
 0003:0000fdb0       $SG25595                   0000000180061db0     CTM_PID_withoutG_cgxe_registry.obj
 0003:0000fe40       $SG25599                   0000000180061e40     CTM_PID_withoutG_cgxe_registry.obj
 0003:0000fe68       $SG25604                   0000000180061e68     CTM_PID_withoutG_cgxe_registry.obj
 0003:0000fe90       $SG25600                   0000000180061e90     CTM_PID_withoutG_cgxe_registry.obj
 0003:0000ff20       $SG25605                   0000000180061f20     CTM_PID_withoutG_cgxe_registry.obj
 0003:0000ffb0       $SG25609                   0000000180061fb0     CTM_PID_withoutG_cgxe_registry.obj
 0003:0000ffd0       $SG25610                   0000000180061fd0     CTM_PID_withoutG_cgxe_registry.obj
 0003:00010060       $SG25614                   0000000180062060     CTM_PID_withoutG_cgxe_registry.obj
 0003:00010080       $SG25615                   0000000180062080     CTM_PID_withoutG_cgxe_registry.obj
 0003:00010110       $SG25619                   0000000180062110     CTM_PID_withoutG_cgxe_registry.obj
 0003:00010128       $SG25655                   0000000180062128     CTM_PID_withoutG_cgxe_registry.obj
 0003:00010140       $SG25620                   0000000180062140     CTM_PID_withoutG_cgxe_registry.obj
 0003:000101d0       $SG25624                   00000001800621d0     CTM_PID_withoutG_cgxe_registry.obj
 0003:000101f0       $SG25625                   00000001800621f0     CTM_PID_withoutG_cgxe_registry.obj
 0003:00010280       $SG25629                   0000000180062280     CTM_PID_withoutG_cgxe_registry.obj
 0003:000102a0       $SG25630                   00000001800622a0     CTM_PID_withoutG_cgxe_registry.obj
 0003:00010330       $SG25634                   0000000180062330     CTM_PID_withoutG_cgxe_registry.obj
 0003:00010350       $SG25635                   0000000180062350     CTM_PID_withoutG_cgxe_registry.obj
 0003:000103e0       $SG25639                   00000001800623e0     CTM_PID_withoutG_cgxe_registry.obj
 0003:00010400       $SG25640                   0000000180062400     CTM_PID_withoutG_cgxe_registry.obj
 0003:00010490       $SG25644                   0000000180062490     CTM_PID_withoutG_cgxe_registry.obj
 0003:000104b0       $SG25645                   00000001800624b0     CTM_PID_withoutG_cgxe_registry.obj
 0003:00010540       $SG25649                   0000000180062540     CTM_PID_withoutG_cgxe_registry.obj
 0003:00010560       $SG25650                   0000000180062560     CTM_PID_withoutG_cgxe_registry.obj
 0003:000105f0       $SG25656                   00000001800625f0     CTM_PID_withoutG_cgxe_registry.obj
 0003:00010680       $SG25661                   0000000180062680     CTM_PID_withoutG_cgxe_registry.obj
 0003:00010698       $SG25671                   0000000180062698     CTM_PID_withoutG_cgxe_registry.obj
 0003:000106b0       $SG25662                   00000001800626b0     CTM_PID_withoutG_cgxe_registry.obj
 0003:00010740       $SG25666                   0000000180062740     CTM_PID_withoutG_cgxe_registry.obj
 0003:00010750       $SG25667                   0000000180062750     CTM_PID_withoutG_cgxe_registry.obj
 0003:000107e0       $SG25672                   00000001800627e0     CTM_PID_withoutG_cgxe_registry.obj
 0003:00010870       $SG25680                   0000000180062870     CTM_PID_withoutG_cgxe_registry.obj
 0003:00010880       $SG25681                   0000000180062880     CTM_PID_withoutG_cgxe_registry.obj
 0003:00010910       $SG25685                   0000000180062910     CTM_PID_withoutG_cgxe_registry.obj
 0003:00010990       $SG25687                   0000000180062990     CTM_PID_withoutG_cgxe_registry.obj
 0003:00010a08       $SG25734                   0000000180062a08     CTM_PID_withoutG_cgxe_registry.obj
 0003:00010a18       $SG25815                   0000000180062a18     CTM_PID_withoutG_cgxe_registry.obj
 0003:00010a20       $SG25691                   0000000180062a20     CTM_PID_withoutG_cgxe_registry.obj
 0003:00010a98       $SG25745                   0000000180062a98     CTM_PID_withoutG_cgxe_registry.obj
 0003:00010aa8       $SG25816                   0000000180062aa8     CTM_PID_withoutG_cgxe_registry.obj
 0003:00010ab0       $SG25721                   0000000180062ab0     CTM_PID_withoutG_cgxe_registry.obj
 0003:00010bc8       $SG25758                   0000000180062bc8     CTM_PID_withoutG_cgxe_registry.obj
 0003:00010bd8       $SG25769                   0000000180062bd8     CTM_PID_withoutG_cgxe_registry.obj
 0003:00010be8       $SG25782                   0000000180062be8     CTM_PID_withoutG_cgxe_registry.obj
 0003:00010bf8       $SG25793                   0000000180062bf8     CTM_PID_withoutG_cgxe_registry.obj
 0003:00010c08       $SG25803                   0000000180062c08     CTM_PID_withoutG_cgxe_registry.obj
 0003:00010c28       $SG25814                   0000000180062c28     CTM_PID_withoutG_cgxe_registry.obj
 0003:00010c58       $SG25827                   0000000180062c58     CTM_PID_withoutG_cgxe_registry.obj
 0003:00010c90       $SG25828                   0000000180062c90     CTM_PID_withoutG_cgxe_registry.obj
 0003:00010c98       $SG25829                   0000000180062c98     CTM_PID_withoutG_cgxe_registry.obj
 0003:00010ca0       $SG14106                   0000000180062ca0     ccd_polytope.obj
 0003:00010ca4       $SG14156                   0000000180062ca4     ccd_polytope.obj
 0003:00010cb0       $SG14157                   0000000180062cb0     ccd_polytope.obj
 0003:00010cbc       $SG14160                   0000000180062cbc     ccd_polytope.obj
 0003:00010cc8       $SG14158                   0000000180062cc8     ccd_polytope.obj
 0003:00010cd8       $SG14159                   0000000180062cd8     ccd_polytope.obj
 0003:00010ce0       $SG14161                   0000000180062ce0     ccd_polytope.obj
 0003:00010ce8       $SG14164                   0000000180062ce8     ccd_polytope.obj
 0003:00010d20       points_on_sphere           0000000180062d20     ccd_vec3.obj
 0003:00011220       $SG26135                   0000000180063220     m_FAU8KyrDQYUp9atreb3T4G.obj
 0003:00011221       $SG26136                   0000000180063221     m_FAU8KyrDQYUp9atreb3T4G.obj
 0003:00011222       $SG26138                   0000000180063222     m_FAU8KyrDQYUp9atreb3T4G.obj
 0003:00011223       $SG26139                   0000000180063223     m_FAU8KyrDQYUp9atreb3T4G.obj
 0003:00011224       $SG26192                   0000000180063224     m_FAU8KyrDQYUp9atreb3T4G.obj
 0003:00011225       $SG26193                   0000000180063225     m_FAU8KyrDQYUp9atreb3T4G.obj
 0003:00011226       $SG26195                   0000000180063226     m_FAU8KyrDQYUp9atreb3T4G.obj
 0003:00011227       $SG26196                   0000000180063227     m_FAU8KyrDQYUp9atreb3T4G.obj
 0003:00011228       $SG26318                   0000000180063228     m_FAU8KyrDQYUp9atreb3T4G.obj
 0003:00011229       $SG26346                   0000000180063229     m_FAU8KyrDQYUp9atreb3T4G.obj
 0003:0001122a       $SG26353                   000000018006322a     m_FAU8KyrDQYUp9atreb3T4G.obj
 0003:0001122b       $SG26360                   000000018006322b     m_FAU8KyrDQYUp9atreb3T4G.obj
 0003:0001122c       $SG26367                   000000018006322c     m_FAU8KyrDQYUp9atreb3T4G.obj
 0003:0001122d       $SG26371                   000000018006322d     m_FAU8KyrDQYUp9atreb3T4G.obj
 0003:0001122e       $SG26384                   000000018006322e     m_FAU8KyrDQYUp9atreb3T4G.obj
 0003:0001122f       $SG26391                   000000018006322f     m_FAU8KyrDQYUp9atreb3T4G.obj
 0003:00011230       $SG26398                   0000000180063230     m_FAU8KyrDQYUp9atreb3T4G.obj
 0003:00011231       $SG26405                   0000000180063231     m_FAU8KyrDQYUp9atreb3T4G.obj
 0003:00011232       $SG26412                   0000000180063232     m_FAU8KyrDQYUp9atreb3T4G.obj
 0003:00011233       $SG26422                   0000000180063233     m_FAU8KyrDQYUp9atreb3T4G.obj
 0003:00011234       $SG26429                   0000000180063234     m_FAU8KyrDQYUp9atreb3T4G.obj
 0003:00011235       $SG26436                   0000000180063235     m_FAU8KyrDQYUp9atreb3T4G.obj
 0003:00011236       $SG26443                   0000000180063236     m_FAU8KyrDQYUp9atreb3T4G.obj
 0003:00011237       $SG26453                   0000000180063237     m_FAU8KyrDQYUp9atreb3T4G.obj
 0003:00011238       $SG26460                   0000000180063238     m_FAU8KyrDQYUp9atreb3T4G.obj
 0003:00011239       $SG26467                   0000000180063239     m_FAU8KyrDQYUp9atreb3T4G.obj
 0003:0001123a       $SG26474                   000000018006323a     m_FAU8KyrDQYUp9atreb3T4G.obj
 0003:0001123b       $SG26484                   000000018006323b     m_FAU8KyrDQYUp9atreb3T4G.obj
 0003:0001123c       $SG26491                   000000018006323c     m_FAU8KyrDQYUp9atreb3T4G.obj
 0003:0001123d       $SG26498                   000000018006323d     m_FAU8KyrDQYUp9atreb3T4G.obj
 0003:0001123e       $SG26502                   000000018006323e     m_FAU8KyrDQYUp9atreb3T4G.obj
 0003:0001123f       $SG26506                   000000018006323f     m_FAU8KyrDQYUp9atreb3T4G.obj
 0003:00011240       $SG26510                   0000000180063240     m_FAU8KyrDQYUp9atreb3T4G.obj
 0003:00011241       $SG26514                   0000000180063241     m_FAU8KyrDQYUp9atreb3T4G.obj
 0003:00011242       $SG26518                   0000000180063242     m_FAU8KyrDQYUp9atreb3T4G.obj
 0003:00011243       $SG26546                   0000000180063243     m_FAU8KyrDQYUp9atreb3T4G.obj
 0003:00011244       $SG26550                   0000000180063244     m_FAU8KyrDQYUp9atreb3T4G.obj
 0003:00011245       $SG26557                   0000000180063245     m_FAU8KyrDQYUp9atreb3T4G.obj
 0003:00011246       $SG26561                   0000000180063246     m_FAU8KyrDQYUp9atreb3T4G.obj
 0003:00011247       $SG26568                   0000000180063247     m_FAU8KyrDQYUp9atreb3T4G.obj
 0003:00011248       $SG26575                   0000000180063248     m_FAU8KyrDQYUp9atreb3T4G.obj
 0003:00011249       $SG26579                   0000000180063249     m_FAU8KyrDQYUp9atreb3T4G.obj
 0003:0001124a       $SG26583                   000000018006324a     m_FAU8KyrDQYUp9atreb3T4G.obj
 0003:0001124b       $SG26590                   000000018006324b     m_FAU8KyrDQYUp9atreb3T4G.obj
 0003:0001124c       $SG26594                   000000018006324c     m_FAU8KyrDQYUp9atreb3T4G.obj
 0003:0001124d       $SG26601                   000000018006324d     m_FAU8KyrDQYUp9atreb3T4G.obj
 0003:0001124e       $SG26605                   000000018006324e     m_FAU8KyrDQYUp9atreb3T4G.obj
 0003:0001124f       $SG26609                   000000018006324f     m_FAU8KyrDQYUp9atreb3T4G.obj
 0003:00011250       $SG26613                   0000000180063250     m_FAU8KyrDQYUp9atreb3T4G.obj
 0003:00011251       $SG26620                   0000000180063251     m_FAU8KyrDQYUp9atreb3T4G.obj
 0003:00011252       $SG26624                   0000000180063252     m_FAU8KyrDQYUp9atreb3T4G.obj
 0003:00011253       $SG26631                   0000000180063253     m_FAU8KyrDQYUp9atreb3T4G.obj
 0003:00011254       $SG26638                   0000000180063254     m_FAU8KyrDQYUp9atreb3T4G.obj
 0003:00011255       $SG26645                   0000000180063255     m_FAU8KyrDQYUp9atreb3T4G.obj
 0003:00011256       $SG26649                   0000000180063256     m_FAU8KyrDQYUp9atreb3T4G.obj
 0003:00011257       $SG26656                   0000000180063257     m_FAU8KyrDQYUp9atreb3T4G.obj
 0003:00011258       $SG26660                   0000000180063258     m_FAU8KyrDQYUp9atreb3T4G.obj
 0003:00011259       $SG30241                   0000000180063259     m_FAU8KyrDQYUp9atreb3T4G.obj
 0003:0001125a       $SG30242                   000000018006325a     m_FAU8KyrDQYUp9atreb3T4G.obj
 0003:0001125b       $SG30243                   000000018006325b     m_FAU8KyrDQYUp9atreb3T4G.obj
 0003:0001125c       $SG30244                   000000018006325c     m_FAU8KyrDQYUp9atreb3T4G.obj
 0003:0001125d       $SG26138                   000000018006325d     m_xSE9GNLJOSGMLwcrwI4qWD.obj
 0003:0001125e       $SG26139                   000000018006325e     m_xSE9GNLJOSGMLwcrwI4qWD.obj
 0003:0001125f       $SG26141                   000000018006325f     m_xSE9GNLJOSGMLwcrwI4qWD.obj
 0003:00011260       $SG26142                   0000000180063260     m_xSE9GNLJOSGMLwcrwI4qWD.obj
 0003:00011261       $SG26198                   0000000180063261     m_xSE9GNLJOSGMLwcrwI4qWD.obj
 0003:00011262       $SG26199                   0000000180063262     m_xSE9GNLJOSGMLwcrwI4qWD.obj
 0003:00011263       $SG26201                   0000000180063263     m_xSE9GNLJOSGMLwcrwI4qWD.obj
 0003:00011264       $SG26202                   0000000180063264     m_xSE9GNLJOSGMLwcrwI4qWD.obj
 0003:00011265       $SG26306                   0000000180063265     m_xSE9GNLJOSGMLwcrwI4qWD.obj
 0003:00011266       $SG26337                   0000000180063266     m_xSE9GNLJOSGMLwcrwI4qWD.obj
 0003:00011267       $SG26344                   0000000180063267     m_xSE9GNLJOSGMLwcrwI4qWD.obj
 0003:00011268       $SG26351                   0000000180063268     m_xSE9GNLJOSGMLwcrwI4qWD.obj
 0003:00011269       $SG26358                   0000000180063269     m_xSE9GNLJOSGMLwcrwI4qWD.obj
 0003:0001126a       $SG26365                   000000018006326a     m_xSE9GNLJOSGMLwcrwI4qWD.obj
 0003:0001126b       $SG26372                   000000018006326b     m_xSE9GNLJOSGMLwcrwI4qWD.obj
 0003:0001126c       $SG26376                   000000018006326c     m_xSE9GNLJOSGMLwcrwI4qWD.obj
 0003:0001126d       $SG26380                   000000018006326d     m_xSE9GNLJOSGMLwcrwI4qWD.obj
 0003:0001126e       $SG26387                   000000018006326e     m_xSE9GNLJOSGMLwcrwI4qWD.obj
 0003:0001126f       $SG26391                   000000018006326f     m_xSE9GNLJOSGMLwcrwI4qWD.obj
 0003:00011270       $SG26395                   0000000180063270     m_xSE9GNLJOSGMLwcrwI4qWD.obj
 0003:00011271       $SG26399                   0000000180063271     m_xSE9GNLJOSGMLwcrwI4qWD.obj
 0003:00011272       $SG26403                   0000000180063272     m_xSE9GNLJOSGMLwcrwI4qWD.obj
 0003:00011273       $SG26407                   0000000180063273     m_xSE9GNLJOSGMLwcrwI4qWD.obj
 0003:00011274       $SG26411                   0000000180063274     m_xSE9GNLJOSGMLwcrwI4qWD.obj
 0003:00011275       $SG26415                   0000000180063275     m_xSE9GNLJOSGMLwcrwI4qWD.obj
 0003:00011276       $SG26419                   0000000180063276     m_xSE9GNLJOSGMLwcrwI4qWD.obj
 0003:00011277       $SG26423                   0000000180063277     m_xSE9GNLJOSGMLwcrwI4qWD.obj
 0003:00011278       $SG26427                   0000000180063278     m_xSE9GNLJOSGMLwcrwI4qWD.obj
 0003:00011279       $SG26431                   0000000180063279     m_xSE9GNLJOSGMLwcrwI4qWD.obj
 0003:0001127a       $SG26438                   000000018006327a     m_xSE9GNLJOSGMLwcrwI4qWD.obj
 0003:0001127b       $SG26442                   000000018006327b     m_xSE9GNLJOSGMLwcrwI4qWD.obj
 0003:0001127c       $SG26446                   000000018006327c     m_xSE9GNLJOSGMLwcrwI4qWD.obj
 0003:0001127d       $SG26450                   000000018006327d     m_xSE9GNLJOSGMLwcrwI4qWD.obj
 0003:0001127e       $SG26457                   000000018006327e     m_xSE9GNLJOSGMLwcrwI4qWD.obj
 0003:0001127f       $SG26464                   000000018006327f     m_xSE9GNLJOSGMLwcrwI4qWD.obj
 0003:00011280       $SG26471                   0000000180063280     m_xSE9GNLJOSGMLwcrwI4qWD.obj
 0003:00011281       $SG26478                   0000000180063281     m_xSE9GNLJOSGMLwcrwI4qWD.obj
 0003:00011282       $SG26485                   0000000180063282     m_xSE9GNLJOSGMLwcrwI4qWD.obj
 0003:00011283       $SG26489                   0000000180063283     m_xSE9GNLJOSGMLwcrwI4qWD.obj
 0003:00011284       $SG26493                   0000000180063284     m_xSE9GNLJOSGMLwcrwI4qWD.obj
 0003:00011285       $SG26497                   0000000180063285     m_xSE9GNLJOSGMLwcrwI4qWD.obj
 0003:00011286       $SG26501                   0000000180063286     m_xSE9GNLJOSGMLwcrwI4qWD.obj
 0003:00011287       $SG26505                   0000000180063287     m_xSE9GNLJOSGMLwcrwI4qWD.obj
 0003:00011288       $SG26509                   0000000180063288     m_xSE9GNLJOSGMLwcrwI4qWD.obj
 0003:00011289       $SG26513                   0000000180063289     m_xSE9GNLJOSGMLwcrwI4qWD.obj
 0003:0001128a       $SG26535                   000000018006328a     m_xSE9GNLJOSGMLwcrwI4qWD.obj
 0003:0001128b       $SG26539                   000000018006328b     m_xSE9GNLJOSGMLwcrwI4qWD.obj
 0003:0001128c       $SG26543                   000000018006328c     m_xSE9GNLJOSGMLwcrwI4qWD.obj
 0003:0001128d       $SG26547                   000000018006328d     m_xSE9GNLJOSGMLwcrwI4qWD.obj
 0003:0001128e       $SG26554                   000000018006328e     m_xSE9GNLJOSGMLwcrwI4qWD.obj
 0003:0001128f       $SG26561                   000000018006328f     m_xSE9GNLJOSGMLwcrwI4qWD.obj
 0003:00011290       $SG26568                   0000000180063290     m_xSE9GNLJOSGMLwcrwI4qWD.obj
 0003:00011291       $SG26575                   0000000180063291     m_xSE9GNLJOSGMLwcrwI4qWD.obj
 0003:00011292       $SG26579                   0000000180063292     m_xSE9GNLJOSGMLwcrwI4qWD.obj
 0003:00011293       $SG26583                   0000000180063293     m_xSE9GNLJOSGMLwcrwI4qWD.obj
 0003:00011294       $SG26587                   0000000180063294     m_xSE9GNLJOSGMLwcrwI4qWD.obj
 0003:00011295       $SG26591                   0000000180063295     m_xSE9GNLJOSGMLwcrwI4qWD.obj
 0003:00011296       $SG26598                   0000000180063296     m_xSE9GNLJOSGMLwcrwI4qWD.obj
 0003:00011297       $SG26602                   0000000180063297     m_xSE9GNLJOSGMLwcrwI4qWD.obj
 0003:00011298       $SG30571                   0000000180063298     m_xSE9GNLJOSGMLwcrwI4qWD.obj
 0003:00011299       $SG30572                   0000000180063299     m_xSE9GNLJOSGMLwcrwI4qWD.obj
 0003:0001129a       $SG30573                   000000018006329a     m_xSE9GNLJOSGMLwcrwI4qWD.obj
 0003:0001129b       $SG30574                   000000018006329b     m_xSE9GNLJOSGMLwcrwI4qWD.obj
 0003:0001129c       $SG25248                   000000018006329c     CTM_PID_withoutG_cgxe_registry.obj
 0003:0001129e       ?warningGuard@?1??ssGetRootSS@@9@9 000000018006329e     CTM_PID_withoutG_cgxe_registry.obj
 0003:0001129f       ?warningGuard@?1??ssGetParentSS@@9@9 000000018006329f     CTM_PID_withoutG_cgxe_registry.obj
 0003:000112a0       __ccd_vec3_origin          00000001800632a0     ccd_vec3.obj
 0003:000112c0       GS_ExceptionRecord         00000001800632c0     MSVCRT:gs_report.obj
 0003:00011360       GS_ContextRecord           0000000180063360     MSVCRT:gs_report.obj
 0003:00011830       ?__proc_attached@@3HA      0000000180063830     MSVCRT:dll_dllmain.obj
 0003:00011870       ?is_initialized_as_dll@@3_NA 0000000180063870     MSVCRT:utility.obj
 0003:00011871       ?module_local_atexit_table_initialized@@3_NA 0000000180063871     MSVCRT:utility.obj
 0003:00011878       ?module_local_atexit_table@@3U_onexit_table_t@@A 0000000180063878     MSVCRT:utility.obj
 0003:00011890       ?module_local_at_quick_exit_table@@3U_onexit_table_t@@A 0000000180063890     MSVCRT:utility.obj
